{"httpRequest":{"latency":"0.003213572s","protocol":"HTTP/1.1","referer":"https://embed.zenn.studio/","remoteIp":"126.78.170.15","requestMethod":"GET","requestSize":"846","requestUrl":"https://muni.ink/ogp_image.webp","responseSize":"12162","serverIp":"35.241.42.228","status":200,"userAgent":"Mozilla/5.0 (Macintosh; Intel Mac OS X 10_14_6) AppleWebKit/537.36 (KHTML, like Gecko) Chrome/97.0.4692.99 Safari/537.36"},"insertId":"6276104c000b6c01c2888eb9","labels":{"instanceId":"0067430fbd87d90256f2e59c0e4f2aba79064af94274bcdca0bfd9a4455db453dd53d295d547db6545ed9cc9551a52d296a212b63abb9a20086c4a0b06358f2c"},"logName":"projects/muni-production-f8e72/logs/run.googleapis.com%2Frequests","receiveTimestamp":"2022-05-07T06:23:08.864567067Z","resource":{"labels":{"configuration_name":"muni-front","location":"asia-northeast1","project_id":"muni-production-f8e72","revision_name":"muni-front-jq7fz","service_name":"muni-front"},"type":"cloud_run_revision"},"severity":"INFO","timestamp":"2022-05-07T06:23:08.748545Z","trace":"projects/muni-production-f8e72/traces/e6d534bf1eb50bc116b4e5d8541d0d43"}
{"httpRequest":{"latency":"0.005244011s","protocol":"HTTP/1.1","remoteIp":"35.203.249.172","requestMethod":"GET","requestSize":"396","requestUrl":"https://muni.ink/","responseSize":"6077","serverIp":"35.241.42.228","status":200,"userAgent":"got (https://github.com/sindresorhus/got)"},"insertId":"6276104c000807693d05ebbc","labels":{"instanceId":"0067430fbd87d90256f2e59c0e4f2aba79064af94274bcdca0bfd9a4455db453dd53d295d547db6545ed9cc9551a52d296a212b63abb9a20086c4a0b06358f2c"},"logName":"projects/muni-production-f8e72/logs/run.googleapis.com%2Frequests","receiveTimestamp":"2022-05-07T06:23:08.529844544Z","resource":{"labels":{"configuration_name":"muni-front","location":"asia-northeast1","project_id":"muni-production-f8e72","revision_name":"muni-front-jq7fz","service_name":"muni-front"},"type":"cloud_run_revision"},"severity":"INFO","timestamp":"2022-05-07T06:23:08.526185Z","trace":"projects/muni-production-f8e72/traces/d5bf23cb1f7aff895bbfe0120c4f88b2"}
{"httpRequest":{"latency":"0.367524701s","protocol":"HTTP/1.1","remoteIp":"54.186.239.39","requestMethod":"GET","requestSize":"568","requestUrl":"https://muni.ink/_next/data/IVVvbvvWS4XaF0igaWv4S/painting/myxCigBGWsltfXLoOHuU.json?id=myxCigBGWsltfXLoOHuU","responseSize":"1320","serverIp":"35.241.42.228","status":200,"userAgent":"Mozilla/5.0 (Windows NT 6.1; Win64; x64) AppleWebKit/537.36 (KHTML, like Gecko) Chrome/72.0.3626.109 Safari/537.36"},"insertId":"62760e6200068775b9e893db","labels":{"instanceId":"0067430fbd87d90256f2e59c0e4f2aba79064af94274bcdca0bfd9a4455db453dd53d295d547db6545ed9cc9551a52d296a212b63abb9a20086c4a0b06358f2c"},"logName":"projects/muni-production-f8e72/logs/run.googleapis.com%2Frequests","receiveTimestamp":"2022-05-07T06:14:58.432196070Z","resource":{"labels":{"configuration_name":"muni-front","location":"asia-northeast1","project_id":"muni-production-f8e72","revision_name":"muni-front-jq7fz","service_name":"muni-front"},"type":"cloud_run_revision"},"severity":"INFO","timestamp":"2022-05-07T06:14:58.427893Z","trace":"projects/muni-production-f8e72/traces/d9eca95d8c9dd1fad852678235e814dc"}
{"httpRequest":{"latency":"0.197762243s","protocol":"HTTP/1.1","remoteIp":"35.203.249.162","requestMethod":"POST","requestSize":"525","requestUrl":"https://api.muni.ink/workmeta","responseSize":"1347","serverIp":"35.241.42.228","status":200,"userAgent":"node-fetch/1.0 (+https://github.com/bitinn/node-fetch)"},"insertId":"62760e620006749caaae42b3","labels":{"instanceId":"0067430fbdd0a70138bfabd74feb01b624d90cb4bd534ef1d388ec5280b2fab42cf140ff9f3cfe3d69242256eef3069e99349eab6bcb5c4e42ecf008dfd06763"},"logName":"projects/muni-production-f8e72/logs/run.googleapis.com%2Frequests","receiveTimestamp":"2022-05-07T06:14:58.426281305Z","resource":{"labels":{"configuration_name":"muni-back","location":"asia-northeast1","project_id":"muni-production-f8e72","revision_name":"muni-back-hpgtt","service_name":"muni-back"},"type":"cloud_run_revision"},"severity":"INFO","timestamp":"2022-05-07T06:14:58.423068Z","trace":"projects/muni-production-f8e72/traces/a9ddc20fd211a7aaadd4e562814f8781"}
{"insertId":"62760e6200059a39173a85e5","jsonPayload":{"ident":"SUCCESS_TO_FIND","level":"INFO","message":"Work found.","method":"WorkMetadataAPI","timestamp":"2022-5-7 6:14:58","workId":"myxCigBGWsltfXLoOHuU"},"labels":{"instanceId":"0067430fbdd0a70138bfabd74feb01b624d90cb4bd534ef1d388ec5280b2fab42cf140ff9f3cfe3d69242256eef3069e99349eab6bcb5c4e42ecf008dfd06763"},"logName":"projects/muni-production-f8e72/logs/run.googleapis.com%2Fstdout","receiveTimestamp":"2022-05-07T06:14:58.563206371Z","resource":{"labels":{"configuration_name":"muni-back","location":"asia-northeast1","project_id":"muni-production-f8e72","revision_name":"muni-back-hpgtt","service_name":"muni-back"},"type":"cloud_run_revision"},"timestamp":"2022-05-07T06:14:58.367161Z"}
{"insertId":"62760e620003765a26795194","jsonPayload":{"ident":"RECIEVE","level":"INFO","message":"Recieve the work metadata request.","method":"WorkMetadataAPI","timestamp":"2022-5-7 6:14:58"},"labels":{"instanceId":"0067430fbdd0a70138bfabd74feb01b624d90cb4bd534ef1d388ec5280b2fab42cf140ff9f3cfe3d69242256eef3069e99349eab6bcb5c4e42ecf008dfd06763"},"logName":"projects/muni-production-f8e72/logs/run.googleapis.com%2Fstdout","receiveTimestamp":"2022-05-07T06:14:58.231475660Z","resource":{"labels":{"configuration_name":"muni-back","location":"asia-northeast1","project_id":"muni-production-f8e72","revision_name":"muni-back-hpgtt","service_name":"muni-back"},"type":"cloud_run_revision"},"timestamp":"2022-05-07T06:14:58.226906Z"}
{"httpRequest":{"latency":"0.004073697s","protocol":"HTTP/1.1","remoteIp":"54.245.186.32","requestMethod":"GET","requestSize":"493","requestUrl":"https://muni.ink/user/SIZUKUPERU","responseSize":"12356","serverIp":"35.241.42.228","status":200,"userAgent":"Mozilla/5.0 (Windows NT 6.1; Win64; x64) AppleWebKit/537.36 (KHTML, like Gecko) Chrome/72.0.3626.109 Safari/537.36"},"insertId":"62760de30008d916625dfb98","labels":{"instanceId":"0067430fbd87d90256f2e59c0e4f2aba79064af94274bcdca0bfd9a4455db453dd53d295d547db6545ed9cc9551a52d296a212b63abb9a20086c4a0b06358f2c"},"logName":"projects/muni-production-f8e72/logs/run.googleapis.com%2Frequests","receiveTimestamp":"2022-05-07T06:12:51.584241917Z","resource":{"labels":{"configuration_name":"muni-front","location":"asia-northeast1","project_id":"muni-production-f8e72","revision_name":"muni-front-jq7fz","service_name":"muni-front"},"type":"cloud_run_revision"},"severity":"INFO","timestamp":"2022-05-07T06:12:51.579862Z","trace":"projects/muni-production-f8e72/traces/4ac2fd1020b797bc3c2729f62632c71f"}
{"httpRequest":{"latency":"0.774774996s","protocol":"HTTP/1.1","remoteIp":"34.218.225.135","requestMethod":"GET","requestSize":"519","requestUrl":"https://storage.muni.ink/work/myxCigBGWsltfXLoOHuU","responseSize":"66836","serverIp":"35.241.42.228","status":200,"userAgent":"Mozilla/5.0 (Windows NT 6.1; Win64; x64) AppleWebKit/537.36 (KHTML, like Gecko) Chrome/72.0.3626.109 Safari/537.36"},"insertId":"62760ce00008b242a46891f2","labels":{"instanceId":"0067430fbdd0a70138bfabd74feb01b624d90cb4bd534ef1d388ec5280b2fab42cf140ff9f3cfe3d69242256eef3069e99349eab6bcb5c4e42ecf008dfd06763"},"logName":"projects/muni-production-f8e72/logs/run.googleapis.com%2Frequests","receiveTimestamp":"2022-05-07T06:08:32.573412368Z","resource":{"labels":{"configuration_name":"muni-back","location":"asia-northeast1","project_id":"muni-production-f8e72","revision_name":"muni-back-hpgtt","service_name":"muni-back"},"type":"cloud_run_revision"},"severity":"INFO","timestamp":"2022-05-07T06:08:32.569922Z","trace":"projects/muni-production-f8e72/traces/bc5cb7d6d9f83b064a116aa48a778d4a"}
{"insertId":"62760ce00008ac35f9458ca5","jsonPayload":{"ident":"COMPLETE","level":"INFO","message":"Success to fetch optimized image","method":"WorkAPI","timestamp":"2022-5-7 6:8:32","workId":"myxCigBGWsltfXLoOHuU"},"labels":{"instanceId":"0067430fbdd0a70138bfabd74feb01b624d90cb4bd534ef1d388ec5280b2fab42cf140ff9f3cfe3d69242256eef3069e99349eab6bcb5c4e42ecf008dfd06763"},"logName":"projects/muni-production-f8e72/logs/run.googleapis.com%2Fstdout","receiveTimestamp":"2022-05-07T06:08:32.798287371Z","resource":{"labels":{"configuration_name":"muni-back","location":"asia-northeast1","project_id":"muni-production-f8e72","revision_name":"muni-back-hpgtt","service_name":"muni-back"},"type":"cloud_run_revision"},"timestamp":"2022-05-07T06:08:32.568373Z"}
{"insertId":"62760cdf000c278aae4153c0","jsonPayload":{"ident":"RECIEVED","level":"INFO","message":"Request recieved for myxCigBGWsltfXLoOHuU.","method":"WorkAPI","timestamp":"2022-5-7 6:8:31","workId":"myxCigBGWsltfXLoOHuU"},"labels":{"instanceId":"0067430fbdd0a70138bfabd74feb01b624d90cb4bd534ef1d388ec5280b2fab42cf140ff9f3cfe3d69242256eef3069e99349eab6bcb5c4e42ecf008dfd06763"},"logName":"projects/muni-production-f8e72/logs/run.googleapis.com%2Fstdout","receiveTimestamp":"2022-05-07T06:08:31.800841057Z","resource":{"labels":{"configuration_name":"muni-back","location":"asia-northeast1","project_id":"muni-production-f8e72","revision_name":"muni-back-hpgtt","service_name":"muni-back"},"type":"cloud_run_revision"},"timestamp":"2022-05-07T06:08:31.796554Z"}
{"httpRequest":{"latency":"0.092546075s","protocol":"HTTP/1.1","referer":"https://muni.ink/","remoteIp":"14.11.6.128","requestMethod":"POST","requestSize":"865","requestUrl":"https://api.muni.ink/user","responseSize":"1561","serverIp":"35.241.42.228","status":200,"userAgent":"Mozilla/5.0 (Windows NT 10.0; Win64; x64) AppleWebKit/537.36 (KHTML, like Gecko) Chrome/101.0.4951.54 Safari/537.36"},"insertId":"62760a14000646372761a58e","labels":{"instanceId":"0067430fbdd0a70138bfabd74feb01b624d90cb4bd534ef1d388ec5280b2fab42cf140ff9f3cfe3d69242256eef3069e99349eab6bcb5c4e42ecf008dfd06763"},"logName":"projects/muni-production-f8e72/logs/run.googleapis.com%2Frequests","receiveTimestamp":"2022-05-07T05:56:36.547823059Z","resource":{"labels":{"configuration_name":"muni-back","location":"asia-northeast1","project_id":"muni-production-f8e72","revision_name":"muni-back-hpgtt","service_name":"muni-back"},"type":"cloud_run_revision"},"severity":"INFO","timestamp":"2022-05-07T05:56:36.411191Z","trace":"projects/muni-production-f8e72/traces/5b981962470984f25a6183c117f1e422"}
{"insertId":"62760a14000640fd26f2fb8b","jsonPayload":{"firebaseId":"SIZUKUPERU","ident":"SUCCESS_TO_FIND","level":"INFO","message":"User found.","method":"UserAPI","timestamp":"2022-5-7 5:56:36"},"labels":{"instanceId":"0067430fbdd0a70138bfabd74feb01b624d90cb4bd534ef1d388ec5280b2fab42cf140ff9f3cfe3d69242256eef3069e99349eab6bcb5c4e42ecf008dfd06763"},"logName":"projects/muni-production-f8e72/logs/run.googleapis.com%2Fstdout","receiveTimestamp":"2022-05-07T05:56:36.574376019Z","resource":{"labels":{"configuration_name":"muni-back","location":"asia-northeast1","project_id":"muni-production-f8e72","revision_name":"muni-back-hpgtt","service_name":"muni-back"},"type":"cloud_run_revision"},"timestamp":"2022-05-07T05:56:36.409853Z"}
{"insertId":"62760a14000640e9b692fbe2","jsonPayload":{"ident":"FETCH_USER","level":"INFO","message":"Complete fetching user data.","method":"UserAPI","timestamp":"2022-5-7 5:56:36"},"labels":{"instanceId":"0067430fbdd0a70138bfabd74feb01b624d90cb4bd534ef1d388ec5280b2fab42cf140ff9f3cfe3d69242256eef3069e99349eab6bcb5c4e42ecf008dfd06763"},"logName":"projects/muni-production-f8e72/logs/run.googleapis.com%2Fstdout","receiveTimestamp":"2022-05-07T05:56:36.574376019Z","resource":{"labels":{"configuration_name":"muni-back","location":"asia-northeast1","project_id":"muni-production-f8e72","revision_name":"muni-back-hpgtt","service_name":"muni-back"},"type":"cloud_run_revision"},"timestamp":"2022-05-07T05:56:36.409833Z"}
{"insertId":"62760a14000551b7156cdcd0","jsonPayload":{"firebaseId":"SIZUKUPERU","ident":"FILTERING_WORKS","level":"INFO","message":"Search works link to the user.","method":"UserAPI","timestamp":"2022-5-7 5:56:36"},"labels":{"instanceId":"0067430fbdd0a70138bfabd74feb01b624d90cb4bd534ef1d388ec5280b2fab42cf140ff9f3cfe3d69242256eef3069e99349eab6bcb5c4e42ecf008dfd06763"},"logName":"projects/muni-production-f8e72/logs/run.googleapis.com%2Fstdout","receiveTimestamp":"2022-05-07T05:56:36.574376019Z","resource":{"labels":{"configuration_name":"muni-back","location":"asia-northeast1","project_id":"muni-production-f8e72","revision_name":"muni-back-hpgtt","service_name":"muni-back"},"type":"cloud_run_revision"},"timestamp":"2022-05-07T05:56:36.348599Z"}
{"insertId":"62760a140004e6000d883ce5","jsonPayload":{"ident":"RECIEVE","level":"INFO","message":"Recieve the work post request.","method":"UserAPI","timestamp":"2022-5-7 5:56:36"},"labels":{"instanceId":"0067430fbdd0a70138bfabd74feb01b624d90cb4bd534ef1d388ec5280b2fab42cf140ff9f3cfe3d69242256eef3069e99349eab6bcb5c4e42ecf008dfd06763"},"logName":"projects/muni-production-f8e72/logs/run.googleapis.com%2Fstdout","receiveTimestamp":"2022-05-07T05:56:36.574376019Z","resource":{"labels":{"configuration_name":"muni-back","location":"asia-northeast1","project_id":"muni-production-f8e72","revision_name":"muni-back-hpgtt","service_name":"muni-back"},"type":"cloud_run_revision"},"timestamp":"2022-05-07T05:56:36.321024Z"}
{"httpRequest":{"latency":"0.472600564s","protocol":"HTTP/1.1","referer":"https://muni.ink/","remoteIp":"14.11.6.128","requestMethod":"GET","requestSize":"1107","requestUrl":"https://storage.muni.ink/work/myxCigBGWsltfXLoOHuU?thumbnail=true","responseSize":"20475","serverIp":"35.241.42.228","status":200,"userAgent":"Mozilla/5.0 (Windows NT 10.0; Win64; x64) AppleWebKit/537.36 (KHTML, like Gecko) Chrome/101.0.4951.54 Safari/537.36"},"insertId":"62760a13000de025ffefbf6f","labels":{"instanceId":"0067430fbdd0a70138bfabd74feb01b624d90cb4bd534ef1d388ec5280b2fab42cf140ff9f3cfe3d69242256eef3069e99349eab6bcb5c4e42ecf008dfd06763"},"logName":"projects/muni-production-f8e72/logs/run.googleapis.com%2Frequests","receiveTimestamp":"2022-05-07T05:56:36.212838505Z","resource":{"labels":{"configuration_name":"muni-back","location":"asia-northeast1","project_id":"muni-production-f8e72","revision_name":"muni-back-hpgtt","service_name":"muni-back"},"type":"cloud_run_revision"},"severity":"INFO","timestamp":"2022-05-07T05:56:35.909349Z","trace":"projects/muni-production-f8e72/traces/681dbc07c4b6dd279be2309f92d45da9"}
{"insertId":"62760a13000ddc283e0cb5a9","jsonPayload":{"ident":"COMPLETE","level":"INFO","message":"Success to fetch optimized image","method":"WorkAPI","timestamp":"2022-5-7 5:56:35","workId":"myxCigBGWsltfXLoOHuU"},"labels":{"instanceId":"0067430fbdd0a70138bfabd74feb01b624d90cb4bd534ef1d388ec5280b2fab42cf140ff9f3cfe3d69242256eef3069e99349eab6bcb5c4e42ecf008dfd06763"},"logName":"projects/muni-production-f8e72/logs/run.googleapis.com%2Fstdout","receiveTimestamp":"2022-05-07T05:56:36.240103901Z","resource":{"labels":{"configuration_name":"muni-back","location":"asia-northeast1","project_id":"muni-production-f8e72","revision_name":"muni-back-hpgtt","service_name":"muni-back"},"type":"cloud_run_revision"},"timestamp":"2022-05-07T05:56:35.908328Z"}
{"insertId":"62760a130006af49d3a61916","jsonPayload":{"ident":"RECIEVED","level":"INFO","message":"Request recieved for myxCigBGWsltfXLoOHuU.","method":"WorkAPI","timestamp":"2022-5-7 5:56:35","workId":"myxCigBGWsltfXLoOHuU"},"labels":{"instanceId":"0067430fbdd0a70138bfabd74feb01b624d90cb4bd534ef1d388ec5280b2fab42cf140ff9f3cfe3d69242256eef3069e99349eab6bcb5c4e42ecf008dfd06763"},"logName":"projects/muni-production-f8e72/logs/run.googleapis.com%2Fstdout","receiveTimestamp":"2022-05-07T05:56:35.575539459Z","resource":{"labels":{"configuration_name":"muni-back","location":"asia-northeast1","project_id":"muni-production-f8e72","revision_name":"muni-back-hpgtt","service_name":"muni-back"},"type":"cloud_run_revision"},"timestamp":"2022-05-07T05:56:35.438089Z"}
{"httpRequest":{"latency":"0.134519940s","protocol":"HTTP/1.1","referer":"https://muni.ink/","remoteIp":"14.11.6.128","requestMethod":"POST","requestSize":"865","requestUrl":"https://api.muni.ink/user","responseSize":"1562","serverIp":"35.241.42.228","status":200,"userAgent":"Mozilla/5.0 (Windows NT 10.0; Win64; x64) AppleWebKit/537.36 (KHTML, like Gecko) Chrome/101.0.4951.54 Safari/537.36"},"insertId":"62760a130005b1db269d037a","labels":{"instanceId":"0067430fbdd0a70138bfabd74feb01b624d90cb4bd534ef1d388ec5280b2fab42cf140ff9f3cfe3d69242256eef3069e99349eab6bcb5c4e42ecf008dfd06763"},"logName":"projects/muni-production-f8e72/logs/run.googleapis.com%2Frequests","receiveTimestamp":"2022-05-07T05:56:35.547435603Z","resource":{"labels":{"configuration_name":"muni-back","location":"asia-northeast1","project_id":"muni-production-f8e72","revision_name":"muni-back-hpgtt","service_name":"muni-back"},"type":"cloud_run_revision"},"severity":"INFO","timestamp":"2022-05-07T05:56:35.373211Z","trace":"projects/muni-production-f8e72/traces/4dc073ef416876cd62a57ef9e9f9cd7b"}
{"insertId":"62760a130005ad19a498212c","jsonPayload":{"accountId":"SIZUKUPERU","ident":"SUCCESS_TO_FIND","level":"INFO","message":"User found.","method":"UserAPI","timestamp":"2022-5-7 5:56:35"},"labels":{"instanceId":"0067430fbdd0a70138bfabd74feb01b624d90cb4bd534ef1d388ec5280b2fab42cf140ff9f3cfe3d69242256eef3069e99349eab6bcb5c4e42ecf008dfd06763"},"logName":"projects/muni-production-f8e72/logs/run.googleapis.com%2Fstdout","receiveTimestamp":"2022-05-07T05:56:35.575539459Z","resource":{"labels":{"configuration_name":"muni-back","location":"asia-northeast1","project_id":"muni-production-f8e72","revision_name":"muni-back-hpgtt","service_name":"muni-back"},"type":"cloud_run_revision"},"timestamp":"2022-05-07T05:56:35.371993Z"}
{"insertId":"62760a130005ace27f7b91a6","jsonPayload":{"ident":"FETCH_USER","level":"INFO","message":"Complete fetching user data.","method":"UserAPI","timestamp":"2022-5-7 5:56:35"},"labels":{"instanceId":"0067430fbdd0a70138bfabd74feb01b624d90cb4bd534ef1d388ec5280b2fab42cf140ff9f3cfe3d69242256eef3069e99349eab6bcb5c4e42ecf008dfd06763"},"logName":"projects/muni-production-f8e72/logs/run.googleapis.com%2Fstdout","receiveTimestamp":"2022-05-07T05:56:35.575539459Z","resource":{"labels":{"configuration_name":"muni-back","location":"asia-northeast1","project_id":"muni-production-f8e72","revision_name":"muni-back-hpgtt","service_name":"muni-back"},"type":"cloud_run_revision"},"timestamp":"2022-05-07T05:56:35.371938Z"}
{"insertId":"62760a130004c3c29483fbfc","jsonPayload":{"accountId":"SIZUKUPERU","ident":"FILTERING_WORKS","level":"INFO","message":"Search works link to the user.","method":"UserAPI","timestamp":"2022-5-7 5:56:35"},"labels":{"instanceId":"0067430fbdd0a70138bfabd74feb01b624d90cb4bd534ef1d388ec5280b2fab42cf140ff9f3cfe3d69242256eef3069e99349eab6bcb5c4e42ecf008dfd06763"},"logName":"projects/muni-production-f8e72/logs/run.googleapis.com%2Fstdout","receiveTimestamp":"2022-05-07T05:56:35.575539459Z","resource":{"labels":{"configuration_name":"muni-back","location":"asia-northeast1","project_id":"muni-production-f8e72","revision_name":"muni-back-hpgtt","service_name":"muni-back"},"type":"cloud_run_revision"},"timestamp":"2022-05-07T05:56:35.312258Z"}
{"insertId":"62760a130003a9afa35c5b8b","jsonPayload":{"ident":"RECIEVE","level":"INFO","message":"Recieve the work post request.","method":"UserAPI","timestamp":"2022-5-7 5:56:35"},"labels":{"instanceId":"0067430fbdd0a70138bfabd74feb01b624d90cb4bd534ef1d388ec5280b2fab42cf140ff9f3cfe3d69242256eef3069e99349eab6bcb5c4e42ecf008dfd06763"},"logName":"projects/muni-production-f8e72/logs/run.googleapis.com%2Fstdout","receiveTimestamp":"2022-05-07T05:56:35.244470879Z","resource":{"labels":{"configuration_name":"muni-back","location":"asia-northeast1","project_id":"muni-production-f8e72","revision_name":"muni-back-hpgtt","service_name":"muni-back"},"type":"cloud_run_revision"},"timestamp":"2022-05-07T05:56:35.240047Z"}
{"httpRequest":{"latency":"0.002200922s","protocol":"HTTP/1.1","referer":"https://muni.ink/","remoteIp":"14.11.6.128","requestMethod":"OPTIONS","requestSize":"740","requestUrl":"https://api.muni.ink/user","responseSize":"853","serverIp":"35.241.42.228","status":204,"userAgent":"Mozilla/5.0 (Windows NT 10.0; Win64; x64) AppleWebKit/537.36 (KHTML, like Gecko) Chrome/101.0.4951.54 Safari/537.36"},"insertId":"62760a1300033da5b2d0bbe2","labels":{"instanceId":"0067430fbdd0a70138bfabd74feb01b624d90cb4bd534ef1d388ec5280b2fab42cf140ff9f3cfe3d69242256eef3069e99349eab6bcb5c4e42ecf008dfd06763"},"logName":"projects/muni-production-f8e72/logs/run.googleapis.com%2Frequests","receiveTimestamp":"2022-05-07T05:56:35.214231986Z","resource":{"labels":{"configuration_name":"muni-back","location":"asia-northeast1","project_id":"muni-production-f8e72","revision_name":"muni-back-hpgtt","service_name":"muni-back"},"type":"cloud_run_revision"},"severity":"INFO","timestamp":"2022-05-07T05:56:35.212389Z","trace":"projects/muni-production-f8e72/traces/d3dc9e78a69041831bcdc9995c88cb48"}
{"httpRequest":{"latency":"0.003708526s","protocol":"HTTP/1.1","referer":"https://muni.ink/user/SIZUKUPERU","remoteIp":"14.11.6.128","requestMethod":"GET","requestSize":"1178","requestUrl":"https://muni.ink/_next/image?url=%2Flogo_horizontal.png&w=256&q=75","responseSize":"709","serverIp":"35.241.42.228","status":304,"userAgent":"Mozilla/5.0 (Windows NT 10.0; Win64; x64) AppleWebKit/537.36 (KHTML, like Gecko) Chrome/101.0.4951.54 Safari/537.36"},"insertId":"62760a130002dddd7092143b","labels":{"instanceId":"0067430fbd87d90256f2e59c0e4f2aba79064af94274bcdca0bfd9a4455db453dd53d295d547db6545ed9cc9551a52d296a212b63abb9a20086c4a0b06358f2c"},"logName":"projects/muni-production-f8e72/logs/run.googleapis.com%2Frequests","receiveTimestamp":"2022-05-07T05:56:35.247048451Z","resource":{"labels":{"configuration_name":"muni-front","location":"asia-northeast1","project_id":"muni-production-f8e72","revision_name":"muni-front-jq7fz","service_name":"muni-front"},"type":"cloud_run_revision"},"severity":"INFO","timestamp":"2022-05-07T05:56:35.187869Z","trace":"projects/muni-production-f8e72/traces/006853c1e58ffca32e19463e4c233738"}
{"httpRequest":{"latency":"0.007344350s","protocol":"HTTP/1.1","remoteIp":"14.11.6.128","requestMethod":"GET","requestSize":"1156","requestUrl":"https://muni.ink/user/SIZUKUPERU","responseSize":"3853","serverIp":"35.241.42.228","status":200,"userAgent":"Mozilla/5.0 (Windows NT 10.0; Win64; x64) AppleWebKit/537.36 (KHTML, like Gecko) Chrome/101.0.4951.54 Safari/537.36"},"insertId":"62760a120008d40068808bb4","labels":{"instanceId":"0067430fbd87d90256f2e59c0e4f2aba79064af94274bcdca0bfd9a4455db453dd53d295d547db6545ed9cc9551a52d296a212b63abb9a20086c4a0b06358f2c"},"logName":"projects/muni-production-f8e72/logs/run.googleapis.com%2Frequests","receiveTimestamp":"2022-05-07T05:56:34.581640348Z","resource":{"labels":{"configuration_name":"muni-front","location":"asia-northeast1","project_id":"muni-production-f8e72","revision_name":"muni-front-jq7fz","service_name":"muni-front"},"type":"cloud_run_revision"},"severity":"INFO","timestamp":"2022-05-07T05:56:34.578560Z","trace":"projects/muni-production-f8e72/traces/8635351c0b2883a7b4e219f8b6b5ac4d"}
{"httpRequest":{"latency":"1.143994368s","protocol":"HTTP/1.1","referer":"https://muni.ink/tokenize/myxCigBGWsltfXLoOHuU","remoteIp":"14.11.6.128","requestMethod":"GET","requestSize":"1055","requestUrl":"https://muni.ink/_next/image?url=https%3A%2F%2Fstorage.muni.ink%2Fwork%2FmyxCigBGWsltfXLoOHuU&w=640&q=75","responseSize":"22317","serverIp":"35.241.42.228","status":200,"userAgent":"Mozilla/5.0 (Windows NT 10.0; Win64; x64) AppleWebKit/537.36 (KHTML, like Gecko) Chrome/101.0.4951.54 Safari/537.36"},"insertId":"627609e50007dc5078649d8c","labels":{"instanceId":"0067430fbd87d90256f2e59c0e4f2aba79064af94274bcdca0bfd9a4455db453dd53d295d547db6545ed9cc9551a52d296a212b63abb9a20086c4a0b06358f2c"},"logName":"projects/muni-production-f8e72/logs/run.googleapis.com%2Frequests","receiveTimestamp":"2022-05-07T05:55:49.677958274Z","resource":{"labels":{"configuration_name":"muni-front","location":"asia-northeast1","project_id":"muni-production-f8e72","revision_name":"muni-front-jq7fz","service_name":"muni-front"},"type":"cloud_run_revision"},"severity":"INFO","timestamp":"2022-05-07T05:55:49.515152Z","trace":"projects/muni-production-f8e72/traces/71700e23789e8112bfa551c4853d261b"}
{"httpRequest":{"latency":"0.573151328s","protocol":"HTTP/1.1","remoteIp":"35.203.249.162","requestMethod":"GET","requestSize":"463","requestUrl":"https://storage.muni.ink/work/myxCigBGWsltfXLoOHuU","responseSize":"66836","serverIp":"35.241.42.228","status":200,"userAgent":"node-fetch/1.0 (+https://github.com/bitinn/node-fetch)"},"insertId":"627609e500010ef65f918448","labels":{"instanceId":"0067430fbdd0a70138bfabd74feb01b624d90cb4bd534ef1d388ec5280b2fab42cf140ff9f3cfe3d69242256eef3069e99349eab6bcb5c4e42ecf008dfd06763"},"logName":"projects/muni-production-f8e72/logs/run.googleapis.com%2Frequests","receiveTimestamp":"2022-05-07T05:55:49.136432057Z","resource":{"labels":{"configuration_name":"muni-back","location":"asia-northeast1","project_id":"muni-production-f8e72","revision_name":"muni-back-hpgtt","service_name":"muni-back"},"type":"cloud_run_revision"},"severity":"INFO","timestamp":"2022-05-07T05:55:49.069366Z","trace":"projects/muni-production-f8e72/traces/f5aade7ec14f1d07e3857e3071881900"}
{"insertId":"627609e5000109fa611d24a1","jsonPayload":{"ident":"COMPLETE","level":"INFO","message":"Success to fetch optimized image","method":"WorkAPI","timestamp":"2022-5-7 5:55:49","workId":"myxCigBGWsltfXLoOHuU"},"labels":{"instanceId":"0067430fbdd0a70138bfabd74feb01b624d90cb4bd534ef1d388ec5280b2fab42cf140ff9f3cfe3d69242256eef3069e99349eab6bcb5c4e42ecf008dfd06763"},"logName":"projects/muni-production-f8e72/logs/run.googleapis.com%2Fstdout","receiveTimestamp":"2022-05-07T05:55:49.162701556Z","resource":{"labels":{"configuration_name":"muni-back","location":"asia-northeast1","project_id":"muni-production-f8e72","revision_name":"muni-back-hpgtt","service_name":"muni-back"},"type":"cloud_run_revision"},"timestamp":"2022-05-07T05:55:49.068090Z"}
{"insertId":"627609e4000797071a08a711","jsonPayload":{"ident":"RECIEVED","level":"INFO","message":"Request recieved for myxCigBGWsltfXLoOHuU.","method":"WorkAPI","timestamp":"2022-5-7 5:55:48","workId":"myxCigBGWsltfXLoOHuU"},"labels":{"instanceId":"0067430fbdd0a70138bfabd74feb01b624d90cb4bd534ef1d388ec5280b2fab42cf140ff9f3cfe3d69242256eef3069e99349eab6bcb5c4e42ecf008dfd06763"},"logName":"projects/muni-production-f8e72/logs/run.googleapis.com%2Fstdout","receiveTimestamp":"2022-05-07T05:55:48.827967195Z","resource":{"labels":{"configuration_name":"muni-back","location":"asia-northeast1","project_id":"muni-production-f8e72","revision_name":"muni-back-hpgtt","service_name":"muni-back"},"type":"cloud_run_revision"},"timestamp":"2022-05-07T05:55:48.497415Z"}
{"httpRequest":{"latency":"0.044123550s","protocol":"HTTP/1.1","referer":"https://muni.ink/","remoteIp":"14.11.6.128","requestMethod":"POST","requestSize":"875","requestUrl":"https://api.muni.ink/workmeta","responseSize":"1393","serverIp":"35.241.42.228","status":200,"userAgent":"Mozilla/5.0 (Windows NT 10.0; Win64; x64) AppleWebKit/537.36 (KHTML, like Gecko) Chrome/101.0.4951.54 Safari/537.36"},"insertId":"627609e4000513f653630858","labels":{"instanceId":"0067430fbdd0a70138bfabd74feb01b624d90cb4bd534ef1d388ec5280b2fab42cf140ff9f3cfe3d69242256eef3069e99349eab6bcb5c4e42ecf008dfd06763"},"logName":"projects/muni-production-f8e72/logs/run.googleapis.com%2Frequests","receiveTimestamp":"2022-05-07T05:55:48.470440247Z","resource":{"labels":{"configuration_name":"muni-back","location":"asia-northeast1","project_id":"muni-production-f8e72","revision_name":"muni-back-hpgtt","service_name":"muni-back"},"type":"cloud_run_revision"},"severity":"INFO","timestamp":"2022-05-07T05:55:48.332790Z","trace":"projects/muni-production-f8e72/traces/3ad7073826bf0612be9f4fefde153e8e"}
{"insertId":"627609e40004ab57a19bad04","jsonPayload":{"ident":"SUCCESS_TO_FIND","level":"INFO","message":"Work found.","method":"WorkMetadataAPI","timestamp":"2022-5-7 5:55:48","workId":"myxCigBGWsltfXLoOHuU"},"labels":{"instanceId":"0067430fbdd0a70138bfabd74feb01b624d90cb4bd534ef1d388ec5280b2fab42cf140ff9f3cfe3d69242256eef3069e99349eab6bcb5c4e42ecf008dfd06763"},"logName":"projects/muni-production-f8e72/logs/run.googleapis.com%2Fstdout","receiveTimestamp":"2022-05-07T05:55:48.496811368Z","resource":{"labels":{"configuration_name":"muni-back","location":"asia-northeast1","project_id":"muni-production-f8e72","revision_name":"muni-back-hpgtt","service_name":"muni-back"},"type":"cloud_run_revision"},"timestamp":"2022-05-07T05:55:48.306007Z"}
{"insertId":"627609e400046cbd917ab022","jsonPayload":{"ident":"RECIEVE","level":"INFO","message":"Recieve the work metadata request.","method":"WorkMetadataAPI","timestamp":"2022-5-7 5:55:48"},"labels":{"instanceId":"0067430fbdd0a70138bfabd74feb01b624d90cb4bd534ef1d388ec5280b2fab42cf140ff9f3cfe3d69242256eef3069e99349eab6bcb5c4e42ecf008dfd06763"},"logName":"projects/muni-production-f8e72/logs/run.googleapis.com%2Fstdout","receiveTimestamp":"2022-05-07T05:55:48.496811368Z","resource":{"labels":{"configuration_name":"muni-back","location":"asia-northeast1","project_id":"muni-production-f8e72","revision_name":"muni-back-hpgtt","service_name":"muni-back"},"type":"cloud_run_revision"},"timestamp":"2022-05-07T05:55:48.289981Z"}
{"httpRequest":{"latency":"0.001978996s","protocol":"HTTP/1.1","referer":"https://muni.ink/","remoteIp":"14.11.6.128","requestMethod":"OPTIONS","requestSize":"744","requestUrl":"https://api.muni.ink/workmeta","responseSize":"853","serverIp":"35.241.42.228","status":204,"userAgent":"Mozilla/5.0 (Windows NT 10.0; Win64; x64) AppleWebKit/537.36 (KHTML, like Gecko) Chrome/101.0.4951.54 Safari/537.36"},"insertId":"627609e4000406e22705be0c","labels":{"instanceId":"0067430fbdd0a70138bfabd74feb01b624d90cb4bd534ef1d388ec5280b2fab42cf140ff9f3cfe3d69242256eef3069e99349eab6bcb5c4e42ecf008dfd06763"},"logName":"projects/muni-production-f8e72/logs/run.googleapis.com%2Frequests","receiveTimestamp":"2022-05-07T05:55:48.470440247Z","resource":{"labels":{"configuration_name":"muni-back","location":"asia-northeast1","project_id":"muni-production-f8e72","revision_name":"muni-back-hpgtt","service_name":"muni-back"},"type":"cloud_run_revision"},"severity":"INFO","timestamp":"2022-05-07T05:55:48.263906Z","trace":"projects/muni-production-f8e72/traces/8ac76a23e3c224ed2fcc47e8c8ceb8bc"}
{"httpRequest":{"latency":"0.594589614s","protocol":"HTTP/1.1","referer":"https://muni.ink/","remoteIp":"14.11.6.128","requestMethod":"GET","requestSize":"977","requestUrl":"https://storage.muni.ink/work/myxCigBGWsltfXLoOHuU","responseSize":"66836","serverIp":"35.241.42.228","status":200,"userAgent":"Mozilla/5.0 (Windows NT 10.0; Win64; x64) AppleWebKit/537.36 (KHTML, like Gecko) Chrome/101.0.4951.54 Safari/537.36"},"insertId":"627609e200090aafb4146190","labels":{"instanceId":"0067430fbdd0a70138bfabd74feb01b624d90cb4bd534ef1d388ec5280b2fab42cf140ff9f3cfe3d69242256eef3069e99349eab6bcb5c4e42ecf008dfd06763"},"logName":"projects/muni-production-f8e72/logs/run.googleapis.com%2Frequests","receiveTimestamp":"2022-05-07T05:55:46.805281259Z","resource":{"labels":{"configuration_name":"muni-back","location":"asia-northeast1","project_id":"muni-production-f8e72","revision_name":"muni-back-hpgtt","service_name":"muni-back"},"type":"cloud_run_revision"},"severity":"INFO","timestamp":"2022-05-07T05:55:46.592559Z","trace":"projects/muni-production-f8e72/traces/60496cfef43fb90d7ed242045a0653e3"}
{"insertId":"627609e20009054616837877","jsonPayload":{"ident":"COMPLETE","level":"INFO","message":"Success to fetch optimized image","method":"WorkAPI","timestamp":"2022-5-7 5:55:46","workId":"myxCigBGWsltfXLoOHuU"},"labels":{"instanceId":"0067430fbdd0a70138bfabd74feb01b624d90cb4bd534ef1d388ec5280b2fab42cf140ff9f3cfe3d69242256eef3069e99349eab6bcb5c4e42ecf008dfd06763"},"logName":"projects/muni-production-f8e72/logs/run.googleapis.com%2Fstdout","receiveTimestamp":"2022-05-07T05:55:46.831647705Z","resource":{"labels":{"configuration_name":"muni-back","location":"asia-northeast1","project_id":"muni-production-f8e72","revision_name":"muni-back-hpgtt","service_name":"muni-back"},"type":"cloud_run_revision"},"timestamp":"2022-05-07T05:55:46.591174Z"}
{"httpRequest":{"latency":"0.007378778s","protocol":"HTTP/1.1","referer":"https://muni.ink/painting/myxCigBGWsltfXLoOHuU","remoteIp":"14.11.6.128","requestMethod":"GET","requestSize":"940","requestUrl":"https://muni.ink/_next/static/css/70de389616630a47.css","responseSize":"1244","serverIp":"35.241.42.228","status":200,"userAgent":"Mozilla/5.0 (Windows NT 10.0; Win64; x64) AppleWebKit/537.36 (KHTML, like Gecko) Chrome/101.0.4951.54 Safari/537.36"},"insertId":"627609e20001ef83e8e8d48b","labels":{"instanceId":"0067430fbd87d90256f2e59c0e4f2aba79064af94274bcdca0bfd9a4455db453dd53d295d547db6545ed9cc9551a52d296a212b63abb9a20086c4a0b06358f2c"},"logName":"projects/muni-production-f8e72/logs/run.googleapis.com%2Frequests","receiveTimestamp":"2022-05-07T05:55:46.346877305Z","resource":{"labels":{"configuration_name":"muni-front","location":"asia-northeast1","project_id":"muni-production-f8e72","revision_name":"muni-front-jq7fz","service_name":"muni-front"},"type":"cloud_run_revision"},"severity":"INFO","timestamp":"2022-05-07T05:55:46.126851Z","trace":"projects/muni-production-f8e72/traces/d2e03cb5577486796a7a37a393b43974"}
{"httpRequest":{"latency":"0.114858784s","protocol":"HTTP/1.1","referer":"https://muni.ink/painting/myxCigBGWsltfXLoOHuU","remoteIp":"14.11.6.128","requestMethod":"GET","requestSize":"1013","requestUrl":"https://muni.ink/_next/static/chunks/592-6ef4a47d96569770.js","responseSize":"398884","serverIp":"35.241.42.228","status":200,"userAgent":"Mozilla/5.0 (Windows NT 10.0; Win64; x64) AppleWebKit/537.36 (KHTML, like Gecko) Chrome/101.0.4951.54 Safari/537.36"},"insertId":"627609e200010c2c462baa8f","labels":{"instanceId":"0067430fbd87d90256f2e59c0e4f2aba79064af94274bcdca0bfd9a4455db453dd53d295d547db6545ed9cc9551a52d296a212b63abb9a20086c4a0b06358f2c"},"logName":"projects/muni-production-f8e72/logs/run.googleapis.com%2Frequests","receiveTimestamp":"2022-05-07T05:55:46.346877305Z","resource":{"labels":{"configuration_name":"muni-front","location":"asia-northeast1","project_id":"muni-production-f8e72","revision_name":"muni-front-jq7fz","service_name":"muni-front"},"type":"cloud_run_revision"},"severity":"INFO","timestamp":"2022-05-07T05:55:46.068652Z","trace":"projects/muni-production-f8e72/traces/1fb30c14638e1cb759dcdf7941f92060"}
{"httpRequest":{"latency":"0.034009168s","protocol":"HTTP/1.1","referer":"https://muni.ink/painting/myxCigBGWsltfXLoOHuU","remoteIp":"14.11.6.128","requestMethod":"GET","requestSize":"1019","requestUrl":"https://muni.ink/_next/static/chunks/fec483df-a475f45a61ed8774.js","responseSize":"111912","serverIp":"35.241.42.228","status":200,"userAgent":"Mozilla/5.0 (Windows NT 10.0; Win64; x64) AppleWebKit/537.36 (KHTML, like Gecko) Chrome/101.0.4951.54 Safari/537.36"},"insertId":"627609e200008b0aaa2b0ab9","labels":{"instanceId":"0067430fbd87d90256f2e59c0e4f2aba79064af94274bcdca0bfd9a4455db453dd53d295d547db6545ed9cc9551a52d296a212b63abb9a20086c4a0b06358f2c"},"logName":"projects/muni-production-f8e72/logs/run.googleapis.com%2Frequests","receiveTimestamp":"2022-05-07T05:55:46.346877305Z","resource":{"labels":{"configuration_name":"muni-front","location":"asia-northeast1","project_id":"muni-production-f8e72","revision_name":"muni-front-jq7fz","service_name":"muni-front"},"type":"cloud_run_revision"},"severity":"INFO","timestamp":"2022-05-07T05:55:46.035594Z","trace":"projects/muni-production-f8e72/traces/01d322308be2ce8a2ede748de26ff61f"}
{"insertId":"627609e1000f3f7962ff7ec4","jsonPayload":{"ident":"RECIEVED","level":"INFO","message":"Request recieved for myxCigBGWsltfXLoOHuU.","method":"WorkAPI","timestamp":"2022-5-7 5:55:45","workId":"myxCigBGWsltfXLoOHuU"},"labels":{"instanceId":"0067430fbdd0a70138bfabd74feb01b624d90cb4bd534ef1d388ec5280b2fab42cf140ff9f3cfe3d69242256eef3069e99349eab6bcb5c4e42ecf008dfd06763"},"logName":"projects/muni-production-f8e72/logs/run.googleapis.com%2Fstdout","receiveTimestamp":"2022-05-07T05:55:46.164800792Z","resource":{"labels":{"configuration_name":"muni-back","location":"asia-northeast1","project_id":"muni-production-f8e72","revision_name":"muni-back-hpgtt","service_name":"muni-back"},"type":"cloud_run_revision"},"timestamp":"2022-05-07T05:55:45.999289Z"}
{"httpRequest":{"latency":"0.061040517s","protocol":"HTTP/1.1","referer":"https://muni.ink/painting/myxCigBGWsltfXLoOHuU","remoteIp":"14.11.6.128","requestMethod":"GET","requestSize":"1019","requestUrl":"https://muni.ink/_next/static/chunks/061e6b60-28bd444bb64e34ae.js","responseSize":"263656","serverIp":"35.241.42.228","status":200,"userAgent":"Mozilla/5.0 (Windows NT 10.0; Win64; x64) AppleWebKit/537.36 (KHTML, like Gecko) Chrome/101.0.4951.54 Safari/537.36"},"insertId":"627609e1000cea2fbbf52449","labels":{"instanceId":"0067430fbd87d90256f2e59c0e4f2aba79064af94274bcdca0bfd9a4455db453dd53d295d547db6545ed9cc9551a52d296a212b63abb9a20086c4a0b06358f2c"},"logName":"projects/muni-production-f8e72/logs/run.googleapis.com%2Frequests","receiveTimestamp":"2022-05-07T05:55:46.015422591Z","resource":{"labels":{"configuration_name":"muni-front","location":"asia-northeast1","project_id":"muni-production-f8e72","revision_name":"muni-front-jq7fz","service_name":"muni-front"},"type":"cloud_run_revision"},"severity":"INFO","timestamp":"2022-05-07T05:55:45.846383Z","trace":"projects/muni-production-f8e72/traces/d43e0c59c307b8d2172c22ff5ff7080f"}
{"httpRequest":{"latency":"0.022196568s","protocol":"HTTP/1.1","referer":"https://muni.ink/painting/myxCigBGWsltfXLoOHuU","remoteIp":"14.11.6.128","requestMethod":"GET","requestSize":"1034","requestUrl":"https://muni.ink/_next/static/chunks/pages/tokenize/%5Bid%5D-4dee9e2e242aacb9.js","responseSize":"7159","serverIp":"35.241.42.228","status":200,"userAgent":"Mozilla/5.0 (Windows NT 10.0; Win64; x64) AppleWebKit/537.36 (KHTML, like Gecko) Chrome/101.0.4951.54 Safari/537.36"},"insertId":"627609e1000c52e035eff51e","labels":{"instanceId":"0067430fbd87d90256f2e59c0e4f2aba79064af94274bcdca0bfd9a4455db453dd53d295d547db6545ed9cc9551a52d296a212b63abb9a20086c4a0b06358f2c"},"logName":"projects/muni-production-f8e72/logs/run.googleapis.com%2Frequests","receiveTimestamp":"2022-05-07T05:55:46.015422591Z","resource":{"labels":{"configuration_name":"muni-front","location":"asia-northeast1","project_id":"muni-production-f8e72","revision_name":"muni-front-jq7fz","service_name":"muni-front"},"type":"cloud_run_revision"},"severity":"INFO","timestamp":"2022-05-07T05:55:45.807648Z","trace":"projects/muni-production-f8e72/traces/e4577ec50aee221dda9eafe827820813"}
{"httpRequest":{"latency":"0.029208035s","protocol":"HTTP/1.1","referer":"https://muni.ink/","remoteIp":"14.11.6.128","requestMethod":"POST","requestSize":"903","requestUrl":"https://api.muni.ink/is_liked","responseSize":"839","serverIp":"35.241.42.228","status":200,"userAgent":"Mozilla/5.0 (Windows NT 10.0; Win64; x64) AppleWebKit/537.36 (KHTML, like Gecko) Chrome/101.0.4951.54 Safari/537.36"},"insertId":"627609e1000ba147ad1346b9","labels":{"instanceId":"0067430fbdd0a70138bfabd74feb01b624d90cb4bd534ef1d388ec5280b2fab42cf140ff9f3cfe3d69242256eef3069e99349eab6bcb5c4e42ecf008dfd06763"},"logName":"projects/muni-production-f8e72/logs/run.googleapis.com%2Frequests","receiveTimestamp":"2022-05-07T05:55:45.807376641Z","resource":{"labels":{"configuration_name":"muni-back","location":"asia-northeast1","project_id":"muni-production-f8e72","revision_name":"muni-back-hpgtt","service_name":"muni-back"},"type":"cloud_run_revision"},"severity":"INFO","timestamp":"2022-05-07T05:55:45.762183Z","trace":"projects/muni-production-f8e72/traces/e10319ca4bc4c6f50aff149b1b3084fd"}
{"insertId":"627609e1000b9cbd3a1907bd","jsonPayload":{"ident":"SUCCESS","level":"INFO","message":"User has no wallet.","method":"IsLikedAPI","timestamp":"2022-5-7 5:55:45"},"labels":{"instanceId":"0067430fbdd0a70138bfabd74feb01b624d90cb4bd534ef1d388ec5280b2fab42cf140ff9f3cfe3d69242256eef3069e99349eab6bcb5c4e42ecf008dfd06763"},"logName":"projects/muni-production-f8e72/logs/run.googleapis.com%2Fstdout","receiveTimestamp":"2022-05-07T05:55:45.830597389Z","resource":{"labels":{"configuration_name":"muni-back","location":"asia-northeast1","project_id":"muni-production-f8e72","revision_name":"muni-back-hpgtt","service_name":"muni-back"},"type":"cloud_run_revision"},"timestamp":"2022-05-07T05:55:45.761021Z"}
{"insertId":"627609e1000b35dc46d027e2","jsonPayload":{"ident":"RECIEVE","level":"INFO","message":"Recieve the like request.","method":"IsLikedAPI","timestamp":"2022-5-7 5:55:45"},"labels":{"instanceId":"0067430fbdd0a70138bfabd74feb01b624d90cb4bd534ef1d388ec5280b2fab42cf140ff9f3cfe3d69242256eef3069e99349eab6bcb5c4e42ecf008dfd06763"},"logName":"projects/muni-production-f8e72/logs/run.googleapis.com%2Fstdout","receiveTimestamp":"2022-05-07T05:55:45.830597389Z","resource":{"labels":{"configuration_name":"muni-back","location":"asia-northeast1","project_id":"muni-production-f8e72","revision_name":"muni-back-hpgtt","service_name":"muni-back"},"type":"cloud_run_revision"},"timestamp":"2022-05-07T05:55:45.734684Z"}
{"httpRequest":{"latency":"0.002096809s","protocol":"HTTP/1.1","referer":"https://muni.ink/","remoteIp":"14.11.6.128","requestMethod":"OPTIONS","requestSize":"744","requestUrl":"https://api.muni.ink/is_liked","responseSize":"853","serverIp":"35.241.42.228","status":204,"userAgent":"Mozilla/5.0 (Windows NT 10.0; Win64; x64) AppleWebKit/537.36 (KHTML, like Gecko) Chrome/101.0.4951.54 Safari/537.36"},"insertId":"627609e1000ad41cea7f0338","labels":{"instanceId":"0067430fbdd0a70138bfabd74feb01b624d90cb4bd534ef1d388ec5280b2fab42cf140ff9f3cfe3d69242256eef3069e99349eab6bcb5c4e42ecf008dfd06763"},"logName":"projects/muni-production-f8e72/logs/run.googleapis.com%2Frequests","receiveTimestamp":"2022-05-07T05:55:45.807376641Z","resource":{"labels":{"configuration_name":"muni-back","location":"asia-northeast1","project_id":"muni-production-f8e72","revision_name":"muni-back-hpgtt","service_name":"muni-back"},"type":"cloud_run_revision"},"severity":"INFO","timestamp":"2022-05-07T05:55:45.709660Z","trace":"projects/muni-production-f8e72/traces/28c52261b71a9f15cc63b7438acf7035"}
{"httpRequest":{"latency":"0.072984442s","protocol":"HTTP/1.1","referer":"https://muni.ink/post","remoteIp":"14.11.6.128","requestMethod":"GET","requestSize":"969","requestUrl":"https://muni.ink/_next/data/IVVvbvvWS4XaF0igaWv4S/painting/myxCigBGWsltfXLoOHuU.json?id=myxCigBGWsltfXLoOHuU","responseSize":"1319","serverIp":"35.241.42.228","status":200,"userAgent":"Mozilla/5.0 (Windows NT 10.0; Win64; x64) AppleWebKit/537.36 (KHTML, like Gecko) Chrome/101.0.4951.54 Safari/537.36"},"insertId":"627609e10008c0e1c30b068b","labels":{"instanceId":"0067430fbd87d90256f2e59c0e4f2aba79064af94274bcdca0bfd9a4455db453dd53d295d547db6545ed9cc9551a52d296a212b63abb9a20086c4a0b06358f2c"},"logName":"projects/muni-production-f8e72/logs/run.googleapis.com%2Frequests","receiveTimestamp":"2022-05-07T05:55:45.683016644Z","resource":{"labels":{"configuration_name":"muni-front","location":"asia-northeast1","project_id":"muni-production-f8e72","revision_name":"muni-front-jq7fz","service_name":"muni-front"},"type":"cloud_run_revision"},"severity":"INFO","timestamp":"2022-05-07T05:55:45.573665Z","trace":"projects/muni-production-f8e72/traces/a33f45727bcd234dc8b946514bb2fe24"}
{"httpRequest":{"latency":"0.057098399s","protocol":"HTTP/1.1","remoteIp":"35.203.249.162","requestMethod":"POST","requestSize":"525","requestUrl":"https://api.muni.ink/workmeta","responseSize":"1346","serverIp":"35.241.42.228","status":200,"userAgent":"node-fetch/1.0 (+https://github.com/bitinn/node-fetch)"},"insertId":"627609e10008afb7acf3276f","labels":{"instanceId":"0067430fbdd0a70138bfabd74feb01b624d90cb4bd534ef1d388ec5280b2fab42cf140ff9f3cfe3d69242256eef3069e99349eab6bcb5c4e42ecf008dfd06763"},"logName":"projects/muni-production-f8e72/logs/run.googleapis.com%2Frequests","receiveTimestamp":"2022-05-07T05:55:45.807376641Z","resource":{"labels":{"configuration_name":"muni-back","location":"asia-northeast1","project_id":"muni-production-f8e72","revision_name":"muni-back-hpgtt","service_name":"muni-back"},"type":"cloud_run_revision"},"severity":"INFO","timestamp":"2022-05-07T05:55:45.569271Z","trace":"projects/muni-production-f8e72/traces/d12d7b84eeaf177b67f20fe2167582d7"}
{"insertId":"627609e100082ff1aed1fb9f","jsonPayload":{"ident":"SUCCESS_TO_FIND","level":"INFO","message":"Work found.","method":"WorkMetadataAPI","timestamp":"2022-5-7 5:55:45","workId":"myxCigBGWsltfXLoOHuU"},"labels":{"instanceId":"0067430fbdd0a70138bfabd74feb01b624d90cb4bd534ef1d388ec5280b2fab42cf140ff9f3cfe3d69242256eef3069e99349eab6bcb5c4e42ecf008dfd06763"},"logName":"projects/muni-production-f8e72/logs/run.googleapis.com%2Fstdout","receiveTimestamp":"2022-05-07T05:55:45.830597389Z","resource":{"labels":{"configuration_name":"muni-back","location":"asia-northeast1","project_id":"muni-production-f8e72","revision_name":"muni-back-hpgtt","service_name":"muni-back"},"type":"cloud_run_revision"},"timestamp":"2022-05-07T05:55:45.536561Z"}
{"insertId":"627609e10007d5951191fb0a","jsonPayload":{"ident":"RECIEVE","level":"INFO","message":"Recieve the work metadata request.","method":"WorkMetadataAPI","timestamp":"2022-5-7 5:55:45"},"labels":{"instanceId":"0067430fbdd0a70138bfabd74feb01b624d90cb4bd534ef1d388ec5280b2fab42cf140ff9f3cfe3d69242256eef3069e99349eab6bcb5c4e42ecf008dfd06763"},"logName":"projects/muni-production-f8e72/logs/run.googleapis.com%2Fstdout","receiveTimestamp":"2022-05-07T05:55:45.830597389Z","resource":{"labels":{"configuration_name":"muni-back","location":"asia-northeast1","project_id":"muni-production-f8e72","revision_name":"muni-back-hpgtt","service_name":"muni-back"},"type":"cloud_run_revision"},"timestamp":"2022-05-07T05:55:45.513429Z"}
{"httpRequest":{"latency":"0.563846669s","protocol":"HTTP/1.1","remoteIp":"192.133.77.15","requestMethod":"GET","requestSize":"602","requestUrl":"https://storage.muni.ink/work/myxCigBGWsltfXLoOHuU?thumbnail=true","responseSize":"20474","serverIp":"35.241.42.228","status":200,"userAgent":"Twitterbot/1.0"},"insertId":"627609df0005f9fe809f00fb","labels":{"instanceId":"0067430fbdd0a70138bfabd74feb01b624d90cb4bd534ef1d388ec5280b2fab42cf140ff9f3cfe3d69242256eef3069e99349eab6bcb5c4e42ecf008dfd06763"},"logName":"projects/muni-production-f8e72/logs/run.googleapis.com%2Frequests","receiveTimestamp":"2022-05-07T05:55:43.475165346Z","resource":{"labels":{"configuration_name":"muni-back","location":"asia-northeast1","project_id":"muni-production-f8e72","revision_name":"muni-back-hpgtt","service_name":"muni-back"},"type":"cloud_run_revision"},"severity":"INFO","timestamp":"2022-05-07T05:55:43.391678Z","trace":"projects/muni-production-f8e72/traces/8b1469260fd262f6780a5461d9cf76d2"}
{"insertId":"627609df0005f522d4843e89","jsonPayload":{"ident":"COMPLETE","level":"INFO","message":"Success to fetch optimized image","method":"WorkAPI","timestamp":"2022-5-7 5:55:43","workId":"myxCigBGWsltfXLoOHuU"},"labels":{"instanceId":"0067430fbdd0a70138bfabd74feb01b624d90cb4bd534ef1d388ec5280b2fab42cf140ff9f3cfe3d69242256eef3069e99349eab6bcb5c4e42ecf008dfd06763"},"logName":"projects/muni-production-f8e72/logs/run.googleapis.com%2Fstdout","receiveTimestamp":"2022-05-07T05:55:43.500039293Z","resource":{"labels":{"configuration_name":"muni-back","location":"asia-northeast1","project_id":"muni-production-f8e72","revision_name":"muni-back-hpgtt","service_name":"muni-back"},"type":"cloud_run_revision"},"timestamp":"2022-05-07T05:55:43.390434Z"}
{"insertId":"627609de000ca718eea9750d","jsonPayload":{"ident":"RECIEVED","level":"INFO","message":"Request recieved for myxCigBGWsltfXLoOHuU.","method":"WorkAPI","timestamp":"2022-5-7 5:55:42","workId":"myxCigBGWsltfXLoOHuU"},"labels":{"instanceId":"0067430fbdd0a70138bfabd74feb01b624d90cb4bd534ef1d388ec5280b2fab42cf140ff9f3cfe3d69242256eef3069e99349eab6bcb5c4e42ecf008dfd06763"},"logName":"projects/muni-production-f8e72/logs/run.googleapis.com%2Fstdout","receiveTimestamp":"2022-05-07T05:55:42.835512989Z","resource":{"labels":{"configuration_name":"muni-back","location":"asia-northeast1","project_id":"muni-production-f8e72","revision_name":"muni-back-hpgtt","service_name":"muni-back"},"type":"cloud_run_revision"},"timestamp":"2022-05-07T05:55:42.829208Z"}
{"httpRequest":{"latency":"0.002586866s","protocol":"HTTP/1.1","remoteIp":"192.133.77.15","requestMethod":"GET","requestSize":"560","requestUrl":"https://storage.muni.ink/robots.txt","responseSize":"956","serverIp":"35.241.42.228","status":404,"userAgent":"Twitterbot/1.0"},"insertId":"627609de000aa947545cbf2e","labels":{"instanceId":"0067430fbdd0a70138bfabd74feb01b624d90cb4bd534ef1d388ec5280b2fab42cf140ff9f3cfe3d69242256eef3069e99349eab6bcb5c4e42ecf008dfd06763"},"logName":"projects/muni-production-f8e72/logs/run.googleapis.com%2Frequests","receiveTimestamp":"2022-05-07T05:55:42.810893971Z","resource":{"labels":{"configuration_name":"muni-back","location":"asia-northeast1","project_id":"muni-production-f8e72","revision_name":"muni-back-hpgtt","service_name":"muni-back"},"type":"cloud_run_revision"},"severity":"WARNING","timestamp":"2022-05-07T05:55:42.698695Z","trace":"projects/muni-production-f8e72/traces/9862a605a47ab20f1846a4cdd09cc85f"}
{"httpRequest":{"latency":"0.261423205s","protocol":"HTTP/1.1","remoteIp":"192.133.77.18","requestMethod":"GET","requestSize":"576","requestUrl":"https://muni.ink/painting/myxCigBGWsltfXLoOHuU","responseSize":"5382","serverIp":"35.241.42.228","status":200,"userAgent":"Twitterbot/1.0"},"insertId":"627609de000555c6f8b62ebd","labels":{"instanceId":"0067430fbd87d90256f2e59c0e4f2aba79064af94274bcdca0bfd9a4455db453dd53d295d547db6545ed9cc9551a52d296a212b63abb9a20086c4a0b06358f2c"},"logName":"projects/muni-production-f8e72/logs/run.googleapis.com%2Frequests","receiveTimestamp":"2022-05-07T05:55:42.353976870Z","resource":{"labels":{"configuration_name":"muni-front","location":"asia-northeast1","project_id":"muni-production-f8e72","revision_name":"muni-front-jq7fz","service_name":"muni-front"},"type":"cloud_run_revision"},"severity":"INFO","timestamp":"2022-05-07T05:55:42.349638Z","trace":"projects/muni-production-f8e72/traces/db15c76651a94d01326fae25415cdd9b"}
{"httpRequest":{"latency":"0.069805995s","protocol":"HTTP/1.1","remoteIp":"35.203.249.162","requestMethod":"POST","requestSize":"524","requestUrl":"https://api.muni.ink/workmeta","responseSize":"1346","serverIp":"35.241.42.228","status":200,"userAgent":"node-fetch/1.0 (+https://github.com/bitinn/node-fetch)"},"insertId":"627609de00050567d95dc01e","labels":{"instanceId":"0067430fbdd0a70138bfabd74feb01b624d90cb4bd534ef1d388ec5280b2fab42cf140ff9f3cfe3d69242256eef3069e99349eab6bcb5c4e42ecf008dfd06763"},"logName":"projects/muni-production-f8e72/logs/run.googleapis.com%2Frequests","receiveTimestamp":"2022-05-07T05:55:42.475467445Z","resource":{"labels":{"configuration_name":"muni-back","location":"asia-northeast1","project_id":"muni-production-f8e72","revision_name":"muni-back-hpgtt","service_name":"muni-back"},"type":"cloud_run_revision"},"severity":"INFO","timestamp":"2022-05-07T05:55:42.329063Z","trace":"projects/muni-production-f8e72/traces/5066e726e0b9425ca8ad2e9bceb358dd"}
{"insertId":"627609de00044de89ad93ea7","jsonPayload":{"ident":"SUCCESS_TO_FIND","level":"INFO","message":"Work found.","method":"WorkMetadataAPI","timestamp":"2022-5-7 5:55:42","workId":"myxCigBGWsltfXLoOHuU"},"labels":{"instanceId":"0067430fbdd0a70138bfabd74feb01b624d90cb4bd534ef1d388ec5280b2fab42cf140ff9f3cfe3d69242256eef3069e99349eab6bcb5c4e42ecf008dfd06763"},"logName":"projects/muni-production-f8e72/logs/run.googleapis.com%2Fstdout","receiveTimestamp":"2022-05-07T05:55:42.501996050Z","resource":{"labels":{"configuration_name":"muni-back","location":"asia-northeast1","project_id":"muni-production-f8e72","revision_name":"muni-back-hpgtt","service_name":"muni-back"},"type":"cloud_run_revision"},"timestamp":"2022-05-07T05:55:42.282088Z"}
{"insertId":"627609de0004019f0dad6f2e","jsonPayload":{"ident":"RECIEVE","level":"INFO","message":"Recieve the work metadata request.","method":"WorkMetadataAPI","timestamp":"2022-5-7 5:55:42"},"labels":{"instanceId":"0067430fbdd0a70138bfabd74feb01b624d90cb4bd534ef1d388ec5280b2fab42cf140ff9f3cfe3d69242256eef3069e99349eab6bcb5c4e42ecf008dfd06763"},"logName":"projects/muni-production-f8e72/logs/run.googleapis.com%2Fstdout","receiveTimestamp":"2022-05-07T05:55:42.501996050Z","resource":{"labels":{"configuration_name":"muni-back","location":"asia-northeast1","project_id":"muni-production-f8e72","revision_name":"muni-back-hpgtt","service_name":"muni-back"},"type":"cloud_run_revision"},"timestamp":"2022-05-07T05:55:42.262559Z"}
{"httpRequest":{"latency":"2.457732220s","protocol":"HTTP/1.1","referer":"https://muni.ink/","remoteIp":"14.11.6.128","requestMethod":"POST","requestSize":"53993","requestUrl":"https://api.muni.ink/post","responseSize":"875","serverIp":"35.241.42.228","status":200,"userAgent":"Mozilla/5.0 (Windows NT 10.0; Win64; x64) AppleWebKit/537.36 (KHTML, like Gecko) Chrome/101.0.4951.54 Safari/537.36"},"insertId":"627609d80004c19e5a635978","labels":{"instanceId":"0067430fbdd0a70138bfabd74feb01b624d90cb4bd534ef1d388ec5280b2fab42cf140ff9f3cfe3d69242256eef3069e99349eab6bcb5c4e42ecf008dfd06763"},"logName":"projects/muni-production-f8e72/logs/run.googleapis.com%2Frequests","receiveTimestamp":"2022-05-07T05:55:36.481303579Z","resource":{"labels":{"configuration_name":"muni-back","location":"asia-northeast1","project_id":"muni-production-f8e72","revision_name":"muni-back-hpgtt","service_name":"muni-back"},"type":"cloud_run_revision"},"severity":"INFO","timestamp":"2022-05-07T05:55:36.311710Z","trace":"projects/muni-production-f8e72/traces/3cecb91991ae688b599f27c519f438da"}
{"insertId":"627609d80004bcaaa2cb326f","jsonPayload":{"ident":"SUCCESS_TO_CREATE","level":"INFO","message":"Success to create work.","method":"PostAPI","timestamp":"2022-5-7 5:55:36","workId":"myxCigBGWsltfXLoOHuU"},"labels":{"instanceId":"0067430fbdd0a70138bfabd74feb01b624d90cb4bd534ef1d388ec5280b2fab42cf140ff9f3cfe3d69242256eef3069e99349eab6bcb5c4e42ecf008dfd06763"},"logName":"projects/muni-production-f8e72/logs/run.googleapis.com%2Fstdout","receiveTimestamp":"2022-05-07T05:55:36.507327084Z","resource":{"labels":{"configuration_name":"muni-back","location":"asia-northeast1","project_id":"muni-production-f8e72","revision_name":"muni-back-hpgtt","service_name":"muni-back"},"type":"cloud_run_revision"},"timestamp":"2022-05-07T05:55:36.310442Z"}
{"insertId":"627609d6000dab805bc2a4ac","labels":{"instanceId":"0067430fbdd0a70138bfabd74feb01b624d90cb4bd534ef1d388ec5280b2fab42cf140ff9f3cfe3d69242256eef3069e99349eab6bcb5c4e42ecf008dfd06763"},"logName":"projects/muni-production-f8e72/logs/run.googleapis.com%2Fvarlog%2Fsystem","receiveTimestamp":"2022-05-07T05:55:34.899680133Z","resource":{"labels":{"configuration_name":"muni-back","location":"asia-northeast1","project_id":"muni-production-f8e72","revision_name":"muni-back-hpgtt","service_name":"muni-back"},"type":"cloud_run_revision"},"severity":"DEBUG","textPayload":"Container Sandbox: Unsupported syscall sched_getattr(0x17,0x3e8eb6416480,0x38,0x0,0xf1eb8bd646d3ba6c,0x3e8eb8ecee17). It is very likely that you can safely ignore this message and that this is not the cause of any error you might be troubleshooting. Please, refer to https://gvisor.dev/docs/user_guide/compatibility/linux/amd64/#sched_getattr for more information.","timestamp":"2022-05-07T05:55:34.895824588Z"}
{"httpRequest":{"latency":"0.142768305s","protocol":"HTTP/1.1","referer":"https://muni.ink/","remoteIp":"14.11.6.128","requestMethod":"POST","requestSize":"865","requestUrl":"https://api.muni.ink/user","responseSize":"979","serverIp":"35.241.42.228","status":200,"userAgent":"Mozilla/5.0 (Windows NT 10.0; Win64; x64) AppleWebKit/537.36 (KHTML, like Gecko) Chrome/101.0.4951.54 Safari/537.36"},"insertId":"627609d5000eff1e463f371b","labels":{"instanceId":"0067430fbdd0a70138bfabd74feb01b624d90cb4bd534ef1d388ec5280b2fab42cf140ff9f3cfe3d69242256eef3069e99349eab6bcb5c4e42ecf008dfd06763"},"logName":"projects/muni-production-f8e72/logs/run.googleapis.com%2Frequests","receiveTimestamp":"2022-05-07T05:55:34.150728593Z","resource":{"labels":{"configuration_name":"muni-back","location":"asia-northeast1","project_id":"muni-production-f8e72","revision_name":"muni-back-hpgtt","service_name":"muni-back"},"type":"cloud_run_revision"},"severity":"INFO","timestamp":"2022-05-07T05:55:33.982814Z","trace":"projects/muni-production-f8e72/traces/f11eba5b590f57316bb2cc8558b48de9"}
{"insertId":"627609d5000efa64babf9311","jsonPayload":{"firebaseId":"SIZUKUPERU","ident":"SUCCESS_TO_FIND","level":"INFO","message":"User found.","method":"UserAPI","timestamp":"2022-5-7 5:55:33"},"labels":{"instanceId":"0067430fbdd0a70138bfabd74feb01b624d90cb4bd534ef1d388ec5280b2fab42cf140ff9f3cfe3d69242256eef3069e99349eab6bcb5c4e42ecf008dfd06763"},"logName":"projects/muni-production-f8e72/logs/run.googleapis.com%2Fstdout","receiveTimestamp":"2022-05-07T05:55:34.176663162Z","resource":{"labels":{"configuration_name":"muni-back","location":"asia-northeast1","project_id":"muni-production-f8e72","revision_name":"muni-back-hpgtt","service_name":"muni-back"},"type":"cloud_run_revision"},"timestamp":"2022-05-07T05:55:33.981604Z"}
{"insertId":"627609d5000efa4bb51ac21c","jsonPayload":{"ident":"FETCH_USER","level":"INFO","message":"Complete fetching user data.","method":"UserAPI","timestamp":"2022-5-7 5:55:33"},"labels":{"instanceId":"0067430fbdd0a70138bfabd74feb01b624d90cb4bd534ef1d388ec5280b2fab42cf140ff9f3cfe3d69242256eef3069e99349eab6bcb5c4e42ecf008dfd06763"},"logName":"projects/muni-production-f8e72/logs/run.googleapis.com%2Fstdout","receiveTimestamp":"2022-05-07T05:55:34.176663162Z","resource":{"labels":{"configuration_name":"muni-back","location":"asia-northeast1","project_id":"muni-production-f8e72","revision_name":"muni-back-hpgtt","service_name":"muni-back"},"type":"cloud_run_revision"},"timestamp":"2022-05-07T05:55:33.981579Z"}
{"insertId":"627609d5000e3976c5a778c1","jsonPayload":{"firebaseId":"SIZUKUPERU","ident":"FILTERING_WORKS","level":"INFO","message":"Search works link to the user.","method":"UserAPI","timestamp":"2022-5-7 5:55:33"},"labels":{"instanceId":"0067430fbdd0a70138bfabd74feb01b624d90cb4bd534ef1d388ec5280b2fab42cf140ff9f3cfe3d69242256eef3069e99349eab6bcb5c4e42ecf008dfd06763"},"logName":"projects/muni-production-f8e72/logs/run.googleapis.com%2Fstdout","receiveTimestamp":"2022-05-07T05:55:34.176663162Z","resource":{"labels":{"configuration_name":"muni-back","location":"asia-northeast1","project_id":"muni-production-f8e72","revision_name":"muni-back-hpgtt","service_name":"muni-back"},"type":"cloud_run_revision"},"timestamp":"2022-05-07T05:55:33.932214Z"}
{"insertId":"627609d5000d3b908927cfed","jsonPayload":{"ident":"RECIEVE","level":"INFO","message":"Recieve the work post request.","method":"PostAPI","timestamp":"2022-5-7 5:55:33"},"labels":{"instanceId":"0067430fbdd0a70138bfabd74feb01b624d90cb4bd534ef1d388ec5280b2fab42cf140ff9f3cfe3d69242256eef3069e99349eab6bcb5c4e42ecf008dfd06763"},"logName":"projects/muni-production-f8e72/logs/run.googleapis.com%2Fstdout","receiveTimestamp":"2022-05-07T05:55:34.176663162Z","resource":{"labels":{"configuration_name":"muni-back","location":"asia-northeast1","project_id":"muni-production-f8e72","revision_name":"muni-back-hpgtt","service_name":"muni-back"},"type":"cloud_run_revision"},"timestamp":"2022-05-07T05:55:33.867216Z"}
{"insertId":"627609d5000cd699a448a6d2","jsonPayload":{"ident":"RECIEVE","level":"INFO","message":"Recieve the work post request.","method":"UserAPI","timestamp":"2022-5-7 5:55:33"},"labels":{"instanceId":"0067430fbdd0a70138bfabd74feb01b624d90cb4bd534ef1d388ec5280b2fab42cf140ff9f3cfe3d69242256eef3069e99349eab6bcb5c4e42ecf008dfd06763"},"logName":"projects/muni-production-f8e72/logs/run.googleapis.com%2Fstdout","receiveTimestamp":"2022-05-07T05:55:33.845925616Z","resource":{"labels":{"configuration_name":"muni-back","location":"asia-northeast1","project_id":"muni-production-f8e72","revision_name":"muni-back-hpgtt","service_name":"muni-back"},"type":"cloud_run_revision"},"timestamp":"2022-05-07T05:55:33.841369Z"}
{"httpRequest":{"latency":"0.002468378s","protocol":"HTTP/1.1","referer":"https://muni.ink/","remoteIp":"14.11.6.128","requestMethod":"OPTIONS","requestSize":"741","requestUrl":"https://api.muni.ink/post","responseSize":"854","serverIp":"35.241.42.228","status":204,"userAgent":"Mozilla/5.0 (Windows NT 10.0; Win64; x64) AppleWebKit/537.36 (KHTML, like Gecko) Chrome/101.0.4951.54 Safari/537.36"},"insertId":"627609d5000c702b00b04674","labels":{"instanceId":"0067430fbdd0a70138bfabd74feb01b624d90cb4bd534ef1d388ec5280b2fab42cf140ff9f3cfe3d69242256eef3069e99349eab6bcb5c4e42ecf008dfd06763"},"logName":"projects/muni-production-f8e72/logs/run.googleapis.com%2Frequests","receiveTimestamp":"2022-05-07T05:55:34.150728593Z","resource":{"labels":{"configuration_name":"muni-back","location":"asia-northeast1","project_id":"muni-production-f8e72","revision_name":"muni-back-hpgtt","service_name":"muni-back"},"type":"cloud_run_revision"},"severity":"INFO","timestamp":"2022-05-07T05:55:33.815147Z","trace":"projects/muni-production-f8e72/traces/a97dd3283aae425458f8f62ff6badd13"}
{"httpRequest":{"latency":"0.002397066s","protocol":"HTTP/1.1","referer":"https://muni.ink/","remoteIp":"14.11.6.128","requestMethod":"OPTIONS","requestSize":"740","requestUrl":"https://api.muni.ink/user","responseSize":"853","serverIp":"35.241.42.228","status":204,"userAgent":"Mozilla/5.0 (Windows NT 10.0; Win64; x64) AppleWebKit/537.36 (KHTML, like Gecko) Chrome/101.0.4951.54 Safari/537.36"},"insertId":"627609d5000c6ea5cd60199d","labels":{"instanceId":"0067430fbdd0a70138bfabd74feb01b624d90cb4bd534ef1d388ec5280b2fab42cf140ff9f3cfe3d69242256eef3069e99349eab6bcb5c4e42ecf008dfd06763"},"logName":"projects/muni-production-f8e72/logs/run.googleapis.com%2Frequests","receiveTimestamp":"2022-05-07T05:55:33.818106268Z","resource":{"labels":{"configuration_name":"muni-back","location":"asia-northeast1","project_id":"muni-production-f8e72","revision_name":"muni-back-hpgtt","service_name":"muni-back"},"type":"cloud_run_revision"},"severity":"INFO","timestamp":"2022-05-07T05:55:33.814757Z","trace":"projects/muni-production-f8e72/traces/7db16bcab169c8d2b92886b40c175308"}
{"httpRequest":{"latency":"0.208806261s","protocol":"HTTP/1.1","referer":"https://muni.ink/","remoteIp":"14.11.6.128","requestMethod":"POST","requestSize":"864","requestUrl":"https://api.muni.ink/user","responseSize":"979","serverIp":"35.241.42.228","status":200,"userAgent":"Mozilla/5.0 (Windows NT 10.0; Win64; x64) AppleWebKit/537.36 (KHTML, like Gecko) Chrome/101.0.4951.54 Safari/537.36"},"insertId":"627609720007bcde6820c044","labels":{"instanceId":"0067430fbdd0a70138bfabd74feb01b624d90cb4bd534ef1d388ec5280b2fab42cf140ff9f3cfe3d69242256eef3069e99349eab6bcb5c4e42ecf008dfd06763"},"logName":"projects/muni-production-f8e72/logs/run.googleapis.com%2Frequests","receiveTimestamp":"2022-05-07T05:53:54.575153102Z","resource":{"labels":{"configuration_name":"muni-back","location":"asia-northeast1","project_id":"muni-production-f8e72","revision_name":"muni-back-hpgtt","service_name":"muni-back"},"type":"cloud_run_revision"},"severity":"INFO","timestamp":"2022-05-07T05:53:54.507102Z","trace":"projects/muni-production-f8e72/traces/a7713c604be5a86f738dd506db71bcca"}
{"insertId":"627609720007b8af882f7419","jsonPayload":{"accountId":"SIZUKUPERU","ident":"SUCCESS_TO_FIND","level":"INFO","message":"User found.","method":"UserAPI","timestamp":"2022-5-7 5:53:54"},"labels":{"instanceId":"0067430fbdd0a70138bfabd74feb01b624d90cb4bd534ef1d388ec5280b2fab42cf140ff9f3cfe3d69242256eef3069e99349eab6bcb5c4e42ecf008dfd06763"},"logName":"projects/muni-production-f8e72/logs/run.googleapis.com%2Fstdout","receiveTimestamp":"2022-05-07T05:53:54.636305670Z","resource":{"labels":{"configuration_name":"muni-back","location":"asia-northeast1","project_id":"muni-production-f8e72","revision_name":"muni-back-hpgtt","service_name":"muni-back"},"type":"cloud_run_revision"},"timestamp":"2022-05-07T05:53:54.506031Z"}
{"insertId":"627609720007b8351c1781ae","jsonPayload":{"ident":"FETCH_USER","level":"INFO","message":"Complete fetching user data.","method":"UserAPI","timestamp":"2022-5-7 5:53:54"},"labels":{"instanceId":"0067430fbdd0a70138bfabd74feb01b624d90cb4bd534ef1d388ec5280b2fab42cf140ff9f3cfe3d69242256eef3069e99349eab6bcb5c4e42ecf008dfd06763"},"logName":"projects/muni-production-f8e72/logs/run.googleapis.com%2Fstdout","receiveTimestamp":"2022-05-07T05:53:54.636305670Z","resource":{"labels":{"configuration_name":"muni-back","location":"asia-northeast1","project_id":"muni-production-f8e72","revision_name":"muni-back-hpgtt","service_name":"muni-back"},"type":"cloud_run_revision"},"timestamp":"2022-05-07T05:53:54.505909Z"}
{"insertId":"627609720006c05f41e07f99","jsonPayload":{"accountId":"SIZUKUPERU","ident":"FILTERING_WORKS","level":"INFO","message":"Search works link to the user.","method":"UserAPI","timestamp":"2022-5-7 5:53:54"},"labels":{"instanceId":"0067430fbdd0a70138bfabd74feb01b624d90cb4bd534ef1d388ec5280b2fab42cf140ff9f3cfe3d69242256eef3069e99349eab6bcb5c4e42ecf008dfd06763"},"logName":"projects/muni-production-f8e72/logs/run.googleapis.com%2Fstdout","receiveTimestamp":"2022-05-07T05:53:54.636305670Z","resource":{"labels":{"configuration_name":"muni-back","location":"asia-northeast1","project_id":"muni-production-f8e72","revision_name":"muni-back-hpgtt","service_name":"muni-back"},"type":"cloud_run_revision"},"timestamp":"2022-05-07T05:53:54.442463Z"}
{"insertId":"6276097200049374b2659b5d","jsonPayload":{"ident":"RECIEVE","level":"INFO","message":"Recieve the work post request.","method":"UserAPI","timestamp":"2022-5-7 5:53:54"},"labels":{"instanceId":"0067430fbdd0a70138bfabd74feb01b624d90cb4bd534ef1d388ec5280b2fab42cf140ff9f3cfe3d69242256eef3069e99349eab6bcb5c4e42ecf008dfd06763"},"logName":"projects/muni-production-f8e72/logs/run.googleapis.com%2Fstdout","receiveTimestamp":"2022-05-07T05:53:54.305332384Z","resource":{"labels":{"configuration_name":"muni-back","location":"asia-northeast1","project_id":"muni-production-f8e72","revision_name":"muni-back-hpgtt","service_name":"muni-back"},"type":"cloud_run_revision"},"timestamp":"2022-05-07T05:53:54.299892Z"}
{"httpRequest":{"latency":"0.002229657s","protocol":"HTTP/1.1","referer":"https://muni.ink/","remoteIp":"14.11.6.128","requestMethod":"OPTIONS","requestSize":"740","requestUrl":"https://api.muni.ink/user","responseSize":"853","serverIp":"35.241.42.228","status":204,"userAgent":"Mozilla/5.0 (Windows NT 10.0; Win64; x64) AppleWebKit/537.36 (KHTML, like Gecko) Chrome/101.0.4951.54 Safari/537.36"},"insertId":"627609720003a5c0e7423542","labels":{"instanceId":"0067430fbdd0a70138bfabd74feb01b624d90cb4bd534ef1d388ec5280b2fab42cf140ff9f3cfe3d69242256eef3069e99349eab6bcb5c4e42ecf008dfd06763"},"logName":"projects/muni-production-f8e72/logs/run.googleapis.com%2Frequests","receiveTimestamp":"2022-05-07T05:53:54.243882433Z","resource":{"labels":{"configuration_name":"muni-back","location":"asia-northeast1","project_id":"muni-production-f8e72","revision_name":"muni-back-hpgtt","service_name":"muni-back"},"type":"cloud_run_revision"},"severity":"INFO","timestamp":"2022-05-07T05:53:54.239040Z","trace":"projects/muni-production-f8e72/traces/78f83e8b4b3891c7ce20e402e0e87b3f"}
{"httpRequest":{"latency":"0.597766624s","protocol":"HTTP/1.1","referer":"https://muni.ink/","remoteIp":"119.63.179.159","requestMethod":"GET","requestSize":"980","requestUrl":"https://storage.muni.ink/work/nf1EsVj7AW78AmH0tTCp?thumbnail=true","responseSize":"43586","serverIp":"35.241.42.228","status":200,"userAgent":"Mozilla/5.0 (Linux; Android 11; SCG08) AppleWebKit/537.36 (KHTML, like Gecko) Chrome/101.0.4951.41 Mobile Safari/537.36"},"insertId":"627608f7000c110c1bef87e6","labels":{"instanceId":"0067430fbdd0a70138bfabd74feb01b624d90cb4bd534ef1d388ec5280b2fab42cf140ff9f3cfe3d69242256eef3069e99349eab6bcb5c4e42ecf008dfd06763"},"logName":"projects/muni-production-f8e72/logs/run.googleapis.com%2Frequests","receiveTimestamp":"2022-05-07T05:51:51.835502071Z","resource":{"labels":{"configuration_name":"muni-back","location":"asia-northeast1","project_id":"muni-production-f8e72","revision_name":"muni-back-hpgtt","service_name":"muni-back"},"type":"cloud_run_revision"},"severity":"INFO","timestamp":"2022-05-07T05:51:51.790796Z","trace":"projects/muni-production-f8e72/traces/8f1bf541aa0085bdaf0b896b8871f42a"}
{"insertId":"627608f7000c0c3f86891cb6","jsonPayload":{"ident":"COMPLETE","level":"INFO","message":"Success to fetch optimized image","method":"WorkAPI","timestamp":"2022-5-7 5:51:51","workId":"nf1EsVj7AW78AmH0tTCp"},"labels":{"instanceId":"0067430fbdd0a70138bfabd74feb01b624d90cb4bd534ef1d388ec5280b2fab42cf140ff9f3cfe3d69242256eef3069e99349eab6bcb5c4e42ecf008dfd06763"},"logName":"projects/muni-production-f8e72/logs/run.googleapis.com%2Fstdout","receiveTimestamp":"2022-05-07T05:51:51.903300413Z","resource":{"labels":{"configuration_name":"muni-back","location":"asia-northeast1","project_id":"muni-production-f8e72","revision_name":"muni-back-hpgtt","service_name":"muni-back"},"type":"cloud_run_revision"},"timestamp":"2022-05-07T05:51:51.789567Z"}
{"insertId":"627608f70002f83b04075c95","jsonPayload":{"ident":"RECIEVED","level":"INFO","message":"Request recieved for nf1EsVj7AW78AmH0tTCp.","method":"WorkAPI","timestamp":"2022-5-7 5:51:51","workId":"nf1EsVj7AW78AmH0tTCp"},"labels":{"instanceId":"0067430fbdd0a70138bfabd74feb01b624d90cb4bd534ef1d388ec5280b2fab42cf140ff9f3cfe3d69242256eef3069e99349eab6bcb5c4e42ecf008dfd06763"},"logName":"projects/muni-production-f8e72/logs/run.googleapis.com%2Fstdout","receiveTimestamp":"2022-05-07T05:51:51.236304792Z","resource":{"labels":{"configuration_name":"muni-back","location":"asia-northeast1","project_id":"muni-production-f8e72","revision_name":"muni-back-hpgtt","service_name":"muni-back"},"type":"cloud_run_revision"},"timestamp":"2022-05-07T05:51:51.194619Z"}
{"httpRequest":{"latency":"0.703648863s","protocol":"HTTP/1.1","referer":"https://muni.ink/","remoteIp":"119.63.179.159","requestMethod":"GET","requestSize":"981","requestUrl":"https://storage.muni.ink/work/I5IsJTGlMPiPGGW1fNsd?thumbnail=true","responseSize":"20204","serverIp":"35.241.42.228","status":200,"userAgent":"Mozilla/5.0 (Linux; Android 11; SCG08) AppleWebKit/537.36 (KHTML, like Gecko) Chrome/101.0.4951.41 Mobile Safari/537.36"},"insertId":"627608f2000509c2dbb32a2d","labels":{"instanceId":"0067430fbdd0a70138bfabd74feb01b624d90cb4bd534ef1d388ec5280b2fab42cf140ff9f3cfe3d69242256eef3069e99349eab6bcb5c4e42ecf008dfd06763"},"logName":"projects/muni-production-f8e72/logs/run.googleapis.com%2Frequests","receiveTimestamp":"2022-05-07T05:51:46.507262078Z","resource":{"labels":{"configuration_name":"muni-back","location":"asia-northeast1","project_id":"muni-production-f8e72","revision_name":"muni-back-hpgtt","service_name":"muni-back"},"type":"cloud_run_revision"},"severity":"INFO","timestamp":"2022-05-07T05:51:46.330178Z","trace":"projects/muni-production-f8e72/traces/691dcae5b56871513679f5eac8bc6f8c"}
{"insertId":"627608f200050505777a21cf","jsonPayload":{"ident":"COMPLETE","level":"INFO","message":"Success to fetch optimized image","method":"WorkAPI","timestamp":"2022-5-7 5:51:46","workId":"I5IsJTGlMPiPGGW1fNsd"},"labels":{"instanceId":"0067430fbdd0a70138bfabd74feb01b624d90cb4bd534ef1d388ec5280b2fab42cf140ff9f3cfe3d69242256eef3069e99349eab6bcb5c4e42ecf008dfd06763"},"logName":"projects/muni-production-f8e72/logs/run.googleapis.com%2Fstdout","receiveTimestamp":"2022-05-07T05:51:46.574509254Z","resource":{"labels":{"configuration_name":"muni-back","location":"asia-northeast1","project_id":"muni-production-f8e72","revision_name":"muni-back-hpgtt","service_name":"muni-back"},"type":"cloud_run_revision"},"timestamp":"2022-05-07T05:51:46.328965Z"}
{"insertId":"627608f1000995314549d5a0","jsonPayload":{"ident":"RECIEVED","level":"INFO","message":"Request recieved for I5IsJTGlMPiPGGW1fNsd.","method":"WorkAPI","timestamp":"2022-5-7 5:51:45","workId":"I5IsJTGlMPiPGGW1fNsd"},"labels":{"instanceId":"0067430fbdd0a70138bfabd74feb01b624d90cb4bd534ef1d388ec5280b2fab42cf140ff9f3cfe3d69242256eef3069e99349eab6bcb5c4e42ecf008dfd06763"},"logName":"projects/muni-production-f8e72/logs/run.googleapis.com%2Fstdout","receiveTimestamp":"2022-05-07T05:51:45.909558319Z","resource":{"labels":{"configuration_name":"muni-back","location":"asia-northeast1","project_id":"muni-production-f8e72","revision_name":"muni-back-hpgtt","service_name":"muni-back"},"type":"cloud_run_revision"},"timestamp":"2022-05-07T05:51:45.628017Z"}
{"httpRequest":{"latency":"0.030893897s","protocol":"HTTP/1.1","referer":"https://muni.ink/?gclid=CjwKCAjwjtOTBhAvEiwASG4bCB1E6U0XpsfjJ0ByRBPbMxyYczbmW0DLCVljMokI5YriZGzd91n3bhoC3rMQAvD_BwE","remoteIp":"119.63.179.159","requestMethod":"GET","requestSize":"1135","requestUrl":"https://muni.ink/_next/image?url=%2Flogo_horizontal.png&w=384&q=75","responseSize":"710","serverIp":"35.241.42.228","status":304,"userAgent":"Mozilla/5.0 (Linux; Android 11; SCG08) AppleWebKit/537.36 (KHTML, like Gecko) Chrome/101.0.4951.41 Mobile Safari/537.36"},"insertId":"627608ee0005d6977c1f9600","labels":{"instanceId":"0067430fbd87d90256f2e59c0e4f2aba79064af94274bcdca0bfd9a4455db453dd53d295d547db6545ed9cc9551a52d296a212b63abb9a20086c4a0b06358f2c"},"logName":"projects/muni-production-f8e72/logs/run.googleapis.com%2Frequests","receiveTimestamp":"2022-05-07T05:51:42.670113749Z","resource":{"labels":{"configuration_name":"muni-front","location":"asia-northeast1","project_id":"muni-production-f8e72","revision_name":"muni-front-jq7fz","service_name":"muni-front"},"type":"cloud_run_revision"},"severity":"INFO","timestamp":"2022-05-07T05:51:42.382615Z","trace":"projects/muni-production-f8e72/traces/a9e0babedd4a6b844356aca3e24cc64a"}
{"httpRequest":{"latency":"0.033087864s","protocol":"HTTP/1.1","referer":"https://muni.ink/?gclid=CjwKCAjwjtOTBhAvEiwASG4bCB1E6U0XpsfjJ0ByRBPbMxyYczbmW0DLCVljMokI5YriZGzd91n3bhoC3rMQAvD_BwE","remoteIp":"119.63.179.159","requestMethod":"GET","requestSize":"1131","requestUrl":"https://muni.ink/_next/image?url=%2Flogo_landing.png&w=384&q=75","responseSize":"710","serverIp":"35.241.42.228","status":304,"userAgent":"Mozilla/5.0 (Linux; Android 11; SCG08) AppleWebKit/537.36 (KHTML, like Gecko) Chrome/101.0.4951.41 Mobile Safari/537.36"},"insertId":"627608ee0005b55f327f18cd","labels":{"instanceId":"0067430fbd87d90256f2e59c0e4f2aba79064af94274bcdca0bfd9a4455db453dd53d295d547db6545ed9cc9551a52d296a212b63abb9a20086c4a0b06358f2c"},"logName":"projects/muni-production-f8e72/logs/run.googleapis.com%2Frequests","receiveTimestamp":"2022-05-07T05:51:42.670113749Z","resource":{"labels":{"configuration_name":"muni-front","location":"asia-northeast1","project_id":"muni-production-f8e72","revision_name":"muni-front-jq7fz","service_name":"muni-front"},"type":"cloud_run_revision"},"severity":"INFO","timestamp":"2022-05-07T05:51:42.374111Z","trace":"projects/muni-production-f8e72/traces/71c76b4851108728bdf21d5a38e879b4"}
{"httpRequest":{"latency":"0.139100312s","protocol":"HTTP/1.1","referer":"https://muni.ink/","remoteIp":"119.63.179.159","requestMethod":"POST","requestSize":"874","requestUrl":"https://api.muni.ink/recent","responseSize":"12342","serverIp":"35.241.42.228","status":200,"userAgent":"Mozilla/5.0 (Linux; Android 11; SCG08) AppleWebKit/537.36 (KHTML, like Gecko) Chrome/101.0.4951.41 Mobile Safari/537.36"},"insertId":"627608ee000521256ed01c50","labels":{"instanceId":"0067430fbdd0a70138bfabd74feb01b624d90cb4bd534ef1d388ec5280b2fab42cf140ff9f3cfe3d69242256eef3069e99349eab6bcb5c4e42ecf008dfd06763"},"logName":"projects/muni-production-f8e72/logs/run.googleapis.com%2Frequests","receiveTimestamp":"2022-05-07T05:51:42.510943819Z","resource":{"labels":{"configuration_name":"muni-back","location":"asia-northeast1","project_id":"muni-production-f8e72","revision_name":"muni-back-hpgtt","service_name":"muni-back"},"type":"cloud_run_revision"},"severity":"INFO","timestamp":"2022-05-07T05:51:42.336165Z","trace":"projects/muni-production-f8e72/traces/f41a19af14745624e800ce0e26ee77d4"}
{"insertId":"627608ee00051b5a816e300b","jsonPayload":{"ident":"FETCH_SUCCESS","level":"INFO","message":"Success to fetch.","method":"RecentPostAPI","timestamp":"2022-5-7 5:51:42"},"labels":{"instanceId":"0067430fbdd0a70138bfabd74feb01b624d90cb4bd534ef1d388ec5280b2fab42cf140ff9f3cfe3d69242256eef3069e99349eab6bcb5c4e42ecf008dfd06763"},"logName":"projects/muni-production-f8e72/logs/run.googleapis.com%2Fstdout","receiveTimestamp":"2022-05-07T05:51:42.579596193Z","resource":{"labels":{"configuration_name":"muni-back","location":"asia-northeast1","project_id":"muni-production-f8e72","revision_name":"muni-back-hpgtt","service_name":"muni-back"},"type":"cloud_run_revision"},"timestamp":"2022-05-07T05:51:42.334682Z"}
{"insertId":"627608ee000307c9fba612ae","jsonPayload":{"ident":"RECIEVE","level":"INFO","message":"Recieve the recent posted works request.","method":"RecentPostAPI","timestamp":"2022-5-7 5:51:42"},"labels":{"instanceId":"0067430fbdd0a70138bfabd74feb01b624d90cb4bd534ef1d388ec5280b2fab42cf140ff9f3cfe3d69242256eef3069e99349eab6bcb5c4e42ecf008dfd06763"},"logName":"projects/muni-production-f8e72/logs/run.googleapis.com%2Fstdout","receiveTimestamp":"2022-05-07T05:51:42.245225258Z","resource":{"labels":{"configuration_name":"muni-back","location":"asia-northeast1","project_id":"muni-production-f8e72","revision_name":"muni-back-hpgtt","service_name":"muni-back"},"type":"cloud_run_revision"},"timestamp":"2022-05-07T05:51:42.198601Z"}
{"httpRequest":{"latency":"0.301994552s","protocol":"HTTP/1.1","referer":"https://muni.ink/","remoteIp":"119.63.179.159","requestMethod":"POST","requestSize":"875","requestUrl":"https://api.muni.ink/recent","responseSize":"12342","serverIp":"35.241.42.228","status":200,"userAgent":"Mozilla/5.0 (Linux; Android 11; SCG08) AppleWebKit/537.36 (KHTML, like Gecko) Chrome/101.0.4951.41 Mobile Safari/537.36"},"insertId":"627608ea00034482e0a68f72","labels":{"instanceId":"0067430fbdd0a70138bfabd74feb01b624d90cb4bd534ef1d388ec5280b2fab42cf140ff9f3cfe3d69242256eef3069e99349eab6bcb5c4e42ecf008dfd06763"},"logName":"projects/muni-production-f8e72/logs/run.googleapis.com%2Frequests","receiveTimestamp":"2022-05-07T05:51:38.514272203Z","resource":{"labels":{"configuration_name":"muni-back","location":"asia-northeast1","project_id":"muni-production-f8e72","revision_name":"muni-back-hpgtt","service_name":"muni-back"},"type":"cloud_run_revision"},"severity":"INFO","timestamp":"2022-05-07T05:51:38.214146Z","trace":"projects/muni-production-f8e72/traces/2773e7ce7ee6604033d8e3aa8d508096"}
{"insertId":"627608ea00033ed0f52806f9","jsonPayload":{"ident":"FETCH_SUCCESS","level":"INFO","message":"Success to fetch.","method":"RecentPostAPI","timestamp":"2022-5-7 5:51:38"},"labels":{"instanceId":"0067430fbdd0a70138bfabd74feb01b624d90cb4bd534ef1d388ec5280b2fab42cf140ff9f3cfe3d69242256eef3069e99349eab6bcb5c4e42ecf008dfd06763"},"logName":"projects/muni-production-f8e72/logs/run.googleapis.com%2Fstdout","receiveTimestamp":"2022-05-07T05:51:38.249402511Z","resource":{"labels":{"configuration_name":"muni-back","location":"asia-northeast1","project_id":"muni-production-f8e72","revision_name":"muni-back-hpgtt","service_name":"muni-back"},"type":"cloud_run_revision"},"timestamp":"2022-05-07T05:51:38.212688Z"}
{"httpRequest":{"latency":"0.002827052s","protocol":"HTTP/1.1","referer":"https://muni.ink/?gclid=CjwKCAjwjtOTBhAvEiwASG4bCB1E6U0XpsfjJ0ByRBPbMxyYczbmW0DLCVljMokI5YriZGzd91n3bhoC3rMQAvD_BwE","remoteIp":"119.63.179.159","requestMethod":"GET","requestSize":"1122","requestUrl":"https://muni.ink/favicon.ico","responseSize":"722","serverIp":"35.241.42.228","status":304,"userAgent":"Mozilla/5.0 (Linux; Android 11; SCG08) AppleWebKit/537.36 (KHTML, like Gecko) Chrome/101.0.4951.41 Mobile Safari/537.36"},"insertId":"627608e9000e132004ee791f","labels":{"instanceId":"0067430fbd87d90256f2e59c0e4f2aba79064af94274bcdca0bfd9a4455db453dd53d295d547db6545ed9cc9551a52d296a212b63abb9a20086c4a0b06358f2c"},"logName":"projects/muni-production-f8e72/logs/run.googleapis.com%2Frequests","receiveTimestamp":"2022-05-07T05:51:38.009064848Z","resource":{"labels":{"configuration_name":"muni-front","location":"asia-northeast1","project_id":"muni-production-f8e72","revision_name":"muni-front-jq7fz","service_name":"muni-front"},"type":"cloud_run_revision"},"severity":"INFO","timestamp":"2022-05-07T05:51:37.922400Z","trace":"projects/muni-production-f8e72/traces/48a7195a2a308746ceaa44c5aadf04dc"}
{"insertId":"627608e9000df083f180de50","jsonPayload":{"ident":"RECIEVE","level":"INFO","message":"Recieve the recent posted works request.","method":"RecentPostAPI","timestamp":"2022-5-7 5:51:37"},"labels":{"instanceId":"0067430fbdd0a70138bfabd74feb01b624d90cb4bd534ef1d388ec5280b2fab42cf140ff9f3cfe3d69242256eef3069e99349eab6bcb5c4e42ecf008dfd06763"},"logName":"projects/muni-production-f8e72/logs/run.googleapis.com%2Fstdout","receiveTimestamp":"2022-05-07T05:51:37.917484135Z","resource":{"labels":{"configuration_name":"muni-back","location":"asia-northeast1","project_id":"muni-production-f8e72","revision_name":"muni-back-hpgtt","service_name":"muni-back"},"type":"cloud_run_revision"},"timestamp":"2022-05-07T05:51:37.913539Z"}
{"httpRequest":{"latency":"0.002321514s","protocol":"HTTP/1.1","referer":"https://muni.ink/","remoteIp":"119.63.179.159","requestMethod":"OPTIONS","requestSize":"764","requestUrl":"https://api.muni.ink/recent","responseSize":"853","serverIp":"35.241.42.228","status":204,"userAgent":"Mozilla/5.0 (Linux; Android 11; SCG08) AppleWebKit/537.36 (KHTML, like Gecko) Chrome/101.0.4951.41 Mobile Safari/537.36"},"insertId":"627608e9000ce8f9bcdfb4cf","labels":{"instanceId":"0067430fbdd0a70138bfabd74feb01b624d90cb4bd534ef1d388ec5280b2fab42cf140ff9f3cfe3d69242256eef3069e99349eab6bcb5c4e42ecf008dfd06763"},"logName":"projects/muni-production-f8e72/logs/run.googleapis.com%2Frequests","receiveTimestamp":"2022-05-07T05:51:37.849224363Z","resource":{"labels":{"configuration_name":"muni-back","location":"asia-northeast1","project_id":"muni-production-f8e72","revision_name":"muni-back-hpgtt","service_name":"muni-back"},"type":"cloud_run_revision"},"severity":"INFO","timestamp":"2022-05-07T05:51:37.846073Z","trace":"projects/muni-production-f8e72/traces/ab6002cd3145a780b5a4c13d3d061c4c"}
{"httpRequest":{"latency":"0.003109860s","protocol":"HTTP/1.1","referer":"https://muni.ink/?gclid=CjwKCAjwjtOTBhAvEiwASG4bCB1E6U0XpsfjJ0ByRBPbMxyYczbmW0DLCVljMokI5YriZGzd91n3bhoC3rMQAvD_BwE","remoteIp":"119.63.179.159","requestMethod":"GET","requestSize":"1041","requestUrl":"https://muni.ink/_next/image?url=%2Flogo_landing.png&w=384&q=75","responseSize":"709","serverIp":"35.241.42.228","status":304,"userAgent":"Mozilla/5.0 (Linux; Android 11; SCG08) AppleWebKit/537.36 (KHTML, like Gecko) Chrome/101.0.4951.41 Mobile Safari/537.36"},"insertId":"627608e9000bb128ac76768c","labels":{"instanceId":"0067430fbd87d90256f2e59c0e4f2aba79064af94274bcdca0bfd9a4455db453dd53d295d547db6545ed9cc9551a52d296a212b63abb9a20086c4a0b06358f2c"},"logName":"projects/muni-production-f8e72/logs/run.googleapis.com%2Frequests","receiveTimestamp":"2022-05-07T05:51:38.009064848Z","resource":{"labels":{"configuration_name":"muni-front","location":"asia-northeast1","project_id":"muni-production-f8e72","revision_name":"muni-front-jq7fz","service_name":"muni-front"},"type":"cloud_run_revision"},"severity":"INFO","timestamp":"2022-05-07T05:51:37.766248Z","trace":"projects/muni-production-f8e72/traces/0bc6bfe5b8c5cd33b7238f8d3f60f220"}
{"httpRequest":{"latency":"0.003623615s","protocol":"HTTP/1.1","referer":"https://muni.ink/?gclid=CjwKCAjwjtOTBhAvEiwASG4bCB1E6U0XpsfjJ0ByRBPbMxyYczbmW0DLCVljMokI5YriZGzd91n3bhoC3rMQAvD_BwE","remoteIp":"119.63.179.159","requestMethod":"GET","requestSize":"1044","requestUrl":"https://muni.ink/_next/image?url=%2Flogo_horizontal.png&w=384&q=75","responseSize":"709","serverIp":"35.241.42.228","status":304,"userAgent":"Mozilla/5.0 (Linux; Android 11; SCG08) AppleWebKit/537.36 (KHTML, like Gecko) Chrome/101.0.4951.41 Mobile Safari/537.36"},"insertId":"627608e9000ba3d5191a0a8e","labels":{"instanceId":"0067430fbd87d90256f2e59c0e4f2aba79064af94274bcdca0bfd9a4455db453dd53d295d547db6545ed9cc9551a52d296a212b63abb9a20086c4a0b06358f2c"},"logName":"projects/muni-production-f8e72/logs/run.googleapis.com%2Frequests","receiveTimestamp":"2022-05-07T05:51:38.009064848Z","resource":{"labels":{"configuration_name":"muni-front","location":"asia-northeast1","project_id":"muni-production-f8e72","revision_name":"muni-front-jq7fz","service_name":"muni-front"},"type":"cloud_run_revision"},"severity":"INFO","timestamp":"2022-05-07T05:51:37.762837Z","trace":"projects/muni-production-f8e72/traces/cec22010d950b028c57a69668672141b"}
{"httpRequest":{"latency":"0.005411752s","protocol":"HTTP/1.1","referer":"https://www.google.com/","remoteIp":"119.63.179.159","requestMethod":"GET","requestSize":"1038","requestUrl":"https://muni.ink/?gclid=CjwKCAjwjtOTBhAvEiwASG4bCB1E6U0XpsfjJ0ByRBPbMxyYczbmW0DLCVljMokI5YriZGzd91n3bhoC3rMQAvD_BwE","responseSize":"6078","serverIp":"35.241.42.228","status":200,"userAgent":"Mozilla/5.0 (Linux; Android 11; SCG08) AppleWebKit/537.36 (KHTML, like Gecko) Chrome/101.0.4951.41 Mobile Safari/537.36"},"insertId":"627608e900052a49db4c759d","labels":{"instanceId":"0067430fbd87d90256f2e59c0e4f2aba79064af94274bcdca0bfd9a4455db453dd53d295d547db6545ed9cc9551a52d296a212b63abb9a20086c4a0b06358f2c"},"logName":"projects/muni-production-f8e72/logs/run.googleapis.com%2Frequests","receiveTimestamp":"2022-05-07T05:51:37.344885018Z","resource":{"labels":{"configuration_name":"muni-front","location":"asia-northeast1","project_id":"muni-production-f8e72","revision_name":"muni-front-jq7fz","service_name":"muni-front"},"type":"cloud_run_revision"},"severity":"INFO","timestamp":"2022-05-07T05:51:37.338505Z","trace":"projects/muni-production-f8e72/traces/a54cc61a73a664fa3d99076b4ecba994"}
{"httpRequest":{"latency":"0.016120156s","protocol":"HTTP/1.1","remoteIp":"144.91.123.204","requestMethod":"POST","requestSize":"623","requestUrl":"https://35.241.42.228/","responseSize":"2029","serverIp":"35.241.42.228","status":405,"userAgent":"Mozilla/5.0 (Linux; U; Android 4.4.2; en-US; HM NOTE 1W Build/KOT49H) AppleWebKit/534.30 (KHTML, like Gecko) Version/4.0 UCBrowser/11.0.5.850 U3/0.8.0 Mobile Safari/534.30"},"insertId":"6276089e000a69c834cd80a5","labels":{"instanceId":"0067430fbd87d90256f2e59c0e4f2aba79064af94274bcdca0bfd9a4455db453dd53d295d547db6545ed9cc9551a52d296a212b63abb9a20086c4a0b06358f2c"},"logName":"projects/muni-production-f8e72/logs/run.googleapis.com%2Frequests","receiveTimestamp":"2022-05-07T05:50:22.878043078Z","resource":{"labels":{"configuration_name":"muni-front","location":"asia-northeast1","project_id":"muni-production-f8e72","revision_name":"muni-front-jq7fz","service_name":"muni-front"},"type":"cloud_run_revision"},"severity":"WARNING","timestamp":"2022-05-07T05:50:22.682440Z","trace":"projects/muni-production-f8e72/traces/d1248ad789ae4d5d19f8d7d10522d016"}
{"httpRequest":{"latency":"0.004745157s","protocol":"HTTP/1.1","remoteIp":"144.91.123.204","requestMethod":"GET","requestSize":"537","requestUrl":"https://35.241.42.228/.env","responseSize":"1950","serverIp":"35.241.42.228","status":404,"userAgent":"Mozilla/5.0 (Linux; U; Android 4.4.2; en-US; HM NOTE 1W Build/KOT49H) AppleWebKit/534.30 (KHTML, like Gecko) Version/4.0 UCBrowser/11.0.5.850 U3/0.8.0 Mobile Safari/534.30"},"insertId":"6276089e00032b309180a057","labels":{"instanceId":"0067430fbd87d90256f2e59c0e4f2aba79064af94274bcdca0bfd9a4455db453dd53d295d547db6545ed9cc9551a52d296a212b63abb9a20086c4a0b06358f2c"},"logName":"projects/muni-production-f8e72/logs/run.googleapis.com%2Frequests","receiveTimestamp":"2022-05-07T05:50:22.212226382Z","resource":{"labels":{"configuration_name":"muni-front","location":"asia-northeast1","project_id":"muni-production-f8e72","revision_name":"muni-front-jq7fz","service_name":"muni-front"},"type":"cloud_run_revision"},"severity":"WARNING","timestamp":"2022-05-07T05:50:22.207664Z","trace":"projects/muni-production-f8e72/traces/d2cbff8464e39743b5f1c04ed0385c2b"}
{"httpRequest":{"latency":"0.004571071s","protocol":"HTTP/1.1","remoteIp":"66.249.64.84","requestMethod":"GET","requestSize":"530","requestUrl":"https://muni.ink/article/articles001_what_is_metamask","responseSize":"6474","serverIp":"35.241.42.228","status":200,"userAgent":"Mozilla/5.0 (Linux; Android 6.0.1; Nexus 5X Build/MMB29P) AppleWebKit/537.36 (KHTML, like Gecko) Chrome/99.0.4844.84 Mobile Safari/537.36 (compatible; Googlebot/2.1; +http://www.google.com/bot.html)"},"insertId":"62760116000aa06fc669ae41","labels":{"instanceId":"0067430fbd87d90256f2e59c0e4f2aba79064af94274bcdca0bfd9a4455db453dd53d295d547db6545ed9cc9551a52d296a212b63abb9a20086c4a0b06358f2c"},"logName":"projects/muni-production-f8e72/logs/run.googleapis.com%2Frequests","receiveTimestamp":"2022-05-07T05:18:14.700725325Z","resource":{"labels":{"configuration_name":"muni-front","location":"asia-northeast1","project_id":"muni-production-f8e72","revision_name":"muni-front-jq7fz","service_name":"muni-front"},"type":"cloud_run_revision"},"severity":"INFO","timestamp":"2022-05-07T05:18:14.696431Z","trace":"projects/muni-production-f8e72/traces/64a7431759aa143c88a76f18d5a0e3bb"}
{"httpRequest":{"latency":"0.004587437s","protocol":"HTTP/1.1","remoteIp":"192.241.221.20","requestMethod":"GET","requestSize":"543","requestUrl":"https://35.241.42.228/owa/auth/x.js","responseSize":"1950","serverIp":"35.241.42.228","status":404,"userAgent":"Mozilla/5.0 zgrab/0.x"},"insertId":"62760102000095d37b3b7120","labels":{"instanceId":"0067430fbd87d90256f2e59c0e4f2aba79064af94274bcdca0bfd9a4455db453dd53d295d547db6545ed9cc9551a52d296a212b63abb9a20086c4a0b06358f2c"},"logName":"projects/muni-production-f8e72/logs/run.googleapis.com%2Frequests","receiveTimestamp":"2022-05-07T05:17:54.043202854Z","resource":{"labels":{"configuration_name":"muni-front","location":"asia-northeast1","project_id":"muni-production-f8e72","revision_name":"muni-front-jq7fz","service_name":"muni-front"},"type":"cloud_run_revision"},"severity":"WARNING","timestamp":"2022-05-07T05:17:54.038355Z","trace":"projects/muni-production-f8e72/traces/9fbb3997047b8292e55bf7ae11ebc837"}
{"httpRequest":{"latency":"0.004640611s","protocol":"HTTP/1.1","remoteIp":"192.241.219.87","requestMethod":"GET","requestSize":"420","requestUrl":"https://35.241.42.228/owa/auth/logon.aspx","responseSize":"1950","serverIp":"35.241.42.228","status":404,"userAgent":"Mozilla/5.0 zgrab/0.x"},"insertId":"6276003a000ebac449a3e9ed","labels":{"instanceId":"0067430fbd87d90256f2e59c0e4f2aba79064af94274bcdca0bfd9a4455db453dd53d295d547db6545ed9cc9551a52d296a212b63abb9a20086c4a0b06358f2c"},"logName":"projects/muni-production-f8e72/logs/run.googleapis.com%2Frequests","receiveTimestamp":"2022-05-07T05:14:34.969325371Z","resource":{"labels":{"configuration_name":"muni-front","location":"asia-northeast1","project_id":"muni-production-f8e72","revision_name":"muni-front-jq7fz","service_name":"muni-front"},"type":"cloud_run_revision"},"severity":"WARNING","timestamp":"2022-05-07T05:14:34.965316Z","trace":"projects/muni-production-f8e72/traces/56be52ed600b9f4fb2711ce9aa00057c"}
{"httpRequest":{"latency":"0.004399485s","protocol":"HTTP/1.1","remoteIp":"192.241.214.157","requestMethod":"GET","requestSize":"475","requestUrl":"https://35.241.42.228/ecp/Current/exporttool/microsoft.exchange.ediscovery.exporttool.application","responseSize":"1950","serverIp":"35.241.42.228","status":404,"userAgent":"Mozilla/5.0 zgrab/0.x"},"insertId":"6276001d00042c9021c11f7c","labels":{"instanceId":"0067430fbd87d90256f2e59c0e4f2aba79064af94274bcdca0bfd9a4455db453dd53d295d547db6545ed9cc9551a52d296a212b63abb9a20086c4a0b06358f2c"},"logName":"projects/muni-production-f8e72/logs/run.googleapis.com%2Frequests","receiveTimestamp":"2022-05-07T05:14:05.276520936Z","resource":{"labels":{"configuration_name":"muni-front","location":"asia-northeast1","project_id":"muni-production-f8e72","revision_name":"muni-front-jq7fz","service_name":"muni-front"},"type":"cloud_run_revision"},"severity":"WARNING","timestamp":"2022-05-07T05:14:05.273552Z","trace":"projects/muni-production-f8e72/traces/adc6d9f9099f4681780b10c1bb0c9a36"}
{"httpRequest":{"latency":"0.274827494s","protocol":"HTTP/1.1","referer":"https://muni.ink/","remoteIp":"106.180.27.156","requestMethod":"POST","requestSize":"863","requestUrl":"https://api.muni.ink/recent","responseSize":"12342","serverIp":"35.241.42.228","status":200,"userAgent":"Mozilla/5.0 (Linux; Android 10; SHV48) AppleWebKit/537.36 (KHTML, like Gecko) Chrome/101.0.4951.41 Mobile Safari/537.36"},"insertId":"6275fdd8000c1754893436a8","labels":{"instanceId":"0067430fbdd0a70138bfabd74feb01b624d90cb4bd534ef1d388ec5280b2fab42cf140ff9f3cfe3d69242256eef3069e99349eab6bcb5c4e42ecf008dfd06763"},"logName":"projects/muni-production-f8e72/logs/run.googleapis.com%2Frequests","receiveTimestamp":"2022-05-07T05:04:25.093277854Z","resource":{"labels":{"configuration_name":"muni-back","location":"asia-northeast1","project_id":"muni-production-f8e72","revision_name":"muni-back-hpgtt","service_name":"muni-back"},"type":"cloud_run_revision"},"severity":"INFO","timestamp":"2022-05-07T05:04:24.792404Z","trace":"projects/muni-production-f8e72/traces/4f0761cfad5e2cc2b1414955889778c0"}
{"insertId":"6275fdd8000c120a54b304e2","jsonPayload":{"ident":"FETCH_SUCCESS","level":"INFO","message":"Success to fetch.","method":"RecentPostAPI","timestamp":"2022-5-7 5:4:24"},"labels":{"instanceId":"0067430fbdd0a70138bfabd74feb01b624d90cb4bd534ef1d388ec5280b2fab42cf140ff9f3cfe3d69242256eef3069e99349eab6bcb5c4e42ecf008dfd06763"},"logName":"projects/muni-production-f8e72/logs/run.googleapis.com%2Fstdout","receiveTimestamp":"2022-05-07T05:04:24.855792550Z","resource":{"labels":{"configuration_name":"muni-back","location":"asia-northeast1","project_id":"muni-production-f8e72","revision_name":"muni-back-hpgtt","service_name":"muni-back"},"type":"cloud_run_revision"},"timestamp":"2022-05-07T05:04:24.791050Z"}
{"httpRequest":{"latency":"0.002919469s","protocol":"HTTP/1.1","referer":"https://muni.ink/?gclid=CjwKCAjwjtOTBhAvEiwASG4bCINNep7tXcMXegkndUoW4KXFFdbUxoygyBJ-IzaR8evYpZbZXbRhbRoCq2sQAvD_BwE","remoteIp":"106.180.27.156","requestMethod":"GET","requestSize":"1120","requestUrl":"https://muni.ink/_next/image?url=%2Flogo_landing.png&w=384&q=75","responseSize":"709","serverIp":"35.241.42.228","status":304,"userAgent":"Mozilla/5.0 (Linux; Android 10; SHV48) AppleWebKit/537.36 (KHTML, like Gecko) Chrome/101.0.4951.41 Mobile Safari/537.36"},"insertId":"6275fdd80008f0db1cede4d1","labels":{"instanceId":"0067430fbd87d90256f2e59c0e4f2aba79064af94274bcdca0bfd9a4455db453dd53d295d547db6545ed9cc9551a52d296a212b63abb9a20086c4a0b06358f2c"},"logName":"projects/muni-production-f8e72/logs/run.googleapis.com%2Frequests","receiveTimestamp":"2022-05-07T05:04:24.849772763Z","resource":{"labels":{"configuration_name":"muni-front","location":"asia-northeast1","project_id":"muni-production-f8e72","revision_name":"muni-front-jq7fz","service_name":"muni-front"},"type":"cloud_run_revision"},"severity":"INFO","timestamp":"2022-05-07T05:04:24.585947Z","trace":"projects/muni-production-f8e72/traces/9c7c44e370b0c9caee36b25f0685bb7c"}
{"httpRequest":{"latency":"0.003814225s","protocol":"HTTP/1.1","referer":"https://muni.ink/?gclid=CjwKCAjwjtOTBhAvEiwASG4bCINNep7tXcMXegkndUoW4KXFFdbUxoygyBJ-IzaR8evYpZbZXbRhbRoCq2sQAvD_BwE","remoteIp":"106.180.27.156","requestMethod":"GET","requestSize":"1124","requestUrl":"https://muni.ink/_next/image?url=%2Flogo_horizontal.png&w=384&q=75","responseSize":"709","serverIp":"35.241.42.228","status":304,"userAgent":"Mozilla/5.0 (Linux; Android 10; SHV48) AppleWebKit/537.36 (KHTML, like Gecko) Chrome/101.0.4951.41 Mobile Safari/537.36"},"insertId":"6275fdd80008e49853d6d271","labels":{"instanceId":"0067430fbd87d90256f2e59c0e4f2aba79064af94274bcdca0bfd9a4455db453dd53d295d547db6545ed9cc9551a52d296a212b63abb9a20086c4a0b06358f2c"},"logName":"projects/muni-production-f8e72/logs/run.googleapis.com%2Frequests","receiveTimestamp":"2022-05-07T05:04:24.849772763Z","resource":{"labels":{"configuration_name":"muni-front","location":"asia-northeast1","project_id":"muni-production-f8e72","revision_name":"muni-front-jq7fz","service_name":"muni-front"},"type":"cloud_run_revision"},"severity":"INFO","timestamp":"2022-05-07T05:04:24.582808Z","trace":"projects/muni-production-f8e72/traces/d17692aa856930142180fa721ff6f562"}
{"insertId":"6275fdd80007ebb98e3f5dfc","jsonPayload":{"ident":"RECIEVE","level":"INFO","message":"Recieve the recent posted works request.","method":"RecentPostAPI","timestamp":"2022-5-7 5:4:24"},"labels":{"instanceId":"0067430fbdd0a70138bfabd74feb01b624d90cb4bd534ef1d388ec5280b2fab42cf140ff9f3cfe3d69242256eef3069e99349eab6bcb5c4e42ecf008dfd06763"},"logName":"projects/muni-production-f8e72/logs/run.googleapis.com%2Fstdout","receiveTimestamp":"2022-05-07T05:04:24.521218302Z","resource":{"labels":{"configuration_name":"muni-back","location":"asia-northeast1","project_id":"muni-production-f8e72","revision_name":"muni-back-hpgtt","service_name":"muni-back"},"type":"cloud_run_revision"},"timestamp":"2022-05-07T05:04:24.519097Z"}
{"httpRequest":{"latency":"0.002419476s","protocol":"HTTP/1.1","referer":"https://muni.ink/","remoteIp":"106.180.27.156","requestMethod":"OPTIONS","requestSize":"754","requestUrl":"https://api.muni.ink/recent","responseSize":"853","serverIp":"35.241.42.228","status":204,"userAgent":"Mozilla/5.0 (Linux; Android 10; SHV48) AppleWebKit/537.36 (KHTML, like Gecko) Chrome/101.0.4951.41 Mobile Safari/537.36"},"insertId":"6275fdd80006780627d4c339","labels":{"instanceId":"0067430fbdd0a70138bfabd74feb01b624d90cb4bd534ef1d388ec5280b2fab42cf140ff9f3cfe3d69242256eef3069e99349eab6bcb5c4e42ecf008dfd06763"},"logName":"projects/muni-production-f8e72/logs/run.googleapis.com%2Frequests","receiveTimestamp":"2022-05-07T05:04:24.426893367Z","resource":{"labels":{"configuration_name":"muni-back","location":"asia-northeast1","project_id":"muni-production-f8e72","revision_name":"muni-back-hpgtt","service_name":"muni-back"},"type":"cloud_run_revision"},"severity":"INFO","timestamp":"2022-05-07T05:04:24.423942Z","trace":"projects/muni-production-f8e72/traces/7104890fdb09623b5dc371e14471a209"}
{"httpRequest":{"latency":"0.004851318s","protocol":"HTTP/1.1","referer":"https://www.google.com/","remoteIp":"106.180.27.156","requestMethod":"GET","requestSize":"1118","requestUrl":"https://muni.ink/?gclid=CjwKCAjwjtOTBhAvEiwASG4bCINNep7tXcMXegkndUoW4KXFFdbUxoygyBJ-IzaR8evYpZbZXbRhbRoCq2sQAvD_BwE","responseSize":"6078","serverIp":"35.241.42.228","status":200,"userAgent":"Mozilla/5.0 (Linux; Android 10; SHV48) AppleWebKit/537.36 (KHTML, like Gecko) Chrome/101.0.4951.41 Mobile Safari/537.36"},"insertId":"6275fdd70002c4b4f6e66743","labels":{"instanceId":"0067430fbd87d90256f2e59c0e4f2aba79064af94274bcdca0bfd9a4455db453dd53d295d547db6545ed9cc9551a52d296a212b63abb9a20086c4a0b06358f2c"},"logName":"projects/muni-production-f8e72/logs/run.googleapis.com%2Frequests","receiveTimestamp":"2022-05-07T05:04:23.185889227Z","resource":{"labels":{"configuration_name":"muni-front","location":"asia-northeast1","project_id":"muni-production-f8e72","revision_name":"muni-front-jq7fz","service_name":"muni-front"},"type":"cloud_run_revision"},"severity":"INFO","timestamp":"2022-05-07T05:04:23.181428Z","trace":"projects/muni-production-f8e72/traces/0765d7587f822f12897d39dc78e201ec"}
{"httpRequest":{"latency":"0.003849767s","protocol":"HTTP/1.1","remoteIp":"14.11.147.129","requestMethod":"GET","requestSize":"599","requestUrl":"https://muni.ink/apple-touch-icon.png","responseSize":"655","serverIp":"35.241.42.228","status":304,"userAgent":"MobileSafari/8613.1.17.0.8 CFNetwork/1331.0.7 Darwin/21.4.0"},"insertId":"6275fc68000d58c6a3957bf2","labels":{"instanceId":"0067430fbd87d90256f2e59c0e4f2aba79064af94274bcdca0bfd9a4455db453dd53d295d547db6545ed9cc9551a52d296a212b63abb9a20086c4a0b06358f2c"},"logName":"projects/muni-production-f8e72/logs/run.googleapis.com%2Frequests","receiveTimestamp":"2022-05-07T04:58:17.155610198Z","resource":{"labels":{"configuration_name":"muni-front","location":"asia-northeast1","project_id":"muni-production-f8e72","revision_name":"muni-front-jq7fz","service_name":"muni-front"},"type":"cloud_run_revision"},"severity":"INFO","timestamp":"2022-05-07T04:58:16.874694Z","trace":"projects/muni-production-f8e72/traces/2c3114f5d1d3084dc0c99a32f9636639"}
{"httpRequest":{"latency":"0.002613533s","protocol":"HTTP/1.1","remoteIp":"14.11.147.129","requestMethod":"GET","requestSize":"599","requestUrl":"https://muni.ink/apple-touch-icon.png","responseSize":"655","serverIp":"35.241.42.228","status":304,"userAgent":"MobileSafari/8613.1.17.0.8 CFNetwork/1331.0.7 Darwin/21.4.0"},"insertId":"6275fc68000ca22a6d6455e5","labels":{"instanceId":"0067430fbd87d90256f2e59c0e4f2aba79064af94274bcdca0bfd9a4455db453dd53d295d547db6545ed9cc9551a52d296a212b63abb9a20086c4a0b06358f2c"},"logName":"projects/muni-production-f8e72/logs/run.googleapis.com%2Frequests","receiveTimestamp":"2022-05-07T04:58:17.155610198Z","resource":{"labels":{"configuration_name":"muni-front","location":"asia-northeast1","project_id":"muni-production-f8e72","revision_name":"muni-front-jq7fz","service_name":"muni-front"},"type":"cloud_run_revision"},"severity":"INFO","timestamp":"2022-05-07T04:58:16.827946Z","trace":"projects/muni-production-f8e72/traces/b7d02565cb02a7b86adc7e8ddd211ded"}
{"httpRequest":{"latency":"0.003226313s","protocol":"HTTP/1.1","remoteIp":"14.11.147.129","requestMethod":"GET","requestSize":"608","requestUrl":"https://muni.ink/apple-touch-icon-120x120.png","responseSize":"655","serverIp":"35.241.42.228","status":304,"userAgent":"MobileSafari/8613.1.17.0.8 CFNetwork/1331.0.7 Darwin/21.4.0"},"insertId":"6275fc68000bf7986d7247e2","labels":{"instanceId":"0067430fbd87d90256f2e59c0e4f2aba79064af94274bcdca0bfd9a4455db453dd53d295d547db6545ed9cc9551a52d296a212b63abb9a20086c4a0b06358f2c"},"logName":"projects/muni-production-f8e72/logs/run.googleapis.com%2Frequests","receiveTimestamp":"2022-05-07T04:58:16.823055348Z","resource":{"labels":{"configuration_name":"muni-front","location":"asia-northeast1","project_id":"muni-production-f8e72","revision_name":"muni-front-jq7fz","service_name":"muni-front"},"type":"cloud_run_revision"},"severity":"INFO","timestamp":"2022-05-07T04:58:16.784280Z","trace":"projects/muni-production-f8e72/traces/cd57bfa328ea774e7115aaf686138e5a"}
{"httpRequest":{"latency":"0.003328929s","protocol":"HTTP/1.1","remoteIp":"14.11.147.129","requestMethod":"GET","requestSize":"530","requestUrl":"https://muni.ink/apple-touch-icon-120x120-precomposed.png","responseSize":"655","serverIp":"35.241.42.228","status":304,"userAgent":"MobileSafari/8613.1.17.0.8 CFNetwork/1331.0.7 Darwin/21.4.0"},"insertId":"6275fc650008536eca071445","labels":{"instanceId":"0067430fbd87d90256f2e59c0e4f2aba79064af94274bcdca0bfd9a4455db453dd53d295d547db6545ed9cc9551a52d296a212b63abb9a20086c4a0b06358f2c"},"logName":"projects/muni-production-f8e72/logs/run.googleapis.com%2Frequests","receiveTimestamp":"2022-05-07T04:58:13.824080470Z","resource":{"labels":{"configuration_name":"muni-front","location":"asia-northeast1","project_id":"muni-production-f8e72","revision_name":"muni-front-jq7fz","service_name":"muni-front"},"type":"cloud_run_revision"},"severity":"INFO","timestamp":"2022-05-07T04:58:13.545646Z","trace":"projects/muni-production-f8e72/traces/62f63ef74355955c788289b8763c5927"}
{"httpRequest":{"latency":"0.701606331s","protocol":"HTTP/1.1","referer":"https://muni.ink/","remoteIp":"14.11.147.129","requestMethod":"GET","requestSize":"745","requestUrl":"https://storage.muni.ink/work/4vvC0q4GIMLoLv2aHafb","responseSize":"1261912","serverIp":"35.241.42.228","status":200,"userAgent":"Mozilla/5.0 (iPhone; CPU iPhone OS 15_4_1 like Mac OS X) AppleWebKit/605.1.15 (KHTML, like Gecko) Version/15.4 Mobile/15E148 Safari/604.1"},"insertId":"6275fc64000ef60a7196fc6b","labels":{"instanceId":"0067430fbdd0a70138bfabd74feb01b624d90cb4bd534ef1d388ec5280b2fab42cf140ff9f3cfe3d69242256eef3069e99349eab6bcb5c4e42ecf008dfd06763"},"logName":"projects/muni-production-f8e72/logs/run.googleapis.com%2Frequests","receiveTimestamp":"2022-05-07T04:58:13.140791361Z","resource":{"labels":{"configuration_name":"muni-back","location":"asia-northeast1","project_id":"muni-production-f8e72","revision_name":"muni-back-hpgtt","service_name":"muni-back"},"type":"cloud_run_revision"},"severity":"INFO","timestamp":"2022-05-07T04:58:12.980490Z","trace":"projects/muni-production-f8e72/traces/f28f1d14096cc8a5a48a7b1f1c9c0aef"}
{"insertId":"6275fc64000ee8bceff223dd","jsonPayload":{"ident":"COMPLETE","level":"INFO","message":"Success to fetch optimized image","method":"WorkAPI","timestamp":"2022-5-7 4:58:12","workId":"4vvC0q4GIMLoLv2aHafb"},"labels":{"instanceId":"0067430fbdd0a70138bfabd74feb01b624d90cb4bd534ef1d388ec5280b2fab42cf140ff9f3cfe3d69242256eef3069e99349eab6bcb5c4e42ecf008dfd06763"},"logName":"projects/muni-production-f8e72/logs/run.googleapis.com%2Fstdout","receiveTimestamp":"2022-05-07T04:58:12.999521479Z","resource":{"labels":{"configuration_name":"muni-back","location":"asia-northeast1","project_id":"muni-production-f8e72","revision_name":"muni-back-hpgtt","service_name":"muni-back"},"type":"cloud_run_revision"},"timestamp":"2022-05-07T04:58:12.977084Z"}
{"insertId":"6275fc6400044692f647800b","jsonPayload":{"ident":"RECIEVED","level":"INFO","message":"Request recieved for 4vvC0q4GIMLoLv2aHafb.","method":"WorkAPI","timestamp":"2022-5-7 4:58:12","workId":"4vvC0q4GIMLoLv2aHafb"},"labels":{"instanceId":"0067430fbdd0a70138bfabd74feb01b624d90cb4bd534ef1d388ec5280b2fab42cf140ff9f3cfe3d69242256eef3069e99349eab6bcb5c4e42ecf008dfd06763"},"logName":"projects/muni-production-f8e72/logs/run.googleapis.com%2Fstdout","receiveTimestamp":"2022-05-07T04:58:12.333488888Z","resource":{"labels":{"configuration_name":"muni-back","location":"asia-northeast1","project_id":"muni-production-f8e72","revision_name":"muni-back-hpgtt","service_name":"muni-back"},"type":"cloud_run_revision"},"timestamp":"2022-05-07T04:58:12.280210Z"}
{"httpRequest":{"latency":"0.004101706s","protocol":"HTTP/1.1","referer":"https://muni.ink/painting/4vvC0q4GIMLoLv2aHafb","remoteIp":"14.11.147.129","requestMethod":"GET","requestSize":"692","requestUrl":"https://muni.ink/_next/image?url=%2Flogo_horizontal.png&w=384&q=75","responseSize":"3987","serverIp":"35.241.42.228","status":200,"userAgent":"Mozilla/5.0 (iPhone; CPU iPhone OS 15_4_1 like Mac OS X) AppleWebKit/605.1.15 (KHTML, like Gecko) Version/15.4 Mobile/15E148 Safari/604.1"},"insertId":"6275fc640001ced07957008b","labels":{"instanceId":"0067430fbd87d90256f2e59c0e4f2aba79064af94274bcdca0bfd9a4455db453dd53d295d547db6545ed9cc9551a52d296a212b63abb9a20086c4a0b06358f2c"},"logName":"projects/muni-production-f8e72/logs/run.googleapis.com%2Frequests","receiveTimestamp":"2022-05-07T04:58:12.159888509Z","resource":{"labels":{"configuration_name":"muni-front","location":"asia-northeast1","project_id":"muni-production-f8e72","revision_name":"muni-front-jq7fz","service_name":"muni-front"},"type":"cloud_run_revision"},"severity":"INFO","timestamp":"2022-05-07T04:58:12.118480Z","trace":"projects/muni-production-f8e72/traces/3dab16b3c3fd06d9ba69fa31e7504634"}
{"httpRequest":{"latency":"0.324790049s","protocol":"HTTP/1.1","remoteIp":"14.11.147.129","requestMethod":"GET","requestSize":"607","requestUrl":"https://muni.ink/painting/4vvC0q4GIMLoLv2aHafb","responseSize":"5475","serverIp":"35.241.42.228","status":200,"userAgent":"Mozilla/5.0 (iPhone; CPU iPhone OS 15_4_1 like Mac OS X) AppleWebKit/605.1.15 (KHTML, like Gecko) Version/15.4 Mobile/15E148 Safari/604.1"},"insertId":"6275fc63000c9350153af6bf","labels":{"instanceId":"0067430fbd87d90256f2e59c0e4f2aba79064af94274bcdca0bfd9a4455db453dd53d295d547db6545ed9cc9551a52d296a212b63abb9a20086c4a0b06358f2c"},"logName":"projects/muni-production-f8e72/logs/run.googleapis.com%2Frequests","receiveTimestamp":"2022-05-07T04:58:11.827082862Z","resource":{"labels":{"configuration_name":"muni-front","location":"asia-northeast1","project_id":"muni-production-f8e72","revision_name":"muni-front-jq7fz","service_name":"muni-front"},"type":"cloud_run_revision"},"severity":"INFO","timestamp":"2022-05-07T04:58:11.824144Z","trace":"projects/muni-production-f8e72/traces/3d7b379a0b2ca17e1bffe2d29853bfc2"}
{"httpRequest":{"latency":"0.143790305s","protocol":"HTTP/1.1","remoteIp":"35.203.249.225","requestMethod":"POST","requestSize":"525","requestUrl":"https://api.muni.ink/workmeta","responseSize":"1342","serverIp":"35.241.42.228","status":200,"userAgent":"node-fetch/1.0 (+https://github.com/bitinn/node-fetch)"},"insertId":"6275fc63000c4b539032c830","labels":{"instanceId":"0067430fbdd0a70138bfabd74feb01b624d90cb4bd534ef1d388ec5280b2fab42cf140ff9f3cfe3d69242256eef3069e99349eab6bcb5c4e42ecf008dfd06763"},"logName":"projects/muni-production-f8e72/logs/run.googleapis.com%2Frequests","receiveTimestamp":"2022-05-07T04:58:11.808706557Z","resource":{"labels":{"configuration_name":"muni-back","location":"asia-northeast1","project_id":"muni-production-f8e72","revision_name":"muni-back-hpgtt","service_name":"muni-back"},"type":"cloud_run_revision"},"severity":"INFO","timestamp":"2022-05-07T04:58:11.805715Z","trace":"projects/muni-production-f8e72/traces/5fa96c48fd41720f77bc70e2307a96a1"}
{"insertId":"6275fc63000b62f02acaf371","jsonPayload":{"ident":"SUCCESS_TO_FIND","level":"INFO","message":"Work found.","method":"WorkMetadataAPI","timestamp":"2022-5-7 4:58:11","workId":"4vvC0q4GIMLoLv2aHafb"},"labels":{"instanceId":"0067430fbdd0a70138bfabd74feb01b624d90cb4bd534ef1d388ec5280b2fab42cf140ff9f3cfe3d69242256eef3069e99349eab6bcb5c4e42ecf008dfd06763"},"logName":"projects/muni-production-f8e72/logs/run.googleapis.com%2Fstdout","receiveTimestamp":"2022-05-07T04:58:11.999699421Z","resource":{"labels":{"configuration_name":"muni-back","location":"asia-northeast1","project_id":"muni-production-f8e72","revision_name":"muni-back-hpgtt","service_name":"muni-back"},"type":"cloud_run_revision"},"timestamp":"2022-05-07T04:58:11.746224Z"}
{"insertId":"6275fc63000a1ff99c616fa4","jsonPayload":{"ident":"RECIEVE","level":"INFO","message":"Recieve the work metadata request.","method":"WorkMetadataAPI","timestamp":"2022-5-7 4:58:11"},"labels":{"instanceId":"0067430fbdd0a70138bfabd74feb01b624d90cb4bd534ef1d388ec5280b2fab42cf140ff9f3cfe3d69242256eef3069e99349eab6bcb5c4e42ecf008dfd06763"},"logName":"projects/muni-production-f8e72/logs/run.googleapis.com%2Fstdout","receiveTimestamp":"2022-05-07T04:58:11.668579920Z","resource":{"labels":{"configuration_name":"muni-back","location":"asia-northeast1","project_id":"muni-production-f8e72","revision_name":"muni-back-hpgtt","service_name":"muni-back"},"type":"cloud_run_revision"},"timestamp":"2022-05-07T04:58:11.663545Z"}
{"httpRequest":{"latency":"0.003975651s","protocol":"HTTP/1.1","referer":"https://muni.ink/?gclid=CjwKCAjwjtOTBhAvEiwASG4bCO0F3Nxr2Ily1GNNHnVN-5Q3F_gh-IRBqRR64Jk06l5rPcEzjyZ0nBoCJIAQAvD_BwE","remoteIp":"106.180.27.156","requestMethod":"GET","requestSize":"1121","requestUrl":"https://muni.ink/howtouse3_convert.svg","responseSize":"722","serverIp":"35.241.42.228","status":304,"userAgent":"Mozilla/5.0 (Linux; Android 10; SHV48) AppleWebKit/537.36 (KHTML, like Gecko) Chrome/101.0.4951.41 Mobile Safari/537.36"},"insertId":"6275fc0d0004547155a345ee","labels":{"instanceId":"0067430fbd87d90256f2e59c0e4f2aba79064af94274bcdca0bfd9a4455db453dd53d295d547db6545ed9cc9551a52d296a212b63abb9a20086c4a0b06358f2c"},"logName":"projects/muni-production-f8e72/logs/run.googleapis.com%2Frequests","receiveTimestamp":"2022-05-07T04:56:45.321230177Z","resource":{"labels":{"configuration_name":"muni-front","location":"asia-northeast1","project_id":"muni-production-f8e72","revision_name":"muni-front-jq7fz","service_name":"muni-front"},"type":"cloud_run_revision"},"severity":"INFO","timestamp":"2022-05-07T04:56:45.283761Z","trace":"projects/muni-production-f8e72/traces/d41ec4b1842d039ad71f8cc6107379d3"}
{"httpRequest":{"latency":"0.002207180s","protocol":"HTTP/1.1","referer":"https://muni.ink/?gclid=CjwKCAjwjtOTBhAvEiwASG4bCO0F3Nxr2Ily1GNNHnVN-5Q3F_gh-IRBqRR64Jk06l5rPcEzjyZ0nBoCJIAQAvD_BwE","remoteIp":"106.180.27.156","requestMethod":"GET","requestSize":"1121","requestUrl":"https://muni.ink/howtouse2_upload.svg","responseSize":"722","serverIp":"35.241.42.228","status":304,"userAgent":"Mozilla/5.0 (Linux; Android 10; SHV48) AppleWebKit/537.36 (KHTML, like Gecko) Chrome/101.0.4951.41 Mobile Safari/537.36"},"insertId":"6275fc0d0001142154cacd82","labels":{"instanceId":"0067430fbd87d90256f2e59c0e4f2aba79064af94274bcdca0bfd9a4455db453dd53d295d547db6545ed9cc9551a52d296a212b63abb9a20086c4a0b06358f2c"},"logName":"projects/muni-production-f8e72/logs/run.googleapis.com%2Frequests","receiveTimestamp":"2022-05-07T04:56:45.321230177Z","resource":{"labels":{"configuration_name":"muni-front","location":"asia-northeast1","project_id":"muni-production-f8e72","revision_name":"muni-front-jq7fz","service_name":"muni-front"},"type":"cloud_run_revision"},"severity":"INFO","timestamp":"2022-05-07T04:56:45.070689Z","trace":"projects/muni-production-f8e72/traces/cef160266ba341b920872a02979c362d"}
{"httpRequest":{"latency":"0.002701030s","protocol":"HTTP/1.1","referer":"https://muni.ink/?gclid=CjwKCAjwjtOTBhAvEiwASG4bCO0F3Nxr2Ily1GNNHnVN-5Q3F_gh-IRBqRR64Jk06l5rPcEzjyZ0nBoCJIAQAvD_BwE","remoteIp":"106.180.27.156","requestMethod":"GET","requestSize":"1120","requestUrl":"https://muni.ink/howtouse_arrow_v.svg","responseSize":"721","serverIp":"35.241.42.228","status":304,"userAgent":"Mozilla/5.0 (Linux; Android 10; SHV48) AppleWebKit/537.36 (KHTML, like Gecko) Chrome/101.0.4951.41 Mobile Safari/537.36"},"insertId":"6275fc0d0000cbdd120ff00e","labels":{"instanceId":"0067430fbd87d90256f2e59c0e4f2aba79064af94274bcdca0bfd9a4455db453dd53d295d547db6545ed9cc9551a52d296a212b63abb9a20086c4a0b06358f2c"},"logName":"projects/muni-production-f8e72/logs/run.googleapis.com%2Frequests","receiveTimestamp":"2022-05-07T04:56:45.321230177Z","resource":{"labels":{"configuration_name":"muni-front","location":"asia-northeast1","project_id":"muni-production-f8e72","revision_name":"muni-front-jq7fz","service_name":"muni-front"},"type":"cloud_run_revision"},"severity":"INFO","timestamp":"2022-05-07T04:56:45.052189Z","trace":"projects/muni-production-f8e72/traces/8efca1adcdfb5691be86e38f8c27371a"}
{"httpRequest":{"latency":"0.002851503s","protocol":"HTTP/1.1","referer":"https://muni.ink/?gclid=CjwKCAjwjtOTBhAvEiwASG4bCO0F3Nxr2Ily1GNNHnVN-5Q3F_gh-IRBqRR64Jk06l5rPcEzjyZ0nBoCJIAQAvD_BwE","remoteIp":"106.180.27.156","requestMethod":"GET","requestSize":"1121","requestUrl":"https://muni.ink/howtouse1_signup.svg","responseSize":"722","serverIp":"35.241.42.228","status":304,"userAgent":"Mozilla/5.0 (Linux; Android 10; SHV48) AppleWebKit/537.36 (KHTML, like Gecko) Chrome/101.0.4951.41 Mobile Safari/537.36"},"insertId":"6275fc0c0009ef5cb41998cb","labels":{"instanceId":"0067430fbd87d90256f2e59c0e4f2aba79064af94274bcdca0bfd9a4455db453dd53d295d547db6545ed9cc9551a52d296a212b63abb9a20086c4a0b06358f2c"},"logName":"projects/muni-production-f8e72/logs/run.googleapis.com%2Frequests","receiveTimestamp":"2022-05-07T04:56:44.654224142Z","resource":{"labels":{"configuration_name":"muni-front","location":"asia-northeast1","project_id":"muni-production-f8e72","revision_name":"muni-front-jq7fz","service_name":"muni-front"},"type":"cloud_run_revision"},"severity":"INFO","timestamp":"2022-05-07T04:56:44.651100Z","trace":"projects/muni-production-f8e72/traces/b08caed62acac588cc29914289815458"}
{"httpRequest":{"latency":"0.447661645s","protocol":"HTTP/1.1","referer":"https://muni.ink/","remoteIp":"106.180.27.156","requestMethod":"GET","requestSize":"969","requestUrl":"https://storage.muni.ink/work/KrbBlZcwb2i9dEu7llWh?thumbnail=true","responseSize":"17230","serverIp":"35.241.42.228","status":200,"userAgent":"Mozilla/5.0 (Linux; Android 10; SHV48) AppleWebKit/537.36 (KHTML, like Gecko) Chrome/101.0.4951.41 Mobile Safari/537.36"},"insertId":"6275fc06000790dbae9da8ec","labels":{"instanceId":"0067430fbdd0a70138bfabd74feb01b624d90cb4bd534ef1d388ec5280b2fab42cf140ff9f3cfe3d69242256eef3069e99349eab6bcb5c4e42ecf008dfd06763"},"logName":"projects/muni-production-f8e72/logs/run.googleapis.com%2Frequests","receiveTimestamp":"2022-05-07T04:56:38.752682058Z","resource":{"labels":{"configuration_name":"muni-back","location":"asia-northeast1","project_id":"muni-production-f8e72","revision_name":"muni-back-hpgtt","service_name":"muni-back"},"type":"cloud_run_revision"},"severity":"INFO","timestamp":"2022-05-07T04:56:38.495835Z","trace":"projects/muni-production-f8e72/traces/019d60b44e95b1f9a8331eafda4c52f6"}
{"insertId":"6275fc0600078c9064d7b926","jsonPayload":{"ident":"COMPLETE","level":"INFO","message":"Success to fetch optimized image","method":"WorkAPI","timestamp":"2022-5-7 4:56:38","workId":"KrbBlZcwb2i9dEu7llWh"},"labels":{"instanceId":"0067430fbdd0a70138bfabd74feb01b624d90cb4bd534ef1d388ec5280b2fab42cf140ff9f3cfe3d69242256eef3069e99349eab6bcb5c4e42ecf008dfd06763"},"logName":"projects/muni-production-f8e72/logs/run.googleapis.com%2Fstdout","receiveTimestamp":"2022-05-07T04:56:38.667398845Z","resource":{"labels":{"configuration_name":"muni-back","location":"asia-northeast1","project_id":"muni-production-f8e72","revision_name":"muni-back-hpgtt","service_name":"muni-back"},"type":"cloud_run_revision"},"timestamp":"2022-05-07T04:56:38.494736Z"}
{"insertId":"6275fc060000c278112e43cc","jsonPayload":{"ident":"RECIEVED","level":"INFO","message":"Request recieved for KrbBlZcwb2i9dEu7llWh.","method":"WorkAPI","timestamp":"2022-5-7 4:56:38","workId":"KrbBlZcwb2i9dEu7llWh"},"labels":{"instanceId":"0067430fbdd0a70138bfabd74feb01b624d90cb4bd534ef1d388ec5280b2fab42cf140ff9f3cfe3d69242256eef3069e99349eab6bcb5c4e42ecf008dfd06763"},"logName":"projects/muni-production-f8e72/logs/run.googleapis.com%2Fstdout","receiveTimestamp":"2022-05-07T04:56:38.335758682Z","resource":{"labels":{"configuration_name":"muni-back","location":"asia-northeast1","project_id":"muni-production-f8e72","revision_name":"muni-back-hpgtt","service_name":"muni-back"},"type":"cloud_run_revision"},"timestamp":"2022-05-07T04:56:38.049784Z"}
{"httpRequest":{"latency":"0.550560481s","protocol":"HTTP/1.1","referer":"https://muni.ink/","remoteIp":"106.180.27.156","requestMethod":"GET","requestSize":"969","requestUrl":"https://storage.muni.ink/work/nf1EsVj7AW78AmH0tTCp?thumbnail=true","responseSize":"43586","serverIp":"35.241.42.228","status":200,"userAgent":"Mozilla/5.0 (Linux; Android 10; SHV48) AppleWebKit/537.36 (KHTML, like Gecko) Chrome/101.0.4951.41 Mobile Safari/537.36"},"insertId":"6275fc030003b3675e3f0372","labels":{"instanceId":"0067430fbdd0a70138bfabd74feb01b624d90cb4bd534ef1d388ec5280b2fab42cf140ff9f3cfe3d69242256eef3069e99349eab6bcb5c4e42ecf008dfd06763"},"logName":"projects/muni-production-f8e72/logs/run.googleapis.com%2Frequests","receiveTimestamp":"2022-05-07T04:56:35.422759006Z","resource":{"labels":{"configuration_name":"muni-back","location":"asia-northeast1","project_id":"muni-production-f8e72","revision_name":"muni-back-hpgtt","service_name":"muni-back"},"type":"cloud_run_revision"},"severity":"INFO","timestamp":"2022-05-07T04:56:35.242535Z","trace":"projects/muni-production-f8e72/traces/15d97e9a48a1ff1e93b0d8e4cc6df9d2"}
{"insertId":"6275fc030003ae21c551813e","jsonPayload":{"ident":"COMPLETE","level":"INFO","message":"Success to fetch optimized image","method":"WorkAPI","timestamp":"2022-5-7 4:56:35","workId":"nf1EsVj7AW78AmH0tTCp"},"labels":{"instanceId":"0067430fbdd0a70138bfabd74feb01b624d90cb4bd534ef1d388ec5280b2fab42cf140ff9f3cfe3d69242256eef3069e99349eab6bcb5c4e42ecf008dfd06763"},"logName":"projects/muni-production-f8e72/logs/run.googleapis.com%2Fstdout","receiveTimestamp":"2022-05-07T04:56:35.337475045Z","resource":{"labels":{"configuration_name":"muni-back","location":"asia-northeast1","project_id":"muni-production-f8e72","revision_name":"muni-back-hpgtt","service_name":"muni-back"},"type":"cloud_run_revision"},"timestamp":"2022-05-07T04:56:35.241185Z"}
{"insertId":"6275fc02000a93ded04b5870","jsonPayload":{"ident":"RECIEVED","level":"INFO","message":"Request recieved for nf1EsVj7AW78AmH0tTCp.","method":"WorkAPI","timestamp":"2022-5-7 4:56:34","workId":"nf1EsVj7AW78AmH0tTCp"},"labels":{"instanceId":"0067430fbdd0a70138bfabd74feb01b624d90cb4bd534ef1d388ec5280b2fab42cf140ff9f3cfe3d69242256eef3069e99349eab6bcb5c4e42ecf008dfd06763"},"logName":"projects/muni-production-f8e72/logs/run.googleapis.com%2Fstdout","receiveTimestamp":"2022-05-07T04:56:35.006628357Z","resource":{"labels":{"configuration_name":"muni-back","location":"asia-northeast1","project_id":"muni-production-f8e72","revision_name":"muni-back-hpgtt","service_name":"muni-back"},"type":"cloud_run_revision"},"timestamp":"2022-05-07T04:56:34.693214Z"}
{"httpRequest":{"latency":"0.733528901s","protocol":"HTTP/1.1","referer":"https://muni.ink/","remoteIp":"106.180.27.156","requestMethod":"GET","requestSize":"969","requestUrl":"https://storage.muni.ink/work/I5IsJTGlMPiPGGW1fNsd?thumbnail=true","responseSize":"20204","serverIp":"35.241.42.228","status":200,"userAgent":"Mozilla/5.0 (Linux; Android 10; SHV48) AppleWebKit/537.36 (KHTML, like Gecko) Chrome/101.0.4951.41 Mobile Safari/537.36"},"insertId":"6275fbff0000f32e93f81700","labels":{"instanceId":"0067430fbdd0a70138bfabd74feb01b624d90cb4bd534ef1d388ec5280b2fab42cf140ff9f3cfe3d69242256eef3069e99349eab6bcb5c4e42ecf008dfd06763"},"logName":"projects/muni-production-f8e72/logs/run.googleapis.com%2Frequests","receiveTimestamp":"2022-05-07T04:56:31.093721962Z","resource":{"labels":{"configuration_name":"muni-back","location":"asia-northeast1","project_id":"muni-production-f8e72","revision_name":"muni-back-hpgtt","service_name":"muni-back"},"type":"cloud_run_revision"},"severity":"INFO","timestamp":"2022-05-07T04:56:31.062254Z","trace":"projects/muni-production-f8e72/traces/8fee91d22947a4b1223e86bfacbe0d26"}
{"insertId":"6275fbff0000ed6559ee0c60","jsonPayload":{"ident":"COMPLETE","level":"INFO","message":"Success to fetch optimized image","method":"WorkAPI","timestamp":"2022-5-7 4:56:31","workId":"I5IsJTGlMPiPGGW1fNsd"},"labels":{"instanceId":"0067430fbdd0a70138bfabd74feb01b624d90cb4bd534ef1d388ec5280b2fab42cf140ff9f3cfe3d69242256eef3069e99349eab6bcb5c4e42ecf008dfd06763"},"logName":"projects/muni-production-f8e72/logs/run.googleapis.com%2Fstdout","receiveTimestamp":"2022-05-07T04:56:31.342895289Z","resource":{"labels":{"configuration_name":"muni-back","location":"asia-northeast1","project_id":"muni-production-f8e72","revision_name":"muni-back-hpgtt","service_name":"muni-back"},"type":"cloud_run_revision"},"timestamp":"2022-05-07T04:56:31.060773Z"}
{"insertId":"6275fbfe00050d55841700a6","jsonPayload":{"ident":"RECIEVED","level":"INFO","message":"Request recieved for I5IsJTGlMPiPGGW1fNsd.","method":"WorkAPI","timestamp":"2022-5-7 4:56:30","workId":"I5IsJTGlMPiPGGW1fNsd"},"labels":{"instanceId":"0067430fbdd0a70138bfabd74feb01b624d90cb4bd534ef1d388ec5280b2fab42cf140ff9f3cfe3d69242256eef3069e99349eab6bcb5c4e42ecf008dfd06763"},"logName":"projects/muni-production-f8e72/logs/run.googleapis.com%2Fstdout","receiveTimestamp":"2022-05-07T04:56:30.343582438Z","resource":{"labels":{"configuration_name":"muni-back","location":"asia-northeast1","project_id":"muni-production-f8e72","revision_name":"muni-back-hpgtt","service_name":"muni-back"},"type":"cloud_run_revision"},"timestamp":"2022-05-07T04:56:30.331093Z"}
{"httpRequest":{"latency":"0.002300371s","protocol":"HTTP/1.1","referer":"https://muni.ink/?gclid=CjwKCAjwjtOTBhAvEiwASG4bCO0F3Nxr2Ily1GNNHnVN-5Q3F_gh-IRBqRR64Jk06l5rPcEzjyZ0nBoCJIAQAvD_BwE","remoteIp":"106.180.27.156","requestMethod":"GET","requestSize":"987","requestUrl":"https://muni.ink/_next/static/css/0328b678563a780a.css","responseSize":"1297","serverIp":"35.241.42.228","status":200,"userAgent":"Mozilla/5.0 (Linux; Android 10; SHV48) AppleWebKit/537.36 (KHTML, like Gecko) Chrome/101.0.4951.41 Mobile Safari/537.36"},"insertId":"6275fbfd0007b42e9422a3f2","labels":{"instanceId":"0067430fbd87d90256f2e59c0e4f2aba79064af94274bcdca0bfd9a4455db453dd53d295d547db6545ed9cc9551a52d296a212b63abb9a20086c4a0b06358f2c"},"logName":"projects/muni-production-f8e72/logs/run.googleapis.com%2Frequests","receiveTimestamp":"2022-05-07T04:56:29.727335664Z","resource":{"labels":{"configuration_name":"muni-front","location":"asia-northeast1","project_id":"muni-production-f8e72","revision_name":"muni-front-jq7fz","service_name":"muni-front"},"type":"cloud_run_revision"},"severity":"INFO","timestamp":"2022-05-07T04:56:29.504878Z","trace":"projects/muni-production-f8e72/traces/34f789bc85c4ee37fecc6b87a0fec69c"}
{"httpRequest":{"latency":"0.004242610s","protocol":"HTTP/1.1","referer":"https://muni.ink/?gclid=CjwKCAjwjtOTBhAvEiwASG4bCO0F3Nxr2Ily1GNNHnVN-5Q3F_gh-IRBqRR64Jk06l5rPcEzjyZ0nBoCJIAQAvD_BwE","remoteIp":"106.180.27.156","requestMethod":"GET","requestSize":"1080","requestUrl":"https://muni.ink/_next/static/chunks/pages/painting/%5Bid%5D-0717d1d64b35381e.js","responseSize":"4423","serverIp":"35.241.42.228","status":200,"userAgent":"Mozilla/5.0 (Linux; Android 10; SHV48) AppleWebKit/537.36 (KHTML, like Gecko) Chrome/101.0.4951.41 Mobile Safari/537.36"},"insertId":"6275fbfd0007ad3efee197a1","labels":{"instanceId":"0067430fbd87d90256f2e59c0e4f2aba79064af94274bcdca0bfd9a4455db453dd53d295d547db6545ed9cc9551a52d296a212b63abb9a20086c4a0b06358f2c"},"logName":"projects/muni-production-f8e72/logs/run.googleapis.com%2Frequests","receiveTimestamp":"2022-05-07T04:56:29.727335664Z","resource":{"labels":{"configuration_name":"muni-front","location":"asia-northeast1","project_id":"muni-production-f8e72","revision_name":"muni-front-jq7fz","service_name":"muni-front"},"type":"cloud_run_revision"},"severity":"INFO","timestamp":"2022-05-07T04:56:29.503102Z","trace":"projects/muni-production-f8e72/traces/6e91ceddc878bf540150fd24de0b0d00"}
{"httpRequest":{"latency":"0.309798628s","protocol":"HTTP/1.1","referer":"https://muni.ink/","remoteIp":"106.180.27.156","requestMethod":"POST","requestSize":"864","requestUrl":"https://api.muni.ink/recent","responseSize":"12342","serverIp":"35.241.42.228","status":200,"userAgent":"Mozilla/5.0 (Linux; Android 10; SHV48) AppleWebKit/537.36 (KHTML, like Gecko) Chrome/101.0.4951.41 Mobile Safari/537.36"},"insertId":"6275fbfc000efe56191db4fe","labels":{"instanceId":"0067430fbdd0a70138bfabd74feb01b624d90cb4bd534ef1d388ec5280b2fab42cf140ff9f3cfe3d69242256eef3069e99349eab6bcb5c4e42ecf008dfd06763"},"logName":"projects/muni-production-f8e72/logs/run.googleapis.com%2Frequests","receiveTimestamp":"2022-05-07T04:56:29.096968770Z","resource":{"labels":{"configuration_name":"muni-back","location":"asia-northeast1","project_id":"muni-production-f8e72","revision_name":"muni-back-hpgtt","service_name":"muni-back"},"type":"cloud_run_revision"},"severity":"INFO","timestamp":"2022-05-07T04:56:28.982614Z","trace":"projects/muni-production-f8e72/traces/0144362accd43655827071e4a8c61140"}
{"insertId":"6275fbfc000ef8733bde1ee5","jsonPayload":{"ident":"FETCH_SUCCESS","level":"INFO","message":"Success to fetch.","method":"RecentPostAPI","timestamp":"2022-5-7 4:56:28"},"labels":{"instanceId":"0067430fbdd0a70138bfabd74feb01b624d90cb4bd534ef1d388ec5280b2fab42cf140ff9f3cfe3d69242256eef3069e99349eab6bcb5c4e42ecf008dfd06763"},"logName":"projects/muni-production-f8e72/logs/run.googleapis.com%2Fstdout","receiveTimestamp":"2022-05-07T04:56:29.013273296Z","resource":{"labels":{"configuration_name":"muni-back","location":"asia-northeast1","project_id":"muni-production-f8e72","revision_name":"muni-back-hpgtt","service_name":"muni-back"},"type":"cloud_run_revision"},"timestamp":"2022-05-07T04:56:28.981107Z"}
{"insertId":"6275fbfc000a51b93dfce193","jsonPayload":{"ident":"RECIEVE","level":"INFO","message":"Recieve the recent posted works request.","method":"RecentPostAPI","timestamp":"2022-5-7 4:56:28"},"labels":{"instanceId":"0067430fbdd0a70138bfabd74feb01b624d90cb4bd534ef1d388ec5280b2fab42cf140ff9f3cfe3d69242256eef3069e99349eab6bcb5c4e42ecf008dfd06763"},"logName":"projects/muni-production-f8e72/logs/run.googleapis.com%2Fstdout","receiveTimestamp":"2022-05-07T04:56:28.681041763Z","resource":{"labels":{"configuration_name":"muni-back","location":"asia-northeast1","project_id":"muni-production-f8e72","revision_name":"muni-back-hpgtt","service_name":"muni-back"},"type":"cloud_run_revision"},"timestamp":"2022-05-07T04:56:28.676281Z"}
{"httpRequest":{"latency":"0.002290391s","protocol":"HTTP/1.1","referer":"https://muni.ink/","remoteIp":"106.180.27.156","requestMethod":"OPTIONS","requestSize":"753","requestUrl":"https://api.muni.ink/recent","responseSize":"853","serverIp":"35.241.42.228","status":204,"userAgent":"Mozilla/5.0 (Linux; Android 10; SHV48) AppleWebKit/537.36 (KHTML, like Gecko) Chrome/101.0.4951.41 Mobile Safari/537.36"},"insertId":"6275fbfc0006840ca7757d5b","labels":{"instanceId":"0067430fbdd0a70138bfabd74feb01b624d90cb4bd534ef1d388ec5280b2fab42cf140ff9f3cfe3d69242256eef3069e99349eab6bcb5c4e42ecf008dfd06763"},"logName":"projects/muni-production-f8e72/logs/run.googleapis.com%2Frequests","receiveTimestamp":"2022-05-07T04:56:28.429315295Z","resource":{"labels":{"configuration_name":"muni-back","location":"asia-northeast1","project_id":"muni-production-f8e72","revision_name":"muni-back-hpgtt","service_name":"muni-back"},"type":"cloud_run_revision"},"severity":"INFO","timestamp":"2022-05-07T04:56:28.427020Z","trace":"projects/muni-production-f8e72/traces/2faf75fb1341f0e41c2e106405e32975"}
{"httpRequest":{"latency":"0.002544427s","protocol":"HTTP/1.1","referer":"https://muni.ink/?gclid=CjwKCAjwjtOTBhAvEiwASG4bCO0F3Nxr2Ily1GNNHnVN-5Q3F_gh-IRBqRR64Jk06l5rPcEzjyZ0nBoCJIAQAvD_BwE","remoteIp":"106.180.27.156","requestMethod":"GET","requestSize":"1111","requestUrl":"https://muni.ink/favicon.ico","responseSize":"722","serverIp":"35.241.42.228","status":304,"userAgent":"Mozilla/5.0 (Linux; Android 10; SHV48) AppleWebKit/537.36 (KHTML, like Gecko) Chrome/101.0.4951.41 Mobile Safari/537.36"},"insertId":"6275fbfc00067cddab6410cf","labels":{"instanceId":"0067430fbd87d90256f2e59c0e4f2aba79064af94274bcdca0bfd9a4455db453dd53d295d547db6545ed9cc9551a52d296a212b63abb9a20086c4a0b06358f2c"},"logName":"projects/muni-production-f8e72/logs/run.googleapis.com%2Frequests","receiveTimestamp":"2022-05-07T04:56:28.729809647Z","resource":{"labels":{"configuration_name":"muni-front","location":"asia-northeast1","project_id":"muni-production-f8e72","revision_name":"muni-front-jq7fz","service_name":"muni-front"},"type":"cloud_run_revision"},"severity":"INFO","timestamp":"2022-05-07T04:56:28.425181Z","trace":"projects/muni-production-f8e72/traces/3ddaf4dd875fd0881df8c6b221d736bf"}
{"httpRequest":{"latency":"0.003423059s","protocol":"HTTP/1.1","referer":"https://muni.ink/?gclid=CjwKCAjwjtOTBhAvEiwASG4bCO0F3Nxr2Ily1GNNHnVN-5Q3F_gh-IRBqRR64Jk06l5rPcEzjyZ0nBoCJIAQAvD_BwE","remoteIp":"106.180.27.156","requestMethod":"GET","requestSize":"1121","requestUrl":"https://muni.ink/_next/image?url=%2Flogo_landing.png&w=384&q=75","responseSize":"709","serverIp":"35.241.42.228","status":304,"userAgent":"Mozilla/5.0 (Linux; Android 10; SHV48) AppleWebKit/537.36 (KHTML, like Gecko) Chrome/101.0.4951.41 Mobile Safari/537.36"},"insertId":"6275fbfc000461ab7dfcb1e5","labels":{"instanceId":"0067430fbd87d90256f2e59c0e4f2aba79064af94274bcdca0bfd9a4455db453dd53d295d547db6545ed9cc9551a52d296a212b63abb9a20086c4a0b06358f2c"},"logName":"projects/muni-production-f8e72/logs/run.googleapis.com%2Frequests","receiveTimestamp":"2022-05-07T04:56:28.396943388Z","resource":{"labels":{"configuration_name":"muni-front","location":"asia-northeast1","project_id":"muni-production-f8e72","revision_name":"muni-front-jq7fz","service_name":"muni-front"},"type":"cloud_run_revision"},"severity":"INFO","timestamp":"2022-05-07T04:56:28.287147Z","trace":"projects/muni-production-f8e72/traces/d2e33fa167c7b21267c7570404f2839c"}
{"httpRequest":{"latency":"0.006004081s","protocol":"HTTP/1.1","referer":"https://muni.ink/?gclid=CjwKCAjwjtOTBhAvEiwASG4bCO0F3Nxr2Ily1GNNHnVN-5Q3F_gh-IRBqRR64Jk06l5rPcEzjyZ0nBoCJIAQAvD_BwE","remoteIp":"106.180.27.156","requestMethod":"GET","requestSize":"1123","requestUrl":"https://muni.ink/_next/image?url=%2Flogo_horizontal.png&w=384&q=75","responseSize":"709","serverIp":"35.241.42.228","status":304,"userAgent":"Mozilla/5.0 (Linux; Android 10; SHV48) AppleWebKit/537.36 (KHTML, like Gecko) Chrome/101.0.4951.41 Mobile Safari/537.36"},"insertId":"6275fbfc00045fad0a805918","labels":{"instanceId":"0067430fbd87d90256f2e59c0e4f2aba79064af94274bcdca0bfd9a4455db453dd53d295d547db6545ed9cc9551a52d296a212b63abb9a20086c4a0b06358f2c"},"logName":"projects/muni-production-f8e72/logs/run.googleapis.com%2Frequests","receiveTimestamp":"2022-05-07T04:56:28.396943388Z","resource":{"labels":{"configuration_name":"muni-front","location":"asia-northeast1","project_id":"muni-production-f8e72","revision_name":"muni-front-jq7fz","service_name":"muni-front"},"type":"cloud_run_revision"},"severity":"INFO","timestamp":"2022-05-07T04:56:28.286637Z","trace":"projects/muni-production-f8e72/traces/3876ba609c66303e277865625b75287f"}
{"httpRequest":{"latency":"0.005186655s","protocol":"HTTP/1.1","referer":"https://www.google.com/","remoteIp":"106.180.27.156","requestMethod":"GET","requestSize":"1026","requestUrl":"https://muni.ink/?gclid=CjwKCAjwjtOTBhAvEiwASG4bCO0F3Nxr2Ily1GNNHnVN-5Q3F_gh-IRBqRR64Jk06l5rPcEzjyZ0nBoCJIAQAvD_BwE","responseSize":"6078","serverIp":"35.241.42.228","status":200,"userAgent":"Mozilla/5.0 (Linux; Android 10; SHV48) AppleWebKit/537.36 (KHTML, like Gecko) Chrome/101.0.4951.41 Mobile Safari/537.36"},"insertId":"6275fbfb0000f12272d1c811","labels":{"instanceId":"0067430fbd87d90256f2e59c0e4f2aba79064af94274bcdca0bfd9a4455db453dd53d295d547db6545ed9cc9551a52d296a212b63abb9a20086c4a0b06358f2c"},"logName":"projects/muni-production-f8e72/logs/run.googleapis.com%2Frequests","receiveTimestamp":"2022-05-07T04:56:27.063928706Z","resource":{"labels":{"configuration_name":"muni-front","location":"asia-northeast1","project_id":"muni-production-f8e72","revision_name":"muni-front-jq7fz","service_name":"muni-front"},"type":"cloud_run_revision"},"severity":"INFO","timestamp":"2022-05-07T04:56:27.061730Z","trace":"projects/muni-production-f8e72/traces/d5f2e217e8efbe8835c0913e911adf2b"}
{"httpRequest":{"latency":"0.003969043s","protocol":"HTTP/1.1","remoteIp":"66.249.64.86","requestMethod":"GET","requestSize":"327","requestUrl":"https://muni.ink/favicon.ico","responseSize":"2557","serverIp":"35.241.42.228","status":200,"userAgent":"Googlebot-Image/1.0"},"insertId":"6275f70400074cb8437b7776","labels":{"instanceId":"0067430fbd87d90256f2e59c0e4f2aba79064af94274bcdca0bfd9a4455db453dd53d295d547db6545ed9cc9551a52d296a212b63abb9a20086c4a0b06358f2c"},"logName":"projects/muni-production-f8e72/logs/run.googleapis.com%2Frequests","receiveTimestamp":"2022-05-07T04:35:16.487324052Z","resource":{"labels":{"configuration_name":"muni-front","location":"asia-northeast1","project_id":"muni-production-f8e72","revision_name":"muni-front-jq7fz","service_name":"muni-front"},"type":"cloud_run_revision"},"severity":"INFO","timestamp":"2022-05-07T04:35:16.478392Z","trace":"projects/muni-production-f8e72/traces/fe8b73d7c531219c67c75ee0ca5fd60a"}
{"httpRequest":{"latency":"0.106277264s","protocol":"HTTP/1.1","remoteIp":"66.249.64.85","requestMethod":"GET","requestSize":"523","requestUrl":"https://muni.ink/painting/RBfuyCKgShAElpamMMHa","responseSize":"5518","serverIp":"35.241.42.228","status":200,"userAgent":"Mozilla/5.0 (Linux; Android 6.0.1; Nexus 5X Build/MMB29P) AppleWebKit/537.36 (KHTML, like Gecko) Chrome/99.0.4844.84 Mobile Safari/537.36 (compatible; Googlebot/2.1; +http://www.google.com/bot.html)"},"insertId":"6275f6c80006101a19129b05","labels":{"instanceId":"0067430fbd87d90256f2e59c0e4f2aba79064af94274bcdca0bfd9a4455db453dd53d295d547db6545ed9cc9551a52d296a212b63abb9a20086c4a0b06358f2c"},"logName":"projects/muni-production-f8e72/logs/run.googleapis.com%2Frequests","receiveTimestamp":"2022-05-07T04:34:16.695736522Z","resource":{"labels":{"configuration_name":"muni-front","location":"asia-northeast1","project_id":"muni-production-f8e72","revision_name":"muni-front-jq7fz","service_name":"muni-front"},"type":"cloud_run_revision"},"severity":"INFO","timestamp":"2022-05-07T04:34:16.397338Z","trace":"projects/muni-production-f8e72/traces/d965540b97536883f00e315446579971"}
{"httpRequest":{"latency":"0.078730154s","protocol":"HTTP/1.1","remoteIp":"35.203.249.225","requestMethod":"POST","requestSize":"524","requestUrl":"https://api.muni.ink/workmeta","responseSize":"1421","serverIp":"35.241.42.228","status":200,"userAgent":"node-fetch/1.0 (+https://github.com/bitinn/node-fetch)"},"insertId":"6275f6c80005c6c2ab8b16d2","labels":{"instanceId":"0067430fbdd0a70138bfabd74feb01b624d90cb4bd534ef1d388ec5280b2fab42cf140ff9f3cfe3d69242256eef3069e99349eab6bcb5c4e42ecf008dfd06763"},"logName":"projects/muni-production-f8e72/logs/run.googleapis.com%2Frequests","receiveTimestamp":"2022-05-07T04:34:16.657377225Z","resource":{"labels":{"configuration_name":"muni-back","location":"asia-northeast1","project_id":"muni-production-f8e72","revision_name":"muni-back-hpgtt","service_name":"muni-back"},"type":"cloud_run_revision"},"severity":"INFO","timestamp":"2022-05-07T04:34:16.378562Z","trace":"projects/muni-production-f8e72/traces/e81230caf5e69839bc8764368b0b7b8c"}
{"insertId":"6275f6c80004f76c41492ffa","jsonPayload":{"ident":"SUCCESS_TO_FIND","level":"INFO","message":"Work found.","method":"WorkMetadataAPI","timestamp":"2022-5-7 4:34:16","workId":"RBfuyCKgShAElpamMMHa"},"labels":{"instanceId":"0067430fbdd0a70138bfabd74feb01b624d90cb4bd534ef1d388ec5280b2fab42cf140ff9f3cfe3d69242256eef3069e99349eab6bcb5c4e42ecf008dfd06763"},"logName":"projects/muni-production-f8e72/logs/run.googleapis.com%2Fstdout","receiveTimestamp":"2022-05-07T04:34:16.447971806Z","resource":{"labels":{"configuration_name":"muni-back","location":"asia-northeast1","project_id":"muni-production-f8e72","revision_name":"muni-back-hpgtt","service_name":"muni-back"},"type":"cloud_run_revision"},"timestamp":"2022-05-07T04:34:16.325484Z"}
{"insertId":"6275f6c8000498b71c5d4aa5","jsonPayload":{"ident":"RECIEVE","level":"INFO","message":"Recieve the work metadata request.","method":"WorkMetadataAPI","timestamp":"2022-5-7 4:34:16"},"labels":{"instanceId":"0067430fbdd0a70138bfabd74feb01b624d90cb4bd534ef1d388ec5280b2fab42cf140ff9f3cfe3d69242256eef3069e99349eab6bcb5c4e42ecf008dfd06763"},"logName":"projects/muni-production-f8e72/logs/run.googleapis.com%2Fstdout","receiveTimestamp":"2022-05-07T04:34:16.447971806Z","resource":{"labels":{"configuration_name":"muni-back","location":"asia-northeast1","project_id":"muni-production-f8e72","revision_name":"muni-back-hpgtt","service_name":"muni-back"},"type":"cloud_run_revision"},"timestamp":"2022-05-07T04:34:16.301239Z"}
{"httpRequest":{"latency":"0.400117298s","protocol":"HTTP/1.1","remoteIp":"66.249.64.84","requestMethod":"GET","requestSize":"397","requestUrl":"https://muni.ink/painting/RBfuyCKgShAElpamMMHa","responseSize":"5518","serverIp":"35.241.42.228","status":200,"userAgent":"Mozilla/5.0 (compatible; Googlebot/2.1; +http://www.google.com/bot.html)"},"insertId":"6275f6c7000a98dffc334b5f","labels":{"instanceId":"0067430fbd87d90256f2e59c0e4f2aba79064af94274bcdca0bfd9a4455db453dd53d295d547db6545ed9cc9551a52d296a212b63abb9a20086c4a0b06358f2c"},"logName":"projects/muni-production-f8e72/logs/run.googleapis.com%2Frequests","receiveTimestamp":"2022-05-07T04:34:15.699142793Z","resource":{"labels":{"configuration_name":"muni-front","location":"asia-northeast1","project_id":"muni-production-f8e72","revision_name":"muni-front-jq7fz","service_name":"muni-front"},"type":"cloud_run_revision"},"severity":"INFO","timestamp":"2022-05-07T04:34:15.694495Z","trace":"projects/muni-production-f8e72/traces/19e400ba8755c7575ef645aa3770b567"}
{"httpRequest":{"latency":"0.210001736s","protocol":"HTTP/1.1","remoteIp":"35.203.249.225","requestMethod":"POST","requestSize":"524","requestUrl":"https://api.muni.ink/workmeta","responseSize":"1422","serverIp":"35.241.42.228","status":200,"userAgent":"node-fetch/1.0 (+https://github.com/bitinn/node-fetch)"},"insertId":"6275f6c70009fa97ef3c48ce","labels":{"instanceId":"0067430fbdd0a70138bfabd74feb01b624d90cb4bd534ef1d388ec5280b2fab42cf140ff9f3cfe3d69242256eef3069e99349eab6bcb5c4e42ecf008dfd06763"},"logName":"projects/muni-production-f8e72/logs/run.googleapis.com%2Frequests","receiveTimestamp":"2022-05-07T04:34:15.656740668Z","resource":{"labels":{"configuration_name":"muni-back","location":"asia-northeast1","project_id":"muni-production-f8e72","revision_name":"muni-back-hpgtt","service_name":"muni-back"},"type":"cloud_run_revision"},"severity":"INFO","timestamp":"2022-05-07T04:34:15.653975Z","trace":"projects/muni-production-f8e72/traces/61f89158b979a0c222d43d270aceb4a9"}
{"insertId":"6275f6c70008f531e74857bc","jsonPayload":{"ident":"SUCCESS_TO_FIND","level":"INFO","message":"Work found.","method":"WorkMetadataAPI","timestamp":"2022-5-7 4:34:15","workId":"RBfuyCKgShAElpamMMHa"},"labels":{"instanceId":"0067430fbdd0a70138bfabd74feb01b624d90cb4bd534ef1d388ec5280b2fab42cf140ff9f3cfe3d69242256eef3069e99349eab6bcb5c4e42ecf008dfd06763"},"logName":"projects/muni-production-f8e72/logs/run.googleapis.com%2Fstdout","receiveTimestamp":"2022-05-07T04:34:15.782707777Z","resource":{"labels":{"configuration_name":"muni-back","location":"asia-northeast1","project_id":"muni-production-f8e72","revision_name":"muni-back-hpgtt","service_name":"muni-back"},"type":"cloud_run_revision"},"timestamp":"2022-05-07T04:34:15.587057Z"}
{"insertId":"6275f6c70006cd58969d9630","jsonPayload":{"ident":"RECIEVE","level":"INFO","message":"Recieve the work metadata request.","method":"WorkMetadataAPI","timestamp":"2022-5-7 4:34:15"},"labels":{"instanceId":"0067430fbdd0a70138bfabd74feb01b624d90cb4bd534ef1d388ec5280b2fab42cf140ff9f3cfe3d69242256eef3069e99349eab6bcb5c4e42ecf008dfd06763"},"logName":"projects/muni-production-f8e72/logs/run.googleapis.com%2Fstdout","receiveTimestamp":"2022-05-07T04:34:15.455601938Z","resource":{"labels":{"configuration_name":"muni-back","location":"asia-northeast1","project_id":"muni-production-f8e72","revision_name":"muni-back-hpgtt","service_name":"muni-back"},"type":"cloud_run_revision"},"timestamp":"2022-05-07T04:34:15.445784Z"}
{"httpRequest":{"latency":"0.999094369s","protocol":"HTTP/1.1","referer":"https://muni.ink/","remoteIp":"66.249.89.52","requestMethod":"GET","requestSize":"797","requestUrl":"https://storage.muni.ink/work/4vvC0q4GIMLoLv2aHafb?thumbnail=true","responseSize":"119997","serverIp":"35.241.42.228","status":200,"userAgent":"Mozilla/5.0 (iPhone; CPU iPhone OS 9_1 like Mac OS X) AppleWebKit/601.1.46 (KHTML, like Gecko) Version/9.0 Mobile/13B143 Safari/601.1 (compatible; AdsBot-Google-Mobile; +http://www.google.com/mobile/adsbot.html)"},"insertId":"6275ef83000f3a6a8cc9bf80","labels":{"instanceId":"0067430fbdd0a70138bfabd74feb01b624d90cb4bd534ef1d388ec5280b2fab42cf140ff9f3cfe3d69242256eef3069e99349eab6bcb5c4e42ecf008dfd06763"},"logName":"projects/muni-production-f8e72/logs/run.googleapis.com%2Frequests","receiveTimestamp":"2022-05-07T04:03:16.235689834Z","resource":{"labels":{"configuration_name":"muni-back","location":"asia-northeast1","project_id":"muni-production-f8e72","revision_name":"muni-back-hpgtt","service_name":"muni-back"},"type":"cloud_run_revision"},"severity":"INFO","timestamp":"2022-05-07T04:03:15.997994Z","trace":"projects/muni-production-f8e72/traces/4bfd0247bb6c70757cbf551c3eae4de3"}
{"insertId":"6275ef83000f312f9439502c","jsonPayload":{"ident":"COMPLETE","level":"INFO","message":"Success to fetch optimized image","method":"WorkAPI","timestamp":"2022-5-7 4:3:15","workId":"4vvC0q4GIMLoLv2aHafb"},"labels":{"instanceId":"0067430fbdd0a70138bfabd74feb01b624d90cb4bd534ef1d388ec5280b2fab42cf140ff9f3cfe3d69242256eef3069e99349eab6bcb5c4e42ecf008dfd06763"},"logName":"projects/muni-production-f8e72/logs/run.googleapis.com%2Fstdout","receiveTimestamp":"2022-05-07T04:03:16.236035718Z","resource":{"labels":{"configuration_name":"muni-back","location":"asia-northeast1","project_id":"muni-production-f8e72","revision_name":"muni-back-hpgtt","service_name":"muni-back"},"type":"cloud_run_revision"},"timestamp":"2022-05-07T04:03:15.995631Z"}
{"insertId":"6275ef83000000155702f966","jsonPayload":{"ident":"RECIEVED","level":"INFO","message":"Request recieved for 4vvC0q4GIMLoLv2aHafb.","method":"WorkAPI","timestamp":"2022-5-7 4:3:14","workId":"4vvC0q4GIMLoLv2aHafb"},"labels":{"instanceId":"0067430fbdd0a70138bfabd74feb01b624d90cb4bd534ef1d388ec5280b2fab42cf140ff9f3cfe3d69242256eef3069e99349eab6bcb5c4e42ecf008dfd06763"},"logName":"projects/muni-production-f8e72/logs/run.googleapis.com%2Fstdout","receiveTimestamp":"2022-05-07T04:03:15.241292416Z","resource":{"labels":{"configuration_name":"muni-back","location":"asia-northeast1","project_id":"muni-production-f8e72","revision_name":"muni-back-hpgtt","service_name":"muni-back"},"type":"cloud_run_revision"},"timestamp":"2022-05-07T04:03:15.000021Z"}
{"httpRequest":{"latency":"0.588823932s","protocol":"HTTP/1.1","referer":"https://muni.ink/","remoteIp":"66.249.89.52","requestMethod":"GET","requestSize":"796","requestUrl":"https://storage.muni.ink/work/ZC83waIWY3aHP7JlvWlQ?thumbnail=true","responseSize":"97072","serverIp":"35.241.42.228","status":200,"userAgent":"Mozilla/5.0 (iPhone; CPU iPhone OS 9_1 like Mac OS X) AppleWebKit/601.1.46 (KHTML, like Gecko) Version/9.0 Mobile/13B143 Safari/601.1 (compatible; AdsBot-Google-Mobile; +http://www.google.com/mobile/adsbot.html)"},"insertId":"6275ef8200062a3a98f7c62b","labels":{"instanceId":"0067430fbdd0a70138bfabd74feb01b624d90cb4bd534ef1d388ec5280b2fab42cf140ff9f3cfe3d69242256eef3069e99349eab6bcb5c4e42ecf008dfd06763"},"logName":"projects/muni-production-f8e72/logs/run.googleapis.com%2Frequests","receiveTimestamp":"2022-05-07T04:03:14.570828119Z","resource":{"labels":{"configuration_name":"muni-back","location":"asia-northeast1","project_id":"muni-production-f8e72","revision_name":"muni-back-hpgtt","service_name":"muni-back"},"type":"cloud_run_revision"},"severity":"INFO","timestamp":"2022-05-07T04:03:14.404026Z","trace":"projects/muni-production-f8e72/traces/e36bf81a2b5a99f3a071a759330c7d58"}
{"insertId":"6275ef820006249a95b0ff14","jsonPayload":{"ident":"COMPLETE","level":"INFO","message":"Success to fetch optimized image","method":"WorkAPI","timestamp":"2022-5-7 4:3:14","workId":"ZC83waIWY3aHP7JlvWlQ"},"labels":{"instanceId":"0067430fbdd0a70138bfabd74feb01b624d90cb4bd534ef1d388ec5280b2fab42cf140ff9f3cfe3d69242256eef3069e99349eab6bcb5c4e42ecf008dfd06763"},"logName":"projects/muni-production-f8e72/logs/run.googleapis.com%2Fstdout","receiveTimestamp":"2022-05-07T04:03:14.569103706Z","resource":{"labels":{"configuration_name":"muni-back","location":"asia-northeast1","project_id":"muni-production-f8e72","revision_name":"muni-back-hpgtt","service_name":"muni-back"},"type":"cloud_run_revision"},"timestamp":"2022-05-07T04:03:14.402586Z"}
{"insertId":"6275ef81000c74d181c424de","jsonPayload":{"ident":"RECIEVED","level":"INFO","message":"Request recieved for ZC83waIWY3aHP7JlvWlQ.","method":"WorkAPI","timestamp":"2022-5-7 4:3:13","workId":"ZC83waIWY3aHP7JlvWlQ"},"labels":{"instanceId":"0067430fbdd0a70138bfabd74feb01b624d90cb4bd534ef1d388ec5280b2fab42cf140ff9f3cfe3d69242256eef3069e99349eab6bcb5c4e42ecf008dfd06763"},"logName":"projects/muni-production-f8e72/logs/run.googleapis.com%2Fstdout","receiveTimestamp":"2022-05-07T04:03:13.904157860Z","resource":{"labels":{"configuration_name":"muni-back","location":"asia-northeast1","project_id":"muni-production-f8e72","revision_name":"muni-back-hpgtt","service_name":"muni-back"},"type":"cloud_run_revision"},"timestamp":"2022-05-07T04:03:13.816337Z"}
{"httpRequest":{"latency":"0.597086625s","protocol":"HTTP/1.1","referer":"https://muni.ink/","remoteIp":"66.249.89.52","requestMethod":"GET","requestSize":"797","requestUrl":"https://storage.muni.ink/work/dn2k3lsaUfo2LSDUbXOy?thumbnail=true","responseSize":"8049","serverIp":"35.241.42.228","status":200,"userAgent":"Mozilla/5.0 (iPhone; CPU iPhone OS 9_1 like Mac OS X) AppleWebKit/601.1.46 (KHTML, like Gecko) Version/9.0 Mobile/13B143 Safari/601.1 (compatible; AdsBot-Google-Mobile; +http://www.google.com/mobile/adsbot.html)"},"insertId":"6275ef810008b767bbdda16d","labels":{"instanceId":"0067430fbdd0a70138bfabd74feb01b624d90cb4bd534ef1d388ec5280b2fab42cf140ff9f3cfe3d69242256eef3069e99349eab6bcb5c4e42ecf008dfd06763"},"logName":"projects/muni-production-f8e72/logs/run.googleapis.com%2Frequests","receiveTimestamp":"2022-05-07T04:03:13.904690803Z","resource":{"labels":{"configuration_name":"muni-back","location":"asia-northeast1","project_id":"muni-production-f8e72","revision_name":"muni-back-hpgtt","service_name":"muni-back"},"type":"cloud_run_revision"},"severity":"INFO","timestamp":"2022-05-07T04:03:13.571239Z","trace":"projects/muni-production-f8e72/traces/04ecacdafb09c866e8c0755e0c612a88"}
{"insertId":"6275ef810008b2be54976164","jsonPayload":{"ident":"COMPLETE","level":"INFO","message":"Success to fetch optimized image","method":"WorkAPI","timestamp":"2022-5-7 4:3:13","workId":"dn2k3lsaUfo2LSDUbXOy"},"labels":{"instanceId":"0067430fbdd0a70138bfabd74feb01b624d90cb4bd534ef1d388ec5280b2fab42cf140ff9f3cfe3d69242256eef3069e99349eab6bcb5c4e42ecf008dfd06763"},"logName":"projects/muni-production-f8e72/logs/run.googleapis.com%2Fstdout","receiveTimestamp":"2022-05-07T04:03:13.904157860Z","resource":{"labels":{"configuration_name":"muni-back","location":"asia-northeast1","project_id":"muni-production-f8e72","revision_name":"muni-back-hpgtt","service_name":"muni-back"},"type":"cloud_run_revision"},"timestamp":"2022-05-07T04:03:13.570046Z"}
{"insertId":"6275ef80000ee296962ec141","jsonPayload":{"ident":"RECIEVED","level":"INFO","message":"Request recieved for dn2k3lsaUfo2LSDUbXOy.","method":"WorkAPI","timestamp":"2022-5-7 4:3:12","workId":"dn2k3lsaUfo2LSDUbXOy"},"labels":{"instanceId":"0067430fbdd0a70138bfabd74feb01b624d90cb4bd534ef1d388ec5280b2fab42cf140ff9f3cfe3d69242256eef3069e99349eab6bcb5c4e42ecf008dfd06763"},"logName":"projects/muni-production-f8e72/logs/run.googleapis.com%2Fstdout","receiveTimestamp":"2022-05-07T04:03:13.237235821Z","resource":{"labels":{"configuration_name":"muni-back","location":"asia-northeast1","project_id":"muni-production-f8e72","revision_name":"muni-back-hpgtt","service_name":"muni-back"},"type":"cloud_run_revision"},"timestamp":"2022-05-07T04:03:12.975510Z"}
{"httpRequest":{"latency":"0.484497617s","protocol":"HTTP/1.1","referer":"https://muni.ink/","remoteIp":"66.249.89.52","requestMethod":"GET","requestSize":"794","requestUrl":"https://storage.muni.ink/work/fl9Yi9oeDbcDJtVIW8gb?thumbnail=true","responseSize":"18106","serverIp":"35.241.42.228","status":200,"userAgent":"Mozilla/5.0 (iPhone; CPU iPhone OS 9_1 like Mac OS X) AppleWebKit/601.1.46 (KHTML, like Gecko) Version/9.0 Mobile/13B143 Safari/601.1 (compatible; AdsBot-Google-Mobile; +http://www.google.com/mobile/adsbot.html)"},"insertId":"6275ef8000098bad9d4be0a0","labels":{"instanceId":"0067430fbdd0a70138bfabd74feb01b624d90cb4bd534ef1d388ec5280b2fab42cf140ff9f3cfe3d69242256eef3069e99349eab6bcb5c4e42ecf008dfd06763"},"logName":"projects/muni-production-f8e72/logs/run.googleapis.com%2Frequests","receiveTimestamp":"2022-05-07T04:03:12.906294043Z","resource":{"labels":{"configuration_name":"muni-back","location":"asia-northeast1","project_id":"muni-production-f8e72","revision_name":"muni-back-hpgtt","service_name":"muni-back"},"type":"cloud_run_revision"},"severity":"INFO","timestamp":"2022-05-07T04:03:12.625581Z","trace":"projects/muni-production-f8e72/traces/387de5f6ae0821cd356077a48a655954"}
{"insertId":"6275ef8000098792a7e8f010","jsonPayload":{"ident":"COMPLETE","level":"INFO","message":"Success to fetch optimized image","method":"WorkAPI","timestamp":"2022-5-7 4:3:12","workId":"fl9Yi9oeDbcDJtVIW8gb"},"labels":{"instanceId":"0067430fbdd0a70138bfabd74feb01b624d90cb4bd534ef1d388ec5280b2fab42cf140ff9f3cfe3d69242256eef3069e99349eab6bcb5c4e42ecf008dfd06763"},"logName":"projects/muni-production-f8e72/logs/run.googleapis.com%2Fstdout","receiveTimestamp":"2022-05-07T04:03:12.903695875Z","resource":{"labels":{"configuration_name":"muni-back","location":"asia-northeast1","project_id":"muni-production-f8e72","revision_name":"muni-back-hpgtt","service_name":"muni-back"},"type":"cloud_run_revision"},"timestamp":"2022-05-07T04:03:12.624530Z"}
{"insertId":"6275ef8000022cd6c831f01d","jsonPayload":{"ident":"RECIEVED","level":"INFO","message":"Request recieved for fl9Yi9oeDbcDJtVIW8gb.","method":"WorkAPI","timestamp":"2022-5-7 4:3:12","workId":"fl9Yi9oeDbcDJtVIW8gb"},"labels":{"instanceId":"0067430fbdd0a70138bfabd74feb01b624d90cb4bd534ef1d388ec5280b2fab42cf140ff9f3cfe3d69242256eef3069e99349eab6bcb5c4e42ecf008dfd06763"},"logName":"projects/muni-production-f8e72/logs/run.googleapis.com%2Fstdout","receiveTimestamp":"2022-05-07T04:03:12.240584386Z","resource":{"labels":{"configuration_name":"muni-back","location":"asia-northeast1","project_id":"muni-production-f8e72","revision_name":"muni-back-hpgtt","service_name":"muni-back"},"type":"cloud_run_revision"},"timestamp":"2022-05-07T04:03:12.142550Z"}
{"httpRequest":{"latency":"0.509684190s","protocol":"HTTP/1.1","referer":"https://muni.ink/","remoteIp":"66.249.89.52","requestMethod":"GET","requestSize":"796","requestUrl":"https://storage.muni.ink/work/6euuuWHUUVHqKXy95FgJ?thumbnail=true","responseSize":"27420","serverIp":"35.241.42.228","status":200,"userAgent":"Mozilla/5.0 (iPhone; CPU iPhone OS 9_1 like Mac OS X) AppleWebKit/601.1.46 (KHTML, like Gecko) Version/9.0 Mobile/13B143 Safari/601.1 (compatible; AdsBot-Google-Mobile; +http://www.google.com/mobile/adsbot.html)"},"insertId":"6275ef7f000c68ec35897b84","labels":{"instanceId":"0067430fbdd0a70138bfabd74feb01b624d90cb4bd534ef1d388ec5280b2fab42cf140ff9f3cfe3d69242256eef3069e99349eab6bcb5c4e42ecf008dfd06763"},"logName":"projects/muni-production-f8e72/logs/run.googleapis.com%2Frequests","receiveTimestamp":"2022-05-07T04:03:11.904709811Z","resource":{"labels":{"configuration_name":"muni-back","location":"asia-northeast1","project_id":"muni-production-f8e72","revision_name":"muni-back-hpgtt","service_name":"muni-back"},"type":"cloud_run_revision"},"severity":"INFO","timestamp":"2022-05-07T04:03:11.813292Z","trace":"projects/muni-production-f8e72/traces/73ed32e428d5992d28fba8cf75a141d5"}
{"insertId":"6275ef7f000c64c76471a00b","jsonPayload":{"ident":"COMPLETE","level":"INFO","message":"Success to fetch optimized image","method":"WorkAPI","timestamp":"2022-5-7 4:3:11","workId":"6euuuWHUUVHqKXy95FgJ"},"labels":{"instanceId":"0067430fbdd0a70138bfabd74feb01b624d90cb4bd534ef1d388ec5280b2fab42cf140ff9f3cfe3d69242256eef3069e99349eab6bcb5c4e42ecf008dfd06763"},"logName":"projects/muni-production-f8e72/logs/run.googleapis.com%2Fstdout","receiveTimestamp":"2022-05-07T04:03:11.905003429Z","resource":{"labels":{"configuration_name":"muni-back","location":"asia-northeast1","project_id":"muni-production-f8e72","revision_name":"muni-back-hpgtt","service_name":"muni-back"},"type":"cloud_run_revision"},"timestamp":"2022-05-07T04:03:11.812231Z"}
{"insertId":"6275ef7f0004a80a4d27dd18","jsonPayload":{"ident":"RECIEVED","level":"INFO","message":"Request recieved for 6euuuWHUUVHqKXy95FgJ.","method":"WorkAPI","timestamp":"2022-5-7 4:3:11","workId":"6euuuWHUUVHqKXy95FgJ"},"labels":{"instanceId":"0067430fbdd0a70138bfabd74feb01b624d90cb4bd534ef1d388ec5280b2fab42cf140ff9f3cfe3d69242256eef3069e99349eab6bcb5c4e42ecf008dfd06763"},"logName":"projects/muni-production-f8e72/logs/run.googleapis.com%2Fstdout","receiveTimestamp":"2022-05-07T04:03:11.573645241Z","resource":{"labels":{"configuration_name":"muni-back","location":"asia-northeast1","project_id":"muni-production-f8e72","revision_name":"muni-back-hpgtt","service_name":"muni-back"},"type":"cloud_run_revision"},"timestamp":"2022-05-07T04:03:11.305162Z"}
{"httpRequest":{"latency":"0.494058783s","protocol":"HTTP/1.1","referer":"https://muni.ink/","remoteIp":"66.249.89.52","requestMethod":"GET","requestSize":"796","requestUrl":"https://storage.muni.ink/work/KrbBlZcwb2i9dEu7llWh?thumbnail=true","responseSize":"17230","serverIp":"35.241.42.228","status":200,"userAgent":"Mozilla/5.0 (iPhone; CPU iPhone OS 9_1 like Mac OS X) AppleWebKit/601.1.46 (KHTML, like Gecko) Version/9.0 Mobile/13B143 Safari/601.1 (compatible; AdsBot-Google-Mobile; +http://www.google.com/mobile/adsbot.html)"},"insertId":"6275ef7f00004dc079eb3cce","labels":{"instanceId":"0067430fbdd0a70138bfabd74feb01b624d90cb4bd534ef1d388ec5280b2fab42cf140ff9f3cfe3d69242256eef3069e99349eab6bcb5c4e42ecf008dfd06763"},"logName":"projects/muni-production-f8e72/logs/run.googleapis.com%2Frequests","receiveTimestamp":"2022-05-07T04:03:11.241164787Z","resource":{"labels":{"configuration_name":"muni-back","location":"asia-northeast1","project_id":"muni-production-f8e72","revision_name":"muni-back-hpgtt","service_name":"muni-back"},"type":"cloud_run_revision"},"severity":"INFO","timestamp":"2022-05-07T04:03:11.019904Z","trace":"projects/muni-production-f8e72/traces/431992060dd24a2b45172516bcda1601"}
{"insertId":"6275ef7f000048d2d8492d66","jsonPayload":{"ident":"COMPLETE","level":"INFO","message":"Success to fetch optimized image","method":"WorkAPI","timestamp":"2022-5-7 4:3:11","workId":"KrbBlZcwb2i9dEu7llWh"},"labels":{"instanceId":"0067430fbdd0a70138bfabd74feb01b624d90cb4bd534ef1d388ec5280b2fab42cf140ff9f3cfe3d69242256eef3069e99349eab6bcb5c4e42ecf008dfd06763"},"logName":"projects/muni-production-f8e72/logs/run.googleapis.com%2Fstdout","receiveTimestamp":"2022-05-07T04:03:11.241170712Z","resource":{"labels":{"configuration_name":"muni-back","location":"asia-northeast1","project_id":"muni-production-f8e72","revision_name":"muni-back-hpgtt","service_name":"muni-back"},"type":"cloud_run_revision"},"timestamp":"2022-05-07T04:03:11.018642Z"}
{"insertId":"6275ef7e00080bad75f4f622","jsonPayload":{"ident":"RECIEVED","level":"INFO","message":"Request recieved for KrbBlZcwb2i9dEu7llWh.","method":"WorkAPI","timestamp":"2022-5-7 4:3:10","workId":"KrbBlZcwb2i9dEu7llWh"},"labels":{"instanceId":"0067430fbdd0a70138bfabd74feb01b624d90cb4bd534ef1d388ec5280b2fab42cf140ff9f3cfe3d69242256eef3069e99349eab6bcb5c4e42ecf008dfd06763"},"logName":"projects/muni-production-f8e72/logs/run.googleapis.com%2Fstdout","receiveTimestamp":"2022-05-07T04:03:10.574400283Z","resource":{"labels":{"configuration_name":"muni-back","location":"asia-northeast1","project_id":"muni-production-f8e72","revision_name":"muni-back-hpgtt","service_name":"muni-back"},"type":"cloud_run_revision"},"timestamp":"2022-05-07T04:03:10.527277Z"}
{"httpRequest":{"latency":"0.555889612s","protocol":"HTTP/1.1","referer":"https://muni.ink/","remoteIp":"66.249.89.52","requestMethod":"GET","requestSize":"797","requestUrl":"https://storage.muni.ink/work/VzdSGaBBEGMy6vScAWLw?thumbnail=true","responseSize":"30672","serverIp":"35.241.42.228","status":200,"userAgent":"Mozilla/5.0 (iPhone; CPU iPhone OS 9_1 like Mac OS X) AppleWebKit/601.1.46 (KHTML, like Gecko) Version/9.0 Mobile/13B143 Safari/601.1 (compatible; AdsBot-Google-Mobile; +http://www.google.com/mobile/adsbot.html)"},"insertId":"6275ef7e0002c461ad803ce9","labels":{"instanceId":"0067430fbdd0a70138bfabd74feb01b624d90cb4bd534ef1d388ec5280b2fab42cf140ff9f3cfe3d69242256eef3069e99349eab6bcb5c4e42ecf008dfd06763"},"logName":"projects/muni-production-f8e72/logs/run.googleapis.com%2Frequests","receiveTimestamp":"2022-05-07T04:03:10.239708462Z","resource":{"labels":{"configuration_name":"muni-back","location":"asia-northeast1","project_id":"muni-production-f8e72","revision_name":"muni-back-hpgtt","service_name":"muni-back"},"type":"cloud_run_revision"},"severity":"INFO","timestamp":"2022-05-07T04:03:10.181345Z","trace":"projects/muni-production-f8e72/traces/fa537ee5087e3fb99315b214213ac922"}
{"insertId":"6275ef7e0002bec8f641923d","jsonPayload":{"ident":"COMPLETE","level":"INFO","message":"Success to fetch optimized image","method":"WorkAPI","timestamp":"2022-5-7 4:3:10","workId":"VzdSGaBBEGMy6vScAWLw"},"labels":{"instanceId":"0067430fbdd0a70138bfabd74feb01b624d90cb4bd534ef1d388ec5280b2fab42cf140ff9f3cfe3d69242256eef3069e99349eab6bcb5c4e42ecf008dfd06763"},"logName":"projects/muni-production-f8e72/logs/run.googleapis.com%2Fstdout","receiveTimestamp":"2022-05-07T04:03:10.239721519Z","resource":{"labels":{"configuration_name":"muni-back","location":"asia-northeast1","project_id":"muni-production-f8e72","revision_name":"muni-back-hpgtt","service_name":"muni-back"},"type":"cloud_run_revision"},"timestamp":"2022-05-07T04:03:10.179912Z"}
{"insertId":"6275ef7d000990d16efdce1f","jsonPayload":{"ident":"RECIEVED","level":"INFO","message":"Request recieved for VzdSGaBBEGMy6vScAWLw.","method":"WorkAPI","timestamp":"2022-5-7 4:3:9","workId":"VzdSGaBBEGMy6vScAWLw"},"labels":{"instanceId":"0067430fbdd0a70138bfabd74feb01b624d90cb4bd534ef1d388ec5280b2fab42cf140ff9f3cfe3d69242256eef3069e99349eab6bcb5c4e42ecf008dfd06763"},"logName":"projects/muni-production-f8e72/logs/run.googleapis.com%2Fstdout","receiveTimestamp":"2022-05-07T04:03:09.907769822Z","resource":{"labels":{"configuration_name":"muni-back","location":"asia-northeast1","project_id":"muni-production-f8e72","revision_name":"muni-back-hpgtt","service_name":"muni-back"},"type":"cloud_run_revision"},"timestamp":"2022-05-07T04:03:09.626897Z"}
{"httpRequest":{"latency":"0.462475640s","protocol":"HTTP/1.1","referer":"https://muni.ink/","remoteIp":"66.249.89.52","requestMethod":"GET","requestSize":"797","requestUrl":"https://storage.muni.ink/work/eOXiqyfCa8Lmyijill48?thumbnail=true","responseSize":"4399","serverIp":"35.241.42.228","status":200,"userAgent":"Mozilla/5.0 (iPhone; CPU iPhone OS 9_1 like Mac OS X) AppleWebKit/601.1.46 (KHTML, like Gecko) Version/9.0 Mobile/13B143 Safari/601.1 (compatible; AdsBot-Google-Mobile; +http://www.google.com/mobile/adsbot.html)"},"insertId":"6275ef7d0004d315ca01b1c3","labels":{"instanceId":"0067430fbdd0a70138bfabd74feb01b624d90cb4bd534ef1d388ec5280b2fab42cf140ff9f3cfe3d69242256eef3069e99349eab6bcb5c4e42ecf008dfd06763"},"logName":"projects/muni-production-f8e72/logs/run.googleapis.com%2Frequests","receiveTimestamp":"2022-05-07T04:03:09.575620736Z","resource":{"labels":{"configuration_name":"muni-back","location":"asia-northeast1","project_id":"muni-production-f8e72","revision_name":"muni-back-hpgtt","service_name":"muni-back"},"type":"cloud_run_revision"},"severity":"INFO","timestamp":"2022-05-07T04:03:09.316181Z","trace":"projects/muni-production-f8e72/traces/0e6d64d281933ceb624428259a227b28"}
{"insertId":"6275ef7d0004ce596508ed5c","jsonPayload":{"ident":"COMPLETE","level":"INFO","message":"Success to fetch optimized image","method":"WorkAPI","timestamp":"2022-5-7 4:3:9","workId":"eOXiqyfCa8Lmyijill48"},"labels":{"instanceId":"0067430fbdd0a70138bfabd74feb01b624d90cb4bd534ef1d388ec5280b2fab42cf140ff9f3cfe3d69242256eef3069e99349eab6bcb5c4e42ecf008dfd06763"},"logName":"projects/muni-production-f8e72/logs/run.googleapis.com%2Fstdout","receiveTimestamp":"2022-05-07T04:03:09.576429806Z","resource":{"labels":{"configuration_name":"muni-back","location":"asia-northeast1","project_id":"muni-production-f8e72","revision_name":"muni-back-hpgtt","service_name":"muni-back"},"type":"cloud_run_revision"},"timestamp":"2022-05-07T04:03:09.314969Z"}
{"insertId":"6275ef7c000d0fe4ca52afa7","jsonPayload":{"ident":"RECIEVED","level":"INFO","message":"Request recieved for eOXiqyfCa8Lmyijill48.","method":"WorkAPI","timestamp":"2022-5-7 4:3:8","workId":"eOXiqyfCa8Lmyijill48"},"labels":{"instanceId":"0067430fbdd0a70138bfabd74feb01b624d90cb4bd534ef1d388ec5280b2fab42cf140ff9f3cfe3d69242256eef3069e99349eab6bcb5c4e42ecf008dfd06763"},"logName":"projects/muni-production-f8e72/logs/run.googleapis.com%2Fstdout","receiveTimestamp":"2022-05-07T04:03:08.908087529Z","resource":{"labels":{"configuration_name":"muni-back","location":"asia-northeast1","project_id":"muni-production-f8e72","revision_name":"muni-back-hpgtt","service_name":"muni-back"},"type":"cloud_run_revision"},"timestamp":"2022-05-07T04:03:08.856036Z"}
{"httpRequest":{"latency":"0.562771341s","protocol":"HTTP/1.1","referer":"https://muni.ink/","remoteIp":"66.249.89.54","requestMethod":"GET","requestSize":"796","requestUrl":"https://storage.muni.ink/work/e2fJgV2dvagYd5NSfQ01?thumbnail=true","responseSize":"23970","serverIp":"35.241.42.228","status":200,"userAgent":"Mozilla/5.0 (iPhone; CPU iPhone OS 9_1 like Mac OS X) AppleWebKit/601.1.46 (KHTML, like Gecko) Version/9.0 Mobile/13B143 Safari/601.1 (compatible; AdsBot-Google-Mobile; +http://www.google.com/mobile/adsbot.html)"},"insertId":"6275ef7c000811017e8b98c8","labels":{"instanceId":"0067430fbdd0a70138bfabd74feb01b624d90cb4bd534ef1d388ec5280b2fab42cf140ff9f3cfe3d69242256eef3069e99349eab6bcb5c4e42ecf008dfd06763"},"logName":"projects/muni-production-f8e72/logs/run.googleapis.com%2Frequests","receiveTimestamp":"2022-05-07T04:03:08.576337635Z","resource":{"labels":{"configuration_name":"muni-back","location":"asia-northeast1","project_id":"muni-production-f8e72","revision_name":"muni-back-hpgtt","service_name":"muni-back"},"type":"cloud_run_revision"},"severity":"INFO","timestamp":"2022-05-07T04:03:08.528641Z","trace":"projects/muni-production-f8e72/traces/388d3053b82d7669bacfdfc9ccd307b7"}
{"insertId":"6275ef7c00080c6cf28452e1","jsonPayload":{"ident":"COMPLETE","level":"INFO","message":"Success to fetch optimized image","method":"WorkAPI","timestamp":"2022-5-7 4:3:8","workId":"e2fJgV2dvagYd5NSfQ01"},"labels":{"instanceId":"0067430fbdd0a70138bfabd74feb01b624d90cb4bd534ef1d388ec5280b2fab42cf140ff9f3cfe3d69242256eef3069e99349eab6bcb5c4e42ecf008dfd06763"},"logName":"projects/muni-production-f8e72/logs/run.googleapis.com%2Fstdout","receiveTimestamp":"2022-05-07T04:03:08.577307394Z","resource":{"labels":{"configuration_name":"muni-back","location":"asia-northeast1","project_id":"muni-production-f8e72","revision_name":"muni-back-hpgtt","service_name":"muni-back"},"type":"cloud_run_revision"},"timestamp":"2022-05-07T04:03:08.527468Z"}
{"insertId":"6275ef7b000ec2158f61229d","jsonPayload":{"ident":"RECIEVED","level":"INFO","message":"Request recieved for e2fJgV2dvagYd5NSfQ01.","method":"WorkAPI","timestamp":"2022-5-7 4:3:7","workId":"e2fJgV2dvagYd5NSfQ01"},"labels":{"instanceId":"0067430fbdd0a70138bfabd74feb01b624d90cb4bd534ef1d388ec5280b2fab42cf140ff9f3cfe3d69242256eef3069e99349eab6bcb5c4e42ecf008dfd06763"},"logName":"projects/muni-production-f8e72/logs/run.googleapis.com%2Fstdout","receiveTimestamp":"2022-05-07T04:03:08.244318748Z","resource":{"labels":{"configuration_name":"muni-back","location":"asia-northeast1","project_id":"muni-production-f8e72","revision_name":"muni-back-hpgtt","service_name":"muni-back"},"type":"cloud_run_revision"},"timestamp":"2022-05-07T04:03:07.967189Z"}
{"httpRequest":{"latency":"0.492804256s","protocol":"HTTP/1.1","referer":"https://muni.ink/","remoteIp":"66.249.89.52","requestMethod":"GET","requestSize":"796","requestUrl":"https://storage.muni.ink/work/fsT01QqiRPvCmNZgPeti?thumbnail=true","responseSize":"4071","serverIp":"35.241.42.228","status":200,"userAgent":"Mozilla/5.0 (iPhone; CPU iPhone OS 9_1 like Mac OS X) AppleWebKit/601.1.46 (KHTML, like Gecko) Version/9.0 Mobile/13B143 Safari/601.1 (compatible; AdsBot-Google-Mobile; +http://www.google.com/mobile/adsbot.html)"},"insertId":"6275ef7b000aed87ea0fbe9e","labels":{"instanceId":"0067430fbdd0a70138bfabd74feb01b624d90cb4bd534ef1d388ec5280b2fab42cf140ff9f3cfe3d69242256eef3069e99349eab6bcb5c4e42ecf008dfd06763"},"logName":"projects/muni-production-f8e72/logs/run.googleapis.com%2Frequests","receiveTimestamp":"2022-05-07T04:03:07.909306910Z","resource":{"labels":{"configuration_name":"muni-back","location":"asia-northeast1","project_id":"muni-production-f8e72","revision_name":"muni-back-hpgtt","service_name":"muni-back"},"type":"cloud_run_revision"},"severity":"INFO","timestamp":"2022-05-07T04:03:07.716167Z","trace":"projects/muni-production-f8e72/traces/debbe8352cfcc233d1ee1481d5f4018a"}
{"insertId":"6275ef7b000ae91e119e8ce9","jsonPayload":{"ident":"COMPLETE","level":"INFO","message":"Success to fetch optimized image","method":"WorkAPI","timestamp":"2022-5-7 4:3:7","workId":"fsT01QqiRPvCmNZgPeti"},"labels":{"instanceId":"0067430fbdd0a70138bfabd74feb01b624d90cb4bd534ef1d388ec5280b2fab42cf140ff9f3cfe3d69242256eef3069e99349eab6bcb5c4e42ecf008dfd06763"},"logName":"projects/muni-production-f8e72/logs/run.googleapis.com%2Fstdout","receiveTimestamp":"2022-05-07T04:03:07.910174414Z","resource":{"labels":{"configuration_name":"muni-back","location":"asia-northeast1","project_id":"muni-production-f8e72","revision_name":"muni-back-hpgtt","service_name":"muni-back"},"type":"cloud_run_revision"},"timestamp":"2022-05-07T04:03:07.715038Z"}
{"insertId":"6275ef7b00036e59c6c51e4b","jsonPayload":{"ident":"RECIEVED","level":"INFO","message":"Request recieved for fsT01QqiRPvCmNZgPeti.","method":"WorkAPI","timestamp":"2022-5-7 4:3:7","workId":"fsT01QqiRPvCmNZgPeti"},"labels":{"instanceId":"0067430fbdd0a70138bfabd74feb01b624d90cb4bd534ef1d388ec5280b2fab42cf140ff9f3cfe3d69242256eef3069e99349eab6bcb5c4e42ecf008dfd06763"},"logName":"projects/muni-production-f8e72/logs/run.googleapis.com%2Fstdout","receiveTimestamp":"2022-05-07T04:03:07.244954790Z","resource":{"labels":{"configuration_name":"muni-back","location":"asia-northeast1","project_id":"muni-production-f8e72","revision_name":"muni-back-hpgtt","service_name":"muni-back"},"type":"cloud_run_revision"},"timestamp":"2022-05-07T04:03:07.224857Z"}
{"httpRequest":{"latency":"0.484528500s","protocol":"HTTP/1.1","referer":"https://muni.ink/","remoteIp":"66.249.89.52","requestMethod":"GET","requestSize":"796","requestUrl":"https://storage.muni.ink/work/DYDDQS5dqkVnzxOihY2a?thumbnail=true","responseSize":"10874","serverIp":"35.241.42.228","status":200,"userAgent":"Mozilla/5.0 (iPhone; CPU iPhone OS 9_1 like Mac OS X) AppleWebKit/601.1.46 (KHTML, like Gecko) Version/9.0 Mobile/13B143 Safari/601.1 (compatible; AdsBot-Google-Mobile; +http://www.google.com/mobile/adsbot.html)"},"insertId":"6275ef7b00002ee8f5996765","labels":{"instanceId":"0067430fbdd0a70138bfabd74feb01b624d90cb4bd534ef1d388ec5280b2fab42cf140ff9f3cfe3d69242256eef3069e99349eab6bcb5c4e42ecf008dfd06763"},"logName":"projects/muni-production-f8e72/logs/run.googleapis.com%2Frequests","receiveTimestamp":"2022-05-07T04:03:07.243169570Z","resource":{"labels":{"configuration_name":"muni-back","location":"asia-northeast1","project_id":"muni-production-f8e72","revision_name":"muni-back-hpgtt","service_name":"muni-back"},"type":"cloud_run_revision"},"severity":"INFO","timestamp":"2022-05-07T04:03:07.012008Z","trace":"projects/muni-production-f8e72/traces/55cc225119c733cf60f65f1b1403f0e9"}
{"insertId":"6275ef7b00002a5f6cd8d292","jsonPayload":{"ident":"COMPLETE","level":"INFO","message":"Success to fetch optimized image","method":"WorkAPI","timestamp":"2022-5-7 4:3:7","workId":"DYDDQS5dqkVnzxOihY2a"},"labels":{"instanceId":"0067430fbdd0a70138bfabd74feb01b624d90cb4bd534ef1d388ec5280b2fab42cf140ff9f3cfe3d69242256eef3069e99349eab6bcb5c4e42ecf008dfd06763"},"logName":"projects/muni-production-f8e72/logs/run.googleapis.com%2Fstdout","receiveTimestamp":"2022-05-07T04:03:07.244954790Z","resource":{"labels":{"configuration_name":"muni-back","location":"asia-northeast1","project_id":"muni-production-f8e72","revision_name":"muni-back-hpgtt","service_name":"muni-back"},"type":"cloud_run_revision"},"timestamp":"2022-05-07T04:03:07.010847Z"}
{"insertId":"6275ef7a00081187958d8ed4","jsonPayload":{"ident":"RECIEVED","level":"INFO","message":"Request recieved for DYDDQS5dqkVnzxOihY2a.","method":"WorkAPI","timestamp":"2022-5-7 4:3:6","workId":"DYDDQS5dqkVnzxOihY2a"},"labels":{"instanceId":"0067430fbdd0a70138bfabd74feb01b624d90cb4bd534ef1d388ec5280b2fab42cf140ff9f3cfe3d69242256eef3069e99349eab6bcb5c4e42ecf008dfd06763"},"logName":"projects/muni-production-f8e72/logs/run.googleapis.com%2Fstdout","receiveTimestamp":"2022-05-07T04:03:06.578996967Z","resource":{"labels":{"configuration_name":"muni-back","location":"asia-northeast1","project_id":"muni-production-f8e72","revision_name":"muni-back-hpgtt","service_name":"muni-back"},"type":"cloud_run_revision"},"timestamp":"2022-05-07T04:03:06.528775Z"}
{"httpRequest":{"latency":"0.582951156s","protocol":"HTTP/1.1","referer":"https://muni.ink/","remoteIp":"66.249.89.54","requestMethod":"GET","requestSize":"797","requestUrl":"https://storage.muni.ink/work/qSlZkouTRw2qWvQsf0bC?thumbnail=true","responseSize":"40252","serverIp":"35.241.42.228","status":200,"userAgent":"Mozilla/5.0 (iPhone; CPU iPhone OS 9_1 like Mac OS X) AppleWebKit/601.1.46 (KHTML, like Gecko) Version/9.0 Mobile/13B143 Safari/601.1 (compatible; AdsBot-Google-Mobile; +http://www.google.com/mobile/adsbot.html)"},"insertId":"6275ef7a00023026e740f01b","labels":{"instanceId":"0067430fbdd0a70138bfabd74feb01b624d90cb4bd534ef1d388ec5280b2fab42cf140ff9f3cfe3d69242256eef3069e99349eab6bcb5c4e42ecf008dfd06763"},"logName":"projects/muni-production-f8e72/logs/run.googleapis.com%2Frequests","receiveTimestamp":"2022-05-07T04:03:06.246060323Z","resource":{"labels":{"configuration_name":"muni-back","location":"asia-northeast1","project_id":"muni-production-f8e72","revision_name":"muni-back-hpgtt","service_name":"muni-back"},"type":"cloud_run_revision"},"severity":"INFO","timestamp":"2022-05-07T04:03:06.143398Z","trace":"projects/muni-production-f8e72/traces/27fa38f5fa16770c5f3d5f3c18e4e1e0"}
{"insertId":"6275ef7a00022ac9c459d006","jsonPayload":{"ident":"COMPLETE","level":"INFO","message":"Success to fetch optimized image","method":"WorkAPI","timestamp":"2022-5-7 4:3:6","workId":"qSlZkouTRw2qWvQsf0bC"},"labels":{"instanceId":"0067430fbdd0a70138bfabd74feb01b624d90cb4bd534ef1d388ec5280b2fab42cf140ff9f3cfe3d69242256eef3069e99349eab6bcb5c4e42ecf008dfd06763"},"logName":"projects/muni-production-f8e72/logs/run.googleapis.com%2Fstdout","receiveTimestamp":"2022-05-07T04:03:06.244157123Z","resource":{"labels":{"configuration_name":"muni-back","location":"asia-northeast1","project_id":"muni-production-f8e72","revision_name":"muni-back-hpgtt","service_name":"muni-back"},"type":"cloud_run_revision"},"timestamp":"2022-05-07T04:03:06.142025Z"}
{"insertId":"6275ef79000892aed2c34e6d","jsonPayload":{"ident":"RECIEVED","level":"INFO","message":"Request recieved for qSlZkouTRw2qWvQsf0bC.","method":"WorkAPI","timestamp":"2022-5-7 4:3:5","workId":"qSlZkouTRw2qWvQsf0bC"},"labels":{"instanceId":"0067430fbdd0a70138bfabd74feb01b624d90cb4bd534ef1d388ec5280b2fab42cf140ff9f3cfe3d69242256eef3069e99349eab6bcb5c4e42ecf008dfd06763"},"logName":"projects/muni-production-f8e72/logs/run.googleapis.com%2Fstdout","receiveTimestamp":"2022-05-07T04:03:05.579927704Z","resource":{"labels":{"configuration_name":"muni-back","location":"asia-northeast1","project_id":"muni-production-f8e72","revision_name":"muni-back-hpgtt","service_name":"muni-back"},"type":"cloud_run_revision"},"timestamp":"2022-05-07T04:03:05.561838Z"}
{"httpRequest":{"latency":"0.635389263s","protocol":"HTTP/1.1","referer":"https://muni.ink/","remoteIp":"66.249.89.54","requestMethod":"GET","requestSize":"796","requestUrl":"https://storage.muni.ink/work/K9kCjzti2G92vd3aR3xH?thumbnail=true","responseSize":"45100","serverIp":"35.241.42.228","status":200,"userAgent":"Mozilla/5.0 (iPhone; CPU iPhone OS 9_1 like Mac OS X) AppleWebKit/601.1.46 (KHTML, like Gecko) Version/9.0 Mobile/13B143 Safari/601.1 (compatible; AdsBot-Google-Mobile; +http://www.google.com/mobile/adsbot.html)"},"insertId":"6275ef79000244d72d59631e","labels":{"instanceId":"0067430fbdd0a70138bfabd74feb01b624d90cb4bd534ef1d388ec5280b2fab42cf140ff9f3cfe3d69242256eef3069e99349eab6bcb5c4e42ecf008dfd06763"},"logName":"projects/muni-production-f8e72/logs/run.googleapis.com%2Frequests","receiveTimestamp":"2022-05-07T04:03:05.247058726Z","resource":{"labels":{"configuration_name":"muni-back","location":"asia-northeast1","project_id":"muni-production-f8e72","revision_name":"muni-back-hpgtt","service_name":"muni-back"},"type":"cloud_run_revision"},"severity":"INFO","timestamp":"2022-05-07T04:03:05.148695Z","trace":"projects/muni-production-f8e72/traces/01c1375c8b8eb8ea83d3e8985e42e1d3"}
{"insertId":"6275ef7900023f4d6358fcbc","jsonPayload":{"ident":"COMPLETE","level":"INFO","message":"Success to fetch optimized image","method":"WorkAPI","timestamp":"2022-5-7 4:3:5","workId":"K9kCjzti2G92vd3aR3xH"},"labels":{"instanceId":"0067430fbdd0a70138bfabd74feb01b624d90cb4bd534ef1d388ec5280b2fab42cf140ff9f3cfe3d69242256eef3069e99349eab6bcb5c4e42ecf008dfd06763"},"logName":"projects/muni-production-f8e72/logs/run.googleapis.com%2Fstdout","receiveTimestamp":"2022-05-07T04:03:05.244935918Z","resource":{"labels":{"configuration_name":"muni-back","location":"asia-northeast1","project_id":"muni-production-f8e72","revision_name":"muni-back-hpgtt","service_name":"muni-back"},"type":"cloud_run_revision"},"timestamp":"2022-05-07T04:03:05.147277Z"}
{"insertId":"6275ef780007df761bd0b8ff","jsonPayload":{"ident":"RECIEVED","level":"INFO","message":"Request recieved for K9kCjzti2G92vd3aR3xH.","method":"WorkAPI","timestamp":"2022-5-7 4:3:4","workId":"K9kCjzti2G92vd3aR3xH"},"labels":{"instanceId":"0067430fbdd0a70138bfabd74feb01b624d90cb4bd534ef1d388ec5280b2fab42cf140ff9f3cfe3d69242256eef3069e99349eab6bcb5c4e42ecf008dfd06763"},"logName":"projects/muni-production-f8e72/logs/run.googleapis.com%2Fstdout","receiveTimestamp":"2022-05-07T04:03:04.580418328Z","resource":{"labels":{"configuration_name":"muni-back","location":"asia-northeast1","project_id":"muni-production-f8e72","revision_name":"muni-back-hpgtt","service_name":"muni-back"},"type":"cloud_run_revision"},"timestamp":"2022-05-07T04:03:04.515958Z"}
{"httpRequest":{"latency":"0.537571569s","protocol":"HTTP/1.1","referer":"https://muni.ink/","remoteIp":"66.249.89.54","requestMethod":"GET","requestSize":"797","requestUrl":"https://storage.muni.ink/work/uMlcXcuMjV5nXjUAP7kj?thumbnail=true","responseSize":"14366","serverIp":"35.241.42.228","status":200,"userAgent":"Mozilla/5.0 (iPhone; CPU iPhone OS 9_1 like Mac OS X) AppleWebKit/601.1.46 (KHTML, like Gecko) Version/9.0 Mobile/13B143 Safari/601.1 (compatible; AdsBot-Google-Mobile; +http://www.google.com/mobile/adsbot.html)"},"insertId":"6275ef780004400096b7aad9","labels":{"instanceId":"0067430fbdd0a70138bfabd74feb01b624d90cb4bd534ef1d388ec5280b2fab42cf140ff9f3cfe3d69242256eef3069e99349eab6bcb5c4e42ecf008dfd06763"},"logName":"projects/muni-production-f8e72/logs/run.googleapis.com%2Frequests","receiveTimestamp":"2022-05-07T04:03:04.580780942Z","resource":{"labels":{"configuration_name":"muni-back","location":"asia-northeast1","project_id":"muni-production-f8e72","revision_name":"muni-back-hpgtt","service_name":"muni-back"},"type":"cloud_run_revision"},"severity":"INFO","timestamp":"2022-05-07T04:03:04.278528Z","trace":"projects/muni-production-f8e72/traces/a9a826e8b7f92691d7bb59e186bb22ec"}
{"insertId":"6275ef7800043adcfdf088a3","jsonPayload":{"ident":"COMPLETE","level":"INFO","message":"Success to fetch optimized image","method":"WorkAPI","timestamp":"2022-5-7 4:3:4","workId":"uMlcXcuMjV5nXjUAP7kj"},"labels":{"instanceId":"0067430fbdd0a70138bfabd74feb01b624d90cb4bd534ef1d388ec5280b2fab42cf140ff9f3cfe3d69242256eef3069e99349eab6bcb5c4e42ecf008dfd06763"},"logName":"projects/muni-production-f8e72/logs/run.googleapis.com%2Fstdout","receiveTimestamp":"2022-05-07T04:03:04.580418328Z","resource":{"labels":{"configuration_name":"muni-back","location":"asia-northeast1","project_id":"muni-production-f8e72","revision_name":"muni-back-hpgtt","service_name":"muni-back"},"type":"cloud_run_revision"},"timestamp":"2022-05-07T04:03:04.277212Z"}
{"insertId":"6275ef77000b53969f43a57c","jsonPayload":{"ident":"RECIEVED","level":"INFO","message":"Request recieved for uMlcXcuMjV5nXjUAP7kj.","method":"WorkAPI","timestamp":"2022-5-7 4:3:3","workId":"uMlcXcuMjV5nXjUAP7kj"},"labels":{"instanceId":"0067430fbdd0a70138bfabd74feb01b624d90cb4bd534ef1d388ec5280b2fab42cf140ff9f3cfe3d69242256eef3069e99349eab6bcb5c4e42ecf008dfd06763"},"logName":"projects/muni-production-f8e72/logs/run.googleapis.com%2Fstdout","receiveTimestamp":"2022-05-07T04:03:03.914806196Z","resource":{"labels":{"configuration_name":"muni-back","location":"asia-northeast1","project_id":"muni-production-f8e72","revision_name":"muni-back-hpgtt","service_name":"muni-back"},"type":"cloud_run_revision"},"timestamp":"2022-05-07T04:03:03.742294Z"}
{"httpRequest":{"latency":"0.468300936s","protocol":"HTTP/1.1","referer":"https://muni.ink/","remoteIp":"66.249.89.56","requestMethod":"GET","requestSize":"796","requestUrl":"https://storage.muni.ink/work/5qWs1G0SDjL2nZQVXPti?thumbnail=true","responseSize":"27526","serverIp":"35.241.42.228","status":200,"userAgent":"Mozilla/5.0 (iPhone; CPU iPhone OS 9_1 like Mac OS X) AppleWebKit/601.1.46 (KHTML, like Gecko) Version/9.0 Mobile/13B143 Safari/601.1 (compatible; AdsBot-Google-Mobile; +http://www.google.com/mobile/adsbot.html)"},"insertId":"6275ef77000803ed882c1ac4","labels":{"instanceId":"0067430fbdd0a70138bfabd74feb01b624d90cb4bd534ef1d388ec5280b2fab42cf140ff9f3cfe3d69242256eef3069e99349eab6bcb5c4e42ecf008dfd06763"},"logName":"projects/muni-production-f8e72/logs/run.googleapis.com%2Frequests","receiveTimestamp":"2022-05-07T04:03:03.581392230Z","resource":{"labels":{"configuration_name":"muni-back","location":"asia-northeast1","project_id":"muni-production-f8e72","revision_name":"muni-back-hpgtt","service_name":"muni-back"},"type":"cloud_run_revision"},"severity":"INFO","timestamp":"2022-05-07T04:03:03.525293Z","trace":"projects/muni-production-f8e72/traces/d0950f783ad83a854128fc511b52879b"}
{"insertId":"6275ef770007fed44c1f0abb","jsonPayload":{"ident":"COMPLETE","level":"INFO","message":"Success to fetch optimized image","method":"WorkAPI","timestamp":"2022-5-7 4:3:3","workId":"5qWs1G0SDjL2nZQVXPti"},"labels":{"instanceId":"0067430fbdd0a70138bfabd74feb01b624d90cb4bd534ef1d388ec5280b2fab42cf140ff9f3cfe3d69242256eef3069e99349eab6bcb5c4e42ecf008dfd06763"},"logName":"projects/muni-production-f8e72/logs/run.googleapis.com%2Fstdout","receiveTimestamp":"2022-05-07T04:03:03.580883731Z","resource":{"labels":{"configuration_name":"muni-back","location":"asia-northeast1","project_id":"muni-production-f8e72","revision_name":"muni-back-hpgtt","service_name":"muni-back"},"type":"cloud_run_revision"},"timestamp":"2022-05-07T04:03:03.523988Z"}
{"insertId":"6275ef770000e456fe036ff9","jsonPayload":{"ident":"RECIEVED","level":"INFO","message":"Request recieved for 5qWs1G0SDjL2nZQVXPti.","method":"WorkAPI","timestamp":"2022-5-7 4:3:3","workId":"5qWs1G0SDjL2nZQVXPti"},"labels":{"instanceId":"0067430fbdd0a70138bfabd74feb01b624d90cb4bd534ef1d388ec5280b2fab42cf140ff9f3cfe3d69242256eef3069e99349eab6bcb5c4e42ecf008dfd06763"},"logName":"projects/muni-production-f8e72/logs/run.googleapis.com%2Fstdout","receiveTimestamp":"2022-05-07T04:03:03.249363338Z","resource":{"labels":{"configuration_name":"muni-back","location":"asia-northeast1","project_id":"muni-production-f8e72","revision_name":"muni-back-hpgtt","service_name":"muni-back"},"type":"cloud_run_revision"},"timestamp":"2022-05-07T04:03:03.058454Z"}
{"httpRequest":{"latency":"0.528998997s","protocol":"HTTP/1.1","referer":"https://muni.ink/","remoteIp":"66.249.89.56","requestMethod":"GET","requestSize":"797","requestUrl":"https://storage.muni.ink/work/TLZWOyoQvXDfZOIa8wW5?thumbnail=true","responseSize":"13254","serverIp":"35.241.42.228","status":200,"userAgent":"Mozilla/5.0 (iPhone; CPU iPhone OS 9_1 like Mac OS X) AppleWebKit/601.1.46 (KHTML, like Gecko) Version/9.0 Mobile/13B143 Safari/601.1 (compatible; AdsBot-Google-Mobile; +http://www.google.com/mobile/adsbot.html)"},"insertId":"6275ef76000d47a697f65eb6","labels":{"instanceId":"0067430fbdd0a70138bfabd74feb01b624d90cb4bd534ef1d388ec5280b2fab42cf140ff9f3cfe3d69242256eef3069e99349eab6bcb5c4e42ecf008dfd06763"},"logName":"projects/muni-production-f8e72/logs/run.googleapis.com%2Frequests","receiveTimestamp":"2022-05-07T04:03:02.913474806Z","resource":{"labels":{"configuration_name":"muni-back","location":"asia-northeast1","project_id":"muni-production-f8e72","revision_name":"muni-back-hpgtt","service_name":"muni-back"},"type":"cloud_run_revision"},"severity":"INFO","timestamp":"2022-05-07T04:03:02.870310Z","trace":"projects/muni-production-f8e72/traces/04b9fa26db7c686f72c52061ee543e16"}
{"insertId":"6275ef76000d42e64ed4b483","jsonPayload":{"ident":"COMPLETE","level":"INFO","message":"Success to fetch optimized image","method":"WorkAPI","timestamp":"2022-5-7 4:3:2","workId":"TLZWOyoQvXDfZOIa8wW5"},"labels":{"instanceId":"0067430fbdd0a70138bfabd74feb01b624d90cb4bd534ef1d388ec5280b2fab42cf140ff9f3cfe3d69242256eef3069e99349eab6bcb5c4e42ecf008dfd06763"},"logName":"projects/muni-production-f8e72/logs/run.googleapis.com%2Fstdout","receiveTimestamp":"2022-05-07T04:03:02.915990629Z","resource":{"labels":{"configuration_name":"muni-back","location":"asia-northeast1","project_id":"muni-production-f8e72","revision_name":"muni-back-hpgtt","service_name":"muni-back"},"type":"cloud_run_revision"},"timestamp":"2022-05-07T04:03:02.869094Z"}
{"insertId":"6275ef7600053ab05d92568c","jsonPayload":{"ident":"RECIEVED","level":"INFO","message":"Request recieved for TLZWOyoQvXDfZOIa8wW5.","method":"WorkAPI","timestamp":"2022-5-7 4:3:2","workId":"TLZWOyoQvXDfZOIa8wW5"},"labels":{"instanceId":"0067430fbdd0a70138bfabd74feb01b624d90cb4bd534ef1d388ec5280b2fab42cf140ff9f3cfe3d69242256eef3069e99349eab6bcb5c4e42ecf008dfd06763"},"logName":"projects/muni-production-f8e72/logs/run.googleapis.com%2Fstdout","receiveTimestamp":"2022-05-07T04:03:02.583264408Z","resource":{"labels":{"configuration_name":"muni-back","location":"asia-northeast1","project_id":"muni-production-f8e72","revision_name":"muni-back-hpgtt","service_name":"muni-back"},"type":"cloud_run_revision"},"timestamp":"2022-05-07T04:03:02.342704Z"}
{"httpRequest":{"latency":"0.543594095s","protocol":"HTTP/1.1","referer":"https://muni.ink/","remoteIp":"66.249.89.54","requestMethod":"GET","requestSize":"797","requestUrl":"https://storage.muni.ink/work/xG9PAetzh30RsaYB2CPm?thumbnail=true","responseSize":"14216","serverIp":"35.241.42.228","status":200,"userAgent":"Mozilla/5.0 (iPhone; CPU iPhone OS 9_1 like Mac OS X) AppleWebKit/601.1.46 (KHTML, like Gecko) Version/9.0 Mobile/13B143 Safari/601.1 (compatible; AdsBot-Google-Mobile; +http://www.google.com/mobile/adsbot.html)"},"insertId":"6275ef7600020b1e765faed8","labels":{"instanceId":"0067430fbdd0a70138bfabd74feb01b624d90cb4bd534ef1d388ec5280b2fab42cf140ff9f3cfe3d69242256eef3069e99349eab6bcb5c4e42ecf008dfd06763"},"logName":"projects/muni-production-f8e72/logs/run.googleapis.com%2Frequests","receiveTimestamp":"2022-05-07T04:03:02.249804778Z","resource":{"labels":{"configuration_name":"muni-back","location":"asia-northeast1","project_id":"muni-production-f8e72","revision_name":"muni-back-hpgtt","service_name":"muni-back"},"type":"cloud_run_revision"},"severity":"INFO","timestamp":"2022-05-07T04:03:02.133918Z","trace":"projects/muni-production-f8e72/traces/20cfef4e41a3ad981664f5671fb18ab5"}
{"insertId":"6275ef76000206634d14feb1","jsonPayload":{"ident":"COMPLETE","level":"INFO","message":"Success to fetch optimized image","method":"WorkAPI","timestamp":"2022-5-7 4:3:2","workId":"xG9PAetzh30RsaYB2CPm"},"labels":{"instanceId":"0067430fbdd0a70138bfabd74feb01b624d90cb4bd534ef1d388ec5280b2fab42cf140ff9f3cfe3d69242256eef3069e99349eab6bcb5c4e42ecf008dfd06763"},"logName":"projects/muni-production-f8e72/logs/run.googleapis.com%2Fstdout","receiveTimestamp":"2022-05-07T04:03:02.249384726Z","resource":{"labels":{"configuration_name":"muni-back","location":"asia-northeast1","project_id":"muni-production-f8e72","revision_name":"muni-back-hpgtt","service_name":"muni-back"},"type":"cloud_run_revision"},"timestamp":"2022-05-07T04:03:02.132707Z"}
{"insertId":"6275ef7500090754cc923e6b","jsonPayload":{"ident":"RECIEVED","level":"INFO","message":"Request recieved for xG9PAetzh30RsaYB2CPm.","method":"WorkAPI","timestamp":"2022-5-7 4:3:1","workId":"xG9PAetzh30RsaYB2CPm"},"labels":{"instanceId":"0067430fbdd0a70138bfabd74feb01b624d90cb4bd534ef1d388ec5280b2fab42cf140ff9f3cfe3d69242256eef3069e99349eab6bcb5c4e42ecf008dfd06763"},"logName":"projects/muni-production-f8e72/logs/run.googleapis.com%2Fstdout","receiveTimestamp":"2022-05-07T04:03:01.917461824Z","resource":{"labels":{"configuration_name":"muni-back","location":"asia-northeast1","project_id":"muni-production-f8e72","revision_name":"muni-back-hpgtt","service_name":"muni-back"},"type":"cloud_run_revision"},"timestamp":"2022-05-07T04:03:01.591700Z"}
{"httpRequest":{"latency":"0.667495470s","protocol":"HTTP/1.1","referer":"https://muni.ink/","remoteIp":"66.249.89.52","requestMethod":"GET","requestSize":"797","requestUrl":"https://storage.muni.ink/work/9k20asICrbZn2X8iP32f?thumbnail=true","responseSize":"26058","serverIp":"35.241.42.228","status":200,"userAgent":"Mozilla/5.0 (iPhone; CPU iPhone OS 9_1 like Mac OS X) AppleWebKit/601.1.46 (KHTML, like Gecko) Version/9.0 Mobile/13B143 Safari/601.1 (compatible; AdsBot-Google-Mobile; +http://www.google.com/mobile/adsbot.html)"},"insertId":"6275ef750003c7d29e9e4f66","labels":{"instanceId":"0067430fbdd0a70138bfabd74feb01b624d90cb4bd534ef1d388ec5280b2fab42cf140ff9f3cfe3d69242256eef3069e99349eab6bcb5c4e42ecf008dfd06763"},"logName":"projects/muni-production-f8e72/logs/run.googleapis.com%2Frequests","receiveTimestamp":"2022-05-07T04:03:01.248621518Z","resource":{"labels":{"configuration_name":"muni-back","location":"asia-northeast1","project_id":"muni-production-f8e72","revision_name":"muni-back-hpgtt","service_name":"muni-back"},"type":"cloud_run_revision"},"severity":"INFO","timestamp":"2022-05-07T04:03:01.247762Z","trace":"projects/muni-production-f8e72/traces/b147309828ffd5d77b277a26570aadbd"}
{"insertId":"6275ef750003c2b21db7bc71","jsonPayload":{"ident":"COMPLETE","level":"INFO","message":"Success to fetch optimized image","method":"WorkAPI","timestamp":"2022-5-7 4:3:1","workId":"9k20asICrbZn2X8iP32f"},"labels":{"instanceId":"0067430fbdd0a70138bfabd74feb01b624d90cb4bd534ef1d388ec5280b2fab42cf140ff9f3cfe3d69242256eef3069e99349eab6bcb5c4e42ecf008dfd06763"},"logName":"projects/muni-production-f8e72/logs/run.googleapis.com%2Fstdout","receiveTimestamp":"2022-05-07T04:03:01.250413280Z","resource":{"labels":{"configuration_name":"muni-back","location":"asia-northeast1","project_id":"muni-production-f8e72","revision_name":"muni-back-hpgtt","service_name":"muni-back"},"type":"cloud_run_revision"},"timestamp":"2022-05-07T04:03:01.246450Z"}
{"insertId":"6275ef740008e0491f08e50a","jsonPayload":{"ident":"RECIEVED","level":"INFO","message":"Request recieved for 9k20asICrbZn2X8iP32f.","method":"WorkAPI","timestamp":"2022-5-7 4:3:0","workId":"9k20asICrbZn2X8iP32f"},"labels":{"instanceId":"0067430fbdd0a70138bfabd74feb01b624d90cb4bd534ef1d388ec5280b2fab42cf140ff9f3cfe3d69242256eef3069e99349eab6bcb5c4e42ecf008dfd06763"},"logName":"projects/muni-production-f8e72/logs/run.googleapis.com%2Fstdout","receiveTimestamp":"2022-05-07T04:03:00.586008344Z","resource":{"labels":{"configuration_name":"muni-back","location":"asia-northeast1","project_id":"muni-production-f8e72","revision_name":"muni-back-hpgtt","service_name":"muni-back"},"type":"cloud_run_revision"},"timestamp":"2022-05-07T04:03:00.581705Z"}
{"httpRequest":{"latency":"0.008941613s","protocol":"HTTP/1.1","referer":"https://muni.ink/","remoteIp":"66.249.89.148","requestMethod":"GET","requestSize":"763","requestUrl":"https://muni.ink/prepare2_metamask.svg","responseSize":"2500","serverIp":"35.241.42.228","status":200,"userAgent":"Mozilla/5.0 (iPhone; CPU iPhone OS 9_1 like Mac OS X) AppleWebKit/601.1.46 (KHTML, like Gecko) Version/9.0 Mobile/13B143 Safari/601.1 (compatible; AdsBot-Google-Mobile; +http://www.google.com/mobile/adsbot.html)"},"insertId":"6275ef73000896944e0784fe","labels":{"instanceId":"0067430fbd87d90256f2e59c0e4f2aba79064af94274bcdca0bfd9a4455db453dd53d295d547db6545ed9cc9551a52d296a212b63abb9a20086c4a0b06358f2c"},"logName":"projects/muni-production-f8e72/logs/run.googleapis.com%2Frequests","receiveTimestamp":"2022-05-07T04:02:59.828920065Z","resource":{"labels":{"configuration_name":"muni-front","location":"asia-northeast1","project_id":"muni-production-f8e72","revision_name":"muni-front-jq7fz","service_name":"muni-front"},"type":"cloud_run_revision"},"severity":"INFO","timestamp":"2022-05-07T04:02:59.562836Z","trace":"projects/muni-production-f8e72/traces/78b8309a6cde41c7ea7dff089a759603"}
{"httpRequest":{"latency":"0.006416851s","protocol":"HTTP/1.1","referer":"https://muni.ink/","remoteIp":"66.249.89.148","requestMethod":"GET","requestSize":"761","requestUrl":"https://muni.ink/howtouse_arrow_v.svg","responseSize":"1750","serverIp":"35.241.42.228","status":200,"userAgent":"Mozilla/5.0 (iPhone; CPU iPhone OS 9_1 like Mac OS X) AppleWebKit/601.1.46 (KHTML, like Gecko) Version/9.0 Mobile/13B143 Safari/601.1 (compatible; AdsBot-Google-Mobile; +http://www.google.com/mobile/adsbot.html)"},"insertId":"6275ef730000e8fafba450b2","labels":{"instanceId":"0067430fbd87d90256f2e59c0e4f2aba79064af94274bcdca0bfd9a4455db453dd53d295d547db6545ed9cc9551a52d296a212b63abb9a20086c4a0b06358f2c"},"logName":"projects/muni-production-f8e72/logs/run.googleapis.com%2Frequests","receiveTimestamp":"2022-05-07T04:02:59.162761126Z","resource":{"labels":{"configuration_name":"muni-front","location":"asia-northeast1","project_id":"muni-production-f8e72","revision_name":"muni-front-jq7fz","service_name":"muni-front"},"type":"cloud_run_revision"},"severity":"INFO","timestamp":"2022-05-07T04:02:59.059642Z","trace":"projects/muni-production-f8e72/traces/68fa73b1387a04387695b2f978ca5677"}
{"httpRequest":{"latency":"0.004406492s","protocol":"HTTP/1.1","referer":"https://muni.ink/","remoteIp":"66.249.89.148","requestMethod":"GET","requestSize":"760","requestUrl":"https://muni.ink/prepare1_images.svg","responseSize":"4711","serverIp":"35.241.42.228","status":200,"userAgent":"Mozilla/5.0 (iPhone; CPU iPhone OS 9_1 like Mac OS X) AppleWebKit/601.1.46 (KHTML, like Gecko) Version/9.0 Mobile/13B143 Safari/601.1 (compatible; AdsBot-Google-Mobile; +http://www.google.com/mobile/adsbot.html)"},"insertId":"6275ef72000892b2305bd222","labels":{"instanceId":"0067430fbd87d90256f2e59c0e4f2aba79064af94274bcdca0bfd9a4455db453dd53d295d547db6545ed9cc9551a52d296a212b63abb9a20086c4a0b06358f2c"},"logName":"projects/muni-production-f8e72/logs/run.googleapis.com%2Frequests","receiveTimestamp":"2022-05-07T04:02:58.829614325Z","resource":{"labels":{"configuration_name":"muni-front","location":"asia-northeast1","project_id":"muni-production-f8e72","revision_name":"muni-front-jq7fz","service_name":"muni-front"},"type":"cloud_run_revision"},"severity":"INFO","timestamp":"2022-05-07T04:02:58.561842Z","trace":"projects/muni-production-f8e72/traces/9433170d8a32de31edc4d317b6a6f8dd"}
{"httpRequest":{"latency":"0.002829950s","protocol":"HTTP/1.1","referer":"https://muni.ink/","remoteIp":"66.249.89.148","requestMethod":"GET","requestSize":"848","requestUrl":"https://muni.ink/howtouse2_upload.svg","responseSize":"721","serverIp":"35.241.42.228","status":304,"userAgent":"Mozilla/5.0 (iPhone; CPU iPhone OS 9_1 like Mac OS X) AppleWebKit/601.1.46 (KHTML, like Gecko) Version/9.0 Mobile/13B143 Safari/601.1 (compatible; AdsBot-Google-Mobile; +http://www.google.com/mobile/adsbot.html)"},"insertId":"6275ef720000f45b32e14a5c","labels":{"instanceId":"0067430fbd87d90256f2e59c0e4f2aba79064af94274bcdca0bfd9a4455db453dd53d295d547db6545ed9cc9551a52d296a212b63abb9a20086c4a0b06358f2c"},"logName":"projects/muni-production-f8e72/logs/run.googleapis.com%2Frequests","receiveTimestamp":"2022-05-07T04:02:58.163061684Z","resource":{"labels":{"configuration_name":"muni-front","location":"asia-northeast1","project_id":"muni-production-f8e72","revision_name":"muni-front-jq7fz","service_name":"muni-front"},"type":"cloud_run_revision"},"severity":"INFO","timestamp":"2022-05-07T04:02:58.062555Z","trace":"projects/muni-production-f8e72/traces/83e9e7dfc3fad476b8f10f3fb90a48bd"}
{"httpRequest":{"latency":"0.003041631s","protocol":"HTTP/1.1","referer":"https://muni.ink/","remoteIp":"66.249.89.148","requestMethod":"GET","requestSize":"849","requestUrl":"https://muni.ink/nft_description.svg","responseSize":"722","serverIp":"35.241.42.228","status":304,"userAgent":"Mozilla/5.0 (iPhone; CPU iPhone OS 9_1 like Mac OS X) AppleWebKit/601.1.46 (KHTML, like Gecko) Version/9.0 Mobile/13B143 Safari/601.1 (compatible; AdsBot-Google-Mobile; +http://www.google.com/mobile/adsbot.html)"},"insertId":"6275ef710008a0ea4d4dbcdb","labels":{"instanceId":"0067430fbd87d90256f2e59c0e4f2aba79064af94274bcdca0bfd9a4455db453dd53d295d547db6545ed9cc9551a52d296a212b63abb9a20086c4a0b06358f2c"},"logName":"projects/muni-production-f8e72/logs/run.googleapis.com%2Frequests","receiveTimestamp":"2022-05-07T04:02:57.828841337Z","resource":{"labels":{"configuration_name":"muni-front","location":"asia-northeast1","project_id":"muni-production-f8e72","revision_name":"muni-front-jq7fz","service_name":"muni-front"},"type":"cloud_run_revision"},"severity":"INFO","timestamp":"2022-05-07T04:02:57.565482Z","trace":"projects/muni-production-f8e72/traces/619c61d75b112a880440e0ae59b960ae"}
{"httpRequest":{"latency":"0.008575167s","protocol":"HTTP/1.1","referer":"https://muni.ink/","remoteIp":"66.249.89.148","requestMethod":"GET","requestSize":"763","requestUrl":"https://muni.ink/howtouse3_convert.svg","responseSize":"5134","serverIp":"35.241.42.228","status":200,"userAgent":"Mozilla/5.0 (iPhone; CPU iPhone OS 9_1 like Mac OS X) AppleWebKit/601.1.46 (KHTML, like Gecko) Version/9.0 Mobile/13B143 Safari/601.1 (compatible; AdsBot-Google-Mobile; +http://www.google.com/mobile/adsbot.html)"},"insertId":"6275ef7100010ab7291f8f3c","labels":{"instanceId":"0067430fbd87d90256f2e59c0e4f2aba79064af94274bcdca0bfd9a4455db453dd53d295d547db6545ed9cc9551a52d296a212b63abb9a20086c4a0b06358f2c"},"logName":"projects/muni-production-f8e72/logs/run.googleapis.com%2Frequests","receiveTimestamp":"2022-05-07T04:02:57.164674589Z","resource":{"labels":{"configuration_name":"muni-front","location":"asia-northeast1","project_id":"muni-production-f8e72","revision_name":"muni-front-jq7fz","service_name":"muni-front"},"type":"cloud_run_revision"},"severity":"INFO","timestamp":"2022-05-07T04:02:57.068279Z","trace":"projects/muni-production-f8e72/traces/027db42b7bf48c83a26b10662d59a3d7"}
{"httpRequest":{"latency":"0.005185105s","protocol":"HTTP/1.1","referer":"https://muni.ink/","remoteIp":"66.249.89.148","requestMethod":"GET","requestSize":"761","requestUrl":"https://muni.ink/howtouse1_signup.svg","responseSize":"9618","serverIp":"35.241.42.228","status":200,"userAgent":"Mozilla/5.0 (iPhone; CPU iPhone OS 9_1 like Mac OS X) AppleWebKit/601.1.46 (KHTML, like Gecko) Version/9.0 Mobile/13B143 Safari/601.1 (compatible; AdsBot-Google-Mobile; +http://www.google.com/mobile/adsbot.html)"},"insertId":"6275ef70000973c4f84dec26","labels":{"instanceId":"0067430fbd87d90256f2e59c0e4f2aba79064af94274bcdca0bfd9a4455db453dd53d295d547db6545ed9cc9551a52d296a212b63abb9a20086c4a0b06358f2c"},"logName":"projects/muni-production-f8e72/logs/run.googleapis.com%2Frequests","receiveTimestamp":"2022-05-07T04:02:56.832621733Z","resource":{"labels":{"configuration_name":"muni-front","location":"asia-northeast1","project_id":"muni-production-f8e72","revision_name":"muni-front-jq7fz","service_name":"muni-front"},"type":"cloud_run_revision"},"severity":"INFO","timestamp":"2022-05-07T04:02:56.619460Z","trace":"projects/muni-production-f8e72/traces/5af907f719bd10638e39ae41de6ed6cc"}
{"httpRequest":{"latency":"0.003798051s","protocol":"HTTP/1.1","referer":"https://muni.ink/","remoteIp":"66.249.89.148","requestMethod":"GET","requestSize":"718","requestUrl":"https://muni.ink/_next/static/css/7a638e94e1d9107b.css","responseSize":"1302","serverIp":"35.241.42.228","status":200,"userAgent":"Mozilla/5.0 (iPhone; CPU iPhone OS 9_1 like Mac OS X) AppleWebKit/601.1.46 (KHTML, like Gecko) Version/9.0 Mobile/13B143 Safari/601.1 (compatible; AdsBot-Google-Mobile; +http://www.google.com/mobile/adsbot.html)"},"insertId":"6275ef6f00088a7dd0b29509","labels":{"instanceId":"0067430fbd87d90256f2e59c0e4f2aba79064af94274bcdca0bfd9a4455db453dd53d295d547db6545ed9cc9551a52d296a212b63abb9a20086c4a0b06358f2c"},"logName":"projects/muni-production-f8e72/logs/run.googleapis.com%2Frequests","receiveTimestamp":"2022-05-07T04:02:55.831994876Z","resource":{"labels":{"configuration_name":"muni-front","location":"asia-northeast1","project_id":"muni-production-f8e72","revision_name":"muni-front-jq7fz","service_name":"muni-front"},"type":"cloud_run_revision"},"severity":"INFO","timestamp":"2022-05-07T04:02:55.559741Z","trace":"projects/muni-production-f8e72/traces/aa4c8f45ffba27b272fc75216db31b61"}
{"httpRequest":{"latency":"0.003781066s","protocol":"HTTP/1.1","referer":"https://muni.ink/","remoteIp":"66.249.89.148","requestMethod":"GET","requestSize":"717","requestUrl":"https://muni.ink/_next/static/css/c68c0af69704dac3.css","responseSize":"1277","serverIp":"35.241.42.228","status":200,"userAgent":"Mozilla/5.0 (iPhone; CPU iPhone OS 9_1 like Mac OS X) AppleWebKit/601.1.46 (KHTML, like Gecko) Version/9.0 Mobile/13B143 Safari/601.1 (compatible; AdsBot-Google-Mobile; +http://www.google.com/mobile/adsbot.html)"},"insertId":"6275ef6f0001b99c55420d52","labels":{"instanceId":"0067430fbd87d90256f2e59c0e4f2aba79064af94274bcdca0bfd9a4455db453dd53d295d547db6545ed9cc9551a52d296a212b63abb9a20086c4a0b06358f2c"},"logName":"projects/muni-production-f8e72/logs/run.googleapis.com%2Frequests","receiveTimestamp":"2022-05-07T04:02:55.167087282Z","resource":{"labels":{"configuration_name":"muni-front","location":"asia-northeast1","project_id":"muni-production-f8e72","revision_name":"muni-front-jq7fz","service_name":"muni-front"},"type":"cloud_run_revision"},"severity":"INFO","timestamp":"2022-05-07T04:02:55.113052Z","trace":"projects/muni-production-f8e72/traces/f7e7bcf5de8c20301b6eb0957968716e"}
{"httpRequest":{"latency":"0.003100061s","protocol":"HTTP/1.1","referer":"https://muni.ink/","remoteIp":"66.249.89.148","requestMethod":"GET","requestSize":"723","requestUrl":"https://muni.ink/_next/data/IVVvbvvWS4XaF0igaWv4S/index.json","responseSize":"969","serverIp":"35.241.42.228","status":200,"userAgent":"Mozilla/5.0 (iPhone; CPU iPhone OS 9_1 like Mac OS X) AppleWebKit/601.1.46 (KHTML, like Gecko) Version/9.0 Mobile/13B143 Safari/601.1 (compatible; AdsBot-Google-Mobile; +http://www.google.com/mobile/adsbot.html)"},"insertId":"6275ef6c000e059eae12994f","labels":{"instanceId":"0067430fbd87d90256f2e59c0e4f2aba79064af94274bcdca0bfd9a4455db453dd53d295d547db6545ed9cc9551a52d296a212b63abb9a20086c4a0b06358f2c"},"logName":"projects/muni-production-f8e72/logs/run.googleapis.com%2Frequests","receiveTimestamp":"2022-05-07T04:02:53.169211693Z","resource":{"labels":{"configuration_name":"muni-front","location":"asia-northeast1","project_id":"muni-production-f8e72","revision_name":"muni-front-jq7fz","service_name":"muni-front"},"type":"cloud_run_revision"},"severity":"INFO","timestamp":"2022-05-07T04:02:52.918942Z","trace":"projects/muni-production-f8e72/traces/10579ecbd3f4edca08134a507e5b7e02"}
{"httpRequest":{"latency":"0.004343928s","protocol":"HTTP/1.1","referer":"https://muni.ink/","remoteIp":"66.249.89.148","requestMethod":"GET","requestSize":"787","requestUrl":"https://muni.ink/_next/static/chunks/pages/article/%5Bid%5D-ba2e332a731b1526.js","responseSize":"2326","serverIp":"35.241.42.228","status":200,"userAgent":"Mozilla/5.0 (iPhone; CPU iPhone OS 9_1 like Mac OS X) AppleWebKit/601.1.46 (KHTML, like Gecko) Version/9.0 Mobile/13B143 Safari/601.1 (compatible; AdsBot-Google-Mobile; +http://www.google.com/mobile/adsbot.html)"},"insertId":"6275ef6b0006870e7a1f14e1","labels":{"instanceId":"0067430fbd87d90256f2e59c0e4f2aba79064af94274bcdca0bfd9a4455db453dd53d295d547db6545ed9cc9551a52d296a212b63abb9a20086c4a0b06358f2c"},"logName":"projects/muni-production-f8e72/logs/run.googleapis.com%2Frequests","receiveTimestamp":"2022-05-07T04:02:51.503726376Z","resource":{"labels":{"configuration_name":"muni-front","location":"asia-northeast1","project_id":"muni-production-f8e72","revision_name":"muni-front-jq7fz","service_name":"muni-front"},"type":"cloud_run_revision"},"severity":"INFO","timestamp":"2022-05-07T04:02:51.427790Z","trace":"projects/muni-production-f8e72/traces/a682f5011b9793200c7fe87977e75bc4"}
{"httpRequest":{"latency":"0.004077166s","protocol":"HTTP/1.1","referer":"https://muni.ink/","remoteIp":"66.249.89.148","requestMethod":"GET","requestSize":"777","requestUrl":"https://muni.ink/_next/static/chunks/pages/signin-f2391a0824390239.js","responseSize":"2160","serverIp":"35.241.42.228","status":200,"userAgent":"Mozilla/5.0 (iPhone; CPU iPhone OS 9_1 like Mac OS X) AppleWebKit/601.1.46 (KHTML, like Gecko) Version/9.0 Mobile/13B143 Safari/601.1 (compatible; AdsBot-Google-Mobile; +http://www.google.com/mobile/adsbot.html)"},"insertId":"6275ef6a000e3d18b1aa7782","labels":{"instanceId":"0067430fbd87d90256f2e59c0e4f2aba79064af94274bcdca0bfd9a4455db453dd53d295d547db6545ed9cc9551a52d296a212b63abb9a20086c4a0b06358f2c"},"logName":"projects/muni-production-f8e72/logs/run.googleapis.com%2Frequests","receiveTimestamp":"2022-05-07T04:02:51.170111256Z","resource":{"labels":{"configuration_name":"muni-front","location":"asia-northeast1","project_id":"muni-production-f8e72","revision_name":"muni-front-jq7fz","service_name":"muni-front"},"type":"cloud_run_revision"},"severity":"INFO","timestamp":"2022-05-07T04:02:50.933144Z","trace":"projects/muni-production-f8e72/traces/3db1d4ac07b90e49b7099cbf50f87dfa"}
{"httpRequest":{"latency":"0.004568317s","protocol":"HTTP/1.1","referer":"https://muni.ink/","remoteIp":"66.249.89.148","requestMethod":"GET","requestSize":"769","requestUrl":"https://muni.ink/_next/static/chunks/538-535bfdc433424381.js","responseSize":"5334","serverIp":"35.241.42.228","status":200,"userAgent":"Mozilla/5.0 (iPhone; CPU iPhone OS 9_1 like Mac OS X) AppleWebKit/601.1.46 (KHTML, like Gecko) Version/9.0 Mobile/13B143 Safari/601.1 (compatible; AdsBot-Google-Mobile; +http://www.google.com/mobile/adsbot.html)"},"insertId":"6275ef69000e5d21471b6a94","labels":{"instanceId":"0067430fbd87d90256f2e59c0e4f2aba79064af94274bcdca0bfd9a4455db453dd53d295d547db6545ed9cc9551a52d296a212b63abb9a20086c4a0b06358f2c"},"logName":"projects/muni-production-f8e72/logs/run.googleapis.com%2Frequests","receiveTimestamp":"2022-05-07T04:02:50.172526809Z","resource":{"labels":{"configuration_name":"muni-front","location":"asia-northeast1","project_id":"muni-production-f8e72","revision_name":"muni-front-jq7fz","service_name":"muni-front"},"type":"cloud_run_revision"},"severity":"INFO","timestamp":"2022-05-07T04:02:49.941345Z","trace":"projects/muni-production-f8e72/traces/48ebd5ee0696e765e51e20ba2cee5a29"}
{"httpRequest":{"latency":"0.005024399s","protocol":"HTTP/1.1","referer":"https://muni.ink/","remoteIp":"66.249.89.148","requestMethod":"GET","requestSize":"769","requestUrl":"https://muni.ink/_next/static/chunks/512-ebe36cd4932e0284.js","responseSize":"6846","serverIp":"35.241.42.228","status":200,"userAgent":"Mozilla/5.0 (iPhone; CPU iPhone OS 9_1 like Mac OS X) AppleWebKit/601.1.46 (KHTML, like Gecko) Version/9.0 Mobile/13B143 Safari/601.1 (compatible; AdsBot-Google-Mobile; +http://www.google.com/mobile/adsbot.html)"},"insertId":"6275ef690006c52efefdeeb1","labels":{"instanceId":"0067430fbd87d90256f2e59c0e4f2aba79064af94274bcdca0bfd9a4455db453dd53d295d547db6545ed9cc9551a52d296a212b63abb9a20086c4a0b06358f2c"},"logName":"projects/muni-production-f8e72/logs/run.googleapis.com%2Frequests","receiveTimestamp":"2022-05-07T04:02:49.506247927Z","resource":{"labels":{"configuration_name":"muni-front","location":"asia-northeast1","project_id":"muni-production-f8e72","revision_name":"muni-front-jq7fz","service_name":"muni-front"},"type":"cloud_run_revision"},"severity":"INFO","timestamp":"2022-05-07T04:02:49.443694Z","trace":"projects/muni-production-f8e72/traces/3ece42a32e754c078e0fa7fd1ff2cef7"}
{"httpRequest":{"latency":"0.004872257s","protocol":"HTTP/1.1","referer":"https://muni.ink/","remoteIp":"66.249.89.148","requestMethod":"GET","requestSize":"788","requestUrl":"https://muni.ink/_next/image?url=%2Flogo_landing.png&w=384&q=75","responseSize":"6536","serverIp":"35.241.42.228","status":200,"userAgent":"Mozilla/5.0 (iPhone; CPU iPhone OS 9_1 like Mac OS X) AppleWebKit/601.1.46 (KHTML, like Gecko) Version/9.0 Mobile/13B143 Safari/601.1 (compatible; AdsBot-Google-Mobile; +http://www.google.com/mobile/adsbot.html)"},"insertId":"6275ef68000e6de0eeb03ebf","labels":{"instanceId":"0067430fbd87d90256f2e59c0e4f2aba79064af94274bcdca0bfd9a4455db453dd53d295d547db6545ed9cc9551a52d296a212b63abb9a20086c4a0b06358f2c"},"logName":"projects/muni-production-f8e72/logs/run.googleapis.com%2Frequests","receiveTimestamp":"2022-05-07T04:02:49.172255677Z","resource":{"labels":{"configuration_name":"muni-front","location":"asia-northeast1","project_id":"muni-production-f8e72","revision_name":"muni-front-jq7fz","service_name":"muni-front"},"type":"cloud_run_revision"},"severity":"INFO","timestamp":"2022-05-07T04:02:48.945632Z","trace":"projects/muni-production-f8e72/traces/291020295d1218fbc3280c991735c862"}
{"httpRequest":{"latency":"0.005901560s","protocol":"HTTP/1.1","referer":"https://muni.ink/","remoteIp":"66.249.89.148","requestMethod":"GET","requestSize":"791","requestUrl":"https://muni.ink/_next/image?url=%2Flogo_horizontal.png&w=384&q=75","responseSize":"3987","serverIp":"35.241.42.228","status":200,"userAgent":"Mozilla/5.0 (iPhone; CPU iPhone OS 9_1 like Mac OS X) AppleWebKit/601.1.46 (KHTML, like Gecko) Version/9.0 Mobile/13B143 Safari/601.1 (compatible; AdsBot-Google-Mobile; +http://www.google.com/mobile/adsbot.html)"},"insertId":"6275ef680007ade3560acb70","labels":{"instanceId":"0067430fbd87d90256f2e59c0e4f2aba79064af94274bcdca0bfd9a4455db453dd53d295d547db6545ed9cc9551a52d296a212b63abb9a20086c4a0b06358f2c"},"logName":"projects/muni-production-f8e72/logs/run.googleapis.com%2Frequests","receiveTimestamp":"2022-05-07T04:02:48.506291554Z","resource":{"labels":{"configuration_name":"muni-front","location":"asia-northeast1","project_id":"muni-production-f8e72","revision_name":"muni-front-jq7fz","service_name":"muni-front"},"type":"cloud_run_revision"},"severity":"INFO","timestamp":"2022-05-07T04:02:48.503267Z","trace":"projects/muni-production-f8e72/traces/80e11538a11fba2900029117d83c6cb0"}
{"httpRequest":{"latency":"0.259470843s","protocol":"HTTP/1.1","referer":"https://muni.ink/","remoteIp":"66.249.89.220","requestMethod":"POST","requestSize":"696","requestUrl":"https://api.muni.ink/recent","responseSize":"12342","serverIp":"35.241.42.228","status":200,"userAgent":"Mozilla/5.0 (iPhone; CPU iPhone OS 9_1 like Mac OS X) AppleWebKit/601.1.46 (KHTML, like Gecko) Version/9.0 Mobile/13B143 Safari/601.1 (compatible; AdsBot-Google-Mobile; +http://www.google.com/mobile/adsbot.html)"},"insertId":"6275ef6800009abf51e9d78f","labels":{"instanceId":"0067430fbdd0a70138bfabd74feb01b624d90cb4bd534ef1d388ec5280b2fab42cf140ff9f3cfe3d69242256eef3069e99349eab6bcb5c4e42ecf008dfd06763"},"logName":"projects/muni-production-f8e72/logs/run.googleapis.com%2Frequests","receiveTimestamp":"2022-05-07T04:02:48.369786885Z","resource":{"labels":{"configuration_name":"muni-back","location":"asia-northeast1","project_id":"muni-production-f8e72","revision_name":"muni-back-hpgtt","service_name":"muni-back"},"type":"cloud_run_revision"},"severity":"INFO","timestamp":"2022-05-07T04:02:48.039615Z","trace":"projects/muni-production-f8e72/traces/766a4a66b1ec6eb51f0b9ef87f1f309d"}
{"insertId":"6275ef68000095a68c1634f4","jsonPayload":{"ident":"FETCH_SUCCESS","level":"INFO","message":"Success to fetch.","method":"RecentPostAPI","timestamp":"2022-5-7 4:2:48"},"labels":{"instanceId":"0067430fbdd0a70138bfabd74feb01b624d90cb4bd534ef1d388ec5280b2fab42cf140ff9f3cfe3d69242256eef3069e99349eab6bcb5c4e42ecf008dfd06763"},"logName":"projects/muni-production-f8e72/logs/run.googleapis.com%2Fstdout","receiveTimestamp":"2022-05-07T04:02:48.116752735Z","resource":{"labels":{"configuration_name":"muni-back","location":"asia-northeast1","project_id":"muni-production-f8e72","revision_name":"muni-back-hpgtt","service_name":"muni-back"},"type":"cloud_run_revision"},"timestamp":"2022-05-07T04:02:48.038310Z"}
{"insertId":"6275ef67000bed9f6893b1d3","jsonPayload":{"ident":"RECIEVE","level":"INFO","message":"Recieve the recent posted works request.","method":"RecentPostAPI","timestamp":"2022-5-7 4:2:47"},"labels":{"instanceId":"0067430fbdd0a70138bfabd74feb01b624d90cb4bd534ef1d388ec5280b2fab42cf140ff9f3cfe3d69242256eef3069e99349eab6bcb5c4e42ecf008dfd06763"},"logName":"projects/muni-production-f8e72/logs/run.googleapis.com%2Fstdout","receiveTimestamp":"2022-05-07T04:02:47.784822457Z","resource":{"labels":{"configuration_name":"muni-back","location":"asia-northeast1","project_id":"muni-production-f8e72","revision_name":"muni-back-hpgtt","service_name":"muni-back"},"type":"cloud_run_revision"},"timestamp":"2022-05-07T04:02:47.781727Z"}
{"httpRequest":{"latency":"0.002195937s","protocol":"HTTP/1.1","referer":"https://muni.ink/","remoteIp":"66.249.89.222","requestMethod":"OPTIONS","requestSize":"716","requestUrl":"https://api.muni.ink/recent","responseSize":"853","serverIp":"35.241.42.228","status":204,"userAgent":"Mozilla/5.0 (iPhone; CPU iPhone OS 9_1 like Mac OS X) AppleWebKit/601.1.46 (KHTML, like Gecko) Version/9.0 Mobile/13B143 Safari/601.1 (compatible; AdsBot-Google-Mobile; +http://www.google.com/mobile/adsbot.html)"},"insertId":"6275ef67000599b262a0ced0","labels":{"instanceId":"0067430fbdd0a70138bfabd74feb01b624d90cb4bd534ef1d388ec5280b2fab42cf140ff9f3cfe3d69242256eef3069e99349eab6bcb5c4e42ecf008dfd06763"},"logName":"projects/muni-production-f8e72/logs/run.googleapis.com%2Frequests","receiveTimestamp":"2022-05-07T04:02:47.370869324Z","resource":{"labels":{"configuration_name":"muni-back","location":"asia-northeast1","project_id":"muni-production-f8e72","revision_name":"muni-back-hpgtt","service_name":"muni-back"},"type":"cloud_run_revision"},"severity":"INFO","timestamp":"2022-05-07T04:02:47.367026Z","trace":"projects/muni-production-f8e72/traces/36efd89d7603eb1260dfca77caa789b9"}
{"httpRequest":{"latency":"0.004921369s","protocol":"HTTP/1.1","referer":"https://muni.ink/","remoteIp":"66.249.89.148","requestMethod":"GET","requestSize":"642","requestUrl":"https://muni.ink/_next/static/IVVvbvvWS4XaF0igaWv4S/_buildManifest.js","responseSize":"1668","serverIp":"35.241.42.228","status":200,"userAgent":"Mozilla/5.0 (iPhone; CPU iPhone OS 9_1 like Mac OS X) AppleWebKit/601.1.46 (KHTML, like Gecko) Version/9.0 Mobile/13B143 Safari/601.1 (compatible; AdsBot-Google-Mobile; +http://www.google.com/mobile/adsbot.html)"},"insertId":"6275ef52000a1420bba84c1c","labels":{"instanceId":"0067430fbd87d90256f2e59c0e4f2aba79064af94274bcdca0bfd9a4455db453dd53d295d547db6545ed9cc9551a52d296a212b63abb9a20086c4a0b06358f2c"},"logName":"projects/muni-production-f8e72/logs/run.googleapis.com%2Frequests","receiveTimestamp":"2022-05-07T04:02:26.758561106Z","resource":{"labels":{"configuration_name":"muni-front","location":"asia-northeast1","project_id":"muni-production-f8e72","revision_name":"muni-front-jq7fz","service_name":"muni-front"},"type":"cloud_run_revision"},"severity":"INFO","timestamp":"2022-05-07T04:02:26.660512Z","trace":"projects/muni-production-f8e72/traces/21c41c74c42c5f2645436b576b33e1fe"}
{"httpRequest":{"latency":"0.003102769s","protocol":"HTTP/1.1","referer":"https://muni.ink/","remoteIp":"66.249.89.149","requestMethod":"GET","requestSize":"640","requestUrl":"https://muni.ink/_next/static/IVVvbvvWS4XaF0igaWv4S/_ssgManifest.js","responseSize":"962","serverIp":"35.241.42.228","status":200,"userAgent":"Mozilla/5.0 (iPhone; CPU iPhone OS 9_1 like Mac OS X) AppleWebKit/601.1.46 (KHTML, like Gecko) Version/9.0 Mobile/13B143 Safari/601.1 (compatible; AdsBot-Google-Mobile; +http://www.google.com/mobile/adsbot.html)"},"insertId":"6275ef50000ba1b7a144fbc5","labels":{"instanceId":"0067430fbd87d90256f2e59c0e4f2aba79064af94274bcdca0bfd9a4455db453dd53d295d547db6545ed9cc9551a52d296a212b63abb9a20086c4a0b06358f2c"},"logName":"projects/muni-production-f8e72/logs/run.googleapis.com%2Frequests","receiveTimestamp":"2022-05-07T04:02:25.092959215Z","resource":{"labels":{"configuration_name":"muni-front","location":"asia-northeast1","project_id":"muni-production-f8e72","revision_name":"muni-front-jq7fz","service_name":"muni-front"},"type":"cloud_run_revision"},"severity":"INFO","timestamp":"2022-05-07T04:02:24.762295Z","trace":"projects/muni-production-f8e72/traces/1ab9611d033704be6c3d9521cf934ada"}
{"httpRequest":{"latency":"0.003667706s","protocol":"HTTP/1.1","referer":"https://muni.ink/","remoteIp":"66.249.89.149","requestMethod":"GET","requestSize":"637","requestUrl":"https://muni.ink/_next/static/chunks/webpack-434fefa8f39d8fbc.js","responseSize":"1757","serverIp":"35.241.42.228","status":200,"userAgent":"Mozilla/5.0 (iPhone; CPU iPhone OS 9_1 like Mac OS X) AppleWebKit/601.1.46 (KHTML, like Gecko) Version/9.0 Mobile/13B143 Safari/601.1 (compatible; AdsBot-Google-Mobile; +http://www.google.com/mobile/adsbot.html)"},"insertId":"6275ef50000469a779b0c6fc","labels":{"instanceId":"0067430fbd87d90256f2e59c0e4f2aba79064af94274bcdca0bfd9a4455db453dd53d295d547db6545ed9cc9551a52d296a212b63abb9a20086c4a0b06358f2c"},"logName":"projects/muni-production-f8e72/logs/run.googleapis.com%2Frequests","receiveTimestamp":"2022-05-07T04:02:24.427277047Z","resource":{"labels":{"configuration_name":"muni-front","location":"asia-northeast1","project_id":"muni-production-f8e72","revision_name":"muni-front-jq7fz","service_name":"muni-front"},"type":"cloud_run_revision"},"severity":"INFO","timestamp":"2022-05-07T04:02:24.289191Z","trace":"projects/muni-production-f8e72/traces/c49c9cb5312683f617df33bef1f6852c"}
{"httpRequest":{"latency":"0.004218500s","protocol":"HTTP/1.1","referer":"https://muni.ink/","remoteIp":"66.249.89.149","requestMethod":"GET","requestSize":"643","requestUrl":"https://muni.ink/_next/static/css/a5b1c8a8cd6b40f6.css","responseSize":"5301","serverIp":"35.241.42.228","status":200,"userAgent":"Mozilla/5.0 (iPhone; CPU iPhone OS 9_1 like Mac OS X) AppleWebKit/601.1.46 (KHTML, like Gecko) Version/9.0 Mobile/13B143 Safari/601.1 (compatible; AdsBot-Google-Mobile; +http://www.google.com/mobile/adsbot.html)"},"insertId":"6275ef4f0005671da8bfbb1f","labels":{"instanceId":"0067430fbd87d90256f2e59c0e4f2aba79064af94274bcdca0bfd9a4455db453dd53d295d547db6545ed9cc9551a52d296a212b63abb9a20086c4a0b06358f2c"},"logName":"projects/muni-production-f8e72/logs/run.googleapis.com%2Frequests","receiveTimestamp":"2022-05-07T04:02:23.428305403Z","resource":{"labels":{"configuration_name":"muni-front","location":"asia-northeast1","project_id":"muni-production-f8e72","revision_name":"muni-front-jq7fz","service_name":"muni-front"},"type":"cloud_run_revision"},"severity":"INFO","timestamp":"2022-05-07T04:02:23.354077Z","trace":"projects/muni-production-f8e72/traces/9890aefcb64e7d61cf7e619981789862"}
{"httpRequest":{"latency":"0.004126038s","protocol":"HTTP/1.1","referer":"https://muni.ink/","remoteIp":"66.249.89.149","requestMethod":"GET","requestSize":"634","requestUrl":"https://muni.ink/_next/static/chunks/628-b8825c0c7ba71b31.js","responseSize":"5034","serverIp":"35.241.42.228","status":200,"userAgent":"Mozilla/5.0 (iPhone; CPU iPhone OS 9_1 like Mac OS X) AppleWebKit/601.1.46 (KHTML, like Gecko) Version/9.0 Mobile/13B143 Safari/601.1 (compatible; AdsBot-Google-Mobile; +http://www.google.com/mobile/adsbot.html)"},"insertId":"6275ef4e000d8654672a2d43","labels":{"instanceId":"0067430fbd87d90256f2e59c0e4f2aba79064af94274bcdca0bfd9a4455db453dd53d295d547db6545ed9cc9551a52d296a212b63abb9a20086c4a0b06358f2c"},"logName":"projects/muni-production-f8e72/logs/run.googleapis.com%2Frequests","receiveTimestamp":"2022-05-07T04:02:23.095472153Z","resource":{"labels":{"configuration_name":"muni-front","location":"asia-northeast1","project_id":"muni-production-f8e72","revision_name":"muni-front-jq7fz","service_name":"muni-front"},"type":"cloud_run_revision"},"severity":"INFO","timestamp":"2022-05-07T04:02:22.886356Z","trace":"projects/muni-production-f8e72/traces/e54b6a54065212ee5b391d22ab2f75c9"}
{"httpRequest":{"latency":"0.005961063s","protocol":"HTTP/1.1","referer":"https://muni.ink/","remoteIp":"66.249.89.148","requestMethod":"GET","requestSize":"642","requestUrl":"https://muni.ink/_next/static/chunks/pages/index-65694bb50f9c6c5b.js","responseSize":"6186","serverIp":"35.241.42.228","status":200,"userAgent":"Mozilla/5.0 (iPhone; CPU iPhone OS 9_1 like Mac OS X) AppleWebKit/601.1.46 (KHTML, like Gecko) Version/9.0 Mobile/13B143 Safari/601.1 (compatible; AdsBot-Google-Mobile; +http://www.google.com/mobile/adsbot.html)"},"insertId":"6275ef4e0006763d9ef9139a","labels":{"instanceId":"0067430fbd87d90256f2e59c0e4f2aba79064af94274bcdca0bfd9a4455db453dd53d295d547db6545ed9cc9551a52d296a212b63abb9a20086c4a0b06358f2c"},"logName":"projects/muni-production-f8e72/logs/run.googleapis.com%2Frequests","receiveTimestamp":"2022-05-07T04:02:22.428403401Z","resource":{"labels":{"configuration_name":"muni-front","location":"asia-northeast1","project_id":"muni-production-f8e72","revision_name":"muni-front-jq7fz","service_name":"muni-front"},"type":"cloud_run_revision"},"severity":"INFO","timestamp":"2022-05-07T04:02:22.423485Z","trace":"projects/muni-production-f8e72/traces/84ae0403a3e5d9b876787f8c86416928"}
{"httpRequest":{"latency":"0.011069988s","protocol":"HTTP/1.1","referer":"https://muni.ink/","remoteIp":"66.249.89.149","requestMethod":"GET","requestSize":"639","requestUrl":"https://muni.ink/_next/static/chunks/framework-bb5c596eafb42b22.js","responseSize":"43037","serverIp":"35.241.42.228","status":200,"userAgent":"Mozilla/5.0 (iPhone; CPU iPhone OS 9_1 like Mac OS X) AppleWebKit/601.1.46 (KHTML, like Gecko) Version/9.0 Mobile/13B143 Safari/601.1 (compatible; AdsBot-Google-Mobile; +http://www.google.com/mobile/adsbot.html)"},"insertId":"6275ef4d000ebd4d29ebce00","labels":{"instanceId":"0067430fbd87d90256f2e59c0e4f2aba79064af94274bcdca0bfd9a4455db453dd53d295d547db6545ed9cc9551a52d296a212b63abb9a20086c4a0b06358f2c"},"logName":"projects/muni-production-f8e72/logs/run.googleapis.com%2Frequests","receiveTimestamp":"2022-05-07T04:02:22.095896688Z","resource":{"labels":{"configuration_name":"muni-front","location":"asia-northeast1","project_id":"muni-production-f8e72","revision_name":"muni-front-jq7fz","service_name":"muni-front"},"type":"cloud_run_revision"},"severity":"INFO","timestamp":"2022-05-07T04:02:21.965965Z","trace":"projects/muni-production-f8e72/traces/604b8ecf79c85e71b566d1de7a840331"}
{"httpRequest":{"latency":"0.003888837s","protocol":"HTTP/1.1","referer":"https://muni.ink/","remoteIp":"66.249.89.149","requestMethod":"GET","requestSize":"638","requestUrl":"https://muni.ink/_next/static/chunks/cb1608f2-f65392b0806bbbc8.js","responseSize":"1886","serverIp":"35.241.42.228","status":200,"userAgent":"Mozilla/5.0 (iPhone; CPU iPhone OS 9_1 like Mac OS X) AppleWebKit/601.1.46 (KHTML, like Gecko) Version/9.0 Mobile/13B143 Safari/601.1 (compatible; AdsBot-Google-Mobile; +http://www.google.com/mobile/adsbot.html)"},"insertId":"6275ef4d0007aac5ae082e3a","labels":{"instanceId":"0067430fbd87d90256f2e59c0e4f2aba79064af94274bcdca0bfd9a4455db453dd53d295d547db6545ed9cc9551a52d296a212b63abb9a20086c4a0b06358f2c"},"logName":"projects/muni-production-f8e72/logs/run.googleapis.com%2Frequests","receiveTimestamp":"2022-05-07T04:02:21.764458110Z","resource":{"labels":{"configuration_name":"muni-front","location":"asia-northeast1","project_id":"muni-production-f8e72","revision_name":"muni-front-jq7fz","service_name":"muni-front"},"type":"cloud_run_revision"},"severity":"INFO","timestamp":"2022-05-07T04:02:21.502469Z","trace":"projects/muni-production-f8e72/traces/78b6f9802e571267bd86740b524bf89f"}
{"httpRequest":{"latency":"0.004231855s","protocol":"HTTP/1.1","referer":"https://muni.ink/","remoteIp":"66.249.89.148","requestMethod":"GET","requestSize":"643","requestUrl":"https://muni.ink/_next/static/css/64a820a89e70212f.css","responseSize":"1514","serverIp":"35.241.42.228","status":200,"userAgent":"Mozilla/5.0 (iPhone; CPU iPhone OS 9_1 like Mac OS X) AppleWebKit/601.1.46 (KHTML, like Gecko) Version/9.0 Mobile/13B143 Safari/601.1 (compatible; AdsBot-Google-Mobile; +http://www.google.com/mobile/adsbot.html)"},"insertId":"6275ef4d00017051ca81b67c","labels":{"instanceId":"0067430fbd87d90256f2e59c0e4f2aba79064af94274bcdca0bfd9a4455db453dd53d295d547db6545ed9cc9551a52d296a212b63abb9a20086c4a0b06358f2c"},"logName":"projects/muni-production-f8e72/logs/run.googleapis.com%2Frequests","receiveTimestamp":"2022-05-07T04:02:21.097297222Z","resource":{"labels":{"configuration_name":"muni-front","location":"asia-northeast1","project_id":"muni-production-f8e72","revision_name":"muni-front-jq7fz","service_name":"muni-front"},"type":"cloud_run_revision"},"severity":"INFO","timestamp":"2022-05-07T04:02:21.094289Z","trace":"projects/muni-production-f8e72/traces/3eb5f6229c418e7fdb3d51fd9a4daae6"}
{"httpRequest":{"latency":"0.584621958s","protocol":"HTTP/1.1","remoteIp":"52.27.195.187","requestMethod":"GET","requestSize":"533","requestUrl":"https://storage.muni.ink/work/jZND7AXfHHrzfvwPTCVy?thumbnail=true","responseSize":"35292","serverIp":"35.241.42.228","status":200,"userAgent":"Mozilla/5.0 (Windows NT 6.1; Win64; x64) AppleWebKit/537.36 (KHTML, like Gecko) Chrome/72.0.3626.109 Safari/537.36"},"insertId":"6275edaa00067938125dae13","labels":{"instanceId":"0067430fbdd0a70138bfabd74feb01b624d90cb4bd534ef1d388ec5280b2fab42cf140ff9f3cfe3d69242256eef3069e99349eab6bcb5c4e42ecf008dfd06763"},"logName":"projects/muni-production-f8e72/logs/run.googleapis.com%2Frequests","receiveTimestamp":"2022-05-07T03:55:22.427936095Z","resource":{"labels":{"configuration_name":"muni-back","location":"asia-northeast1","project_id":"muni-production-f8e72","revision_name":"muni-back-hpgtt","service_name":"muni-back"},"type":"cloud_run_revision"},"severity":"INFO","timestamp":"2022-05-07T03:55:22.424248Z","trace":"projects/muni-production-f8e72/traces/e714d23b0f12d6c882844f1c2b122786"}
{"insertId":"6275edaa0006744fb90df99c","jsonPayload":{"ident":"COMPLETE","level":"INFO","message":"Success to fetch optimized image","method":"WorkAPI","timestamp":"2022-5-7 3:55:22","workId":"jZND7AXfHHrzfvwPTCVy"},"labels":{"instanceId":"0067430fbdd0a70138bfabd74feb01b624d90cb4bd534ef1d388ec5280b2fab42cf140ff9f3cfe3d69242256eef3069e99349eab6bcb5c4e42ecf008dfd06763"},"logName":"projects/muni-production-f8e72/logs/run.googleapis.com%2Fstdout","receiveTimestamp":"2022-05-07T03:55:22.510253664Z","resource":{"labels":{"configuration_name":"muni-back","location":"asia-northeast1","project_id":"muni-production-f8e72","revision_name":"muni-back-hpgtt","service_name":"muni-back"},"type":"cloud_run_revision"},"timestamp":"2022-05-07T03:55:22.422991Z"}
{"insertId":"6275eda9000cd61caa83ada4","jsonPayload":{"ident":"RECIEVED","level":"INFO","message":"Request recieved for jZND7AXfHHrzfvwPTCVy.","method":"WorkAPI","timestamp":"2022-5-7 3:55:21","workId":"jZND7AXfHHrzfvwPTCVy"},"labels":{"instanceId":"0067430fbdd0a70138bfabd74feb01b624d90cb4bd534ef1d388ec5280b2fab42cf140ff9f3cfe3d69242256eef3069e99349eab6bcb5c4e42ecf008dfd06763"},"logName":"projects/muni-production-f8e72/logs/run.googleapis.com%2Fstdout","receiveTimestamp":"2022-05-07T03:55:21.846377173Z","resource":{"labels":{"configuration_name":"muni-back","location":"asia-northeast1","project_id":"muni-production-f8e72","revision_name":"muni-back-hpgtt","service_name":"muni-back"},"type":"cloud_run_revision"},"timestamp":"2022-05-07T03:55:21.841244Z"}
{"httpRequest":{"latency":"0.544107060s","protocol":"HTTP/1.1","remoteIp":"35.86.138.227","requestMethod":"GET","requestSize":"534","requestUrl":"https://storage.muni.ink/work/5qWs1G0SDjL2nZQVXPti?thumbnail=true","responseSize":"27526","serverIp":"35.241.42.228","status":200,"userAgent":"Mozilla/5.0 (Windows NT 6.1; Win64; x64) AppleWebKit/537.36 (KHTML, like Gecko) Chrome/72.0.3626.109 Safari/537.36"},"insertId":"6275ed65000b30fb9d769af5","labels":{"instanceId":"0067430fbdd0a70138bfabd74feb01b624d90cb4bd534ef1d388ec5280b2fab42cf140ff9f3cfe3d69242256eef3069e99349eab6bcb5c4e42ecf008dfd06763"},"logName":"projects/muni-production-f8e72/logs/run.googleapis.com%2Frequests","receiveTimestamp":"2022-05-07T03:54:13.737807368Z","resource":{"labels":{"configuration_name":"muni-back","location":"asia-northeast1","project_id":"muni-production-f8e72","revision_name":"muni-back-hpgtt","service_name":"muni-back"},"type":"cloud_run_revision"},"severity":"INFO","timestamp":"2022-05-07T03:54:13.733435Z","trace":"projects/muni-production-f8e72/traces/5c1601c0b99b21a1ed18f0a714e497b7"}
{"insertId":"6275ed65000b2ba1b52ab499","jsonPayload":{"ident":"COMPLETE","level":"INFO","message":"Success to fetch optimized image","method":"WorkAPI","timestamp":"2022-5-7 3:54:13","workId":"5qWs1G0SDjL2nZQVXPti"},"labels":{"instanceId":"0067430fbdd0a70138bfabd74feb01b624d90cb4bd534ef1d388ec5280b2fab42cf140ff9f3cfe3d69242256eef3069e99349eab6bcb5c4e42ecf008dfd06763"},"logName":"projects/muni-production-f8e72/logs/run.googleapis.com%2Fstdout","receiveTimestamp":"2022-05-07T03:54:13.862100636Z","resource":{"labels":{"configuration_name":"muni-back","location":"asia-northeast1","project_id":"muni-production-f8e72","revision_name":"muni-back-hpgtt","service_name":"muni-back"},"type":"cloud_run_revision"},"timestamp":"2022-05-07T03:54:13.732065Z"}
{"insertId":"6275ed650002ea523442667d","jsonPayload":{"ident":"RECIEVED","level":"INFO","message":"Request recieved for 5qWs1G0SDjL2nZQVXPti.","method":"WorkAPI","timestamp":"2022-5-7 3:54:13","workId":"5qWs1G0SDjL2nZQVXPti"},"labels":{"instanceId":"0067430fbdd0a70138bfabd74feb01b624d90cb4bd534ef1d388ec5280b2fab42cf140ff9f3cfe3d69242256eef3069e99349eab6bcb5c4e42ecf008dfd06763"},"logName":"projects/muni-production-f8e72/logs/run.googleapis.com%2Fstdout","receiveTimestamp":"2022-05-07T03:54:13.195066068Z","resource":{"labels":{"configuration_name":"muni-back","location":"asia-northeast1","project_id":"muni-production-f8e72","revision_name":"muni-back-hpgtt","service_name":"muni-back"},"type":"cloud_run_revision"},"timestamp":"2022-05-07T03:54:13.191058Z"}
{"httpRequest":{"latency":"0.004082028s","protocol":"HTTP/1.1","remoteIp":"34.209.187.20","requestMethod":"GET","requestSize":"576","requestUrl":"https://muni.ink/?gclid=CjwKCAjwjtOTBhAvEiwASG4bCEQh6wSKCSi0az0djitjaJBGQR_tDYo23lY1tdc5FmgTQ7PE_tn-PhoCLSEQAvD_BwE","responseSize":"35263","serverIp":"35.241.42.228","status":200,"userAgent":"Mozilla/5.0 (Windows NT 6.1; Win64; x64) AppleWebKit/537.36 (KHTML, like Gecko) Chrome/72.0.3626.109 Safari/537.36"},"insertId":"6275ec19000d101a15f4e19c","labels":{"instanceId":"0067430fbd87d90256f2e59c0e4f2aba79064af94274bcdca0bfd9a4455db453dd53d295d547db6545ed9cc9551a52d296a212b63abb9a20086c4a0b06358f2c"},"logName":"projects/muni-production-f8e72/logs/run.googleapis.com%2Frequests","receiveTimestamp":"2022-05-07T03:48:41.859060230Z","resource":{"labels":{"configuration_name":"muni-front","location":"asia-northeast1","project_id":"muni-production-f8e72","revision_name":"muni-front-jq7fz","service_name":"muni-front"},"type":"cloud_run_revision"},"severity":"INFO","timestamp":"2022-05-07T03:48:41.856090Z","trace":"projects/muni-production-f8e72/traces/69fe5ade1f383bce48ca17e71e03781c"}
{"httpRequest":{"latency":"0.001992194s","protocol":"HTTP/1.1","remoteIp":"217.198.191.195","requestMethod":"GET","requestSize":"403","requestUrl":"https://storage.muni.ink/favicon.ico","responseSize":"957","serverIp":"35.241.42.228","status":404,"userAgent":"python-requests/2.23.0"},"insertId":"6275eb1f000db31fe454e982","labels":{"instanceId":"0067430fbdd0a70138bfabd74feb01b624d90cb4bd534ef1d388ec5280b2fab42cf140ff9f3cfe3d69242256eef3069e99349eab6bcb5c4e42ecf008dfd06763"},"logName":"projects/muni-production-f8e72/logs/run.googleapis.com%2Frequests","receiveTimestamp":"2022-05-07T03:44:31.900129444Z","resource":{"labels":{"configuration_name":"muni-back","location":"asia-northeast1","project_id":"muni-production-f8e72","revision_name":"muni-back-hpgtt","service_name":"muni-back"},"type":"cloud_run_revision"},"severity":"WARNING","timestamp":"2022-05-07T03:44:31.897823Z","trace":"projects/muni-production-f8e72/traces/afc179ecd74ce43ef0c332a282a1712c"}
{"httpRequest":{"latency":"0.002216351s","protocol":"HTTP/1.1","remoteIp":"217.198.191.195","requestMethod":"GET","requestSize":"503","requestUrl":"https://storage.muni.ink/test_404_page/","responseSize":"960","serverIp":"35.241.42.228","status":404,"userAgent":"Mozilla/5.0 (Macintosh; Intel Mac OS X 10_9_4) AppleWebKit/537.36 (KHTML, like Gecko) Chrome/36.0.1985.125 Safari/537.36"},"insertId":"6275eb03000d52ac2ae076a3","labels":{"instanceId":"0067430fbdd0a70138bfabd74feb01b624d90cb4bd534ef1d388ec5280b2fab42cf140ff9f3cfe3d69242256eef3069e99349eab6bcb5c4e42ecf008dfd06763"},"logName":"projects/muni-production-f8e72/logs/run.googleapis.com%2Frequests","receiveTimestamp":"2022-05-07T03:44:04.056774989Z","resource":{"labels":{"configuration_name":"muni-back","location":"asia-northeast1","project_id":"muni-production-f8e72","revision_name":"muni-back-hpgtt","service_name":"muni-back"},"type":"cloud_run_revision"},"severity":"WARNING","timestamp":"2022-05-07T03:44:03.873132Z","trace":"projects/muni-production-f8e72/traces/c90d2e75cf7d0c7be4a6e79594e85208"}
{"httpRequest":{"latency":"0.002150900s","protocol":"HTTP/1.1","remoteIp":"217.198.191.195","requestMethod":"GET","requestSize":"488","requestUrl":"https://storage.muni.ink/","responseSize":"946","serverIp":"35.241.42.228","status":404,"userAgent":"Mozilla/5.0 (Macintosh; Intel Mac OS X 10_9_4) AppleWebKit/537.36 (KHTML, like Gecko) Chrome/36.0.1985.125 Safari/537.36"},"insertId":"6275eb0300063324f1bbc6e6","labels":{"instanceId":"0067430fbdd0a70138bfabd74feb01b624d90cb4bd534ef1d388ec5280b2fab42cf140ff9f3cfe3d69242256eef3069e99349eab6bcb5c4e42ecf008dfd06763"},"logName":"projects/muni-production-f8e72/logs/run.googleapis.com%2Frequests","receiveTimestamp":"2022-05-07T03:44:03.724130483Z","resource":{"labels":{"configuration_name":"muni-back","location":"asia-northeast1","project_id":"muni-production-f8e72","revision_name":"muni-back-hpgtt","service_name":"muni-back"},"type":"cloud_run_revision"},"severity":"WARNING","timestamp":"2022-05-07T03:44:03.406308Z","trace":"projects/muni-production-f8e72/traces/f410656723dee5f96128a8d057d50aa1"}
{"httpRequest":{"latency":"0.002454983s","protocol":"HTTP/1.1","remoteIp":"217.198.191.195","requestMethod":"GET","requestSize":"500","requestUrl":"https://storage.muni.ink/robots.txt","responseSize":"956","serverIp":"35.241.42.228","status":404,"userAgent":"Mozilla/5.0 (Macintosh; Intel Mac OS X 10_9_4) AppleWebKit/537.36 (KHTML, like Gecko) Chrome/36.0.1985.125 Safari/537.36"},"insertId":"6275eb030000d2e707d5edcc","labels":{"instanceId":"0067430fbdd0a70138bfabd74feb01b624d90cb4bd534ef1d388ec5280b2fab42cf140ff9f3cfe3d69242256eef3069e99349eab6bcb5c4e42ecf008dfd06763"},"logName":"projects/muni-production-f8e72/logs/run.googleapis.com%2Frequests","receiveTimestamp":"2022-05-07T03:44:03.059122564Z","resource":{"labels":{"configuration_name":"muni-back","location":"asia-northeast1","project_id":"muni-production-f8e72","revision_name":"muni-back-hpgtt","service_name":"muni-back"},"type":"cloud_run_revision"},"severity":"WARNING","timestamp":"2022-05-07T03:44:03.053991Z","trace":"projects/muni-production-f8e72/traces/aff39c9fa85fcf96e914e94ba2f489fa"}
{"httpRequest":{"latency":"0.002643030s","protocol":"HTTP/1.1","remoteIp":"40.77.167.102","requestMethod":"GET","requestSize":"525","requestUrl":"https://api.muni.ink/robots.txt","responseSize":"956","serverIp":"35.241.42.228","status":404,"userAgent":"Mozilla/5.0 (compatible; bingbot/2.0; +http://www.bing.com/bingbot.htm)"},"insertId":"6275ea4f000c813ae98cf8c3","labels":{"instanceId":"0067430fbdd0a70138bfabd74feb01b624d90cb4bd534ef1d388ec5280b2fab42cf140ff9f3cfe3d69242256eef3069e99349eab6bcb5c4e42ecf008dfd06763"},"logName":"projects/muni-production-f8e72/logs/run.googleapis.com%2Frequests","receiveTimestamp":"2022-05-07T03:41:03.822692175Z","resource":{"labels":{"configuration_name":"muni-back","location":"asia-northeast1","project_id":"muni-production-f8e72","revision_name":"muni-back-hpgtt","service_name":"muni-back"},"type":"cloud_run_revision"},"severity":"WARNING","timestamp":"2022-05-07T03:41:03.819514Z","trace":"projects/muni-production-f8e72/traces/8ecc92e794c0833dbafad40410c810fd"}
{"httpRequest":{"latency":"0.004119918s","protocol":"HTTP/1.1","remoteIp":"198.235.24.148","requestMethod":"GET","requestSize":"618","requestUrl":"https://35.241.42.228/","responseSize":"35263","serverIp":"35.241.42.228","status":200,"userAgent":"Expanse, a Palo Alto Networks company, searches across the global IPv4 space multiple times per day to identify customers&#39; presences on the Internet. If you would like to be excluded from our scans, please send IP addresses/domains to: scaninfo@paloaltonetworks.com"},"insertId":"6275ea43000d33e2a4a861a4","labels":{"instanceId":"0067430fbd87d90256f2e59c0e4f2aba79064af94274bcdca0bfd9a4455db453dd53d295d547db6545ed9cc9551a52d296a212b63abb9a20086c4a0b06358f2c"},"logName":"projects/muni-production-f8e72/logs/run.googleapis.com%2Frequests","receiveTimestamp":"2022-05-07T03:40:51.869505773Z","resource":{"labels":{"configuration_name":"muni-front","location":"asia-northeast1","project_id":"muni-production-f8e72","revision_name":"muni-front-jq7fz","service_name":"muni-front"},"type":"cloud_run_revision"},"severity":"INFO","timestamp":"2022-05-07T03:40:51.865250Z","trace":"projects/muni-production-f8e72/traces/397d188c2797ee013bf4ba247f98468c"}
{"httpRequest":{"latency":"0.179330638s","protocol":"HTTP/1.1","referer":"https://muni.ink/","remoteIp":"14.11.6.128","requestMethod":"POST","requestSize":"865","requestUrl":"https://api.muni.ink/user","responseSize":"979","serverIp":"35.241.42.228","status":200,"userAgent":"Mozilla/5.0 (Windows NT 10.0; Win64; x64) AppleWebKit/537.36 (KHTML, like Gecko) Chrome/101.0.4951.54 Safari/537.36"},"insertId":"6275ea1200018618b193be31","labels":{"instanceId":"0067430fbdd0a70138bfabd74feb01b624d90cb4bd534ef1d388ec5280b2fab42cf140ff9f3cfe3d69242256eef3069e99349eab6bcb5c4e42ecf008dfd06763"},"logName":"projects/muni-production-f8e72/logs/run.googleapis.com%2Frequests","receiveTimestamp":"2022-05-07T03:40:02.226687248Z","resource":{"labels":{"configuration_name":"muni-back","location":"asia-northeast1","project_id":"muni-production-f8e72","revision_name":"muni-back-hpgtt","service_name":"muni-back"},"type":"cloud_run_revision"},"severity":"INFO","timestamp":"2022-05-07T03:40:02.099864Z","trace":"projects/muni-production-f8e72/traces/1a8129ba56a49e59189552bb0119c76a"}
{"insertId":"6275ea12000181302f6f98d8","jsonPayload":{"accountId":"SIZUKUPERU","ident":"SUCCESS_TO_FIND","level":"INFO","message":"User found.","method":"UserAPI","timestamp":"2022-5-7 3:40:2"},"labels":{"instanceId":"0067430fbdd0a70138bfabd74feb01b624d90cb4bd534ef1d388ec5280b2fab42cf140ff9f3cfe3d69242256eef3069e99349eab6bcb5c4e42ecf008dfd06763"},"logName":"projects/muni-production-f8e72/logs/run.googleapis.com%2Fstdout","receiveTimestamp":"2022-05-07T03:40:02.258336356Z","resource":{"labels":{"configuration_name":"muni-back","location":"asia-northeast1","project_id":"muni-production-f8e72","revision_name":"muni-back-hpgtt","service_name":"muni-back"},"type":"cloud_run_revision"},"timestamp":"2022-05-07T03:40:02.098608Z"}
{"insertId":"6275ea120001811cd55a520e","jsonPayload":{"ident":"FETCH_USER","level":"INFO","message":"Complete fetching user data.","method":"UserAPI","timestamp":"2022-5-7 3:40:2"},"labels":{"instanceId":"0067430fbdd0a70138bfabd74feb01b624d90cb4bd534ef1d388ec5280b2fab42cf140ff9f3cfe3d69242256eef3069e99349eab6bcb5c4e42ecf008dfd06763"},"logName":"projects/muni-production-f8e72/logs/run.googleapis.com%2Fstdout","receiveTimestamp":"2022-05-07T03:40:02.258336356Z","resource":{"labels":{"configuration_name":"muni-back","location":"asia-northeast1","project_id":"muni-production-f8e72","revision_name":"muni-back-hpgtt","service_name":"muni-back"},"type":"cloud_run_revision"},"timestamp":"2022-05-07T03:40:02.098588Z"}
{"insertId":"6275ea120000af357ef20ff7","jsonPayload":{"accountId":"SIZUKUPERU","ident":"FILTERING_WORKS","level":"INFO","message":"Search works link to the user.","method":"UserAPI","timestamp":"2022-5-7 3:40:2"},"labels":{"instanceId":"0067430fbdd0a70138bfabd74feb01b624d90cb4bd534ef1d388ec5280b2fab42cf140ff9f3cfe3d69242256eef3069e99349eab6bcb5c4e42ecf008dfd06763"},"logName":"projects/muni-production-f8e72/logs/run.googleapis.com%2Fstdout","receiveTimestamp":"2022-05-07T03:40:02.258336356Z","resource":{"labels":{"configuration_name":"muni-back","location":"asia-northeast1","project_id":"muni-production-f8e72","revision_name":"muni-back-hpgtt","service_name":"muni-back"},"type":"cloud_run_revision"},"timestamp":"2022-05-07T03:40:02.044853Z"}
{"insertId":"6275ea11000e11d96c6c5e34","jsonPayload":{"ident":"RECIEVE","level":"INFO","message":"Recieve the work post request.","method":"UserAPI","timestamp":"2022-5-7 3:40:1"},"labels":{"instanceId":"0067430fbdd0a70138bfabd74feb01b624d90cb4bd534ef1d388ec5280b2fab42cf140ff9f3cfe3d69242256eef3069e99349eab6bcb5c4e42ecf008dfd06763"},"logName":"projects/muni-production-f8e72/logs/run.googleapis.com%2Fstdout","receiveTimestamp":"2022-05-07T03:40:01.926437021Z","resource":{"labels":{"configuration_name":"muni-back","location":"asia-northeast1","project_id":"muni-production-f8e72","revision_name":"muni-back-hpgtt","service_name":"muni-back"},"type":"cloud_run_revision"},"timestamp":"2022-05-07T03:40:01.922073Z"}
{"httpRequest":{"latency":"0.002235944s","protocol":"HTTP/1.1","referer":"https://muni.ink/","remoteIp":"14.11.6.128","requestMethod":"OPTIONS","requestSize":"740","requestUrl":"https://api.muni.ink/user","responseSize":"853","serverIp":"35.241.42.228","status":204,"userAgent":"Mozilla/5.0 (Windows NT 10.0; Win64; x64) AppleWebKit/537.36 (KHTML, like Gecko) Chrome/101.0.4951.54 Safari/537.36"},"insertId":"6275ea11000d98c255679be3","labels":{"instanceId":"0067430fbdd0a70138bfabd74feb01b624d90cb4bd534ef1d388ec5280b2fab42cf140ff9f3cfe3d69242256eef3069e99349eab6bcb5c4e42ecf008dfd06763"},"logName":"projects/muni-production-f8e72/logs/run.googleapis.com%2Frequests","receiveTimestamp":"2022-05-07T03:40:01.894317454Z","resource":{"labels":{"configuration_name":"muni-back","location":"asia-northeast1","project_id":"muni-production-f8e72","revision_name":"muni-back-hpgtt","service_name":"muni-back"},"type":"cloud_run_revision"},"severity":"INFO","timestamp":"2022-05-07T03:40:01.891074Z","trace":"projects/muni-production-f8e72/traces/84ad80c0ee16430550d18ab2d2a4542b"}
{"httpRequest":{"latency":"0.058277592s","protocol":"HTTP/1.1","referer":"https://muni.ink/","remoteIp":"14.11.6.128","requestMethod":"POST","requestSize":"864","requestUrl":"https://api.muni.ink/user","responseSize":"978","serverIp":"35.241.42.228","status":200,"userAgent":"Mozilla/5.0 (Windows NT 10.0; Win64; x64) AppleWebKit/537.36 (KHTML, like Gecko) Chrome/101.0.4951.54 Safari/537.36"},"insertId":"6275e909000923f643683a6a","labels":{"instanceId":"0067430fbdd0a70138bfabd74feb01b624d90cb4bd534ef1d388ec5280b2fab42cf140ff9f3cfe3d69242256eef3069e99349eab6bcb5c4e42ecf008dfd06763"},"logName":"projects/muni-production-f8e72/logs/run.googleapis.com%2Frequests","receiveTimestamp":"2022-05-07T03:35:37.850759767Z","resource":{"labels":{"configuration_name":"muni-back","location":"asia-northeast1","project_id":"muni-production-f8e72","revision_name":"muni-back-hpgtt","service_name":"muni-back"},"type":"cloud_run_revision"},"severity":"INFO","timestamp":"2022-05-07T03:35:37.599030Z","trace":"projects/muni-production-f8e72/traces/90255d40d98c693f1cc261a50ee28ffb"}
{"insertId":"6275e90900091f978c21bbaa","jsonPayload":{"accountId":"SIZUKUPERU","ident":"SUCCESS_TO_FIND","level":"INFO","message":"User found.","method":"UserAPI","timestamp":"2022-5-7 3:35:37"},"labels":{"instanceId":"0067430fbdd0a70138bfabd74feb01b624d90cb4bd534ef1d388ec5280b2fab42cf140ff9f3cfe3d69242256eef3069e99349eab6bcb5c4e42ecf008dfd06763"},"logName":"projects/muni-production-f8e72/logs/run.googleapis.com%2Fstdout","receiveTimestamp":"2022-05-07T03:35:37.878886911Z","resource":{"labels":{"configuration_name":"muni-back","location":"asia-northeast1","project_id":"muni-production-f8e72","revision_name":"muni-back-hpgtt","service_name":"muni-back"},"type":"cloud_run_revision"},"timestamp":"2022-05-07T03:35:37.597911Z"}
{"insertId":"6275e90900091f74cd4913af","jsonPayload":{"ident":"FETCH_USER","level":"INFO","message":"Complete fetching user data.","method":"UserAPI","timestamp":"2022-5-7 3:35:37"},"labels":{"instanceId":"0067430fbdd0a70138bfabd74feb01b624d90cb4bd534ef1d388ec5280b2fab42cf140ff9f3cfe3d69242256eef3069e99349eab6bcb5c4e42ecf008dfd06763"},"logName":"projects/muni-production-f8e72/logs/run.googleapis.com%2Fstdout","receiveTimestamp":"2022-05-07T03:35:37.878886911Z","resource":{"labels":{"configuration_name":"muni-back","location":"asia-northeast1","project_id":"muni-production-f8e72","revision_name":"muni-back-hpgtt","service_name":"muni-back"},"type":"cloud_run_revision"},"timestamp":"2022-05-07T03:35:37.597876Z"}
{"insertId":"6275e90900088a52fa5ad2ca","jsonPayload":{"accountId":"SIZUKUPERU","ident":"FILTERING_WORKS","level":"INFO","message":"Search works link to the user.","method":"UserAPI","timestamp":"2022-5-7 3:35:37"},"labels":{"instanceId":"0067430fbdd0a70138bfabd74feb01b624d90cb4bd534ef1d388ec5280b2fab42cf140ff9f3cfe3d69242256eef3069e99349eab6bcb5c4e42ecf008dfd06763"},"logName":"projects/muni-production-f8e72/logs/run.googleapis.com%2Fstdout","receiveTimestamp":"2022-05-07T03:35:37.878886911Z","resource":{"labels":{"configuration_name":"muni-back","location":"asia-northeast1","project_id":"muni-production-f8e72","revision_name":"muni-back-hpgtt","service_name":"muni-back"},"type":"cloud_run_revision"},"timestamp":"2022-05-07T03:35:37.559698Z"}
{"insertId":"6275e909000846482edc6c56","jsonPayload":{"ident":"RECIEVE","level":"INFO","message":"Recieve the work post request.","method":"UserAPI","timestamp":"2022-5-7 3:35:37"},"labels":{"instanceId":"0067430fbdd0a70138bfabd74feb01b624d90cb4bd534ef1d388ec5280b2fab42cf140ff9f3cfe3d69242256eef3069e99349eab6bcb5c4e42ecf008dfd06763"},"logName":"projects/muni-production-f8e72/logs/run.googleapis.com%2Fstdout","receiveTimestamp":"2022-05-07T03:35:37.545398675Z","resource":{"labels":{"configuration_name":"muni-back","location":"asia-northeast1","project_id":"muni-production-f8e72","revision_name":"muni-back-hpgtt","service_name":"muni-back"},"type":"cloud_run_revision"},"timestamp":"2022-05-07T03:35:37.542280Z"}
{"httpRequest":{"latency":"0.002357143s","protocol":"HTTP/1.1","referer":"https://muni.ink/","remoteIp":"14.11.6.128","requestMethod":"OPTIONS","requestSize":"741","requestUrl":"https://api.muni.ink/user","responseSize":"853","serverIp":"35.241.42.228","status":204,"userAgent":"Mozilla/5.0 (Windows NT 10.0; Win64; x64) AppleWebKit/537.36 (KHTML, like Gecko) Chrome/101.0.4951.54 Safari/537.36"},"insertId":"6275e9090007db7973e1f2a5","labels":{"instanceId":"0067430fbdd0a70138bfabd74feb01b624d90cb4bd534ef1d388ec5280b2fab42cf140ff9f3cfe3d69242256eef3069e99349eab6bcb5c4e42ecf008dfd06763"},"logName":"projects/muni-production-f8e72/logs/run.googleapis.com%2Frequests","receiveTimestamp":"2022-05-07T03:35:37.519883677Z","resource":{"labels":{"configuration_name":"muni-back","location":"asia-northeast1","project_id":"muni-production-f8e72","revision_name":"muni-back-hpgtt","service_name":"muni-back"},"type":"cloud_run_revision"},"severity":"INFO","timestamp":"2022-05-07T03:35:37.514937Z","trace":"projects/muni-production-f8e72/traces/e3805c0fcc7bf995ff668faee953b73b"}
{"httpRequest":{"latency":"0.549609057s","protocol":"HTTP/1.1","referer":"https://muni.ink/","remoteIp":"14.11.6.128","requestMethod":"GET","requestSize":"992","requestUrl":"https://storage.muni.ink/work/I5IsJTGlMPiPGGW1fNsd?thumbnail=true","responseSize":"20204","serverIp":"35.241.42.228","status":200,"userAgent":"Mozilla/5.0 (Windows NT 10.0; Win64; x64) AppleWebKit/537.36 (KHTML, like Gecko) Chrome/101.0.4951.54 Safari/537.36"},"insertId":"6275e8f9000e320a3e317c65","labels":{"instanceId":"0067430fbdd0a70138bfabd74feb01b624d90cb4bd534ef1d388ec5280b2fab42cf140ff9f3cfe3d69242256eef3069e99349eab6bcb5c4e42ecf008dfd06763"},"logName":"projects/muni-production-f8e72/logs/run.googleapis.com%2Frequests","receiveTimestamp":"2022-05-07T03:35:22.058501998Z","resource":{"labels":{"configuration_name":"muni-back","location":"asia-northeast1","project_id":"muni-production-f8e72","revision_name":"muni-back-hpgtt","service_name":"muni-back"},"type":"cloud_run_revision"},"severity":"INFO","timestamp":"2022-05-07T03:35:21.930314Z","trace":"projects/muni-production-f8e72/traces/b7bc809404bfc9aa32d5263167dcc20c"}
{"insertId":"6275e8f9000e2d9f87c90518","jsonPayload":{"ident":"COMPLETE","level":"INFO","message":"Success to fetch optimized image","method":"WorkAPI","timestamp":"2022-5-7 3:35:21","workId":"I5IsJTGlMPiPGGW1fNsd"},"labels":{"instanceId":"0067430fbdd0a70138bfabd74feb01b624d90cb4bd534ef1d388ec5280b2fab42cf140ff9f3cfe3d69242256eef3069e99349eab6bcb5c4e42ecf008dfd06763"},"logName":"projects/muni-production-f8e72/logs/run.googleapis.com%2Fstdout","receiveTimestamp":"2022-05-07T03:35:22.179187260Z","resource":{"labels":{"configuration_name":"muni-back","location":"asia-northeast1","project_id":"muni-production-f8e72","revision_name":"muni-back-hpgtt","service_name":"muni-back"},"type":"cloud_run_revision"},"timestamp":"2022-05-07T03:35:21.929183Z"}
{"insertId":"6275e8f90005d5d3e7c3024c","jsonPayload":{"ident":"RECIEVED","level":"INFO","message":"Request recieved for I5IsJTGlMPiPGGW1fNsd.","method":"WorkAPI","timestamp":"2022-5-7 3:35:21","workId":"I5IsJTGlMPiPGGW1fNsd"},"labels":{"instanceId":"0067430fbdd0a70138bfabd74feb01b624d90cb4bd534ef1d388ec5280b2fab42cf140ff9f3cfe3d69242256eef3069e99349eab6bcb5c4e42ecf008dfd06763"},"logName":"projects/muni-production-f8e72/logs/run.googleapis.com%2Fstdout","receiveTimestamp":"2022-05-07T03:35:21.513069101Z","resource":{"labels":{"configuration_name":"muni-back","location":"asia-northeast1","project_id":"muni-production-f8e72","revision_name":"muni-back-hpgtt","service_name":"muni-back"},"type":"cloud_run_revision"},"timestamp":"2022-05-07T03:35:21.382419Z"}
{"httpRequest":{"latency":"0.123811493s","protocol":"HTTP/1.1","referer":"https://muni.ink/","remoteIp":"14.11.6.128","requestMethod":"POST","requestSize":"852","requestUrl":"https://api.muni.ink/recent","responseSize":"12342","serverIp":"35.241.42.228","status":200,"userAgent":"Mozilla/5.0 (Windows NT 10.0; Win64; x64) AppleWebKit/537.36 (KHTML, like Gecko) Chrome/101.0.4951.54 Safari/537.36"},"insertId":"6275e8f70009277320caa5a2","labels":{"instanceId":"0067430fbdd0a70138bfabd74feb01b624d90cb4bd534ef1d388ec5280b2fab42cf140ff9f3cfe3d69242256eef3069e99349eab6bcb5c4e42ecf008dfd06763"},"logName":"projects/muni-production-f8e72/logs/run.googleapis.com%2Frequests","receiveTimestamp":"2022-05-07T03:35:19.725230864Z","resource":{"labels":{"configuration_name":"muni-back","location":"asia-northeast1","project_id":"muni-production-f8e72","revision_name":"muni-back-hpgtt","service_name":"muni-back"},"type":"cloud_run_revision"},"severity":"INFO","timestamp":"2022-05-07T03:35:19.599923Z","trace":"projects/muni-production-f8e72/traces/e27e3b876e9b90669f9a28ede4b15d5d"}
{"insertId":"6275e8f7000921cba7df14a3","jsonPayload":{"ident":"FETCH_SUCCESS","level":"INFO","message":"Success to fetch.","method":"RecentPostAPI","timestamp":"2022-5-7 3:35:19"},"labels":{"instanceId":"0067430fbdd0a70138bfabd74feb01b624d90cb4bd534ef1d388ec5280b2fab42cf140ff9f3cfe3d69242256eef3069e99349eab6bcb5c4e42ecf008dfd06763"},"logName":"projects/muni-production-f8e72/logs/run.googleapis.com%2Fstdout","receiveTimestamp":"2022-05-07T03:35:19.845710734Z","resource":{"labels":{"configuration_name":"muni-back","location":"asia-northeast1","project_id":"muni-production-f8e72","revision_name":"muni-back-hpgtt","service_name":"muni-back"},"type":"cloud_run_revision"},"timestamp":"2022-05-07T03:35:19.598475Z"}
{"insertId":"6275e8f7000749536b72a5d4","jsonPayload":{"ident":"RECIEVE","level":"INFO","message":"Recieve the recent posted works request.","method":"RecentPostAPI","timestamp":"2022-5-7 3:35:19"},"labels":{"instanceId":"0067430fbdd0a70138bfabd74feb01b624d90cb4bd534ef1d388ec5280b2fab42cf140ff9f3cfe3d69242256eef3069e99349eab6bcb5c4e42ecf008dfd06763"},"logName":"projects/muni-production-f8e72/logs/run.googleapis.com%2Fstdout","receiveTimestamp":"2022-05-07T03:35:19.514460013Z","resource":{"labels":{"configuration_name":"muni-back","location":"asia-northeast1","project_id":"muni-production-f8e72","revision_name":"muni-back-hpgtt","service_name":"muni-back"},"type":"cloud_run_revision"},"timestamp":"2022-05-07T03:35:19.477523Z"}
{"httpRequest":{"latency":"0.002111760s","protocol":"HTTP/1.1","referer":"https://muni.ink/","remoteIp":"14.11.6.128","requestMethod":"OPTIONS","requestSize":"741","requestUrl":"https://api.muni.ink/recent","responseSize":"853","serverIp":"35.241.42.228","status":204,"userAgent":"Mozilla/5.0 (Windows NT 10.0; Win64; x64) AppleWebKit/537.36 (KHTML, like Gecko) Chrome/101.0.4951.54 Safari/537.36"},"insertId":"6275e8f70006dfa5b6ba882a","labels":{"instanceId":"0067430fbdd0a70138bfabd74feb01b624d90cb4bd534ef1d388ec5280b2fab42cf140ff9f3cfe3d69242256eef3069e99349eab6bcb5c4e42ecf008dfd06763"},"logName":"projects/muni-production-f8e72/logs/run.googleapis.com%2Frequests","receiveTimestamp":"2022-05-07T03:35:19.725230864Z","resource":{"labels":{"configuration_name":"muni-back","location":"asia-northeast1","project_id":"muni-production-f8e72","revision_name":"muni-back-hpgtt","service_name":"muni-back"},"type":"cloud_run_revision"},"severity":"INFO","timestamp":"2022-05-07T03:35:19.450469Z","trace":"projects/muni-production-f8e72/traces/0d1293b2f2ff1c70d9038ec3fb445b78"}
{"httpRequest":{"latency":"0.009358213s","protocol":"HTTP/1.1","referer":"https://muni.ink/user/SIZUKUPERU","remoteIp":"14.11.6.128","requestMethod":"GET","requestSize":"1010","requestUrl":"https://muni.ink/_next/static/chunks/pages/signout-c0b9addc62cca7a7.js","responseSize":"1846","serverIp":"35.241.42.228","status":200,"userAgent":"Mozilla/5.0 (Windows NT 10.0; Win64; x64) AppleWebKit/537.36 (KHTML, like Gecko) Chrome/101.0.4951.54 Safari/537.36"},"insertId":"6275e8f000038984a34a358f","labels":{"instanceId":"0067430fbd87d90256f2e59c0e4f2aba79064af94274bcdca0bfd9a4455db453dd53d295d547db6545ed9cc9551a52d296a212b63abb9a20086c4a0b06358f2c"},"logName":"projects/muni-production-f8e72/logs/run.googleapis.com%2Frequests","receiveTimestamp":"2022-05-07T03:35:12.234058823Z","resource":{"labels":{"configuration_name":"muni-front","location":"asia-northeast1","project_id":"muni-production-f8e72","revision_name":"muni-front-jq7fz","service_name":"muni-front"},"type":"cloud_run_revision"},"severity":"INFO","timestamp":"2022-05-07T03:35:12.231812Z","trace":"projects/muni-production-f8e72/traces/763ded7a733dcd643cd0883ba255c701"}
{"httpRequest":{"latency":"0.044919408s","protocol":"HTTP/1.1","referer":"https://muni.ink/","remoteIp":"14.11.6.128","requestMethod":"POST","requestSize":"864","requestUrl":"https://api.muni.ink/user","responseSize":"978","serverIp":"35.241.42.228","status":200,"userAgent":"Mozilla/5.0 (Windows NT 10.0; Win64; x64) AppleWebKit/537.36 (KHTML, like Gecko) Chrome/101.0.4951.54 Safari/537.36"},"insertId":"6275e8ef0005c6b13b6afc9a","labels":{"instanceId":"0067430fbdd0a70138bfabd74feb01b624d90cb4bd534ef1d388ec5280b2fab42cf140ff9f3cfe3d69242256eef3069e99349eab6bcb5c4e42ecf008dfd06763"},"logName":"projects/muni-production-f8e72/logs/run.googleapis.com%2Frequests","receiveTimestamp":"2022-05-07T03:35:11.400459960Z","resource":{"labels":{"configuration_name":"muni-back","location":"asia-northeast1","project_id":"muni-production-f8e72","revision_name":"muni-back-hpgtt","service_name":"muni-back"},"type":"cloud_run_revision"},"severity":"INFO","timestamp":"2022-05-07T03:35:11.378545Z","trace":"projects/muni-production-f8e72/traces/e718e4943a260d25d046e5aa27f10be4"}
{"insertId":"6275e8ef0005c2972923ea55","jsonPayload":{"accountId":"SIZUKUPERU","ident":"SUCCESS_TO_FIND","level":"INFO","message":"User found.","method":"UserAPI","timestamp":"2022-5-7 3:35:11"},"labels":{"instanceId":"0067430fbdd0a70138bfabd74feb01b624d90cb4bd534ef1d388ec5280b2fab42cf140ff9f3cfe3d69242256eef3069e99349eab6bcb5c4e42ecf008dfd06763"},"logName":"projects/muni-production-f8e72/logs/run.googleapis.com%2Fstdout","receiveTimestamp":"2022-05-07T03:35:11.522561464Z","resource":{"labels":{"configuration_name":"muni-back","location":"asia-northeast1","project_id":"muni-production-f8e72","revision_name":"muni-back-hpgtt","service_name":"muni-back"},"type":"cloud_run_revision"},"timestamp":"2022-05-07T03:35:11.377495Z"}
{"insertId":"6275e8ef0005c2782723cef1","jsonPayload":{"ident":"FETCH_USER","level":"INFO","message":"Complete fetching user data.","method":"UserAPI","timestamp":"2022-5-7 3:35:11"},"labels":{"instanceId":"0067430fbdd0a70138bfabd74feb01b624d90cb4bd534ef1d388ec5280b2fab42cf140ff9f3cfe3d69242256eef3069e99349eab6bcb5c4e42ecf008dfd06763"},"logName":"projects/muni-production-f8e72/logs/run.googleapis.com%2Fstdout","receiveTimestamp":"2022-05-07T03:35:11.522561464Z","resource":{"labels":{"configuration_name":"muni-back","location":"asia-northeast1","project_id":"muni-production-f8e72","revision_name":"muni-back-hpgtt","service_name":"muni-back"},"type":"cloud_run_revision"},"timestamp":"2022-05-07T03:35:11.377464Z"}
{"insertId":"6275e8ef000542f5971d2318","jsonPayload":{"accountId":"SIZUKUPERU","ident":"FILTERING_WORKS","level":"INFO","message":"Search works link to the user.","method":"UserAPI","timestamp":"2022-5-7 3:35:11"},"labels":{"instanceId":"0067430fbdd0a70138bfabd74feb01b624d90cb4bd534ef1d388ec5280b2fab42cf140ff9f3cfe3d69242256eef3069e99349eab6bcb5c4e42ecf008dfd06763"},"logName":"projects/muni-production-f8e72/logs/run.googleapis.com%2Fstdout","receiveTimestamp":"2022-05-07T03:35:11.522561464Z","resource":{"labels":{"configuration_name":"muni-back","location":"asia-northeast1","project_id":"muni-production-f8e72","revision_name":"muni-back-hpgtt","service_name":"muni-back"},"type":"cloud_run_revision"},"timestamp":"2022-05-07T03:35:11.344821Z"}
{"insertId":"6275e8ef00051d7bdf2fb10c","jsonPayload":{"ident":"RECIEVE","level":"INFO","message":"Recieve the work post request.","method":"UserAPI","timestamp":"2022-5-7 3:35:11"},"labels":{"instanceId":"0067430fbdd0a70138bfabd74feb01b624d90cb4bd534ef1d388ec5280b2fab42cf140ff9f3cfe3d69242256eef3069e99349eab6bcb5c4e42ecf008dfd06763"},"logName":"projects/muni-production-f8e72/logs/run.googleapis.com%2Fstdout","receiveTimestamp":"2022-05-07T03:35:11.522561464Z","resource":{"labels":{"configuration_name":"muni-back","location":"asia-northeast1","project_id":"muni-production-f8e72","revision_name":"muni-back-hpgtt","service_name":"muni-back"},"type":"cloud_run_revision"},"timestamp":"2022-05-07T03:35:11.335227Z"}
{"httpRequest":{"latency":"0.002150007s","protocol":"HTTP/1.1","referer":"https://muni.ink/","remoteIp":"14.11.6.128","requestMethod":"OPTIONS","requestSize":"741","requestUrl":"https://api.muni.ink/user","responseSize":"853","serverIp":"35.241.42.228","status":204,"userAgent":"Mozilla/5.0 (Windows NT 10.0; Win64; x64) AppleWebKit/537.36 (KHTML, like Gecko) Chrome/101.0.4951.54 Safari/537.36"},"insertId":"6275e8ef0004ab177a2eda41","labels":{"instanceId":"0067430fbdd0a70138bfabd74feb01b624d90cb4bd534ef1d388ec5280b2fab42cf140ff9f3cfe3d69242256eef3069e99349eab6bcb5c4e42ecf008dfd06763"},"logName":"projects/muni-production-f8e72/logs/run.googleapis.com%2Frequests","receiveTimestamp":"2022-05-07T03:35:11.400459960Z","resource":{"labels":{"configuration_name":"muni-back","location":"asia-northeast1","project_id":"muni-production-f8e72","revision_name":"muni-back-hpgtt","service_name":"muni-back"},"type":"cloud_run_revision"},"severity":"INFO","timestamp":"2022-05-07T03:35:11.305943Z","trace":"projects/muni-production-f8e72/traces/bb873894398e17d2d9f1ca62e449b08b"}
{"httpRequest":{"latency":"0.054892197s","protocol":"HTTP/1.1","referer":"https://muni.ink/","remoteIp":"14.11.6.128","requestMethod":"POST","requestSize":"865","requestUrl":"https://api.muni.ink/user","responseSize":"978","serverIp":"35.241.42.228","status":200,"userAgent":"Mozilla/5.0 (Windows NT 10.0; Win64; x64) AppleWebKit/537.36 (KHTML, like Gecko) Chrome/101.0.4951.54 Safari/537.36"},"insertId":"6275e8e9000255f7b76ac37e","labels":{"instanceId":"0067430fbdd0a70138bfabd74feb01b624d90cb4bd534ef1d388ec5280b2fab42cf140ff9f3cfe3d69242256eef3069e99349eab6bcb5c4e42ecf008dfd06763"},"logName":"projects/muni-production-f8e72/logs/run.googleapis.com%2Frequests","receiveTimestamp":"2022-05-07T03:35:05.404563977Z","resource":{"labels":{"configuration_name":"muni-back","location":"asia-northeast1","project_id":"muni-production-f8e72","revision_name":"muni-back-hpgtt","service_name":"muni-back"},"type":"cloud_run_revision"},"severity":"INFO","timestamp":"2022-05-07T03:35:05.153079Z","trace":"projects/muni-production-f8e72/traces/f329d3ef3bc042e8d6b2118e6ec5980e"}
{"insertId":"6275e8e900024bb45b1dfa05","jsonPayload":{"accountId":"SIZUKUPERU","ident":"SUCCESS_TO_FIND","level":"INFO","message":"User found.","method":"UserAPI","timestamp":"2022-5-7 3:35:5"},"labels":{"instanceId":"0067430fbdd0a70138bfabd74feb01b624d90cb4bd534ef1d388ec5280b2fab42cf140ff9f3cfe3d69242256eef3069e99349eab6bcb5c4e42ecf008dfd06763"},"logName":"projects/muni-production-f8e72/logs/run.googleapis.com%2Fstdout","receiveTimestamp":"2022-05-07T03:35:05.195678646Z","resource":{"labels":{"configuration_name":"muni-back","location":"asia-northeast1","project_id":"muni-production-f8e72","revision_name":"muni-back-hpgtt","service_name":"muni-back"},"type":"cloud_run_revision"},"timestamp":"2022-05-07T03:35:05.150452Z"}
{"insertId":"6275e8e900024b91d3f4150b","jsonPayload":{"ident":"FETCH_USER","level":"INFO","message":"Complete fetching user data.","method":"UserAPI","timestamp":"2022-5-7 3:35:5"},"labels":{"instanceId":"0067430fbdd0a70138bfabd74feb01b624d90cb4bd534ef1d388ec5280b2fab42cf140ff9f3cfe3d69242256eef3069e99349eab6bcb5c4e42ecf008dfd06763"},"logName":"projects/muni-production-f8e72/logs/run.googleapis.com%2Fstdout","receiveTimestamp":"2022-05-07T03:35:05.195678646Z","resource":{"labels":{"configuration_name":"muni-back","location":"asia-northeast1","project_id":"muni-production-f8e72","revision_name":"muni-back-hpgtt","service_name":"muni-back"},"type":"cloud_run_revision"},"timestamp":"2022-05-07T03:35:05.150417Z"}
{"insertId":"6275e8e90001c047a9201dc6","jsonPayload":{"accountId":"SIZUKUPERU","ident":"FILTERING_WORKS","level":"INFO","message":"Search works link to the user.","method":"UserAPI","timestamp":"2022-5-7 3:35:5"},"labels":{"instanceId":"0067430fbdd0a70138bfabd74feb01b624d90cb4bd534ef1d388ec5280b2fab42cf140ff9f3cfe3d69242256eef3069e99349eab6bcb5c4e42ecf008dfd06763"},"logName":"projects/muni-production-f8e72/logs/run.googleapis.com%2Fstdout","receiveTimestamp":"2022-05-07T03:35:05.195678646Z","resource":{"labels":{"configuration_name":"muni-back","location":"asia-northeast1","project_id":"muni-production-f8e72","revision_name":"muni-back-hpgtt","service_name":"muni-back"},"type":"cloud_run_revision"},"timestamp":"2022-05-07T03:35:05.114759Z"}
{"insertId":"6275e8e9000184bcedb12f1a","jsonPayload":{"ident":"RECIEVE","level":"INFO","message":"Recieve the work post request.","method":"UserAPI","timestamp":"2022-5-7 3:35:5"},"labels":{"instanceId":"0067430fbdd0a70138bfabd74feb01b624d90cb4bd534ef1d388ec5280b2fab42cf140ff9f3cfe3d69242256eef3069e99349eab6bcb5c4e42ecf008dfd06763"},"logName":"projects/muni-production-f8e72/logs/run.googleapis.com%2Fstdout","receiveTimestamp":"2022-05-07T03:35:05.195678646Z","resource":{"labels":{"configuration_name":"muni-back","location":"asia-northeast1","project_id":"muni-production-f8e72","revision_name":"muni-back-hpgtt","service_name":"muni-back"},"type":"cloud_run_revision"},"timestamp":"2022-05-07T03:35:05.099516Z"}
{"httpRequest":{"latency":"0.002021949s","protocol":"HTTP/1.1","referer":"https://muni.ink/","remoteIp":"14.11.6.128","requestMethod":"OPTIONS","requestSize":"740","requestUrl":"https://api.muni.ink/user","responseSize":"853","serverIp":"35.241.42.228","status":204,"userAgent":"Mozilla/5.0 (Windows NT 10.0; Win64; x64) AppleWebKit/537.36 (KHTML, like Gecko) Chrome/101.0.4951.54 Safari/537.36"},"insertId":"6275e8e900011dad5be3d621","labels":{"instanceId":"0067430fbdd0a70138bfabd74feb01b624d90cb4bd534ef1d388ec5280b2fab42cf140ff9f3cfe3d69242256eef3069e99349eab6bcb5c4e42ecf008dfd06763"},"logName":"projects/muni-production-f8e72/logs/run.googleapis.com%2Frequests","receiveTimestamp":"2022-05-07T03:35:05.404563977Z","resource":{"labels":{"configuration_name":"muni-back","location":"asia-northeast1","project_id":"muni-production-f8e72","revision_name":"muni-back-hpgtt","service_name":"muni-back"},"type":"cloud_run_revision"},"severity":"INFO","timestamp":"2022-05-07T03:35:05.073133Z","trace":"projects/muni-production-f8e72/traces/07c50af5bdcb5503ac6e066bbf5b79a4"}
{"httpRequest":{"latency":"0.063067360s","protocol":"HTTP/1.1","referer":"https://muni.ink/","remoteIp":"14.11.6.128","requestMethod":"POST","requestSize":"864","requestUrl":"https://api.muni.ink/user","responseSize":"978","serverIp":"35.241.42.228","status":200,"userAgent":"Mozilla/5.0 (Windows NT 10.0; Win64; x64) AppleWebKit/537.36 (KHTML, like Gecko) Chrome/101.0.4951.54 Safari/537.36"},"insertId":"6275e8df000746930cc44d16","labels":{"instanceId":"0067430fbdd0a70138bfabd74feb01b624d90cb4bd534ef1d388ec5280b2fab42cf140ff9f3cfe3d69242256eef3069e99349eab6bcb5c4e42ecf008dfd06763"},"logName":"projects/muni-production-f8e72/logs/run.googleapis.com%2Frequests","receiveTimestamp":"2022-05-07T03:34:55.747245450Z","resource":{"labels":{"configuration_name":"muni-back","location":"asia-northeast1","project_id":"muni-production-f8e72","revision_name":"muni-back-hpgtt","service_name":"muni-back"},"type":"cloud_run_revision"},"severity":"INFO","timestamp":"2022-05-07T03:34:55.476819Z","trace":"projects/muni-production-f8e72/traces/f04e93adb2c4222c2601828c9277d2ef"}
{"insertId":"6275e8df00074277f853103e","jsonPayload":{"accountId":"SIZUKUPERU","ident":"SUCCESS_TO_FIND","level":"INFO","message":"User found.","method":"UserAPI","timestamp":"2022-5-7 3:34:55"},"labels":{"instanceId":"0067430fbdd0a70138bfabd74feb01b624d90cb4bd534ef1d388ec5280b2fab42cf140ff9f3cfe3d69242256eef3069e99349eab6bcb5c4e42ecf008dfd06763"},"logName":"projects/muni-production-f8e72/logs/run.googleapis.com%2Fstdout","receiveTimestamp":"2022-05-07T03:34:55.536094902Z","resource":{"labels":{"configuration_name":"muni-back","location":"asia-northeast1","project_id":"muni-production-f8e72","revision_name":"muni-back-hpgtt","service_name":"muni-back"},"type":"cloud_run_revision"},"timestamp":"2022-05-07T03:34:55.475767Z"}
{"insertId":"6275e8df0007425ebf207ae0","jsonPayload":{"ident":"FETCH_USER","level":"INFO","message":"Complete fetching user data.","method":"UserAPI","timestamp":"2022-5-7 3:34:55"},"labels":{"instanceId":"0067430fbdd0a70138bfabd74feb01b624d90cb4bd534ef1d388ec5280b2fab42cf140ff9f3cfe3d69242256eef3069e99349eab6bcb5c4e42ecf008dfd06763"},"logName":"projects/muni-production-f8e72/logs/run.googleapis.com%2Fstdout","receiveTimestamp":"2022-05-07T03:34:55.536094902Z","resource":{"labels":{"configuration_name":"muni-back","location":"asia-northeast1","project_id":"muni-production-f8e72","revision_name":"muni-back-hpgtt","service_name":"muni-back"},"type":"cloud_run_revision"},"timestamp":"2022-05-07T03:34:55.475742Z"}
{"insertId":"6275e8df000699e61c10dc65","jsonPayload":{"accountId":"SIZUKUPERU","ident":"FILTERING_WORKS","level":"INFO","message":"Search works link to the user.","method":"UserAPI","timestamp":"2022-5-7 3:34:55"},"labels":{"instanceId":"0067430fbdd0a70138bfabd74feb01b624d90cb4bd534ef1d388ec5280b2fab42cf140ff9f3cfe3d69242256eef3069e99349eab6bcb5c4e42ecf008dfd06763"},"logName":"projects/muni-production-f8e72/logs/run.googleapis.com%2Fstdout","receiveTimestamp":"2022-05-07T03:34:55.536094902Z","resource":{"labels":{"configuration_name":"muni-back","location":"asia-northeast1","project_id":"muni-production-f8e72","revision_name":"muni-back-hpgtt","service_name":"muni-back"},"type":"cloud_run_revision"},"timestamp":"2022-05-07T03:34:55.432614Z"}
{"insertId":"6275e8df000655719c474f25","jsonPayload":{"ident":"RECIEVE","level":"INFO","message":"Recieve the work post request.","method":"UserAPI","timestamp":"2022-5-7 3:34:55"},"labels":{"instanceId":"0067430fbdd0a70138bfabd74feb01b624d90cb4bd534ef1d388ec5280b2fab42cf140ff9f3cfe3d69242256eef3069e99349eab6bcb5c4e42ecf008dfd06763"},"logName":"projects/muni-production-f8e72/logs/run.googleapis.com%2Fstdout","receiveTimestamp":"2022-05-07T03:34:55.536094902Z","resource":{"labels":{"configuration_name":"muni-back","location":"asia-northeast1","project_id":"muni-production-f8e72","revision_name":"muni-back-hpgtt","service_name":"muni-back"},"type":"cloud_run_revision"},"timestamp":"2022-05-07T03:34:55.415089Z"}
{"httpRequest":{"latency":"0.002062486s","protocol":"HTTP/1.1","referer":"https://muni.ink/","remoteIp":"14.11.6.128","requestMethod":"OPTIONS","requestSize":"740","requestUrl":"https://api.muni.ink/user","responseSize":"853","serverIp":"35.241.42.228","status":204,"userAgent":"Mozilla/5.0 (Windows NT 10.0; Win64; x64) AppleWebKit/537.36 (KHTML, like Gecko) Chrome/101.0.4951.54 Safari/537.36"},"insertId":"6275e8df0005ea3811a8825b","labels":{"instanceId":"0067430fbdd0a70138bfabd74feb01b624d90cb4bd534ef1d388ec5280b2fab42cf140ff9f3cfe3d69242256eef3069e99349eab6bcb5c4e42ecf008dfd06763"},"logName":"projects/muni-production-f8e72/logs/run.googleapis.com%2Frequests","receiveTimestamp":"2022-05-07T03:34:55.416495455Z","resource":{"labels":{"configuration_name":"muni-back","location":"asia-northeast1","project_id":"muni-production-f8e72","revision_name":"muni-back-hpgtt","service_name":"muni-back"},"type":"cloud_run_revision"},"severity":"INFO","timestamp":"2022-05-07T03:34:55.387640Z","trace":"projects/muni-production-f8e72/traces/fb1f928bfb39209515b48e508e8c46cb"}
{"httpRequest":{"latency":"0.057561329s","protocol":"HTTP/1.1","referer":"https://muni.ink/","remoteIp":"14.11.6.128","requestMethod":"POST","requestSize":"863","requestUrl":"https://api.muni.ink/user","responseSize":"978","serverIp":"35.241.42.228","status":200,"userAgent":"Mozilla/5.0 (Windows NT 10.0; Win64; x64) AppleWebKit/537.36 (KHTML, like Gecko) Chrome/101.0.4951.54 Safari/537.36"},"insertId":"6275e8d5000a32574994dcdf","labels":{"instanceId":"0067430fbdd0a70138bfabd74feb01b624d90cb4bd534ef1d388ec5280b2fab42cf140ff9f3cfe3d69242256eef3069e99349eab6bcb5c4e42ecf008dfd06763"},"logName":"projects/muni-production-f8e72/logs/run.googleapis.com%2Frequests","receiveTimestamp":"2022-05-07T03:34:45.758974385Z","resource":{"labels":{"configuration_name":"muni-back","location":"asia-northeast1","project_id":"muni-production-f8e72","revision_name":"muni-back-hpgtt","service_name":"muni-back"},"type":"cloud_run_revision"},"severity":"INFO","timestamp":"2022-05-07T03:34:45.668247Z","trace":"projects/muni-production-f8e72/traces/b66c3da37a8e65357dabe3935efcafe4"}
{"insertId":"6275e8d5000a2ddfd3dc289a","jsonPayload":{"accountId":"SIZUKUPERU","ident":"SUCCESS_TO_FIND","level":"INFO","message":"User found.","method":"UserAPI","timestamp":"2022-5-7 3:34:45"},"labels":{"instanceId":"0067430fbdd0a70138bfabd74feb01b624d90cb4bd534ef1d388ec5280b2fab42cf140ff9f3cfe3d69242256eef3069e99349eab6bcb5c4e42ecf008dfd06763"},"logName":"projects/muni-production-f8e72/logs/run.googleapis.com%2Fstdout","receiveTimestamp":"2022-05-07T03:34:45.878696857Z","resource":{"labels":{"configuration_name":"muni-back","location":"asia-northeast1","project_id":"muni-production-f8e72","revision_name":"muni-back-hpgtt","service_name":"muni-back"},"type":"cloud_run_revision"},"timestamp":"2022-05-07T03:34:45.667103Z"}
{"insertId":"6275e8d5000a2dc9078bbf03","jsonPayload":{"ident":"FETCH_USER","level":"INFO","message":"Complete fetching user data.","method":"UserAPI","timestamp":"2022-5-7 3:34:45"},"labels":{"instanceId":"0067430fbdd0a70138bfabd74feb01b624d90cb4bd534ef1d388ec5280b2fab42cf140ff9f3cfe3d69242256eef3069e99349eab6bcb5c4e42ecf008dfd06763"},"logName":"projects/muni-production-f8e72/logs/run.googleapis.com%2Fstdout","receiveTimestamp":"2022-05-07T03:34:45.878696857Z","resource":{"labels":{"configuration_name":"muni-back","location":"asia-northeast1","project_id":"muni-production-f8e72","revision_name":"muni-back-hpgtt","service_name":"muni-back"},"type":"cloud_run_revision"},"timestamp":"2022-05-07T03:34:45.667081Z"}
{"insertId":"6275e8d50009c10d9cad2cd0","jsonPayload":{"accountId":"SIZUKUPERU","ident":"FILTERING_WORKS","level":"INFO","message":"Search works link to the user.","method":"UserAPI","timestamp":"2022-5-7 3:34:45"},"labels":{"instanceId":"0067430fbdd0a70138bfabd74feb01b624d90cb4bd534ef1d388ec5280b2fab42cf140ff9f3cfe3d69242256eef3069e99349eab6bcb5c4e42ecf008dfd06763"},"logName":"projects/muni-production-f8e72/logs/run.googleapis.com%2Fstdout","receiveTimestamp":"2022-05-07T03:34:45.878696857Z","resource":{"labels":{"configuration_name":"muni-back","location":"asia-northeast1","project_id":"muni-production-f8e72","revision_name":"muni-back-hpgtt","service_name":"muni-back"},"type":"cloud_run_revision"},"timestamp":"2022-05-07T03:34:45.639245Z"}
{"insertId":"6275e8d50009571a5cf0b45b","jsonPayload":{"ident":"RECIEVE","level":"INFO","message":"Recieve the work post request.","method":"UserAPI","timestamp":"2022-5-7 3:34:45"},"labels":{"instanceId":"0067430fbdd0a70138bfabd74feb01b624d90cb4bd534ef1d388ec5280b2fab42cf140ff9f3cfe3d69242256eef3069e99349eab6bcb5c4e42ecf008dfd06763"},"logName":"projects/muni-production-f8e72/logs/run.googleapis.com%2Fstdout","receiveTimestamp":"2022-05-07T03:34:45.878696857Z","resource":{"labels":{"configuration_name":"muni-back","location":"asia-northeast1","project_id":"muni-production-f8e72","revision_name":"muni-back-hpgtt","service_name":"muni-back"},"type":"cloud_run_revision"},"timestamp":"2022-05-07T03:34:45.612122Z"}
{"httpRequest":{"latency":"0.004959128s","protocol":"HTTP/1.1","referer":"https://muni.ink/user/SIZUKUPERU","remoteIp":"14.11.6.128","requestMethod":"GET","requestSize":"1007","requestUrl":"https://muni.ink/_next/static/chunks/pages/terms-f9f82daa1816b7c0.js","responseSize":"2709","serverIp":"35.241.42.228","status":200,"userAgent":"Mozilla/5.0 (Windows NT 10.0; Win64; x64) AppleWebKit/537.36 (KHTML, like Gecko) Chrome/101.0.4951.54 Safari/537.36"},"insertId":"6275e8d30001beeb4edd876e","labels":{"instanceId":"0067430fbd87d90256f2e59c0e4f2aba79064af94274bcdca0bfd9a4455db453dd53d295d547db6545ed9cc9551a52d296a212b63abb9a20086c4a0b06358f2c"},"logName":"projects/muni-production-f8e72/logs/run.googleapis.com%2Frequests","receiveTimestamp":"2022-05-07T03:34:43.116860736Z","resource":{"labels":{"configuration_name":"muni-front","location":"asia-northeast1","project_id":"muni-production-f8e72","revision_name":"muni-front-jq7fz","service_name":"muni-front"},"type":"cloud_run_revision"},"severity":"INFO","timestamp":"2022-05-07T03:34:43.114411Z","trace":"projects/muni-production-f8e72/traces/c5ac3bf64d1c078ad500b7e6debc83d2"}
{"httpRequest":{"latency":"0.071931872s","protocol":"HTTP/1.1","referer":"https://muni.ink/","remoteIp":"14.11.6.128","requestMethod":"POST","requestSize":"864","requestUrl":"https://api.muni.ink/user","responseSize":"978","serverIp":"35.241.42.228","status":200,"userAgent":"Mozilla/5.0 (Windows NT 10.0; Win64; x64) AppleWebKit/537.36 (KHTML, like Gecko) Chrome/101.0.4951.54 Safari/537.36"},"insertId":"6275e8d30000ad072988d064","labels":{"instanceId":"0067430fbdd0a70138bfabd74feb01b624d90cb4bd534ef1d388ec5280b2fab42cf140ff9f3cfe3d69242256eef3069e99349eab6bcb5c4e42ecf008dfd06763"},"logName":"projects/muni-production-f8e72/logs/run.googleapis.com%2Frequests","receiveTimestamp":"2022-05-07T03:34:43.093968764Z","resource":{"labels":{"configuration_name":"muni-back","location":"asia-northeast1","project_id":"muni-production-f8e72","revision_name":"muni-back-hpgtt","service_name":"muni-back"},"type":"cloud_run_revision"},"severity":"INFO","timestamp":"2022-05-07T03:34:43.044295Z","trace":"projects/muni-production-f8e72/traces/ed4e75d6e9c611a7f64e54cb0187742c"}
{"insertId":"6275e8d30000a88453fa019b","jsonPayload":{"accountId":"SIZUKUPERU","ident":"SUCCESS_TO_FIND","level":"INFO","message":"User found.","method":"UserAPI","timestamp":"2022-5-7 3:34:43"},"labels":{"instanceId":"0067430fbdd0a70138bfabd74feb01b624d90cb4bd534ef1d388ec5280b2fab42cf140ff9f3cfe3d69242256eef3069e99349eab6bcb5c4e42ecf008dfd06763"},"logName":"projects/muni-production-f8e72/logs/run.googleapis.com%2Fstdout","receiveTimestamp":"2022-05-07T03:34:43.215338066Z","resource":{"labels":{"configuration_name":"muni-back","location":"asia-northeast1","project_id":"muni-production-f8e72","revision_name":"muni-back-hpgtt","service_name":"muni-back"},"type":"cloud_run_revision"},"timestamp":"2022-05-07T03:34:43.043140Z"}
{"insertId":"6275e8d30000a8650ec4243d","jsonPayload":{"ident":"FETCH_USER","level":"INFO","message":"Complete fetching user data.","method":"UserAPI","timestamp":"2022-5-7 3:34:43"},"labels":{"instanceId":"0067430fbdd0a70138bfabd74feb01b624d90cb4bd534ef1d388ec5280b2fab42cf140ff9f3cfe3d69242256eef3069e99349eab6bcb5c4e42ecf008dfd06763"},"logName":"projects/muni-production-f8e72/logs/run.googleapis.com%2Fstdout","receiveTimestamp":"2022-05-07T03:34:43.215338066Z","resource":{"labels":{"configuration_name":"muni-back","location":"asia-northeast1","project_id":"muni-production-f8e72","revision_name":"muni-back-hpgtt","service_name":"muni-back"},"type":"cloud_run_revision"},"timestamp":"2022-05-07T03:34:43.043109Z"}
{"insertId":"6275e8d2000f294fd6341380","jsonPayload":{"accountId":"SIZUKUPERU","ident":"FILTERING_WORKS","level":"INFO","message":"Search works link to the user.","method":"UserAPI","timestamp":"2022-5-7 3:34:42"},"labels":{"instanceId":"0067430fbdd0a70138bfabd74feb01b624d90cb4bd534ef1d388ec5280b2fab42cf140ff9f3cfe3d69242256eef3069e99349eab6bcb5c4e42ecf008dfd06763"},"logName":"projects/muni-production-f8e72/logs/run.googleapis.com%2Fstdout","receiveTimestamp":"2022-05-07T03:34:43.215338066Z","resource":{"labels":{"configuration_name":"muni-back","location":"asia-northeast1","project_id":"muni-production-f8e72","revision_name":"muni-back-hpgtt","service_name":"muni-back"},"type":"cloud_run_revision"},"timestamp":"2022-05-07T03:34:42.993615Z"}
{"insertId":"6275e8d2000ee60d34a3169c","jsonPayload":{"ident":"RECIEVE","level":"INFO","message":"Recieve the work post request.","method":"UserAPI","timestamp":"2022-5-7 3:34:42"},"labels":{"instanceId":"0067430fbdd0a70138bfabd74feb01b624d90cb4bd534ef1d388ec5280b2fab42cf140ff9f3cfe3d69242256eef3069e99349eab6bcb5c4e42ecf008dfd06763"},"logName":"projects/muni-production-f8e72/logs/run.googleapis.com%2Fstdout","receiveTimestamp":"2022-05-07T03:34:43.215338066Z","resource":{"labels":{"configuration_name":"muni-back","location":"asia-northeast1","project_id":"muni-production-f8e72","revision_name":"muni-back-hpgtt","service_name":"muni-back"},"type":"cloud_run_revision"},"timestamp":"2022-05-07T03:34:42.976397Z"}
{"httpRequest":{"latency":"0.111452761s","protocol":"HTTP/1.1","referer":"https://muni.ink/","remoteIp":"14.11.6.128","requestMethod":"POST","requestSize":"865","requestUrl":"https://api.muni.ink/user","responseSize":"979","serverIp":"35.241.42.228","status":200,"userAgent":"Mozilla/5.0 (Windows NT 10.0; Win64; x64) AppleWebKit/537.36 (KHTML, like Gecko) Chrome/101.0.4951.54 Safari/537.36"},"insertId":"6275e8d20009d695213b03ce","labels":{"instanceId":"0067430fbdd0a70138bfabd74feb01b624d90cb4bd534ef1d388ec5280b2fab42cf140ff9f3cfe3d69242256eef3069e99349eab6bcb5c4e42ecf008dfd06763"},"logName":"projects/muni-production-f8e72/logs/run.googleapis.com%2Frequests","receiveTimestamp":"2022-05-07T03:34:42.759625993Z","resource":{"labels":{"configuration_name":"muni-back","location":"asia-northeast1","project_id":"muni-production-f8e72","revision_name":"muni-back-hpgtt","service_name":"muni-back"},"type":"cloud_run_revision"},"severity":"INFO","timestamp":"2022-05-07T03:34:42.644757Z","trace":"projects/muni-production-f8e72/traces/82199612faf2c909d90faea206e2bda6"}
{"insertId":"6275e8d20009d1adc87a4655","jsonPayload":{"firebaseId":"SIZUKUPERU","ident":"SUCCESS_TO_FIND","level":"INFO","message":"User found.","method":"UserAPI","timestamp":"2022-5-7 3:34:42"},"labels":{"instanceId":"0067430fbdd0a70138bfabd74feb01b624d90cb4bd534ef1d388ec5280b2fab42cf140ff9f3cfe3d69242256eef3069e99349eab6bcb5c4e42ecf008dfd06763"},"logName":"projects/muni-production-f8e72/logs/run.googleapis.com%2Fstdout","receiveTimestamp":"2022-05-07T03:34:42.883763583Z","resource":{"labels":{"configuration_name":"muni-back","location":"asia-northeast1","project_id":"muni-production-f8e72","revision_name":"muni-back-hpgtt","service_name":"muni-back"},"type":"cloud_run_revision"},"timestamp":"2022-05-07T03:34:42.643501Z"}
{"insertId":"6275e8d20009d19a56eed511","jsonPayload":{"ident":"FETCH_USER","level":"INFO","message":"Complete fetching user data.","method":"UserAPI","timestamp":"2022-5-7 3:34:42"},"labels":{"instanceId":"0067430fbdd0a70138bfabd74feb01b624d90cb4bd534ef1d388ec5280b2fab42cf140ff9f3cfe3d69242256eef3069e99349eab6bcb5c4e42ecf008dfd06763"},"logName":"projects/muni-production-f8e72/logs/run.googleapis.com%2Fstdout","receiveTimestamp":"2022-05-07T03:34:42.883763583Z","resource":{"labels":{"configuration_name":"muni-back","location":"asia-northeast1","project_id":"muni-production-f8e72","revision_name":"muni-back-hpgtt","service_name":"muni-back"},"type":"cloud_run_revision"},"timestamp":"2022-05-07T03:34:42.643482Z"}
{"insertId":"6275e8d200091f0558123d22","jsonPayload":{"firebaseId":"SIZUKUPERU","ident":"FILTERING_WORKS","level":"INFO","message":"Search works link to the user.","method":"UserAPI","timestamp":"2022-5-7 3:34:42"},"labels":{"instanceId":"0067430fbdd0a70138bfabd74feb01b624d90cb4bd534ef1d388ec5280b2fab42cf140ff9f3cfe3d69242256eef3069e99349eab6bcb5c4e42ecf008dfd06763"},"logName":"projects/muni-production-f8e72/logs/run.googleapis.com%2Fstdout","receiveTimestamp":"2022-05-07T03:34:42.883763583Z","resource":{"labels":{"configuration_name":"muni-back","location":"asia-northeast1","project_id":"muni-production-f8e72","revision_name":"muni-back-hpgtt","service_name":"muni-back"},"type":"cloud_run_revision"},"timestamp":"2022-05-07T03:34:42.597765Z"}
{"insertId":"6275e8d20008295eb164a774","jsonPayload":{"ident":"RECIEVE","level":"INFO","message":"Recieve the work post request.","method":"UserAPI","timestamp":"2022-5-7 3:34:42"},"labels":{"instanceId":"0067430fbdd0a70138bfabd74feb01b624d90cb4bd534ef1d388ec5280b2fab42cf140ff9f3cfe3d69242256eef3069e99349eab6bcb5c4e42ecf008dfd06763"},"logName":"projects/muni-production-f8e72/logs/run.googleapis.com%2Fstdout","receiveTimestamp":"2022-05-07T03:34:42.547786598Z","resource":{"labels":{"configuration_name":"muni-back","location":"asia-northeast1","project_id":"muni-production-f8e72","revision_name":"muni-back-hpgtt","service_name":"muni-back"},"type":"cloud_run_revision"},"timestamp":"2022-05-07T03:34:42.534878Z"}
{"httpRequest":{"latency":"0.002022684s","protocol":"HTTP/1.1","referer":"https://muni.ink/","remoteIp":"14.11.6.128","requestMethod":"OPTIONS","requestSize":"741","requestUrl":"https://api.muni.ink/user","responseSize":"853","serverIp":"35.241.42.228","status":204,"userAgent":"Mozilla/5.0 (Windows NT 10.0; Win64; x64) AppleWebKit/537.36 (KHTML, like Gecko) Chrome/101.0.4951.54 Safari/537.36"},"insertId":"6275e8d20007bc6cc5cc69ca","labels":{"instanceId":"0067430fbdd0a70138bfabd74feb01b624d90cb4bd534ef1d388ec5280b2fab42cf140ff9f3cfe3d69242256eef3069e99349eab6bcb5c4e42ecf008dfd06763"},"logName":"projects/muni-production-f8e72/logs/run.googleapis.com%2Frequests","receiveTimestamp":"2022-05-07T03:34:42.759625993Z","resource":{"labels":{"configuration_name":"muni-back","location":"asia-northeast1","project_id":"muni-production-f8e72","revision_name":"muni-back-hpgtt","service_name":"muni-back"},"type":"cloud_run_revision"},"severity":"INFO","timestamp":"2022-05-07T03:34:42.506988Z","trace":"projects/muni-production-f8e72/traces/572ff97044b77a3dab7c5b08b0c018d8"}
{"httpRequest":{"latency":"1.331993985s","protocol":"HTTP/1.1","referer":"https://muni.ink/","remoteIp":"14.11.6.128","requestMethod":"POST","requestSize":"950","requestUrl":"https://api.muni.ink/create_user","responseSize":"946","serverIp":"35.241.42.228","status":200,"userAgent":"Mozilla/5.0 (Windows NT 10.0; Win64; x64) AppleWebKit/537.36 (KHTML, like Gecko) Chrome/101.0.4951.54 Safari/537.36"},"insertId":"6275e8d10001eb46736a0b5c","labels":{"instanceId":"0067430fbdd0a70138bfabd74feb01b624d90cb4bd534ef1d388ec5280b2fab42cf140ff9f3cfe3d69242256eef3069e99349eab6bcb5c4e42ecf008dfd06763"},"logName":"projects/muni-production-f8e72/logs/run.googleapis.com%2Frequests","receiveTimestamp":"2022-05-07T03:34:41.430147011Z","resource":{"labels":{"configuration_name":"muni-back","location":"asia-northeast1","project_id":"muni-production-f8e72","revision_name":"muni-back-hpgtt","service_name":"muni-back"},"type":"cloud_run_revision"},"severity":"INFO","timestamp":"2022-05-07T03:34:41.125766Z","trace":"projects/muni-production-f8e72/traces/99e703e46fdcbd0cf22cad054abab004"}
{"insertId":"6275e8cf000d72f91d3bfa7d","jsonPayload":{"accountId":"SIZUKUPERU","ident":"TRY_TO_CREATE","level":"INFO","message":"Try to create user.","method":"CreateUserAPI","timestamp":"2022-5-7 3:34:39"},"labels":{"instanceId":"0067430fbdd0a70138bfabd74feb01b624d90cb4bd534ef1d388ec5280b2fab42cf140ff9f3cfe3d69242256eef3069e99349eab6bcb5c4e42ecf008dfd06763"},"logName":"projects/muni-production-f8e72/logs/run.googleapis.com%2Fstdout","receiveTimestamp":"2022-05-07T03:34:39.882419907Z","resource":{"labels":{"configuration_name":"muni-back","location":"asia-northeast1","project_id":"muni-production-f8e72","revision_name":"muni-back-hpgtt","service_name":"muni-back"},"type":"cloud_run_revision"},"timestamp":"2022-05-07T03:34:39.881401Z"}
{"httpRequest":{"latency":"0.002305563s","protocol":"HTTP/1.1","referer":"https://muni.ink/","remoteIp":"14.11.6.128","requestMethod":"OPTIONS","requestSize":"748","requestUrl":"https://api.muni.ink/create_user","responseSize":"853","serverIp":"35.241.42.228","status":204,"userAgent":"Mozilla/5.0 (Windows NT 10.0; Win64; x64) AppleWebKit/537.36 (KHTML, like Gecko) Chrome/101.0.4951.54 Safari/537.36"},"insertId":"6275e8cf000b9ea4a412d0ef","labels":{"instanceId":"0067430fbdd0a70138bfabd74feb01b624d90cb4bd534ef1d388ec5280b2fab42cf140ff9f3cfe3d69242256eef3069e99349eab6bcb5c4e42ecf008dfd06763"},"logName":"projects/muni-production-f8e72/logs/run.googleapis.com%2Frequests","receiveTimestamp":"2022-05-07T03:34:39.763414773Z","resource":{"labels":{"configuration_name":"muni-back","location":"asia-northeast1","project_id":"muni-production-f8e72","revision_name":"muni-back-hpgtt","service_name":"muni-back"},"type":"cloud_run_revision"},"severity":"INFO","timestamp":"2022-05-07T03:34:39.761508Z","trace":"projects/muni-production-f8e72/traces/e6bb63a0976ec67e6bdb5d3ffdbc7494"}
{"httpRequest":{"latency":"0.024357819s","protocol":"HTTP/1.1","referer":"https://muni.ink/_next/static/css/c68c0af69704dac3.css","remoteIp":"150.100.16.104","requestMethod":"GET","requestSize":"711","requestUrl":"https://muni.ink/landing.svg","responseSize":"7263","serverIp":"35.241.42.228","status":200,"userAgent":"Mozilla/5.0 (Windows NT 6.1) AppleWebKit/537.36 (KHTML, like Gecko) Chrome/100.0.4896.127 Safari/537.36"},"insertId":"6275e8c6000b468abf11b271","labels":{"instanceId":"0067430fbd87d90256f2e59c0e4f2aba79064af94274bcdca0bfd9a4455db453dd53d295d547db6545ed9cc9551a52d296a212b63abb9a20086c4a0b06358f2c"},"logName":"projects/muni-production-f8e72/logs/run.googleapis.com%2Frequests","receiveTimestamp":"2022-05-07T03:34:31.017197022Z","resource":{"labels":{"configuration_name":"muni-front","location":"asia-northeast1","project_id":"muni-production-f8e72","revision_name":"muni-front-jq7fz","service_name":"muni-front"},"type":"cloud_run_revision"},"severity":"INFO","timestamp":"2022-05-07T03:34:30.738954Z","trace":"projects/muni-production-f8e72/traces/c29697750ffedcffa828b7a543a9d25a"}
{"httpRequest":{"latency":"0.007891968s","protocol":"HTTP/1.1","referer":"https://www.google.com/","remoteIp":"150.100.16.104","requestMethod":"GET","requestSize":"794","requestUrl":"https://muni.ink/signup","responseSize":"3616","serverIp":"35.241.42.228","status":200,"userAgent":"Mozilla/5.0 (Windows NT 6.1) AppleWebKit/537.36 (KHTML, like Gecko) Chrome/100.0.4896.127 Safari/537.36"},"insertId":"6275e8c300004a96f79fd9b1","labels":{"instanceId":"0067430fbd87d90256f2e59c0e4f2aba79064af94274bcdca0bfd9a4455db453dd53d295d547db6545ed9cc9551a52d296a212b63abb9a20086c4a0b06358f2c"},"logName":"projects/muni-production-f8e72/logs/run.googleapis.com%2Frequests","receiveTimestamp":"2022-05-07T03:34:27.024001068Z","resource":{"labels":{"configuration_name":"muni-front","location":"asia-northeast1","project_id":"muni-production-f8e72","revision_name":"muni-front-jq7fz","service_name":"muni-front"},"type":"cloud_run_revision"},"severity":"INFO","timestamp":"2022-05-07T03:34:27.019094Z","trace":"projects/muni-production-f8e72/traces/e4a917d3818c71583c7b8b40abff5d5f"}
{"httpRequest":{"latency":"0.025673045s","protocol":"HTTP/1.1","referer":"https://muni.ink/signup","remoteIp":"14.11.6.128","requestMethod":"GET","requestSize":"920","requestUrl":"https://muni.ink/landing.svg","responseSize":"7263","serverIp":"35.241.42.228","status":200,"userAgent":"Mozilla/5.0 (Windows NT 10.0; Win64; x64) AppleWebKit/537.36 (KHTML, like Gecko) Chrome/101.0.4951.54 Safari/537.36"},"insertId":"6275e87b000083e6eb7da22c","labels":{"instanceId":"0067430fbd87d90256f2e59c0e4f2aba79064af94274bcdca0bfd9a4455db453dd53d295d547db6545ed9cc9551a52d296a212b63abb9a20086c4a0b06358f2c"},"logName":"projects/muni-production-f8e72/logs/run.googleapis.com%2Frequests","receiveTimestamp":"2022-05-07T03:33:15.148368821Z","resource":{"labels":{"configuration_name":"muni-front","location":"asia-northeast1","project_id":"muni-production-f8e72","revision_name":"muni-front-jq7fz","service_name":"muni-front"},"type":"cloud_run_revision"},"severity":"INFO","timestamp":"2022-05-07T03:33:15.033766Z","trace":"projects/muni-production-f8e72/traces/9c7abd57f8bd270ed21d358bfaa09c49"}
{"httpRequest":{"latency":"0.197770741s","protocol":"HTTP/1.1","referer":"https://muni.ink/","remoteIp":"14.11.6.128","requestMethod":"POST","requestSize":"852","requestUrl":"https://api.muni.ink/recent","responseSize":"12342","serverIp":"35.241.42.228","status":200,"userAgent":"Mozilla/5.0 (Windows NT 10.0; Win64; x64) AppleWebKit/537.36 (KHTML, like Gecko) Chrome/101.0.4951.54 Safari/537.36"},"insertId":"6275e8790003d2fbcce980d4","labels":{"instanceId":"0067430fbdd0a70138bfabd74feb01b624d90cb4bd534ef1d388ec5280b2fab42cf140ff9f3cfe3d69242256eef3069e99349eab6bcb5c4e42ecf008dfd06763"},"logName":"projects/muni-production-f8e72/logs/run.googleapis.com%2Frequests","receiveTimestamp":"2022-05-07T03:33:13.339157324Z","resource":{"labels":{"configuration_name":"muni-back","location":"asia-northeast1","project_id":"muni-production-f8e72","revision_name":"muni-back-hpgtt","service_name":"muni-back"},"type":"cloud_run_revision"},"severity":"INFO","timestamp":"2022-05-07T03:33:13.250619Z","trace":"projects/muni-production-f8e72/traces/3ffe9268c0114b1e13d1ad94abc65fde"}
{"insertId":"6275e8790003cdd939044874","jsonPayload":{"ident":"FETCH_SUCCESS","level":"INFO","message":"Success to fetch.","method":"RecentPostAPI","timestamp":"2022-5-7 3:33:13"},"labels":{"instanceId":"0067430fbdd0a70138bfabd74feb01b624d90cb4bd534ef1d388ec5280b2fab42cf140ff9f3cfe3d69242256eef3069e99349eab6bcb5c4e42ecf008dfd06763"},"logName":"projects/muni-production-f8e72/logs/run.googleapis.com%2Fstdout","receiveTimestamp":"2022-05-07T03:33:13.388172993Z","resource":{"labels":{"configuration_name":"muni-back","location":"asia-northeast1","project_id":"muni-production-f8e72","revision_name":"muni-back-hpgtt","service_name":"muni-back"},"type":"cloud_run_revision"},"timestamp":"2022-05-07T03:33:13.249305Z"}
{"insertId":"6275e8790000d48614a8d25a","jsonPayload":{"ident":"RECIEVE","level":"INFO","message":"Recieve the recent posted works request.","method":"RecentPostAPI","timestamp":"2022-5-7 3:33:13"},"labels":{"instanceId":"0067430fbdd0a70138bfabd74feb01b624d90cb4bd534ef1d388ec5280b2fab42cf140ff9f3cfe3d69242256eef3069e99349eab6bcb5c4e42ecf008dfd06763"},"logName":"projects/muni-production-f8e72/logs/run.googleapis.com%2Fstdout","receiveTimestamp":"2022-05-07T03:33:13.056860925Z","resource":{"labels":{"configuration_name":"muni-back","location":"asia-northeast1","project_id":"muni-production-f8e72","revision_name":"muni-back-hpgtt","service_name":"muni-back"},"type":"cloud_run_revision"},"timestamp":"2022-05-07T03:33:13.054406Z"}
{"httpRequest":{"latency":"0.002475358s","protocol":"HTTP/1.1","referer":"https://muni.ink/","remoteIp":"14.11.6.128","requestMethod":"OPTIONS","requestSize":"743","requestUrl":"https://api.muni.ink/recent","responseSize":"853","serverIp":"35.241.42.228","status":204,"userAgent":"Mozilla/5.0 (Windows NT 10.0; Win64; x64) AppleWebKit/537.36 (KHTML, like Gecko) Chrome/101.0.4951.54 Safari/537.36"},"insertId":"6275e8790000096e9c1847e6","labels":{"instanceId":"0067430fbdd0a70138bfabd74feb01b624d90cb4bd534ef1d388ec5280b2fab42cf140ff9f3cfe3d69242256eef3069e99349eab6bcb5c4e42ecf008dfd06763"},"logName":"projects/muni-production-f8e72/logs/run.googleapis.com%2Frequests","receiveTimestamp":"2022-05-07T03:33:13.004898188Z","resource":{"labels":{"configuration_name":"muni-back","location":"asia-northeast1","project_id":"muni-production-f8e72","revision_name":"muni-back-hpgtt","service_name":"muni-back"},"type":"cloud_run_revision"},"severity":"INFO","timestamp":"2022-05-07T03:33:13.002414Z","trace":"projects/muni-production-f8e72/traces/d5d0fe134b74dfa7e99cf63aa2be419a"}
{"httpRequest":{"latency":"0.019872530s","protocol":"HTTP/1.1","referer":"https://muni.ink/?gclid=CjwKCAjwjtOTBhAvEiwASG4bCEQh6wSKCSi0az0djitjaJBGQR_tDYo23lY1tdc5FmgTQ7PE_tn-PhoCLSEQAvD_BwE","remoteIp":"14.11.6.128","requestMethod":"GET","requestSize":"1099","requestUrl":"https://muni.ink/favicon.ico","responseSize":"723","serverIp":"35.241.42.228","status":304,"userAgent":"Mozilla/5.0 (Windows NT 10.0; Win64; x64) AppleWebKit/537.36 (KHTML, like Gecko) Chrome/101.0.4951.54 Safari/537.36"},"insertId":"6275e878000dff9ad75c82be","labels":{"instanceId":"0067430fbd87d90256f2e59c0e4f2aba79064af94274bcdca0bfd9a4455db453dd53d295d547db6545ed9cc9551a52d296a212b63abb9a20086c4a0b06358f2c"},"logName":"projects/muni-production-f8e72/logs/run.googleapis.com%2Frequests","receiveTimestamp":"2022-05-07T03:33:13.150124287Z","resource":{"labels":{"configuration_name":"muni-front","location":"asia-northeast1","project_id":"muni-production-f8e72","revision_name":"muni-front-jq7fz","service_name":"muni-front"},"type":"cloud_run_revision"},"severity":"INFO","timestamp":"2022-05-07T03:33:12.917402Z","trace":"projects/muni-production-f8e72/traces/f3020915c11cb68832161138cee4118e"}
{"httpRequest":{"latency":"0.011519011s","protocol":"HTTP/1.1","referer":"https://muni.ink/?gclid=CjwKCAjwjtOTBhAvEiwASG4bCEQh6wSKCSi0az0djitjaJBGQR_tDYo23lY1tdc5FmgTQ7PE_tn-PhoCLSEQAvD_BwE","remoteIp":"14.11.6.128","requestMethod":"GET","requestSize":"958","requestUrl":"https://muni.ink/_next/image?url=%2Flogo_landing.png&w=256&q=75","responseSize":"4949","serverIp":"35.241.42.228","status":200,"userAgent":"Mozilla/5.0 (Windows NT 10.0; Win64; x64) AppleWebKit/537.36 (KHTML, like Gecko) Chrome/101.0.4951.54 Safari/537.36"},"insertId":"6275e878000c1a59f903d5bb","labels":{"instanceId":"0067430fbd87d90256f2e59c0e4f2aba79064af94274bcdca0bfd9a4455db453dd53d295d547db6545ed9cc9551a52d296a212b63abb9a20086c4a0b06358f2c"},"logName":"projects/muni-production-f8e72/logs/run.googleapis.com%2Frequests","receiveTimestamp":"2022-05-07T03:33:12.815812053Z","resource":{"labels":{"configuration_name":"muni-front","location":"asia-northeast1","project_id":"muni-production-f8e72","revision_name":"muni-front-jq7fz","service_name":"muni-front"},"type":"cloud_run_revision"},"severity":"INFO","timestamp":"2022-05-07T03:33:12.793177Z","trace":"projects/muni-production-f8e72/traces/03debf608359f6745a6b30aa4064ffb7"}
{"httpRequest":{"latency":"0.011639667s","protocol":"HTTP/1.1","referer":"https://muni.ink/?gclid=CjwKCAjwjtOTBhAvEiwASG4bCEQh6wSKCSi0az0djitjaJBGQR_tDYo23lY1tdc5FmgTQ7PE_tn-PhoCLSEQAvD_BwE","remoteIp":"14.11.6.128","requestMethod":"GET","requestSize":"959","requestUrl":"https://muni.ink/_next/image?url=%2Flogo_horizontal.png&w=256&q=75","responseSize":"3066","serverIp":"35.241.42.228","status":200,"userAgent":"Mozilla/5.0 (Windows NT 10.0; Win64; x64) AppleWebKit/537.36 (KHTML, like Gecko) Chrome/101.0.4951.54 Safari/537.36"},"insertId":"6275e878000c1a55e0976dcf","labels":{"instanceId":"0067430fbd87d90256f2e59c0e4f2aba79064af94274bcdca0bfd9a4455db453dd53d295d547db6545ed9cc9551a52d296a212b63abb9a20086c4a0b06358f2c"},"logName":"projects/muni-production-f8e72/logs/run.googleapis.com%2Frequests","receiveTimestamp":"2022-05-07T03:33:12.815812053Z","resource":{"labels":{"configuration_name":"muni-front","location":"asia-northeast1","project_id":"muni-production-f8e72","revision_name":"muni-front-jq7fz","service_name":"muni-front"},"type":"cloud_run_revision"},"severity":"INFO","timestamp":"2022-05-07T03:33:12.793173Z","trace":"projects/muni-production-f8e72/traces/ffe708cff8b057ea334373cf3c03a26a"}
{"httpRequest":{"latency":"0.003120781s","protocol":"HTTP/1.1","referer":"https://muni.ink/?gclid=CjwKCAjwjtOTBhAvEiwASG4bCEQh6wSKCSi0az0djitjaJBGQR_tDYo23lY1tdc5FmgTQ7PE_tn-PhoCLSEQAvD_BwE","remoteIp":"14.11.6.128","requestMethod":"GET","requestSize":"898","requestUrl":"https://muni.ink/_next/static/chunks/webpack-434fefa8f39d8fbc.js","responseSize":"1757","serverIp":"35.241.42.228","status":200,"userAgent":"Mozilla/5.0 (Windows NT 10.0; Win64; x64) AppleWebKit/537.36 (KHTML, like Gecko) Chrome/101.0.4951.54 Safari/537.36"},"insertId":"6275e87800071565271c2a0f","labels":{"instanceId":"0067430fbd87d90256f2e59c0e4f2aba79064af94274bcdca0bfd9a4455db453dd53d295d547db6545ed9cc9551a52d296a212b63abb9a20086c4a0b06358f2c"},"logName":"projects/muni-production-f8e72/logs/run.googleapis.com%2Frequests","receiveTimestamp":"2022-05-07T03:33:12.485721155Z","resource":{"labels":{"configuration_name":"muni-front","location":"asia-northeast1","project_id":"muni-production-f8e72","revision_name":"muni-front-jq7fz","service_name":"muni-front"},"type":"cloud_run_revision"},"severity":"INFO","timestamp":"2022-05-07T03:33:12.464229Z","trace":"projects/muni-production-f8e72/traces/0c5235ce0cac1f1847c56db459338337"}
{"httpRequest":{"latency":"0.003264492s","protocol":"HTTP/1.1","referer":"https://muni.ink/?gclid=CjwKCAjwjtOTBhAvEiwASG4bCEQh6wSKCSi0az0djitjaJBGQR_tDYo23lY1tdc5FmgTQ7PE_tn-PhoCLSEQAvD_BwE","remoteIp":"14.11.6.128","requestMethod":"GET","requestSize":"902","requestUrl":"https://muni.ink/_next/static/IVVvbvvWS4XaF0igaWv4S/_ssgManifest.js","responseSize":"962","serverIp":"35.241.42.228","status":200,"userAgent":"Mozilla/5.0 (Windows NT 10.0; Win64; x64) AppleWebKit/537.36 (KHTML, like Gecko) Chrome/101.0.4951.54 Safari/537.36"},"insertId":"6275e878000704dd49902dd6","labels":{"instanceId":"0067430fbd87d90256f2e59c0e4f2aba79064af94274bcdca0bfd9a4455db453dd53d295d547db6545ed9cc9551a52d296a212b63abb9a20086c4a0b06358f2c"},"logName":"projects/muni-production-f8e72/logs/run.googleapis.com%2Frequests","receiveTimestamp":"2022-05-07T03:33:12.485721155Z","resource":{"labels":{"configuration_name":"muni-front","location":"asia-northeast1","project_id":"muni-production-f8e72","revision_name":"muni-front-jq7fz","service_name":"muni-front"},"type":"cloud_run_revision"},"severity":"INFO","timestamp":"2022-05-07T03:33:12.459997Z","trace":"projects/muni-production-f8e72/traces/f60871dcb36d847e5102d7dd3d6ea891"}
{"httpRequest":{"latency":"0.005318193s","protocol":"HTTP/1.1","referer":"https://www.google.com/","remoteIp":"14.11.6.128","requestMethod":"GET","requestSize":"1041","requestUrl":"https://muni.ink/?gclid=CjwKCAjwjtOTBhAvEiwASG4bCEQh6wSKCSi0az0djitjaJBGQR_tDYo23lY1tdc5FmgTQ7PE_tn-PhoCLSEQAvD_BwE","responseSize":"6078","serverIp":"35.241.42.228","status":200,"userAgent":"Mozilla/5.0 (Windows NT 10.0; Win64; x64) AppleWebKit/537.36 (KHTML, like Gecko) Chrome/101.0.4951.54 Safari/537.36"},"insertId":"6275e87800023f7a02e4d97e","labels":{"instanceId":"0067430fbd87d90256f2e59c0e4f2aba79064af94274bcdca0bfd9a4455db453dd53d295d547db6545ed9cc9551a52d296a212b63abb9a20086c4a0b06358f2c"},"logName":"projects/muni-production-f8e72/logs/run.googleapis.com%2Frequests","receiveTimestamp":"2022-05-07T03:33:12.151871731Z","resource":{"labels":{"configuration_name":"muni-front","location":"asia-northeast1","project_id":"muni-production-f8e72","revision_name":"muni-front-jq7fz","service_name":"muni-front"},"type":"cloud_run_revision"},"severity":"INFO","timestamp":"2022-05-07T03:33:12.147322Z","trace":"projects/muni-production-f8e72/traces/b6eaaf9c78c1d49ecfdae25934015d9b"}
{"httpRequest":{"latency":"0.239529494s","protocol":"HTTP/1.1","referer":"https://muni.ink/","remoteIp":"18.180.250.245","requestMethod":"POST","requestSize":"854","requestUrl":"https://api.muni.ink/recent","responseSize":"12342","serverIp":"35.241.42.228","status":200,"userAgent":"Mozilla/5.0 (Windows NT 10.0; Win64; x64) AppleWebKit/537.36 (KHTML, like Gecko) Chrome/100.0.4896.127 Safari/537.36"},"insertId":"6275e8330002610bb7736a38","labels":{"instanceId":"0067430fbdd0a70138bfabd74feb01b624d90cb4bd534ef1d388ec5280b2fab42cf140ff9f3cfe3d69242256eef3069e99349eab6bcb5c4e42ecf008dfd06763"},"logName":"projects/muni-production-f8e72/logs/run.googleapis.com%2Frequests","receiveTimestamp":"2022-05-07T03:32:03.465045950Z","resource":{"labels":{"configuration_name":"muni-back","location":"asia-northeast1","project_id":"muni-production-f8e72","revision_name":"muni-back-hpgtt","service_name":"muni-back"},"type":"cloud_run_revision"},"severity":"INFO","timestamp":"2022-05-07T03:32:03.155915Z","trace":"projects/muni-production-f8e72/traces/2c4fdeeb6813bffb58b9164973ef5dfe"}
{"insertId":"6275e83300025b1d92429fb3","jsonPayload":{"ident":"FETCH_SUCCESS","level":"INFO","message":"Success to fetch.","method":"RecentPostAPI","timestamp":"2022-5-7 3:32:3"},"labels":{"instanceId":"0067430fbdd0a70138bfabd74feb01b624d90cb4bd534ef1d388ec5280b2fab42cf140ff9f3cfe3d69242256eef3069e99349eab6bcb5c4e42ecf008dfd06763"},"logName":"projects/muni-production-f8e72/logs/run.googleapis.com%2Fstdout","receiveTimestamp":"2022-05-07T03:32:03.254750527Z","resource":{"labels":{"configuration_name":"muni-back","location":"asia-northeast1","project_id":"muni-production-f8e72","revision_name":"muni-back-hpgtt","service_name":"muni-back"},"type":"cloud_run_revision"},"timestamp":"2022-05-07T03:32:03.154397Z"}
{"insertId":"6275e832000e044c1b1b20f1","jsonPayload":{"ident":"RECIEVE","level":"INFO","message":"Recieve the recent posted works request.","method":"RecentPostAPI","timestamp":"2022-5-7 3:32:2"},"labels":{"instanceId":"0067430fbdd0a70138bfabd74feb01b624d90cb4bd534ef1d388ec5280b2fab42cf140ff9f3cfe3d69242256eef3069e99349eab6bcb5c4e42ecf008dfd06763"},"logName":"projects/muni-production-f8e72/logs/run.googleapis.com%2Fstdout","receiveTimestamp":"2022-05-07T03:32:02.921993137Z","resource":{"labels":{"configuration_name":"muni-back","location":"asia-northeast1","project_id":"muni-production-f8e72","revision_name":"muni-back-hpgtt","service_name":"muni-back"},"type":"cloud_run_revision"},"timestamp":"2022-05-07T03:32:02.918604Z"}
{"httpRequest":{"latency":"0.002816541s","protocol":"HTTP/1.1","referer":"https://muni.ink/","remoteIp":"18.180.250.245","requestMethod":"OPTIONS","requestSize":"744","requestUrl":"https://api.muni.ink/recent","responseSize":"853","serverIp":"35.241.42.228","status":204,"userAgent":"Mozilla/5.0 (Windows NT 10.0; Win64; x64) AppleWebKit/537.36 (KHTML, like Gecko) Chrome/100.0.4896.127 Safari/537.36"},"insertId":"6275e832000c275b8135b039","labels":{"instanceId":"0067430fbdd0a70138bfabd74feb01b624d90cb4bd534ef1d388ec5280b2fab42cf140ff9f3cfe3d69242256eef3069e99349eab6bcb5c4e42ecf008dfd06763"},"logName":"projects/muni-production-f8e72/logs/run.googleapis.com%2Frequests","receiveTimestamp":"2022-05-07T03:32:02.799151304Z","resource":{"labels":{"configuration_name":"muni-back","location":"asia-northeast1","project_id":"muni-production-f8e72","revision_name":"muni-back-hpgtt","service_name":"muni-back"},"type":"cloud_run_revision"},"severity":"INFO","timestamp":"2022-05-07T03:32:02.796507Z","trace":"projects/muni-production-f8e72/traces/e85fd6082599799895d758344cc418cd"}
{"httpRequest":{"latency":"0.005641870s","protocol":"HTTP/1.1","referer":"https://muni.ink/?gclid=CjwKCAjwjtOTBhAvEiwASG4bCNfbpPGde5rVym_hIW4LCXWEJnhYmc6Zz5pwc6a2XJeQ4Q6o6QsAwhoCrzsQAvD_BwE","remoteIp":"18.180.250.245","requestMethod":"GET","requestSize":"1113","requestUrl":"https://muni.ink/_next/image?url=%2Flogo_horizontal.png&w=384&q=75","responseSize":"709","serverIp":"35.241.42.228","status":304,"userAgent":"Mozilla/5.0 (Windows NT 10.0; Win64; x64) AppleWebKit/537.36 (KHTML, like Gecko) Chrome/100.0.4896.127 Safari/537.36"},"insertId":"6275e8320009ac4be3b5e1bb","labels":{"instanceId":"0067430fbd87d90256f2e59c0e4f2aba79064af94274bcdca0bfd9a4455db453dd53d295d547db6545ed9cc9551a52d296a212b63abb9a20086c4a0b06358f2c"},"logName":"projects/muni-production-f8e72/logs/run.googleapis.com%2Frequests","receiveTimestamp":"2022-05-07T03:32:02.959237551Z","resource":{"labels":{"configuration_name":"muni-front","location":"asia-northeast1","project_id":"muni-production-f8e72","revision_name":"muni-front-jq7fz","service_name":"muni-front"},"type":"cloud_run_revision"},"severity":"INFO","timestamp":"2022-05-07T03:32:02.633931Z","trace":"projects/muni-production-f8e72/traces/4f848e496a80461860f7c8d870fcb312"}
{"httpRequest":{"latency":"0.004867351s","protocol":"HTTP/1.1","referer":"https://muni.ink/?gclid=CjwKCAjwjtOTBhAvEiwASG4bCNfbpPGde5rVym_hIW4LCXWEJnhYmc6Zz5pwc6a2XJeQ4Q6o6QsAwhoCrzsQAvD_BwE","remoteIp":"18.180.250.245","requestMethod":"GET","requestSize":"1111","requestUrl":"https://muni.ink/_next/image?url=%2Flogo_landing.png&w=384&q=75","responseSize":"709","serverIp":"35.241.42.228","status":304,"userAgent":"Mozilla/5.0 (Windows NT 10.0; Win64; x64) AppleWebKit/537.36 (KHTML, like Gecko) Chrome/100.0.4896.127 Safari/537.36"},"insertId":"6275e8320009a9f32a026bbd","labels":{"instanceId":"0067430fbd87d90256f2e59c0e4f2aba79064af94274bcdca0bfd9a4455db453dd53d295d547db6545ed9cc9551a52d296a212b63abb9a20086c4a0b06358f2c"},"logName":"projects/muni-production-f8e72/logs/run.googleapis.com%2Frequests","receiveTimestamp":"2022-05-07T03:32:02.959237551Z","resource":{"labels":{"configuration_name":"muni-front","location":"asia-northeast1","project_id":"muni-production-f8e72","revision_name":"muni-front-jq7fz","service_name":"muni-front"},"type":"cloud_run_revision"},"severity":"INFO","timestamp":"2022-05-07T03:32:02.633331Z","trace":"projects/muni-production-f8e72/traces/cf42b310ce742c98b6c0d3b9167362db"}
{"httpRequest":{"latency":"0.006526150s","protocol":"HTTP/1.1","referer":"https://muni.ink/?gclid=CjwKCAjwjtOTBhAvEiwASG4bCNfbpPGde5rVym_hIW4LCXWEJnhYmc6Zz5pwc6a2XJeQ4Q6o6QsAwhoCrzsQAvD_BwE","remoteIp":"18.180.250.245","requestMethod":"GET","requestSize":"1102","requestUrl":"https://muni.ink/favicon.ico","responseSize":"722","serverIp":"35.241.42.228","status":304,"userAgent":"Mozilla/5.0 (Windows NT 10.0; Win64; x64) AppleWebKit/537.36 (KHTML, like Gecko) Chrome/100.0.4896.127 Safari/537.36"},"insertId":"6275e83200037c02c729256e","labels":{"instanceId":"0067430fbd87d90256f2e59c0e4f2aba79064af94274bcdca0bfd9a4455db453dd53d295d547db6545ed9cc9551a52d296a212b63abb9a20086c4a0b06358f2c"},"logName":"projects/muni-production-f8e72/logs/run.googleapis.com%2Frequests","receiveTimestamp":"2022-05-07T03:32:02.291841287Z","resource":{"labels":{"configuration_name":"muni-front","location":"asia-northeast1","project_id":"muni-production-f8e72","revision_name":"muni-front-jq7fz","service_name":"muni-front"},"type":"cloud_run_revision"},"severity":"INFO","timestamp":"2022-05-07T03:32:02.228354Z","trace":"projects/muni-production-f8e72/traces/aecd41383930260801206f405b55a22b"}
{"httpRequest":{"latency":"0.008534082s","protocol":"HTTP/1.1","referer":"https://www.google.com/","remoteIp":"18.180.250.245","requestMethod":"GET","requestSize":"1043","requestUrl":"https://muni.ink/?gclid=CjwKCAjwjtOTBhAvEiwASG4bCNfbpPGde5rVym_hIW4LCXWEJnhYmc6Zz5pwc6a2XJeQ4Q6o6QsAwhoCrzsQAvD_BwE","responseSize":"6078","serverIp":"35.241.42.228","status":200,"userAgent":"Mozilla/5.0 (Windows NT 10.0; Win64; x64) AppleWebKit/537.36 (KHTML, like Gecko) Chrome/100.0.4896.127 Safari/537.36"},"insertId":"6275e83100046e2cf25bdbfa","labels":{"instanceId":"0067430fbd87d90256f2e59c0e4f2aba79064af94274bcdca0bfd9a4455db453dd53d295d547db6545ed9cc9551a52d296a212b63abb9a20086c4a0b06358f2c"},"logName":"projects/muni-production-f8e72/logs/run.googleapis.com%2Frequests","receiveTimestamp":"2022-05-07T03:32:01.295285367Z","resource":{"labels":{"configuration_name":"muni-front","location":"asia-northeast1","project_id":"muni-production-f8e72","revision_name":"muni-front-jq7fz","service_name":"muni-front"},"type":"cloud_run_revision"},"severity":"INFO","timestamp":"2022-05-07T03:32:01.290348Z","trace":"projects/muni-production-f8e72/traces/635a88a2d8e6803535dfbaf2d86e5ff5"}
{"httpRequest":{"latency":"0.002532696s","protocol":"HTTP/1.1","remoteIp":"40.77.190.152","requestMethod":"GET","requestSize":"539","requestUrl":"https://api.muni.ink/recent","responseSize":"952","serverIp":"35.241.42.228","status":404,"userAgent":"Mozilla/5.0 (Windows NT 6.1; WOW64) AppleWebKit/534+ (KHTML, like Gecko) BingPreview/1.0b"},"insertId":"6275e7f7000291d1d991405b","labels":{"instanceId":"0067430fbdd0a70138bfabd74feb01b624d90cb4bd534ef1d388ec5280b2fab42cf140ff9f3cfe3d69242256eef3069e99349eab6bcb5c4e42ecf008dfd06763"},"logName":"projects/muni-production-f8e72/logs/run.googleapis.com%2Frequests","receiveTimestamp":"2022-05-07T03:31:03.170594760Z","resource":{"labels":{"configuration_name":"muni-back","location":"asia-northeast1","project_id":"muni-production-f8e72","revision_name":"muni-back-hpgtt","service_name":"muni-back"},"type":"cloud_run_revision"},"severity":"WARNING","timestamp":"2022-05-07T03:31:03.168401Z","trace":"projects/muni-production-f8e72/traces/774e572d956f272374886345786d161c"}
{"httpRequest":{"latency":"0.296671057s","protocol":"HTTP/1.1","referer":"https://muni.ink/","remoteIp":"59.128.180.201","requestMethod":"POST","requestSize":"651","requestUrl":"https://api.muni.ink/recent","responseSize":"12342","serverIp":"35.241.42.228","status":200,"userAgent":"Mozilla/5.0 (iPhone; CPU iPhone OS 15_4_1 like Mac OS X) AppleWebKit/605.1.15 (KHTML, like Gecko) Version/15.4 Mobile/15E148 Safari/604.1"},"insertId":"6275e7b8000b743921a82ee8","labels":{"instanceId":"0067430fbdd0a70138bfabd74feb01b624d90cb4bd534ef1d388ec5280b2fab42cf140ff9f3cfe3d69242256eef3069e99349eab6bcb5c4e42ecf008dfd06763"},"logName":"projects/muni-production-f8e72/logs/run.googleapis.com%2Frequests","receiveTimestamp":"2022-05-07T03:30:01.071722991Z","resource":{"labels":{"configuration_name":"muni-back","location":"asia-northeast1","project_id":"muni-production-f8e72","revision_name":"muni-back-hpgtt","service_name":"muni-back"},"type":"cloud_run_revision"},"severity":"INFO","timestamp":"2022-05-07T03:30:00.750649Z","trace":"projects/muni-production-f8e72/traces/81cc9a99a3d5b73cfb2dd915d565fb55"}
{"insertId":"6275e7b8000b6d4ec4a8ed7d","jsonPayload":{"ident":"FETCH_SUCCESS","level":"INFO","message":"Success to fetch.","method":"RecentPostAPI","timestamp":"2022-5-7 3:30:0"},"labels":{"instanceId":"0067430fbdd0a70138bfabd74feb01b624d90cb4bd534ef1d388ec5280b2fab42cf140ff9f3cfe3d69242256eef3069e99349eab6bcb5c4e42ecf008dfd06763"},"logName":"projects/muni-production-f8e72/logs/run.googleapis.com%2Fstdout","receiveTimestamp":"2022-05-07T03:30:00.790619915Z","resource":{"labels":{"configuration_name":"muni-back","location":"asia-northeast1","project_id":"muni-production-f8e72","revision_name":"muni-back-hpgtt","service_name":"muni-back"},"type":"cloud_run_revision"},"timestamp":"2022-05-07T03:30:00.748878Z"}
{"insertId":"6275e7b80006f33cd57e605f","jsonPayload":{"ident":"RECIEVE","level":"INFO","message":"Recieve the recent posted works request.","method":"RecentPostAPI","timestamp":"2022-5-7 3:30:0"},"labels":{"instanceId":"0067430fbdd0a70138bfabd74feb01b624d90cb4bd534ef1d388ec5280b2fab42cf140ff9f3cfe3d69242256eef3069e99349eab6bcb5c4e42ecf008dfd06763"},"logName":"projects/muni-production-f8e72/logs/run.googleapis.com%2Fstdout","receiveTimestamp":"2022-05-07T03:30:00.459812225Z","resource":{"labels":{"configuration_name":"muni-back","location":"asia-northeast1","project_id":"muni-production-f8e72","revision_name":"muni-back-hpgtt","service_name":"muni-back"},"type":"cloud_run_revision"},"timestamp":"2022-05-07T03:30:00.455484Z"}
{"httpRequest":{"latency":"0.002241088s","protocol":"HTTP/1.1","referer":"https://muni.ink/","remoteIp":"59.128.180.201","requestMethod":"OPTIONS","requestSize":"692","requestUrl":"https://api.muni.ink/recent","responseSize":"853","serverIp":"35.241.42.228","status":204,"userAgent":"Mozilla/5.0 (iPhone; CPU iPhone OS 15_4_1 like Mac OS X) AppleWebKit/605.1.15 (KHTML, like Gecko) Version/15.4 Mobile/15E148 Safari/604.1"},"insertId":"6275e7b8000628130a0b06bc","labels":{"instanceId":"0067430fbdd0a70138bfabd74feb01b624d90cb4bd534ef1d388ec5280b2fab42cf140ff9f3cfe3d69242256eef3069e99349eab6bcb5c4e42ecf008dfd06763"},"logName":"projects/muni-production-f8e72/logs/run.googleapis.com%2Frequests","receiveTimestamp":"2022-05-07T03:30:00.406430234Z","resource":{"labels":{"configuration_name":"muni-back","location":"asia-northeast1","project_id":"muni-production-f8e72","revision_name":"muni-back-hpgtt","service_name":"muni-back"},"type":"cloud_run_revision"},"severity":"INFO","timestamp":"2022-05-07T03:30:00.403475Z","trace":"projects/muni-production-f8e72/traces/fff61b3640f8a1b9dab6ff74edca11d3"}
{"httpRequest":{"latency":"0.009081343s","protocol":"HTTP/1.1","remoteIp":"157.55.39.217","requestMethod":"GET","requestSize":"551","requestUrl":"https://muni.ink/_next/static/chunks/main-1d8adce4d7e8417e.js","responseSize":"28664","serverIp":"35.241.42.228","status":200,"userAgent":"Mozilla/5.0 (compatible; bingbot/2.0; +http://www.bing.com/bingbot.htm)"},"insertId":"6275e6960002529e35ba820a","labels":{"instanceId":"0067430fbd87d90256f2e59c0e4f2aba79064af94274bcdca0bfd9a4455db453dd53d295d547db6545ed9cc9551a52d296a212b63abb9a20086c4a0b06358f2c"},"logName":"projects/muni-production-f8e72/logs/run.googleapis.com%2Frequests","receiveTimestamp":"2022-05-07T03:25:10.208658830Z","resource":{"labels":{"configuration_name":"muni-front","location":"asia-northeast1","project_id":"muni-production-f8e72","revision_name":"muni-front-jq7fz","service_name":"muni-front"},"type":"cloud_run_revision"},"severity":"INFO","timestamp":"2022-05-07T03:25:10.152222Z","trace":"projects/muni-production-f8e72/traces/2b3180abed40a903b78fd52512725105"}
{"httpRequest":{"latency":"0.011218213s","protocol":"HTTP/1.1","remoteIp":"157.55.39.217","requestMethod":"GET","requestSize":"565","requestUrl":"https://muni.ink/_next/static/IVVvbvvWS4XaF0igaWv4S/_middlewareManifest.js","responseSize":"926","serverIp":"35.241.42.228","status":200,"userAgent":"Mozilla/5.0 (compatible; bingbot/2.0; +http://www.bing.com/bingbot.htm)"},"insertId":"6275e69300021636019f7122","labels":{"instanceId":"0067430fbd87d90256f2e59c0e4f2aba79064af94274bcdca0bfd9a4455db453dd53d295d547db6545ed9cc9551a52d296a212b63abb9a20086c4a0b06358f2c"},"logName":"projects/muni-production-f8e72/logs/run.googleapis.com%2Frequests","receiveTimestamp":"2022-05-07T03:25:07.209990704Z","resource":{"labels":{"configuration_name":"muni-front","location":"asia-northeast1","project_id":"muni-production-f8e72","revision_name":"muni-front-jq7fz","service_name":"muni-front"},"type":"cloud_run_revision"},"severity":"INFO","timestamp":"2022-05-07T03:25:07.136758Z","trace":"projects/muni-production-f8e72/traces/dc5bb583a5463451ed07670e690cdc88"}
{"httpRequest":{"latency":"0.009013375s","protocol":"HTTP/1.1","remoteIp":"157.55.39.217","requestMethod":"GET","requestSize":"551","requestUrl":"https://muni.ink/_next/static/chunks/main-1d8adce4d7e8417e.js","responseSize":"28664","serverIp":"35.241.42.228","status":200,"userAgent":"Mozilla/5.0 (compatible; bingbot/2.0; +http://www.bing.com/bingbot.htm)"},"insertId":"6275e690000272a5a01948ab","labels":{"instanceId":"0067430fbd87d90256f2e59c0e4f2aba79064af94274bcdca0bfd9a4455db453dd53d295d547db6545ed9cc9551a52d296a212b63abb9a20086c4a0b06358f2c"},"logName":"projects/muni-production-f8e72/logs/run.googleapis.com%2Frequests","receiveTimestamp":"2022-05-07T03:25:04.212575803Z","resource":{"labels":{"configuration_name":"muni-front","location":"asia-northeast1","project_id":"muni-production-f8e72","revision_name":"muni-front-jq7fz","service_name":"muni-front"},"type":"cloud_run_revision"},"severity":"INFO","timestamp":"2022-05-07T03:25:04.160421Z","trace":"projects/muni-production-f8e72/traces/a8e00e8c27c46cb2c904b09fd748fd0a"}
{"httpRequest":{"latency":"0.003807661s","protocol":"HTTP/1.1","remoteIp":"157.55.39.217","requestMethod":"GET","requestSize":"565","requestUrl":"https://muni.ink/_next/static/IVVvbvvWS4XaF0igaWv4S/_middlewareManifest.js","responseSize":"925","serverIp":"35.241.42.228","status":200,"userAgent":"Mozilla/5.0 (compatible; bingbot/2.0; +http://www.bing.com/bingbot.htm)"},"insertId":"6275e68d000d68b3fc8a18bf","labels":{"instanceId":"0067430fbd87d90256f2e59c0e4f2aba79064af94274bcdca0bfd9a4455db453dd53d295d547db6545ed9cc9551a52d296a212b63abb9a20086c4a0b06358f2c"},"logName":"projects/muni-production-f8e72/logs/run.googleapis.com%2Frequests","receiveTimestamp":"2022-05-07T03:25:01.882154569Z","resource":{"labels":{"configuration_name":"muni-front","location":"asia-northeast1","project_id":"muni-production-f8e72","revision_name":"muni-front-jq7fz","service_name":"muni-front"},"type":"cloud_run_revision"},"severity":"INFO","timestamp":"2022-05-07T03:25:01.878771Z","trace":"projects/muni-production-f8e72/traces/ec51ef9cb3d41934caa15b1280b58a72"}
{"httpRequest":{"latency":"0.079064904s","protocol":"HTTP/1.1","referer":"https://muni.ink/","remoteIp":"220.100.26.172","requestMethod":"POST","requestSize":"879","requestUrl":"https://api.muni.ink/user","responseSize":"2412","serverIp":"35.241.42.228","status":200,"userAgent":"Mozilla/5.0 (Linux; Android 12; Pixel 5) AppleWebKit/537.36 (KHTML, like Gecko) Chrome/101.0.4951.41 Mobile Safari/537.36"},"insertId":"6275e57c000c25b874475541","labels":{"instanceId":"0067430fbdd0a70138bfabd74feb01b624d90cb4bd534ef1d388ec5280b2fab42cf140ff9f3cfe3d69242256eef3069e99349eab6bcb5c4e42ecf008dfd06763"},"logName":"projects/muni-production-f8e72/logs/run.googleapis.com%2Frequests","receiveTimestamp":"2022-05-07T03:20:28.869638069Z","resource":{"labels":{"configuration_name":"muni-back","location":"asia-northeast1","project_id":"muni-production-f8e72","revision_name":"muni-back-hpgtt","service_name":"muni-back"},"type":"cloud_run_revision"},"severity":"INFO","timestamp":"2022-05-07T03:20:28.796088Z","trace":"projects/muni-production-f8e72/traces/acca3b4871b58452f541cd7290622a57"}
{"insertId":"6275e57c000c2071412b3028","jsonPayload":{"firebaseId":"toritoritori29","ident":"SUCCESS_TO_FIND","level":"INFO","message":"User found.","method":"UserAPI","timestamp":"2022-5-7 3:20:28"},"labels":{"instanceId":"0067430fbdd0a70138bfabd74feb01b624d90cb4bd534ef1d388ec5280b2fab42cf140ff9f3cfe3d69242256eef3069e99349eab6bcb5c4e42ecf008dfd06763"},"logName":"projects/muni-production-f8e72/logs/run.googleapis.com%2Fstdout","receiveTimestamp":"2022-05-07T03:20:28.890887235Z","resource":{"labels":{"configuration_name":"muni-back","location":"asia-northeast1","project_id":"muni-production-f8e72","revision_name":"muni-back-hpgtt","service_name":"muni-back"},"type":"cloud_run_revision"},"timestamp":"2022-05-07T03:20:28.794737Z"}
{"insertId":"6275e57c000c2055be123017","jsonPayload":{"ident":"FETCH_USER","level":"INFO","message":"Complete fetching user data.","method":"UserAPI","timestamp":"2022-5-7 3:20:28"},"labels":{"instanceId":"0067430fbdd0a70138bfabd74feb01b624d90cb4bd534ef1d388ec5280b2fab42cf140ff9f3cfe3d69242256eef3069e99349eab6bcb5c4e42ecf008dfd06763"},"logName":"projects/muni-production-f8e72/logs/run.googleapis.com%2Fstdout","receiveTimestamp":"2022-05-07T03:20:28.890887235Z","resource":{"labels":{"configuration_name":"muni-back","location":"asia-northeast1","project_id":"muni-production-f8e72","revision_name":"muni-back-hpgtt","service_name":"muni-back"},"type":"cloud_run_revision"},"timestamp":"2022-05-07T03:20:28.794709Z"}
{"insertId":"6275e57c000b662078bc0548","jsonPayload":{"firebaseId":"toritoritori29","ident":"FILTERING_WORKS","level":"INFO","message":"Search works link to the user.","method":"UserAPI","timestamp":"2022-5-7 3:20:28"},"labels":{"instanceId":"0067430fbdd0a70138bfabd74feb01b624d90cb4bd534ef1d388ec5280b2fab42cf140ff9f3cfe3d69242256eef3069e99349eab6bcb5c4e42ecf008dfd06763"},"logName":"projects/muni-production-f8e72/logs/run.googleapis.com%2Fstdout","receiveTimestamp":"2022-05-07T03:20:28.890887235Z","resource":{"labels":{"configuration_name":"muni-back","location":"asia-northeast1","project_id":"muni-production-f8e72","revision_name":"muni-back-hpgtt","service_name":"muni-back"},"type":"cloud_run_revision"},"timestamp":"2022-05-07T03:20:28.747040Z"}
{"insertId":"6275e57c000af59e76d65010","jsonPayload":{"ident":"RECIEVE","level":"INFO","message":"Recieve the work post request.","method":"UserAPI","timestamp":"2022-5-7 3:20:28"},"labels":{"instanceId":"0067430fbdd0a70138bfabd74feb01b624d90cb4bd534ef1d388ec5280b2fab42cf140ff9f3cfe3d69242256eef3069e99349eab6bcb5c4e42ecf008dfd06763"},"logName":"projects/muni-production-f8e72/logs/run.googleapis.com%2Fstdout","receiveTimestamp":"2022-05-07T03:20:28.890887235Z","resource":{"labels":{"configuration_name":"muni-back","location":"asia-northeast1","project_id":"muni-production-f8e72","revision_name":"muni-back-hpgtt","service_name":"muni-back"},"type":"cloud_run_revision"},"timestamp":"2022-05-07T03:20:28.718238Z"}
{"httpRequest":{"latency":"0.001999438s","protocol":"HTTP/1.1","referer":"https://muni.ink/","remoteIp":"220.100.26.172","requestMethod":"OPTIONS","requestSize":"751","requestUrl":"https://api.muni.ink/user","responseSize":"853","serverIp":"35.241.42.228","status":204,"userAgent":"Mozilla/5.0 (Linux; Android 12; Pixel 5) AppleWebKit/537.36 (KHTML, like Gecko) Chrome/101.0.4951.41 Mobile Safari/537.36"},"insertId":"6275e57c000a94f3a3cb6f74","labels":{"instanceId":"0067430fbdd0a70138bfabd74feb01b624d90cb4bd534ef1d388ec5280b2fab42cf140ff9f3cfe3d69242256eef3069e99349eab6bcb5c4e42ecf008dfd06763"},"logName":"projects/muni-production-f8e72/logs/run.googleapis.com%2Frequests","receiveTimestamp":"2022-05-07T03:20:28.869638069Z","resource":{"labels":{"configuration_name":"muni-back","location":"asia-northeast1","project_id":"muni-production-f8e72","revision_name":"muni-back-hpgtt","service_name":"muni-back"},"type":"cloud_run_revision"},"severity":"INFO","timestamp":"2022-05-07T03:20:28.693491Z","trace":"projects/muni-production-f8e72/traces/7bc85f382a9d31c3627c6f54958c5f12"}
{"httpRequest":{"latency":"0.140634688s","protocol":"HTTP/1.1","referer":"https://muni.ink/","remoteIp":"220.100.26.172","requestMethod":"POST","requestSize":"864","requestUrl":"https://api.muni.ink/recent","responseSize":"12342","serverIp":"35.241.42.228","status":200,"userAgent":"Mozilla/5.0 (Linux; Android 12; Pixel 5) AppleWebKit/537.36 (KHTML, like Gecko) Chrome/101.0.4951.41 Mobile Safari/537.36"},"insertId":"6275e57c0000755448d9e7a7","labels":{"instanceId":"0067430fbdd0a70138bfabd74feb01b624d90cb4bd534ef1d388ec5280b2fab42cf140ff9f3cfe3d69242256eef3069e99349eab6bcb5c4e42ecf008dfd06763"},"logName":"projects/muni-production-f8e72/logs/run.googleapis.com%2Frequests","receiveTimestamp":"2022-05-07T03:20:28.203403433Z","resource":{"labels":{"configuration_name":"muni-back","location":"asia-northeast1","project_id":"muni-production-f8e72","revision_name":"muni-back-hpgtt","service_name":"muni-back"},"type":"cloud_run_revision"},"severity":"INFO","timestamp":"2022-05-07T03:20:28.030036Z","trace":"projects/muni-production-f8e72/traces/1cc065f5bc40b915aa0cdd110bd769e7"}
{"insertId":"6275e57c00006ee928787570","jsonPayload":{"ident":"FETCH_SUCCESS","level":"INFO","message":"Success to fetch.","method":"RecentPostAPI","timestamp":"2022-5-7 3:20:28"},"labels":{"instanceId":"0067430fbdd0a70138bfabd74feb01b624d90cb4bd534ef1d388ec5280b2fab42cf140ff9f3cfe3d69242256eef3069e99349eab6bcb5c4e42ecf008dfd06763"},"logName":"projects/muni-production-f8e72/logs/run.googleapis.com%2Fstdout","receiveTimestamp":"2022-05-07T03:20:28.226912281Z","resource":{"labels":{"configuration_name":"muni-back","location":"asia-northeast1","project_id":"muni-production-f8e72","revision_name":"muni-back-hpgtt","service_name":"muni-back"},"type":"cloud_run_revision"},"timestamp":"2022-05-07T03:20:28.028393Z"}
{"insertId":"6275e57b000d9799c48127ea","jsonPayload":{"ident":"RECIEVE","level":"INFO","message":"Recieve the recent posted works request.","method":"RecentPostAPI","timestamp":"2022-5-7 3:20:27"},"labels":{"instanceId":"0067430fbdd0a70138bfabd74feb01b624d90cb4bd534ef1d388ec5280b2fab42cf140ff9f3cfe3d69242256eef3069e99349eab6bcb5c4e42ecf008dfd06763"},"logName":"projects/muni-production-f8e72/logs/run.googleapis.com%2Fstdout","receiveTimestamp":"2022-05-07T03:20:27.893918627Z","resource":{"labels":{"configuration_name":"muni-back","location":"asia-northeast1","project_id":"muni-production-f8e72","revision_name":"muni-back-hpgtt","service_name":"muni-back"},"type":"cloud_run_revision"},"timestamp":"2022-05-07T03:20:27.890777Z"}
{"httpRequest":{"latency":"0.002128520s","protocol":"HTTP/1.1","referer":"https://muni.ink/","remoteIp":"220.100.26.172","requestMethod":"OPTIONS","requestSize":"753","requestUrl":"https://api.muni.ink/recent","responseSize":"853","serverIp":"35.241.42.228","status":204,"userAgent":"Mozilla/5.0 (Linux; Android 12; Pixel 5) AppleWebKit/537.36 (KHTML, like Gecko) Chrome/101.0.4951.41 Mobile Safari/537.36"},"insertId":"6275e57b000d3b7124ef3e59","labels":{"instanceId":"0067430fbdd0a70138bfabd74feb01b624d90cb4bd534ef1d388ec5280b2fab42cf140ff9f3cfe3d69242256eef3069e99349eab6bcb5c4e42ecf008dfd06763"},"logName":"projects/muni-production-f8e72/logs/run.googleapis.com%2Frequests","receiveTimestamp":"2022-05-07T03:20:27.881671152Z","resource":{"labels":{"configuration_name":"muni-back","location":"asia-northeast1","project_id":"muni-production-f8e72","revision_name":"muni-back-hpgtt","service_name":"muni-back"},"type":"cloud_run_revision"},"severity":"INFO","timestamp":"2022-05-07T03:20:27.867185Z","trace":"projects/muni-production-f8e72/traces/2402e76a136242c920b071c305d6ed33"}
{"httpRequest":{"latency":"0.191136512s","protocol":"HTTP/1.1","referer":"https://muni.ink/","remoteIp":"220.100.26.172","requestMethod":"POST","requestSize":"863","requestUrl":"https://api.muni.ink/recent","responseSize":"12342","serverIp":"35.241.42.228","status":200,"userAgent":"Mozilla/5.0 (Linux; Android 12; Pixel 5) AppleWebKit/537.36 (KHTML, like Gecko) Chrome/101.0.4951.41 Mobile Safari/537.36"},"insertId":"6275e569000968fb64b78cd8","labels":{"instanceId":"0067430fbdd0a70138bfabd74feb01b624d90cb4bd534ef1d388ec5280b2fab42cf140ff9f3cfe3d69242256eef3069e99349eab6bcb5c4e42ecf008dfd06763"},"logName":"projects/muni-production-f8e72/logs/run.googleapis.com%2Frequests","receiveTimestamp":"2022-05-07T03:20:09.675976273Z","resource":{"labels":{"configuration_name":"muni-back","location":"asia-northeast1","project_id":"muni-production-f8e72","revision_name":"muni-back-hpgtt","service_name":"muni-back"},"type":"cloud_run_revision"},"severity":"INFO","timestamp":"2022-05-07T03:20:09.616699Z","trace":"projects/muni-production-f8e72/traces/7f206429cf08eaae4ba12d0202ba9d47"}
{"insertId":"6275e5690009605d3e8562b0","jsonPayload":{"ident":"FETCH_SUCCESS","level":"INFO","message":"Success to fetch.","method":"RecentPostAPI","timestamp":"2022-5-7 3:20:9"},"labels":{"instanceId":"0067430fbdd0a70138bfabd74feb01b624d90cb4bd534ef1d388ec5280b2fab42cf140ff9f3cfe3d69242256eef3069e99349eab6bcb5c4e42ecf008dfd06763"},"logName":"projects/muni-production-f8e72/logs/run.googleapis.com%2Fstdout","receiveTimestamp":"2022-05-07T03:20:09.762866523Z","resource":{"labels":{"configuration_name":"muni-back","location":"asia-northeast1","project_id":"muni-production-f8e72","revision_name":"muni-back-hpgtt","service_name":"muni-back"},"type":"cloud_run_revision"},"timestamp":"2022-05-07T03:20:09.614493Z"}
{"insertId":"6275e569000685bfa62bed88","jsonPayload":{"ident":"RECIEVE","level":"INFO","message":"Recieve the recent posted works request.","method":"RecentPostAPI","timestamp":"2022-5-7 3:20:9"},"labels":{"instanceId":"0067430fbdd0a70138bfabd74feb01b624d90cb4bd534ef1d388ec5280b2fab42cf140ff9f3cfe3d69242256eef3069e99349eab6bcb5c4e42ecf008dfd06763"},"logName":"projects/muni-production-f8e72/logs/run.googleapis.com%2Fstdout","receiveTimestamp":"2022-05-07T03:20:09.431995066Z","resource":{"labels":{"configuration_name":"muni-back","location":"asia-northeast1","project_id":"muni-production-f8e72","revision_name":"muni-back-hpgtt","service_name":"muni-back"},"type":"cloud_run_revision"},"timestamp":"2022-05-07T03:20:09.427455Z"}
{"httpRequest":{"latency":"0.002340216s","protocol":"HTTP/1.1","referer":"https://muni.ink/","remoteIp":"220.100.26.172","requestMethod":"OPTIONS","requestSize":"754","requestUrl":"https://api.muni.ink/recent","responseSize":"853","serverIp":"35.241.42.228","status":204,"userAgent":"Mozilla/5.0 (Linux; Android 12; Pixel 5) AppleWebKit/537.36 (KHTML, like Gecko) Chrome/101.0.4951.41 Mobile Safari/537.36"},"insertId":"6275e5690005300886b15960","labels":{"instanceId":"0067430fbdd0a70138bfabd74feb01b624d90cb4bd534ef1d388ec5280b2fab42cf140ff9f3cfe3d69242256eef3069e99349eab6bcb5c4e42ecf008dfd06763"},"logName":"projects/muni-production-f8e72/logs/run.googleapis.com%2Frequests","receiveTimestamp":"2022-05-07T03:20:09.343159743Z","resource":{"labels":{"configuration_name":"muni-back","location":"asia-northeast1","project_id":"muni-production-f8e72","revision_name":"muni-back-hpgtt","service_name":"muni-back"},"type":"cloud_run_revision"},"severity":"INFO","timestamp":"2022-05-07T03:20:09.339976Z","trace":"projects/muni-production-f8e72/traces/4c5a0abcc45c3f0b8e651e23d2a0e881"}
{"httpRequest":{"latency":"0.288431450s","protocol":"HTTP/1.1","referer":"https://muni.ink/","remoteIp":"220.100.26.172","requestMethod":"POST","requestSize":"863","requestUrl":"https://api.muni.ink/recent","responseSize":"12342","serverIp":"35.241.42.228","status":200,"userAgent":"Mozilla/5.0 (Linux; Android 12; Pixel 5) AppleWebKit/537.36 (KHTML, like Gecko) Chrome/101.0.4951.41 Mobile Safari/537.36"},"insertId":"6275e556000b8ef5f65ed509","labels":{"instanceId":"0067430fbdd0a70138bfabd74feb01b624d90cb4bd534ef1d388ec5280b2fab42cf140ff9f3cfe3d69242256eef3069e99349eab6bcb5c4e42ecf008dfd06763"},"logName":"projects/muni-production-f8e72/logs/run.googleapis.com%2Frequests","receiveTimestamp":"2022-05-07T03:19:50.762098369Z","resource":{"labels":{"configuration_name":"muni-back","location":"asia-northeast1","project_id":"muni-production-f8e72","revision_name":"muni-back-hpgtt","service_name":"muni-back"},"type":"cloud_run_revision"},"severity":"INFO","timestamp":"2022-05-07T03:19:50.757493Z","trace":"projects/muni-production-f8e72/traces/c04fd10078441cec6e771caf79903722"}
{"insertId":"6275e556000b88146926d319","jsonPayload":{"ident":"FETCH_SUCCESS","level":"INFO","message":"Success to fetch.","method":"RecentPostAPI","timestamp":"2022-5-7 3:19:50"},"labels":{"instanceId":"0067430fbdd0a70138bfabd74feb01b624d90cb4bd534ef1d388ec5280b2fab42cf140ff9f3cfe3d69242256eef3069e99349eab6bcb5c4e42ecf008dfd06763"},"logName":"projects/muni-production-f8e72/logs/run.googleapis.com%2Fstdout","receiveTimestamp":"2022-05-07T03:19:50.805630404Z","resource":{"labels":{"configuration_name":"muni-back","location":"asia-northeast1","project_id":"muni-production-f8e72","revision_name":"muni-back-hpgtt","service_name":"muni-back"},"type":"cloud_run_revision"},"timestamp":"2022-05-07T03:19:50.755732Z"}
{"insertId":"6275e55600072f0b1600d1bb","jsonPayload":{"ident":"RECIEVE","level":"INFO","message":"Recieve the recent posted works request.","method":"RecentPostAPI","timestamp":"2022-5-7 3:19:50"},"labels":{"instanceId":"0067430fbdd0a70138bfabd74feb01b624d90cb4bd534ef1d388ec5280b2fab42cf140ff9f3cfe3d69242256eef3069e99349eab6bcb5c4e42ecf008dfd06763"},"logName":"projects/muni-production-f8e72/logs/run.googleapis.com%2Fstdout","receiveTimestamp":"2022-05-07T03:19:50.473289923Z","resource":{"labels":{"configuration_name":"muni-back","location":"asia-northeast1","project_id":"muni-production-f8e72","revision_name":"muni-back-hpgtt","service_name":"muni-back"},"type":"cloud_run_revision"},"timestamp":"2022-05-07T03:19:50.470795Z"}
{"httpRequest":{"latency":"0.002366571s","protocol":"HTTP/1.1","referer":"https://muni.ink/","remoteIp":"220.100.26.172","requestMethod":"OPTIONS","requestSize":"753","requestUrl":"https://api.muni.ink/recent","responseSize":"853","serverIp":"35.241.42.228","status":204,"userAgent":"Mozilla/5.0 (Linux; Android 12; Pixel 5) AppleWebKit/537.36 (KHTML, like Gecko) Chrome/101.0.4951.41 Mobile Safari/537.36"},"insertId":"6275e55600067da25d28e19c","labels":{"instanceId":"0067430fbdd0a70138bfabd74feb01b624d90cb4bd534ef1d388ec5280b2fab42cf140ff9f3cfe3d69242256eef3069e99349eab6bcb5c4e42ecf008dfd06763"},"logName":"projects/muni-production-f8e72/logs/run.googleapis.com%2Frequests","receiveTimestamp":"2022-05-07T03:19:50.429540307Z","resource":{"labels":{"configuration_name":"muni-back","location":"asia-northeast1","project_id":"muni-production-f8e72","revision_name":"muni-back-hpgtt","service_name":"muni-back"},"type":"cloud_run_revision"},"severity":"INFO","timestamp":"2022-05-07T03:19:50.425378Z","trace":"projects/muni-production-f8e72/traces/23629f29fbf08fd4ba177ee4fbc1d708"}
{"httpRequest":{"latency":"0.003644816s","protocol":"HTTP/1.1","referer":"http://35.241.42.228:80/","remoteIp":"198.235.24.20","requestMethod":"GET","requestSize":"653","requestUrl":"https://35.241.42.228/","responseSize":"35263","serverIp":"35.241.42.228","status":200,"userAgent":"Expanse, a Palo Alto Networks company, searches across the global IPv4 space multiple times per day to identify customers&#39; presences on the Internet. If you would like to be excluded from our scans, please send IP addresses/domains to: scaninfo@paloaltonetworks.com"},"insertId":"6275e551000941dabec7014c","labels":{"instanceId":"0067430fbd87d90256f2e59c0e4f2aba79064af94274bcdca0bfd9a4455db453dd53d295d547db6545ed9cc9551a52d296a212b63abb9a20086c4a0b06358f2c"},"logName":"projects/muni-production-f8e72/logs/run.googleapis.com%2Frequests","receiveTimestamp":"2022-05-07T03:19:45.609572690Z","resource":{"labels":{"configuration_name":"muni-front","location":"asia-northeast1","project_id":"muni-production-f8e72","revision_name":"muni-front-jq7fz","service_name":"muni-front"},"type":"cloud_run_revision"},"severity":"INFO","timestamp":"2022-05-07T03:19:45.606682Z","trace":"projects/muni-production-f8e72/traces/2969b1fab9ac8b276cfc5ebfff5f1631"}
{"httpRequest":{"latency":"0.008416816s","protocol":"HTTP/1.1","remoteIp":"157.55.39.230","requestMethod":"GET","requestSize":"559","requestUrl":"https://muni.ink/_next/static/chunks/pages/index-65694bb50f9c6c5b.js","responseSize":"6186","serverIp":"35.241.42.228","status":200,"userAgent":"Mozilla/5.0 (compatible; bingbot/2.0; +http://www.bing.com/bingbot.htm)"},"insertId":"6275e4490009ff1d07ea9f55","labels":{"instanceId":"0067430fbd87d90256f2e59c0e4f2aba79064af94274bcdca0bfd9a4455db453dd53d295d547db6545ed9cc9551a52d296a212b63abb9a20086c4a0b06358f2c"},"logName":"projects/muni-production-f8e72/logs/run.googleapis.com%2Frequests","receiveTimestamp":"2022-05-07T03:15:21.899270915Z","resource":{"labels":{"configuration_name":"muni-front","location":"asia-northeast1","project_id":"muni-production-f8e72","revision_name":"muni-front-jq7fz","service_name":"muni-front"},"type":"cloud_run_revision"},"severity":"INFO","timestamp":"2022-05-07T03:15:21.655133Z","trace":"projects/muni-production-f8e72/traces/3cee8c852c65f4fbd1cff3f3791b0fff"}
{"httpRequest":{"latency":"0.012230567s","protocol":"HTTP/1.1","remoteIp":"157.55.39.230","requestMethod":"GET","requestSize":"556","requestUrl":"https://muni.ink/_next/static/chunks/framework-bb5c596eafb42b22.js","responseSize":"43037","serverIp":"35.241.42.228","status":200,"userAgent":"Mozilla/5.0 (compatible; bingbot/2.0; +http://www.bing.com/bingbot.htm)"},"insertId":"6275e4460009919c08dec656","labels":{"instanceId":"0067430fbd87d90256f2e59c0e4f2aba79064af94274bcdca0bfd9a4455db453dd53d295d547db6545ed9cc9551a52d296a212b63abb9a20086c4a0b06358f2c"},"logName":"projects/muni-production-f8e72/logs/run.googleapis.com%2Frequests","receiveTimestamp":"2022-05-07T03:15:18.902054626Z","resource":{"labels":{"configuration_name":"muni-front","location":"asia-northeast1","project_id":"muni-production-f8e72","revision_name":"muni-front-jq7fz","service_name":"muni-front"},"type":"cloud_run_revision"},"severity":"INFO","timestamp":"2022-05-07T03:15:18.627100Z","trace":"projects/muni-production-f8e72/traces/ab79c5fedfa53f12d739f8ecfbd4d284"}
{"httpRequest":{"latency":"0.005916198s","protocol":"HTTP/1.1","remoteIp":"157.55.39.230","requestMethod":"GET","requestSize":"551","requestUrl":"https://muni.ink/_next/static/chunks/129-751e01bf127dc2cc.js","responseSize":"16507","serverIp":"35.241.42.228","status":200,"userAgent":"Mozilla/5.0 (compatible; bingbot/2.0; +http://www.bing.com/bingbot.htm)"},"insertId":"6275e4430008cbd041773237","labels":{"instanceId":"0067430fbd87d90256f2e59c0e4f2aba79064af94274bcdca0bfd9a4455db453dd53d295d547db6545ed9cc9551a52d296a212b63abb9a20086c4a0b06358f2c"},"logName":"projects/muni-production-f8e72/logs/run.googleapis.com%2Frequests","receiveTimestamp":"2022-05-07T03:15:15.904376008Z","resource":{"labels":{"configuration_name":"muni-front","location":"asia-northeast1","project_id":"muni-production-f8e72","revision_name":"muni-front-jq7fz","service_name":"muni-front"},"type":"cloud_run_revision"},"severity":"INFO","timestamp":"2022-05-07T03:15:15.576464Z","trace":"projects/muni-production-f8e72/traces/a4c5fd67b31ccf898393c9904d1dcea4"}
{"httpRequest":{"latency":"0.007287718s","protocol":"HTTP/1.1","remoteIp":"40.77.167.61","requestMethod":"GET","requestSize":"543","requestUrl":"https://muni.ink/_next/static/css/a5b1c8a8cd6b40f6.css","responseSize":"5301","serverIp":"35.241.42.228","status":200,"userAgent":"Mozilla/5.0 (compatible; bingbot/2.0; +http://www.bing.com/bingbot.htm)"},"insertId":"6275e4410005ff7f69aa8087","labels":{"instanceId":"0067430fbd87d90256f2e59c0e4f2aba79064af94274bcdca0bfd9a4455db453dd53d295d547db6545ed9cc9551a52d296a212b63abb9a20086c4a0b06358f2c"},"logName":"projects/muni-production-f8e72/logs/run.googleapis.com%2Frequests","receiveTimestamp":"2022-05-07T03:15:13.572740594Z","resource":{"labels":{"configuration_name":"muni-front","location":"asia-northeast1","project_id":"muni-production-f8e72","revision_name":"muni-front-jq7fz","service_name":"muni-front"},"type":"cloud_run_revision"},"severity":"INFO","timestamp":"2022-05-07T03:15:13.393087Z","trace":"projects/muni-production-f8e72/traces/f89f61f82677ae1c9da276abc0062469"}
{"httpRequest":{"latency":"0.003134213s","protocol":"HTTP/1.1","remoteIp":"157.55.39.230","requestMethod":"GET","requestSize":"557","requestUrl":"https://muni.ink/_next/static/IVVvbvvWS4XaF0igaWv4S/_ssgManifest.js","responseSize":"962","serverIp":"35.241.42.228","status":200,"userAgent":"Mozilla/5.0 (compatible; bingbot/2.0; +http://www.bing.com/bingbot.htm)"},"insertId":"6275e440000b36dc4863715b","labels":{"instanceId":"0067430fbd87d90256f2e59c0e4f2aba79064af94274bcdca0bfd9a4455db453dd53d295d547db6545ed9cc9551a52d296a212b63abb9a20086c4a0b06358f2c"},"logName":"projects/muni-production-f8e72/logs/run.googleapis.com%2Frequests","receiveTimestamp":"2022-05-07T03:15:12.906810316Z","resource":{"labels":{"configuration_name":"muni-front","location":"asia-northeast1","project_id":"muni-production-f8e72","revision_name":"muni-front-jq7fz","service_name":"muni-front"},"type":"cloud_run_revision"},"severity":"INFO","timestamp":"2022-05-07T03:15:12.734940Z","trace":"projects/muni-production-f8e72/traces/b7793d21909e757aa7bc3304ec909f98"}
{"httpRequest":{"latency":"0.003891546s","protocol":"HTTP/1.1","remoteIp":"40.77.167.61","requestMethod":"GET","requestSize":"554","requestUrl":"https://muni.ink/_next/static/chunks/webpack-434fefa8f39d8fbc.js","responseSize":"1757","serverIp":"35.241.42.228","status":200,"userAgent":"Mozilla/5.0 (compatible; bingbot/2.0; +http://www.bing.com/bingbot.htm)"},"insertId":"6275e43e000597e75689083e","labels":{"instanceId":"0067430fbd87d90256f2e59c0e4f2aba79064af94274bcdca0bfd9a4455db453dd53d295d547db6545ed9cc9551a52d296a212b63abb9a20086c4a0b06358f2c"},"logName":"projects/muni-production-f8e72/logs/run.googleapis.com%2Frequests","receiveTimestamp":"2022-05-07T03:15:10.575355845Z","resource":{"labels":{"configuration_name":"muni-front","location":"asia-northeast1","project_id":"muni-production-f8e72","revision_name":"muni-front-jq7fz","service_name":"muni-front"},"type":"cloud_run_revision"},"severity":"INFO","timestamp":"2022-05-07T03:15:10.366567Z","trace":"projects/muni-production-f8e72/traces/8ff89a3b336b4691790fae941d0ff475"}
{"httpRequest":{"latency":"0.004752851s","protocol":"HTTP/1.1","remoteIp":"40.77.167.61","requestMethod":"GET","requestSize":"550","requestUrl":"https://muni.ink/_next/static/chunks/628-b8825c0c7ba71b31.js","responseSize":"5034","serverIp":"35.241.42.228","status":200,"userAgent":"Mozilla/5.0 (compatible; bingbot/2.0; +http://www.bing.com/bingbot.htm)"},"insertId":"6275e43b000a23c23ee4533b","labels":{"instanceId":"0067430fbd87d90256f2e59c0e4f2aba79064af94274bcdca0bfd9a4455db453dd53d295d547db6545ed9cc9551a52d296a212b63abb9a20086c4a0b06358f2c"},"logName":"projects/muni-production-f8e72/logs/run.googleapis.com%2Frequests","receiveTimestamp":"2022-05-07T03:15:07.910720757Z","resource":{"labels":{"configuration_name":"muni-front","location":"asia-northeast1","project_id":"muni-production-f8e72","revision_name":"muni-front-jq7fz","service_name":"muni-front"},"type":"cloud_run_revision"},"severity":"INFO","timestamp":"2022-05-07T03:15:07.664514Z","trace":"projects/muni-production-f8e72/traces/80d0c2379a574b839138d5190c6aa0ee"}
{"httpRequest":{"latency":"0.003906474s","protocol":"HTTP/1.1","remoteIp":"207.46.13.173","requestMethod":"GET","requestSize":"545","requestUrl":"https://muni.ink/_next/static/css/64a820a89e70212f.css","responseSize":"1514","serverIp":"35.241.42.228","status":200,"userAgent":"Mozilla/5.0 (compatible; bingbot/2.0; +http://www.bing.com/bingbot.htm)"},"insertId":"6275e43b00032e86df2dbcb5","labels":{"instanceId":"0067430fbd87d90256f2e59c0e4f2aba79064af94274bcdca0bfd9a4455db453dd53d295d547db6545ed9cc9551a52d296a212b63abb9a20086c4a0b06358f2c"},"logName":"projects/muni-production-f8e72/logs/run.googleapis.com%2Frequests","receiveTimestamp":"2022-05-07T03:15:07.245435820Z","resource":{"labels":{"configuration_name":"muni-front","location":"asia-northeast1","project_id":"muni-production-f8e72","revision_name":"muni-front-jq7fz","service_name":"muni-front"},"type":"cloud_run_revision"},"severity":"INFO","timestamp":"2022-05-07T03:15:07.208518Z","trace":"projects/muni-production-f8e72/traces/e3e3f7a753fc2855ed50a4ad9442cc7e"}
{"httpRequest":{"latency":"0.008970611s","protocol":"HTTP/1.1","remoteIp":"207.46.13.173","requestMethod":"GET","requestSize":"556","requestUrl":"https://muni.ink/_next/static/chunks/cb1608f2-f65392b0806bbbc8.js","responseSize":"1886","serverIp":"35.241.42.228","status":200,"userAgent":"Mozilla/5.0 (compatible; bingbot/2.0; +http://www.bing.com/bingbot.htm)"},"insertId":"6275e438000c517baf510114","labels":{"instanceId":"0067430fbd87d90256f2e59c0e4f2aba79064af94274bcdca0bfd9a4455db453dd53d295d547db6545ed9cc9551a52d296a212b63abb9a20086c4a0b06358f2c"},"logName":"projects/muni-production-f8e72/logs/run.googleapis.com%2Frequests","receiveTimestamp":"2022-05-07T03:15:04.913757251Z","resource":{"labels":{"configuration_name":"muni-front","location":"asia-northeast1","project_id":"muni-production-f8e72","revision_name":"muni-front-jq7fz","service_name":"muni-front"},"type":"cloud_run_revision"},"severity":"INFO","timestamp":"2022-05-07T03:15:04.807291Z","trace":"projects/muni-production-f8e72/traces/05cfc59a9fb718c73f834ff3fe451e79"}
{"httpRequest":{"latency":"0.009476003s","protocol":"HTTP/1.1","remoteIp":"207.46.13.94","requestMethod":"GET","requestSize":"555","requestUrl":"https://muni.ink/_next/static/chunks/pages/_app-8381e0995d667b62.js","responseSize":"28358","serverIp":"35.241.42.228","status":200,"userAgent":"Mozilla/5.0 (compatible; bingbot/2.0; +http://www.bing.com/bingbot.htm)"},"insertId":"6275e4380007aae24363fea9","labels":{"instanceId":"0067430fbd87d90256f2e59c0e4f2aba79064af94274bcdca0bfd9a4455db453dd53d295d547db6545ed9cc9551a52d296a212b63abb9a20086c4a0b06358f2c"},"logName":"projects/muni-production-f8e72/logs/run.googleapis.com%2Frequests","receiveTimestamp":"2022-05-07T03:15:04.581301593Z","resource":{"labels":{"configuration_name":"muni-front","location":"asia-northeast1","project_id":"muni-production-f8e72","revision_name":"muni-front-jq7fz","service_name":"muni-front"},"type":"cloud_run_revision"},"severity":"INFO","timestamp":"2022-05-07T03:15:04.502498Z","trace":"projects/muni-production-f8e72/traces/262bf7d86e3d667b3f2d496805c6ae72"}
{"httpRequest":{"latency":"0.005788406s","protocol":"HTTP/1.1","remoteIp":"207.46.13.94","requestMethod":"GET","requestSize":"558","requestUrl":"https://muni.ink/_next/static/IVVvbvvWS4XaF0igaWv4S/_buildManifest.js","responseSize":"1668","serverIp":"35.241.42.228","status":200,"userAgent":"Mozilla/5.0 (compatible; bingbot/2.0; +http://www.bing.com/bingbot.htm)"},"insertId":"6275e435000df2fe05e5b37a","labels":{"instanceId":"0067430fbd87d90256f2e59c0e4f2aba79064af94274bcdca0bfd9a4455db453dd53d295d547db6545ed9cc9551a52d296a212b63abb9a20086c4a0b06358f2c"},"logName":"projects/muni-production-f8e72/logs/run.googleapis.com%2Frequests","receiveTimestamp":"2022-05-07T03:15:01.918244797Z","resource":{"labels":{"configuration_name":"muni-front","location":"asia-northeast1","project_id":"muni-production-f8e72","revision_name":"muni-front-jq7fz","service_name":"muni-front"},"type":"cloud_run_revision"},"severity":"INFO","timestamp":"2022-05-07T03:15:01.914174Z","trace":"projects/muni-production-f8e72/traces/f1fe8891e9b6f95f08edfec9b720ff11"}
{"httpRequest":{"latency":"0.004865814s","protocol":"HTTP/1.1","remoteIp":"157.55.39.217","requestMethod":"GET","requestSize":"559","requestUrl":"https://muni.ink/","responseSize":"6077","serverIp":"35.241.42.228","status":200,"userAgent":"Mozilla/5.0 (compatible; bingbot/2.0; +http://www.bing.com/bingbot.htm)"},"insertId":"6275e42a00069717c7eeb10d","labels":{"instanceId":"0067430fbd87d90256f2e59c0e4f2aba79064af94274bcdca0bfd9a4455db453dd53d295d547db6545ed9cc9551a52d296a212b63abb9a20086c4a0b06358f2c"},"logName":"projects/muni-production-f8e72/logs/run.googleapis.com%2Frequests","receiveTimestamp":"2022-05-07T03:14:50.610431767Z","resource":{"labels":{"configuration_name":"muni-front","location":"asia-northeast1","project_id":"muni-production-f8e72","revision_name":"muni-front-jq7fz","service_name":"muni-front"},"type":"cloud_run_revision"},"severity":"INFO","timestamp":"2022-05-07T03:14:50.431895Z","trace":"projects/muni-production-f8e72/traces/68e64f9ea416f7da5749656e1229c389"}
{"httpRequest":{"latency":"0.004970327s","protocol":"HTTP/1.1","remoteIp":"157.55.39.149","requestMethod":"GET","requestSize":"522","requestUrl":"https://muni.ink/robots.txt","responseSize":"1950","serverIp":"35.241.42.228","status":404,"userAgent":"Mozilla/5.0 (compatible; bingbot/2.0; +http://www.bing.com/bingbot.htm)"},"insertId":"6275e421000e72920822919a","labels":{"instanceId":"0067430fbd87d90256f2e59c0e4f2aba79064af94274bcdca0bfd9a4455db453dd53d295d547db6545ed9cc9551a52d296a212b63abb9a20086c4a0b06358f2c"},"logName":"projects/muni-production-f8e72/logs/run.googleapis.com%2Frequests","receiveTimestamp":"2022-05-07T03:14:41.951035985Z","resource":{"labels":{"configuration_name":"muni-front","location":"asia-northeast1","project_id":"muni-production-f8e72","revision_name":"muni-front-jq7fz","service_name":"muni-front"},"type":"cloud_run_revision"},"severity":"WARNING","timestamp":"2022-05-07T03:14:41.946834Z","trace":"projects/muni-production-f8e72/traces/41a32de5090c0bca6a366943226994e5"}
{"httpRequest":{"latency":"0.718419240s","protocol":"HTTP/1.1","referer":"https://muni.ink/","remoteIp":"220.100.26.172","requestMethod":"GET","requestSize":"1029","requestUrl":"https://storage.muni.ink/work/4vvC0q4GIMLoLv2aHafb?thumbnail=true","responseSize":"119998","serverIp":"35.241.42.228","status":200,"userAgent":"Mozilla/5.0 (Linux; Android 12; Pixel 5) AppleWebKit/537.36 (KHTML, like Gecko) Chrome/101.0.4951.41 Mobile Safari/537.36"},"insertId":"6275e3e600025bc2e18e0ba7","labels":{"instanceId":"0067430fbdd0a70138bfabd74feb01b624d90cb4bd534ef1d388ec5280b2fab42cf140ff9f3cfe3d69242256eef3069e99349eab6bcb5c4e42ecf008dfd06763"},"logName":"projects/muni-production-f8e72/logs/run.googleapis.com%2Frequests","receiveTimestamp":"2022-05-07T03:13:42.282459675Z","resource":{"labels":{"configuration_name":"muni-back","location":"asia-northeast1","project_id":"muni-production-f8e72","revision_name":"muni-back-hpgtt","service_name":"muni-back"},"type":"cloud_run_revision"},"severity":"INFO","timestamp":"2022-05-07T03:13:42.154562Z","trace":"projects/muni-production-f8e72/traces/385ff1aed6ba05e63f788aa738c6d6a6"}
{"insertId":"6275e3e600025650220dacf8","jsonPayload":{"ident":"COMPLETE","level":"INFO","message":"Success to fetch optimized image","method":"WorkAPI","timestamp":"2022-5-7 3:13:42","workId":"4vvC0q4GIMLoLv2aHafb"},"labels":{"instanceId":"0067430fbdd0a70138bfabd74feb01b624d90cb4bd534ef1d388ec5280b2fab42cf140ff9f3cfe3d69242256eef3069e99349eab6bcb5c4e42ecf008dfd06763"},"logName":"projects/muni-production-f8e72/logs/run.googleapis.com%2Fstdout","receiveTimestamp":"2022-05-07T03:13:42.331612192Z","resource":{"labels":{"configuration_name":"muni-back","location":"asia-northeast1","project_id":"muni-production-f8e72","revision_name":"muni-back-hpgtt","service_name":"muni-back"},"type":"cloud_run_revision"},"timestamp":"2022-05-07T03:13:42.153168Z"}
{"httpRequest":{"latency":"0.889099019s","protocol":"HTTP/1.1","referer":"https://muni.ink/","remoteIp":"220.100.26.172","requestMethod":"GET","requestSize":"1029","requestUrl":"https://storage.muni.ink/work/Pvp0SEse2xFu4vEYWRA3?thumbnail=true","responseSize":"89999","serverIp":"35.241.42.228","status":200,"userAgent":"Mozilla/5.0 (Linux; Android 12; Pixel 5) AppleWebKit/537.36 (KHTML, like Gecko) Chrome/101.0.4951.41 Mobile Safari/537.36"},"insertId":"6275e3e60001395f48c17a2a","labels":{"instanceId":"0067430fbdd0a70138bfabd74feb01b624d90cb4bd534ef1d388ec5280b2fab42cf140ff9f3cfe3d69242256eef3069e99349eab6bcb5c4e42ecf008dfd06763"},"logName":"projects/muni-production-f8e72/logs/run.googleapis.com%2Frequests","receiveTimestamp":"2022-05-07T03:13:42.282459675Z","resource":{"labels":{"configuration_name":"muni-back","location":"asia-northeast1","project_id":"muni-production-f8e72","revision_name":"muni-back-hpgtt","service_name":"muni-back"},"type":"cloud_run_revision"},"severity":"INFO","timestamp":"2022-05-07T03:13:42.080223Z","trace":"projects/muni-production-f8e72/traces/ff5593a00f26721892771e0051dd4f46"}
{"insertId":"6275e3e600013300fb888c40","jsonPayload":{"ident":"COMPLETE","level":"INFO","message":"Success to fetch optimized image","method":"WorkAPI","timestamp":"2022-5-7 3:13:42","workId":"Pvp0SEse2xFu4vEYWRA3"},"labels":{"instanceId":"0067430fbdd0a70138bfabd74feb01b624d90cb4bd534ef1d388ec5280b2fab42cf140ff9f3cfe3d69242256eef3069e99349eab6bcb5c4e42ecf008dfd06763"},"logName":"projects/muni-production-f8e72/logs/run.googleapis.com%2Fstdout","receiveTimestamp":"2022-05-07T03:13:42.331612192Z","resource":{"labels":{"configuration_name":"muni-back","location":"asia-northeast1","project_id":"muni-production-f8e72","revision_name":"muni-back-hpgtt","service_name":"muni-back"},"type":"cloud_run_revision"},"timestamp":"2022-05-07T03:13:42.078592Z"}
{"httpRequest":{"latency":"0.113696383s","protocol":"HTTP/1.1","referer":"https://muni.ink/","remoteIp":"220.100.26.172","requestMethod":"POST","requestSize":"881","requestUrl":"https://api.muni.ink/user","responseSize":"2413","serverIp":"35.241.42.228","status":200,"userAgent":"Mozilla/5.0 (Linux; Android 12; Pixel 5) AppleWebKit/537.36 (KHTML, like Gecko) Chrome/101.0.4951.41 Mobile Safari/537.36"},"insertId":"6275e3e50006f67d069826b2","labels":{"instanceId":"0067430fbdd0a70138bfabd74feb01b624d90cb4bd534ef1d388ec5280b2fab42cf140ff9f3cfe3d69242256eef3069e99349eab6bcb5c4e42ecf008dfd06763"},"logName":"projects/muni-production-f8e72/logs/run.googleapis.com%2Frequests","receiveTimestamp":"2022-05-07T03:13:41.616088873Z","resource":{"labels":{"configuration_name":"muni-back","location":"asia-northeast1","project_id":"muni-production-f8e72","revision_name":"muni-back-hpgtt","service_name":"muni-back"},"type":"cloud_run_revision"},"severity":"INFO","timestamp":"2022-05-07T03:13:41.456317Z","trace":"projects/muni-production-f8e72/traces/acaa2e23bde138afcda5b1528a499b8a"}
{"insertId":"6275e3e50006f225673e8a04","jsonPayload":{"firebaseId":"toritoritori29","ident":"SUCCESS_TO_FIND","level":"INFO","message":"User found.","method":"UserAPI","timestamp":"2022-5-7 3:13:41"},"labels":{"instanceId":"0067430fbdd0a70138bfabd74feb01b624d90cb4bd534ef1d388ec5280b2fab42cf140ff9f3cfe3d69242256eef3069e99349eab6bcb5c4e42ecf008dfd06763"},"logName":"projects/muni-production-f8e72/logs/run.googleapis.com%2Fstdout","receiveTimestamp":"2022-05-07T03:13:41.664179957Z","resource":{"labels":{"configuration_name":"muni-back","location":"asia-northeast1","project_id":"muni-production-f8e72","revision_name":"muni-back-hpgtt","service_name":"muni-back"},"type":"cloud_run_revision"},"timestamp":"2022-05-07T03:13:41.455205Z"}
{"insertId":"6275e3e50006f211055501db","jsonPayload":{"ident":"FETCH_USER","level":"INFO","message":"Complete fetching user data.","method":"UserAPI","timestamp":"2022-5-7 3:13:41"},"labels":{"instanceId":"0067430fbdd0a70138bfabd74feb01b624d90cb4bd534ef1d388ec5280b2fab42cf140ff9f3cfe3d69242256eef3069e99349eab6bcb5c4e42ecf008dfd06763"},"logName":"projects/muni-production-f8e72/logs/run.googleapis.com%2Fstdout","receiveTimestamp":"2022-05-07T03:13:41.664179957Z","resource":{"labels":{"configuration_name":"muni-back","location":"asia-northeast1","project_id":"muni-production-f8e72","revision_name":"muni-back-hpgtt","service_name":"muni-back"},"type":"cloud_run_revision"},"timestamp":"2022-05-07T03:13:41.455185Z"}
{"insertId":"6275e3e50006ad1ccdeab022","jsonPayload":{"ident":"RECIEVED","level":"INFO","message":"Request recieved for 4vvC0q4GIMLoLv2aHafb.","method":"WorkAPI","timestamp":"2022-5-7 3:13:41","workId":"4vvC0q4GIMLoLv2aHafb"},"labels":{"instanceId":"0067430fbdd0a70138bfabd74feb01b624d90cb4bd534ef1d388ec5280b2fab42cf140ff9f3cfe3d69242256eef3069e99349eab6bcb5c4e42ecf008dfd06763"},"logName":"projects/muni-production-f8e72/logs/run.googleapis.com%2Fstdout","receiveTimestamp":"2022-05-07T03:13:41.664179957Z","resource":{"labels":{"configuration_name":"muni-back","location":"asia-northeast1","project_id":"muni-production-f8e72","revision_name":"muni-back-hpgtt","service_name":"muni-back"},"type":"cloud_run_revision"},"timestamp":"2022-05-07T03:13:41.437532Z"}
{"insertId":"6275e3e50005cfb9e87d5ac3","jsonPayload":{"firebaseId":"toritoritori29","ident":"FILTERING_WORKS","level":"INFO","message":"Search works link to the user.","method":"UserAPI","timestamp":"2022-5-7 3:13:41"},"labels":{"instanceId":"0067430fbdd0a70138bfabd74feb01b624d90cb4bd534ef1d388ec5280b2fab42cf140ff9f3cfe3d69242256eef3069e99349eab6bcb5c4e42ecf008dfd06763"},"logName":"projects/muni-production-f8e72/logs/run.googleapis.com%2Fstdout","receiveTimestamp":"2022-05-07T03:13:41.664179957Z","resource":{"labels":{"configuration_name":"muni-back","location":"asia-northeast1","project_id":"muni-production-f8e72","revision_name":"muni-back-hpgtt","service_name":"muni-back"},"type":"cloud_run_revision"},"timestamp":"2022-05-07T03:13:41.380857Z"}
{"insertId":"6275e3e50005410ccead735a","jsonPayload":{"ident":"RECIEVE","level":"INFO","message":"Recieve the work post request.","method":"UserAPI","timestamp":"2022-5-7 3:13:41"},"labels":{"instanceId":"0067430fbdd0a70138bfabd74feb01b624d90cb4bd534ef1d388ec5280b2fab42cf140ff9f3cfe3d69242256eef3069e99349eab6bcb5c4e42ecf008dfd06763"},"logName":"projects/muni-production-f8e72/logs/run.googleapis.com%2Fstdout","receiveTimestamp":"2022-05-07T03:13:41.664179957Z","resource":{"labels":{"configuration_name":"muni-back","location":"asia-northeast1","project_id":"muni-production-f8e72","revision_name":"muni-back-hpgtt","service_name":"muni-back"},"type":"cloud_run_revision"},"timestamp":"2022-05-07T03:13:41.344332Z"}
{"httpRequest":{"latency":"0.002051461s","protocol":"HTTP/1.1","referer":"https://muni.ink/","remoteIp":"220.100.26.172","requestMethod":"OPTIONS","requestSize":"751","requestUrl":"https://api.muni.ink/user","responseSize":"853","serverIp":"35.241.42.228","status":204,"userAgent":"Mozilla/5.0 (Linux; Android 12; Pixel 5) AppleWebKit/537.36 (KHTML, like Gecko) Chrome/101.0.4951.41 Mobile Safari/537.36"},"insertId":"6275e3e50005049d14b9499a","labels":{"instanceId":"0067430fbdd0a70138bfabd74feb01b624d90cb4bd534ef1d388ec5280b2fab42cf140ff9f3cfe3d69242256eef3069e99349eab6bcb5c4e42ecf008dfd06763"},"logName":"projects/muni-production-f8e72/logs/run.googleapis.com%2Frequests","receiveTimestamp":"2022-05-07T03:13:41.616088873Z","resource":{"labels":{"configuration_name":"muni-back","location":"asia-northeast1","project_id":"muni-production-f8e72","revision_name":"muni-back-hpgtt","service_name":"muni-back"},"type":"cloud_run_revision"},"severity":"INFO","timestamp":"2022-05-07T03:13:41.328861Z","trace":"projects/muni-production-f8e72/traces/e0fcfc0a8896038ab0d72b93c340c008"}
{"insertId":"6275e3e50002f4135c770fb4","jsonPayload":{"ident":"RECIEVED","level":"INFO","message":"Request recieved for Pvp0SEse2xFu4vEYWRA3.","method":"WorkAPI","timestamp":"2022-5-7 3:13:41","workId":"Pvp0SEse2xFu4vEYWRA3"},"labels":{"instanceId":"0067430fbdd0a70138bfabd74feb01b624d90cb4bd534ef1d388ec5280b2fab42cf140ff9f3cfe3d69242256eef3069e99349eab6bcb5c4e42ecf008dfd06763"},"logName":"projects/muni-production-f8e72/logs/run.googleapis.com%2Fstdout","receiveTimestamp":"2022-05-07T03:13:41.331442421Z","resource":{"labels":{"configuration_name":"muni-back","location":"asia-northeast1","project_id":"muni-production-f8e72","revision_name":"muni-back-hpgtt","service_name":"muni-back"},"type":"cloud_run_revision"},"timestamp":"2022-05-07T03:13:41.193555Z"}
{"httpRequest":{"latency":"0.322195506s","protocol":"HTTP/1.1","referer":"https://muni.ink/","remoteIp":"220.100.26.172","requestMethod":"POST","requestSize":"863","requestUrl":"https://api.muni.ink/recent","responseSize":"12342","serverIp":"35.241.42.228","status":200,"userAgent":"Mozilla/5.0 (Linux; Android 12; Pixel 5) AppleWebKit/537.36 (KHTML, like Gecko) Chrome/101.0.4951.41 Mobile Safari/537.36"},"insertId":"6275e3e40004d529f9bf4d73","labels":{"instanceId":"0067430fbdd0a70138bfabd74feb01b624d90cb4bd534ef1d388ec5280b2fab42cf140ff9f3cfe3d69242256eef3069e99349eab6bcb5c4e42ecf008dfd06763"},"logName":"projects/muni-production-f8e72/logs/run.googleapis.com%2Frequests","receiveTimestamp":"2022-05-07T03:13:40.617657985Z","resource":{"labels":{"configuration_name":"muni-back","location":"asia-northeast1","project_id":"muni-production-f8e72","revision_name":"muni-back-hpgtt","service_name":"muni-back"},"type":"cloud_run_revision"},"severity":"INFO","timestamp":"2022-05-07T03:13:40.316713Z","trace":"projects/muni-production-f8e72/traces/886997902fd885f0664339468b9dd10a"}
{"insertId":"6275e3e40004ce766d8c5671","jsonPayload":{"ident":"FETCH_SUCCESS","level":"INFO","message":"Success to fetch.","method":"RecentPostAPI","timestamp":"2022-5-7 3:13:40"},"labels":{"instanceId":"0067430fbdd0a70138bfabd74feb01b624d90cb4bd534ef1d388ec5280b2fab42cf140ff9f3cfe3d69242256eef3069e99349eab6bcb5c4e42ecf008dfd06763"},"logName":"projects/muni-production-f8e72/logs/run.googleapis.com%2Fstdout","receiveTimestamp":"2022-05-07T03:13:40.331558898Z","resource":{"labels":{"configuration_name":"muni-back","location":"asia-northeast1","project_id":"muni-production-f8e72","revision_name":"muni-back-hpgtt","service_name":"muni-back"},"type":"cloud_run_revision"},"timestamp":"2022-05-07T03:13:40.314998Z"}
{"insertId":"6275e3e3000f33a0ebe95710","jsonPayload":{"ident":"RECIEVE","level":"INFO","message":"Recieve the recent posted works request.","method":"RecentPostAPI","timestamp":"2022-5-7 3:13:39"},"labels":{"instanceId":"0067430fbdd0a70138bfabd74feb01b624d90cb4bd534ef1d388ec5280b2fab42cf140ff9f3cfe3d69242256eef3069e99349eab6bcb5c4e42ecf008dfd06763"},"logName":"projects/muni-production-f8e72/logs/run.googleapis.com%2Fstdout","receiveTimestamp":"2022-05-07T03:13:39.999896904Z","resource":{"labels":{"configuration_name":"muni-back","location":"asia-northeast1","project_id":"muni-production-f8e72","revision_name":"muni-back-hpgtt","service_name":"muni-back"},"type":"cloud_run_revision"},"timestamp":"2022-05-07T03:13:39.996256Z"}
{"httpRequest":{"latency":"0.012267366s","protocol":"HTTP/1.1","referer":"https://muni.ink/","remoteIp":"220.100.26.172","requestMethod":"GET","requestSize":"1073","requestUrl":"https://muni.ink/favicon.ico","responseSize":"723","serverIp":"35.241.42.228","status":304,"userAgent":"Mozilla/5.0 (Linux; Android 12; Pixel 5) AppleWebKit/537.36 (KHTML, like Gecko) Chrome/101.0.4951.41 Mobile Safari/537.36"},"insertId":"6275e3e3000ea614aa2fc129","labels":{"instanceId":"0067430fbd87d90256f2e59c0e4f2aba79064af94274bcdca0bfd9a4455db453dd53d295d547db6545ed9cc9551a52d296a212b63abb9a20086c4a0b06358f2c"},"logName":"projects/muni-production-f8e72/logs/run.googleapis.com%2Frequests","receiveTimestamp":"2022-05-07T03:13:40.140325906Z","resource":{"labels":{"configuration_name":"muni-front","location":"asia-northeast1","project_id":"muni-production-f8e72","revision_name":"muni-front-jq7fz","service_name":"muni-front"},"type":"cloud_run_revision"},"severity":"INFO","timestamp":"2022-05-07T03:13:39.960020Z","trace":"projects/muni-production-f8e72/traces/0b3b95f67d070e990b674035e7baf96b"}
{"httpRequest":{"latency":"0.003030876s","protocol":"HTTP/1.1","referer":"https://muni.ink/","remoteIp":"220.100.26.172","requestMethod":"OPTIONS","requestSize":"754","requestUrl":"https://api.muni.ink/recent","responseSize":"853","serverIp":"35.241.42.228","status":204,"userAgent":"Mozilla/5.0 (Linux; Android 12; Pixel 5) AppleWebKit/537.36 (KHTML, like Gecko) Chrome/101.0.4951.41 Mobile Safari/537.36"},"insertId":"6275e3e3000e77f6b7814937","labels":{"instanceId":"0067430fbdd0a70138bfabd74feb01b624d90cb4bd534ef1d388ec5280b2fab42cf140ff9f3cfe3d69242256eef3069e99349eab6bcb5c4e42ecf008dfd06763"},"logName":"projects/muni-production-f8e72/logs/run.googleapis.com%2Frequests","receiveTimestamp":"2022-05-07T03:13:39.951977158Z","resource":{"labels":{"configuration_name":"muni-back","location":"asia-northeast1","project_id":"muni-production-f8e72","revision_name":"muni-back-hpgtt","service_name":"muni-back"},"type":"cloud_run_revision"},"severity":"INFO","timestamp":"2022-05-07T03:13:39.948214Z","trace":"projects/muni-production-f8e72/traces/f72c5f6da064d0a75c0202a8d936b795"}
{"httpRequest":{"latency":"0.010962247s","protocol":"HTTP/1.1","referer":"https://muni.ink/","remoteIp":"220.100.26.172","requestMethod":"GET","requestSize":"1081","requestUrl":"https://muni.ink/_next/image?url=%2Flogo_landing.png&w=384&q=75","responseSize":"710","serverIp":"35.241.42.228","status":304,"userAgent":"Mozilla/5.0 (Linux; Android 12; Pixel 5) AppleWebKit/537.36 (KHTML, like Gecko) Chrome/101.0.4951.41 Mobile Safari/537.36"},"insertId":"6275e3e3000c4b348fa4d1de","labels":{"instanceId":"0067430fbd87d90256f2e59c0e4f2aba79064af94274bcdca0bfd9a4455db453dd53d295d547db6545ed9cc9551a52d296a212b63abb9a20086c4a0b06358f2c"},"logName":"projects/muni-production-f8e72/logs/run.googleapis.com%2Frequests","receiveTimestamp":"2022-05-07T03:13:40.140325906Z","resource":{"labels":{"configuration_name":"muni-front","location":"asia-northeast1","project_id":"muni-production-f8e72","revision_name":"muni-front-jq7fz","service_name":"muni-front"},"type":"cloud_run_revision"},"severity":"INFO","timestamp":"2022-05-07T03:13:39.805684Z","trace":"projects/muni-production-f8e72/traces/eb4f291153d4ba289ac6b516c3f6169d"}
{"httpRequest":{"latency":"0.010096980s","protocol":"HTTP/1.1","referer":"https://muni.ink/","remoteIp":"220.100.26.172","requestMethod":"GET","requestSize":"1085","requestUrl":"https://muni.ink/_next/image?url=%2Flogo_horizontal.png&w=384&q=75","responseSize":"709","serverIp":"35.241.42.228","status":304,"userAgent":"Mozilla/5.0 (Linux; Android 12; Pixel 5) AppleWebKit/537.36 (KHTML, like Gecko) Chrome/101.0.4951.41 Mobile Safari/537.36"},"insertId":"6275e3e3000c48b43c4ffc37","labels":{"instanceId":"0067430fbd87d90256f2e59c0e4f2aba79064af94274bcdca0bfd9a4455db453dd53d295d547db6545ed9cc9551a52d296a212b63abb9a20086c4a0b06358f2c"},"logName":"projects/muni-production-f8e72/logs/run.googleapis.com%2Frequests","receiveTimestamp":"2022-05-07T03:13:39.809274405Z","resource":{"labels":{"configuration_name":"muni-front","location":"asia-northeast1","project_id":"muni-production-f8e72","revision_name":"muni-front-jq7fz","service_name":"muni-front"},"type":"cloud_run_revision"},"severity":"INFO","timestamp":"2022-05-07T03:13:39.805044Z","trace":"projects/muni-production-f8e72/traces/fcef250dab0d6591a5a533b25cc1560a"}
{"httpRequest":{"latency":"0.003945353s","protocol":"HTTP/1.1","remoteIp":"192.241.222.132","requestMethod":"GET","requestSize":"416","requestUrl":"https://35.241.42.228/actuator/health","responseSize":"1950","serverIp":"35.241.42.228","status":404,"userAgent":"Mozilla/5.0 zgrab/0.x"},"insertId":"6275dedf0003db8a6719c975","labels":{"instanceId":"0067430fbd87d90256f2e59c0e4f2aba79064af94274bcdca0bfd9a4455db453dd53d295d547db6545ed9cc9551a52d296a212b63abb9a20086c4a0b06358f2c"},"logName":"projects/muni-production-f8e72/logs/run.googleapis.com%2Frequests","receiveTimestamp":"2022-05-07T02:52:15.257013419Z","resource":{"labels":{"configuration_name":"muni-front","location":"asia-northeast1","project_id":"muni-production-f8e72","revision_name":"muni-front-jq7fz","service_name":"muni-front"},"type":"cloud_run_revision"},"severity":"WARNING","timestamp":"2022-05-07T02:52:15.252810Z","trace":"projects/muni-production-f8e72/traces/c4b27cbe6cbce20888572d354cdb5c21"}
{"httpRequest":{"latency":"0.003325171s","protocol":"HTTP/1.1","referer":"https://muni.ink/?gclid=EAIaIQobChMI0djmy7DM9wIVS8B8Ch1lVgMIEAEYASAAEgJ4y_D_BwE","remoteIp":"59.128.180.201","requestMethod":"GET","requestSize":"797","requestUrl":"https://muni.ink/favicon.ico","responseSize":"721","serverIp":"35.241.42.228","status":304,"userAgent":"Mozilla/5.0 (iPhone; CPU iPhone OS 15_4_1 like Mac OS X) AppleWebKit/605.1.15 (KHTML, like Gecko) Version/15.4 Mobile/15E148 Safari/604.1"},"insertId":"6275de8d0006d53de8850997","labels":{"instanceId":"0067430fbd87d90256f2e59c0e4f2aba79064af94274bcdca0bfd9a4455db453dd53d295d547db6545ed9cc9551a52d296a212b63abb9a20086c4a0b06358f2c"},"logName":"projects/muni-production-f8e72/logs/run.googleapis.com%2Frequests","receiveTimestamp":"2022-05-07T02:50:53.602171878Z","resource":{"labels":{"configuration_name":"muni-front","location":"asia-northeast1","project_id":"muni-production-f8e72","revision_name":"muni-front-jq7fz","service_name":"muni-front"},"type":"cloud_run_revision"},"severity":"INFO","timestamp":"2022-05-07T02:50:53.447805Z","trace":"projects/muni-production-f8e72/traces/c224071f4253b11de7dd3f5f8a08a916"}
{"httpRequest":{"latency":"0.318990535s","protocol":"HTTP/1.1","referer":"https://muni.ink/","remoteIp":"59.128.180.201","requestMethod":"POST","requestSize":"652","requestUrl":"https://api.muni.ink/recent","responseSize":"12342","serverIp":"35.241.42.228","status":200,"userAgent":"Mozilla/5.0 (iPhone; CPU iPhone OS 15_4_1 like Mac OS X) AppleWebKit/605.1.15 (KHTML, like Gecko) Version/15.4 Mobile/15E148 Safari/604.1"},"insertId":"6275de8b00054e9bd9c7257c","labels":{"instanceId":"0067430fbdd0a70138bfabd74feb01b624d90cb4bd534ef1d388ec5280b2fab42cf140ff9f3cfe3d69242256eef3069e99349eab6bcb5c4e42ecf008dfd06763"},"logName":"projects/muni-production-f8e72/logs/run.googleapis.com%2Frequests","receiveTimestamp":"2022-05-07T02:50:51.676279222Z","resource":{"labels":{"configuration_name":"muni-back","location":"asia-northeast1","project_id":"muni-production-f8e72","revision_name":"muni-back-hpgtt","service_name":"muni-back"},"type":"cloud_run_revision"},"severity":"INFO","timestamp":"2022-05-07T02:50:51.347803Z","trace":"projects/muni-production-f8e72/traces/7ce33856a28955970c9b0dc1f21269ff"}
{"insertId":"6275de8b000543a3c11498d3","jsonPayload":{"ident":"FETCH_SUCCESS","level":"INFO","message":"Success to fetch.","method":"RecentPostAPI","timestamp":"2022-5-7 2:50:51"},"labels":{"instanceId":"0067430fbdd0a70138bfabd74feb01b624d90cb4bd534ef1d388ec5280b2fab42cf140ff9f3cfe3d69242256eef3069e99349eab6bcb5c4e42ecf008dfd06763"},"logName":"projects/muni-production-f8e72/logs/run.googleapis.com%2Fstdout","receiveTimestamp":"2022-05-07T02:50:51.366734999Z","resource":{"labels":{"configuration_name":"muni-back","location":"asia-northeast1","project_id":"muni-production-f8e72","revision_name":"muni-back-hpgtt","service_name":"muni-back"},"type":"cloud_run_revision"},"timestamp":"2022-05-07T02:50:51.344995Z"}
{"insertId":"6275de8b000075d94851b684","jsonPayload":{"ident":"RECIEVE","level":"INFO","message":"Recieve the recent posted works request.","method":"RecentPostAPI","timestamp":"2022-5-7 2:50:51"},"labels":{"instanceId":"0067430fbdd0a70138bfabd74feb01b624d90cb4bd534ef1d388ec5280b2fab42cf140ff9f3cfe3d69242256eef3069e99349eab6bcb5c4e42ecf008dfd06763"},"logName":"projects/muni-production-f8e72/logs/run.googleapis.com%2Fstdout","receiveTimestamp":"2022-05-07T02:50:51.032995967Z","resource":{"labels":{"configuration_name":"muni-back","location":"asia-northeast1","project_id":"muni-production-f8e72","revision_name":"muni-back-hpgtt","service_name":"muni-back"},"type":"cloud_run_revision"},"timestamp":"2022-05-07T02:50:51.030169Z"}
{"httpRequest":{"latency":"0.002341787s","protocol":"HTTP/1.1","referer":"https://muni.ink/","remoteIp":"59.128.180.201","requestMethod":"OPTIONS","requestSize":"692","requestUrl":"https://api.muni.ink/recent","responseSize":"853","serverIp":"35.241.42.228","status":204,"userAgent":"Mozilla/5.0 (iPhone; CPU iPhone OS 15_4_1 like Mac OS X) AppleWebKit/605.1.15 (KHTML, like Gecko) Version/15.4 Mobile/15E148 Safari/604.1"},"insertId":"6275de8b00001945f145bc1a","labels":{"instanceId":"0067430fbdd0a70138bfabd74feb01b624d90cb4bd534ef1d388ec5280b2fab42cf140ff9f3cfe3d69242256eef3069e99349eab6bcb5c4e42ecf008dfd06763"},"logName":"projects/muni-production-f8e72/logs/run.googleapis.com%2Frequests","receiveTimestamp":"2022-05-07T02:50:51.010920370Z","resource":{"labels":{"configuration_name":"muni-back","location":"asia-northeast1","project_id":"muni-production-f8e72","revision_name":"muni-back-hpgtt","service_name":"muni-back"},"type":"cloud_run_revision"},"severity":"INFO","timestamp":"2022-05-07T02:50:51.006469Z","trace":"projects/muni-production-f8e72/traces/619c5c78be4245792b534c6db609e0dd"}
{"httpRequest":{"latency":"0.003592949s","protocol":"HTTP/1.1","referer":"https://muni.ink/?gclid=EAIaIQobChMI0djmy7DM9wIVS8B8Ch1lVgMIEAEYASAAEgJ4y_D_BwE","remoteIp":"59.128.180.201","requestMethod":"GET","requestSize":"671","requestUrl":"https://muni.ink/_next/static/chunks/pages/article/%5Bid%5D-ba2e332a731b1526.js","responseSize":"2326","serverIp":"35.241.42.228","status":200,"userAgent":"Mozilla/5.0 (iPhone; CPU iPhone OS 15_4_1 like Mac OS X) AppleWebKit/605.1.15 (KHTML, like Gecko) Version/15.4 Mobile/15E148 Safari/604.1"},"insertId":"6275de8a000edc4ff2a51be0","labels":{"instanceId":"0067430fbd87d90256f2e59c0e4f2aba79064af94274bcdca0bfd9a4455db453dd53d295d547db6545ed9cc9551a52d296a212b63abb9a20086c4a0b06358f2c"},"logName":"projects/muni-production-f8e72/logs/run.googleapis.com%2Frequests","receiveTimestamp":"2022-05-07T02:50:51.271588034Z","resource":{"labels":{"configuration_name":"muni-front","location":"asia-northeast1","project_id":"muni-production-f8e72","revision_name":"muni-front-jq7fz","service_name":"muni-front"},"type":"cloud_run_revision"},"severity":"INFO","timestamp":"2022-05-07T02:50:50.973903Z","trace":"projects/muni-production-f8e72/traces/594c9efb91ca2c82c0526d92c804ccc2"}
{"httpRequest":{"latency":"0.017105412s","protocol":"HTTP/1.1","referer":"https://muni.ink/?gclid=EAIaIQobChMI0djmy7DM9wIVS8B8Ch1lVgMIEAEYASAAEgJ4y_D_BwE","remoteIp":"59.128.180.201","requestMethod":"GET","requestSize":"656","requestUrl":"https://muni.ink/_next/static/chunks/a9a7754c-7284bf2d89f5983d.js","responseSize":"2064","serverIp":"35.241.42.228","status":200,"userAgent":"Mozilla/5.0 (iPhone; CPU iPhone OS 15_4_1 like Mac OS X) AppleWebKit/605.1.15 (KHTML, like Gecko) Version/15.4 Mobile/15E148 Safari/604.1"},"insertId":"6275de8a000d0f47e8a5a958","labels":{"instanceId":"0067430fbd87d90256f2e59c0e4f2aba79064af94274bcdca0bfd9a4455db453dd53d295d547db6545ed9cc9551a52d296a212b63abb9a20086c4a0b06358f2c"},"logName":"projects/muni-production-f8e72/logs/run.googleapis.com%2Frequests","receiveTimestamp":"2022-05-07T02:50:50.939500267Z","resource":{"labels":{"configuration_name":"muni-front","location":"asia-northeast1","project_id":"muni-production-f8e72","revision_name":"muni-front-jq7fz","service_name":"muni-front"},"type":"cloud_run_revision"},"severity":"INFO","timestamp":"2022-05-07T02:50:50.855879Z","trace":"projects/muni-production-f8e72/traces/3df74c6fdc88fdf65494ff669b53d873"}
{"httpRequest":{"latency":"0.017186545s","protocol":"HTTP/1.1","referer":"https://muni.ink/?gclid=EAIaIQobChMI0djmy7DM9wIVS8B8Ch1lVgMIEAEYASAAEgJ4y_D_BwE","remoteIp":"59.128.180.201","requestMethod":"GET","requestSize":"646","requestUrl":"https://muni.ink/_next/static/css/7a638e94e1d9107b.css","responseSize":"1303","serverIp":"35.241.42.228","status":200,"userAgent":"Mozilla/5.0 (iPhone; CPU iPhone OS 15_4_1 like Mac OS X) AppleWebKit/605.1.15 (KHTML, like Gecko) Version/15.4 Mobile/15E148 Safari/604.1"},"insertId":"6275de8a000d0f377b106361","labels":{"instanceId":"0067430fbd87d90256f2e59c0e4f2aba79064af94274bcdca0bfd9a4455db453dd53d295d547db6545ed9cc9551a52d296a212b63abb9a20086c4a0b06358f2c"},"logName":"projects/muni-production-f8e72/logs/run.googleapis.com%2Frequests","receiveTimestamp":"2022-05-07T02:50:50.939500267Z","resource":{"labels":{"configuration_name":"muni-front","location":"asia-northeast1","project_id":"muni-production-f8e72","revision_name":"muni-front-jq7fz","service_name":"muni-front"},"type":"cloud_run_revision"},"severity":"INFO","timestamp":"2022-05-07T02:50:50.855863Z","trace":"projects/muni-production-f8e72/traces/367640fc6ca77d6c71bd1ecb62bb6e9e"}
{"httpRequest":{"latency":"0.010399755s","protocol":"HTTP/1.1","referer":"https://muni.ink/?gclid=EAIaIQobChMI0djmy7DM9wIVS8B8Ch1lVgMIEAEYASAAEgJ4y_D_BwE","remoteIp":"59.128.180.201","requestMethod":"GET","requestSize":"651","requestUrl":"https://muni.ink/_next/static/chunks/538-535bfdc433424381.js","responseSize":"5334","serverIp":"35.241.42.228","status":200,"userAgent":"Mozilla/5.0 (iPhone; CPU iPhone OS 15_4_1 like Mac OS X) AppleWebKit/605.1.15 (KHTML, like Gecko) Version/15.4 Mobile/15E148 Safari/604.1"},"insertId":"6275de8a000cf4377b97c9f1","labels":{"instanceId":"0067430fbd87d90256f2e59c0e4f2aba79064af94274bcdca0bfd9a4455db453dd53d295d547db6545ed9cc9551a52d296a212b63abb9a20086c4a0b06358f2c"},"logName":"projects/muni-production-f8e72/logs/run.googleapis.com%2Frequests","receiveTimestamp":"2022-05-07T02:50:50.939500267Z","resource":{"labels":{"configuration_name":"muni-front","location":"asia-northeast1","project_id":"muni-production-f8e72","revision_name":"muni-front-jq7fz","service_name":"muni-front"},"type":"cloud_run_revision"},"severity":"INFO","timestamp":"2022-05-07T02:50:50.848951Z","trace":"projects/muni-production-f8e72/traces/cbd632ffcd7324e28e4e200cf4d71de2"}
{"httpRequest":{"latency":"0.009274210s","protocol":"HTTP/1.1","referer":"https://muni.ink/?gclid=EAIaIQobChMI0djmy7DM9wIVS8B8Ch1lVgMIEAEYASAAEgJ4y_D_BwE","remoteIp":"59.128.180.201","requestMethod":"GET","requestSize":"661","requestUrl":"https://muni.ink/_next/static/chunks/pages/signup-7e9bea30669149d6.js","responseSize":"2511","serverIp":"35.241.42.228","status":200,"userAgent":"Mozilla/5.0 (iPhone; CPU iPhone OS 15_4_1 like Mac OS X) AppleWebKit/605.1.15 (KHTML, like Gecko) Version/15.4 Mobile/15E148 Safari/604.1"},"insertId":"6275de8a000cf14854326cfc","labels":{"instanceId":"0067430fbd87d90256f2e59c0e4f2aba79064af94274bcdca0bfd9a4455db453dd53d295d547db6545ed9cc9551a52d296a212b63abb9a20086c4a0b06358f2c"},"logName":"projects/muni-production-f8e72/logs/run.googleapis.com%2Frequests","receiveTimestamp":"2022-05-07T02:50:50.939500267Z","resource":{"labels":{"configuration_name":"muni-front","location":"asia-northeast1","project_id":"muni-production-f8e72","revision_name":"muni-front-jq7fz","service_name":"muni-front"},"type":"cloud_run_revision"},"severity":"INFO","timestamp":"2022-05-07T02:50:50.848200Z","trace":"projects/muni-production-f8e72/traces/63217ef2836f3c5e7851a000ab6f0c24"}
{"httpRequest":{"latency":"0.003691727s","protocol":"HTTP/1.1","referer":"https://muni.ink/?gclid=EAIaIQobChMI0djmy7DM9wIVS8B8Ch1lVgMIEAEYASAAEgJ4y_D_BwE","remoteIp":"59.128.180.201","requestMethod":"GET","requestSize":"682","requestUrl":"https://muni.ink/_next/data/IVVvbvvWS4XaF0igaWv4S/article/articles001_what_is_metamask.json","responseSize":"2056","serverIp":"35.241.42.228","status":200,"userAgent":"Mozilla/5.0 (iPhone; CPU iPhone OS 15_4_1 like Mac OS X) AppleWebKit/605.1.15 (KHTML, like Gecko) Version/15.4 Mobile/15E148 Safari/604.1"},"insertId":"6275de8a000cd56f4bba4114","labels":{"instanceId":"0067430fbd87d90256f2e59c0e4f2aba79064af94274bcdca0bfd9a4455db453dd53d295d547db6545ed9cc9551a52d296a212b63abb9a20086c4a0b06358f2c"},"logName":"projects/muni-production-f8e72/logs/run.googleapis.com%2Frequests","receiveTimestamp":"2022-05-07T02:50:50.939500267Z","resource":{"labels":{"configuration_name":"muni-front","location":"asia-northeast1","project_id":"muni-production-f8e72","revision_name":"muni-front-jq7fz","service_name":"muni-front"},"type":"cloud_run_revision"},"severity":"INFO","timestamp":"2022-05-07T02:50:50.841071Z","trace":"projects/muni-production-f8e72/traces/46255dda5606b678f17f535a7ad853c8"}
{"httpRequest":{"latency":"0.004829531s","protocol":"HTTP/1.1","referer":"https://muni.ink/?gclid=EAIaIQobChMI0djmy7DM9wIVS8B8Ch1lVgMIEAEYASAAEgJ4y_D_BwE","remoteIp":"59.128.180.201","requestMethod":"GET","requestSize":"784","requestUrl":"https://muni.ink/_next/image?url=%2Flogo_landing.png&w=384&q=75","responseSize":"708","serverIp":"35.241.42.228","status":304,"userAgent":"Mozilla/5.0 (iPhone; CPU iPhone OS 15_4_1 like Mac OS X) AppleWebKit/605.1.15 (KHTML, like Gecko) Version/15.4 Mobile/15E148 Safari/604.1"},"insertId":"6275de8a000caa27ba5a52e2","labels":{"instanceId":"0067430fbd87d90256f2e59c0e4f2aba79064af94274bcdca0bfd9a4455db453dd53d295d547db6545ed9cc9551a52d296a212b63abb9a20086c4a0b06358f2c"},"logName":"projects/muni-production-f8e72/logs/run.googleapis.com%2Frequests","receiveTimestamp":"2022-05-07T02:50:50.939500267Z","resource":{"labels":{"configuration_name":"muni-front","location":"asia-northeast1","project_id":"muni-production-f8e72","revision_name":"muni-front-jq7fz","service_name":"muni-front"},"type":"cloud_run_revision"},"severity":"INFO","timestamp":"2022-05-07T02:50:50.829991Z","trace":"projects/muni-production-f8e72/traces/9c06c738d10df57ba19d5cef12770d36"}
{"httpRequest":{"latency":"0.004777423s","protocol":"HTTP/1.1","referer":"https://muni.ink/?gclid=EAIaIQobChMI0djmy7DM9wIVS8B8Ch1lVgMIEAEYASAAEgJ4y_D_BwE","remoteIp":"59.128.180.201","requestMethod":"GET","requestSize":"788","requestUrl":"https://muni.ink/_next/image?url=%2Flogo_horizontal.png&w=384&q=75","responseSize":"708","serverIp":"35.241.42.228","status":304,"userAgent":"Mozilla/5.0 (iPhone; CPU iPhone OS 15_4_1 like Mac OS X) AppleWebKit/605.1.15 (KHTML, like Gecko) Version/15.4 Mobile/15E148 Safari/604.1"},"insertId":"6275de8a000ca6afaa183bbb","labels":{"instanceId":"0067430fbd87d90256f2e59c0e4f2aba79064af94274bcdca0bfd9a4455db453dd53d295d547db6545ed9cc9551a52d296a212b63abb9a20086c4a0b06358f2c"},"logName":"projects/muni-production-f8e72/logs/run.googleapis.com%2Frequests","receiveTimestamp":"2022-05-07T02:50:50.939500267Z","resource":{"labels":{"configuration_name":"muni-front","location":"asia-northeast1","project_id":"muni-production-f8e72","revision_name":"muni-front-jq7fz","service_name":"muni-front"},"type":"cloud_run_revision"},"severity":"INFO","timestamp":"2022-05-07T02:50:50.829103Z","trace":"projects/muni-production-f8e72/traces/e7aaf6aab249ac3d1f4f51abfde85d08"}
{"httpRequest":{"latency":"0.011645577s","protocol":"HTTP/1.1","referer":"https://muni.ink/?gclid=EAIaIQobChMI0djmy7DM9wIVS8B8Ch1lVgMIEAEYASAAEgJ4y_D_BwE","remoteIp":"59.128.180.201","requestMethod":"GET","requestSize":"652","requestUrl":"https://muni.ink/_next/static/chunks/129-751e01bf127dc2cc.js","responseSize":"16508","serverIp":"35.241.42.228","status":200,"userAgent":"Mozilla/5.0 (iPhone; CPU iPhone OS 15_4_1 like Mac OS X) AppleWebKit/605.1.15 (KHTML, like Gecko) Version/15.4 Mobile/15E148 Safari/604.1"},"insertId":"6275de8a000a9f3802270abd","labels":{"instanceId":"0067430fbd87d90256f2e59c0e4f2aba79064af94274bcdca0bfd9a4455db453dd53d295d547db6545ed9cc9551a52d296a212b63abb9a20086c4a0b06358f2c"},"logName":"projects/muni-production-f8e72/logs/run.googleapis.com%2Frequests","receiveTimestamp":"2022-05-07T02:50:50.939500267Z","resource":{"labels":{"configuration_name":"muni-front","location":"asia-northeast1","project_id":"muni-production-f8e72","revision_name":"muni-front-jq7fz","service_name":"muni-front"},"type":"cloud_run_revision"},"severity":"INFO","timestamp":"2022-05-07T02:50:50.696120Z","trace":"projects/muni-production-f8e72/traces/c56236c6223a1ecc996cfd61bf2e1e20"}
{"httpRequest":{"latency":"0.016629419s","protocol":"HTTP/1.1","referer":"https://muni.ink/?gclid=EAIaIQobChMI0djmy7DM9wIVS8B8Ch1lVgMIEAEYASAAEgJ4y_D_BwE","remoteIp":"59.128.180.201","requestMethod":"GET","requestSize":"653","requestUrl":"https://muni.ink/_next/static/chunks/main-1d8adce4d7e8417e.js","responseSize":"28665","serverIp":"35.241.42.228","status":200,"userAgent":"Mozilla/5.0 (iPhone; CPU iPhone OS 15_4_1 like Mac OS X) AppleWebKit/605.1.15 (KHTML, like Gecko) Version/15.4 Mobile/15E148 Safari/604.1"},"insertId":"6275de8a000a9f2161824290","labels":{"instanceId":"0067430fbd87d90256f2e59c0e4f2aba79064af94274bcdca0bfd9a4455db453dd53d295d547db6545ed9cc9551a52d296a212b63abb9a20086c4a0b06358f2c"},"logName":"projects/muni-production-f8e72/logs/run.googleapis.com%2Frequests","receiveTimestamp":"2022-05-07T02:50:50.939500267Z","resource":{"labels":{"configuration_name":"muni-front","location":"asia-northeast1","project_id":"muni-production-f8e72","revision_name":"muni-front-jq7fz","service_name":"muni-front"},"type":"cloud_run_revision"},"severity":"INFO","timestamp":"2022-05-07T02:50:50.696097Z","trace":"projects/muni-production-f8e72/traces/66eef05a8431501e2a06d8852b22784d"}
{"httpRequest":{"latency":"0.016496013s","protocol":"HTTP/1.1","referer":"https://muni.ink/?gclid=EAIaIQobChMI0djmy7DM9wIVS8B8Ch1lVgMIEAEYASAAEgJ4y_D_BwE","remoteIp":"59.128.180.201","requestMethod":"GET","requestSize":"658","requestUrl":"https://muni.ink/_next/static/chunks/framework-bb5c596eafb42b22.js","responseSize":"43037","serverIp":"35.241.42.228","status":200,"userAgent":"Mozilla/5.0 (iPhone; CPU iPhone OS 15_4_1 like Mac OS X) AppleWebKit/605.1.15 (KHTML, like Gecko) Version/15.4 Mobile/15E148 Safari/604.1"},"insertId":"6275de8a000a9efe86441cfa","labels":{"instanceId":"0067430fbd87d90256f2e59c0e4f2aba79064af94274bcdca0bfd9a4455db453dd53d295d547db6545ed9cc9551a52d296a212b63abb9a20086c4a0b06358f2c"},"logName":"projects/muni-production-f8e72/logs/run.googleapis.com%2Frequests","receiveTimestamp":"2022-05-07T02:50:50.939500267Z","resource":{"labels":{"configuration_name":"muni-front","location":"asia-northeast1","project_id":"muni-production-f8e72","revision_name":"muni-front-jq7fz","service_name":"muni-front"},"type":"cloud_run_revision"},"severity":"INFO","timestamp":"2022-05-07T02:50:50.696062Z","trace":"projects/muni-production-f8e72/traces/d2ddc2adda97717b27c11cd0bbf18d97"}
{"httpRequest":{"latency":"0.011563336s","protocol":"HTTP/1.1","referer":"https://muni.ink/?gclid=EAIaIQobChMI0djmy7DM9wIVS8B8Ch1lVgMIEAEYASAAEgJ4y_D_BwE","remoteIp":"59.128.180.201","requestMethod":"GET","requestSize":"652","requestUrl":"https://muni.ink/_next/static/chunks/628-b8825c0c7ba71b31.js","responseSize":"5035","serverIp":"35.241.42.228","status":200,"userAgent":"Mozilla/5.0 (iPhone; CPU iPhone OS 15_4_1 like Mac OS X) AppleWebKit/605.1.15 (KHTML, like Gecko) Version/15.4 Mobile/15E148 Safari/604.1"},"insertId":"6275de8a000a9eb52a055bf5","labels":{"instanceId":"0067430fbd87d90256f2e59c0e4f2aba79064af94274bcdca0bfd9a4455db453dd53d295d547db6545ed9cc9551a52d296a212b63abb9a20086c4a0b06358f2c"},"logName":"projects/muni-production-f8e72/logs/run.googleapis.com%2Frequests","receiveTimestamp":"2022-05-07T02:50:50.939500267Z","resource":{"labels":{"configuration_name":"muni-front","location":"asia-northeast1","project_id":"muni-production-f8e72","revision_name":"muni-front-jq7fz","service_name":"muni-front"},"type":"cloud_run_revision"},"severity":"INFO","timestamp":"2022-05-07T02:50:50.695989Z","trace":"projects/muni-production-f8e72/traces/11d1cfc8813adbedc55fb818704380a2"}
{"httpRequest":{"latency":"0.016321857s","protocol":"HTTP/1.1","referer":"https://muni.ink/?gclid=EAIaIQobChMI0djmy7DM9wIVS8B8Ch1lVgMIEAEYASAAEgJ4y_D_BwE","remoteIp":"59.128.180.201","requestMethod":"GET","requestSize":"657","requestUrl":"https://muni.ink/_next/static/chunks/pages/_app-8381e0995d667b62.js","responseSize":"28358","serverIp":"35.241.42.228","status":200,"userAgent":"Mozilla/5.0 (iPhone; CPU iPhone OS 15_4_1 like Mac OS X) AppleWebKit/605.1.15 (KHTML, like Gecko) Version/15.4 Mobile/15E148 Safari/604.1"},"insertId":"6275de8a000a9e98a4987f73","labels":{"instanceId":"0067430fbd87d90256f2e59c0e4f2aba79064af94274bcdca0bfd9a4455db453dd53d295d547db6545ed9cc9551a52d296a212b63abb9a20086c4a0b06358f2c"},"logName":"projects/muni-production-f8e72/logs/run.googleapis.com%2Frequests","receiveTimestamp":"2022-05-07T02:50:50.939500267Z","resource":{"labels":{"configuration_name":"muni-front","location":"asia-northeast1","project_id":"muni-production-f8e72","revision_name":"muni-front-jq7fz","service_name":"muni-front"},"type":"cloud_run_revision"},"severity":"INFO","timestamp":"2022-05-07T02:50:50.695960Z","trace":"projects/muni-production-f8e72/traces/e4f30440746fd1d9c333d32b768ce6c2"}
{"httpRequest":{"latency":"0.010937509s","protocol":"HTTP/1.1","referer":"https://muni.ink/?gclid=EAIaIQobChMI0djmy7DM9wIVS8B8Ch1lVgMIEAEYASAAEgJ4y_D_BwE","remoteIp":"59.128.180.201","requestMethod":"GET","requestSize":"660","requestUrl":"https://muni.ink/_next/static/IVVvbvvWS4XaF0igaWv4S/_buildManifest.js","responseSize":"1669","serverIp":"35.241.42.228","status":200,"userAgent":"Mozilla/5.0 (iPhone; CPU iPhone OS 15_4_1 like Mac OS X) AppleWebKit/605.1.15 (KHTML, like Gecko) Version/15.4 Mobile/15E148 Safari/604.1"},"insertId":"6275de8a000a9e6d12c1fef7","labels":{"instanceId":"0067430fbd87d90256f2e59c0e4f2aba79064af94274bcdca0bfd9a4455db453dd53d295d547db6545ed9cc9551a52d296a212b63abb9a20086c4a0b06358f2c"},"logName":"projects/muni-production-f8e72/logs/run.googleapis.com%2Frequests","receiveTimestamp":"2022-05-07T02:50:50.939500267Z","resource":{"labels":{"configuration_name":"muni-front","location":"asia-northeast1","project_id":"muni-production-f8e72","revision_name":"muni-front-jq7fz","service_name":"muni-front"},"type":"cloud_run_revision"},"severity":"INFO","timestamp":"2022-05-07T02:50:50.695917Z","trace":"projects/muni-production-f8e72/traces/f31558b2cbd0106a828fff5f3763acec"}
{"httpRequest":{"latency":"0.010394451s","protocol":"HTTP/1.1","referer":"https://muni.ink/?gclid=EAIaIQobChMI0djmy7DM9wIVS8B8Ch1lVgMIEAEYASAAEgJ4y_D_BwE","remoteIp":"59.128.180.201","requestMethod":"GET","requestSize":"666","requestUrl":"https://muni.ink/_next/static/IVVvbvvWS4XaF0igaWv4S/_middlewareManifest.js","responseSize":"926","serverIp":"35.241.42.228","status":200,"userAgent":"Mozilla/5.0 (iPhone; CPU iPhone OS 15_4_1 like Mac OS X) AppleWebKit/605.1.15 (KHTML, like Gecko) Version/15.4 Mobile/15E148 Safari/604.1"},"insertId":"6275de8a000a9d387efedd37","labels":{"instanceId":"0067430fbd87d90256f2e59c0e4f2aba79064af94274bcdca0bfd9a4455db453dd53d295d547db6545ed9cc9551a52d296a212b63abb9a20086c4a0b06358f2c"},"logName":"projects/muni-production-f8e72/logs/run.googleapis.com%2Frequests","receiveTimestamp":"2022-05-07T02:50:50.939500267Z","resource":{"labels":{"configuration_name":"muni-front","location":"asia-northeast1","project_id":"muni-production-f8e72","revision_name":"muni-front-jq7fz","service_name":"muni-front"},"type":"cloud_run_revision"},"severity":"INFO","timestamp":"2022-05-07T02:50:50.695608Z","trace":"projects/muni-production-f8e72/traces/8c1576fa15edd4ae77f2f0324f866890"}
{"httpRequest":{"latency":"0.006372696s","protocol":"HTTP/1.1","remoteIp":"59.128.180.201","requestMethod":"GET","requestSize":"640","requestUrl":"https://muni.ink/?gclid=EAIaIQobChMI0djmy7DM9wIVS8B8Ch1lVgMIEAEYASAAEgJ4y_D_BwE","responseSize":"6077","serverIp":"35.241.42.228","status":200,"userAgent":"Mozilla/5.0 (iPhone; CPU iPhone OS 15_4_1 like Mac OS X) AppleWebKit/605.1.15 (KHTML, like Gecko) Version/15.4 Mobile/15E148 Safari/604.1"},"insertId":"6275de8a0009322360df6c70","labels":{"instanceId":"0067430fbd87d90256f2e59c0e4f2aba79064af94274bcdca0bfd9a4455db453dd53d295d547db6545ed9cc9551a52d296a212b63abb9a20086c4a0b06358f2c"},"logName":"projects/muni-production-f8e72/logs/run.googleapis.com%2Frequests","receiveTimestamp":"2022-05-07T02:50:50.605777626Z","resource":{"labels":{"configuration_name":"muni-front","location":"asia-northeast1","project_id":"muni-production-f8e72","revision_name":"muni-front-jq7fz","service_name":"muni-front"},"type":"cloud_run_revision"},"severity":"INFO","timestamp":"2022-05-07T02:50:50.602659Z","trace":"projects/muni-production-f8e72/traces/b23b26518a0a354fcb31436cd6b66eed"}
{"httpRequest":{"latency":"0.004805615s","protocol":"HTTP/1.1","referer":"http://35.241.42.228:80/img/logo-new.svg","remoteIp":"80.82.78.39","requestMethod":"GET","requestSize":"425","requestUrl":"https://35.241.42.228/img/logo-new.svg","responseSize":"1950","serverIp":"35.241.42.228","status":404,"userAgent":"Mozilla/5.0"},"insertId":"6275dbc600071fe263ef7570","labels":{"instanceId":"0067430fbd87d90256f2e59c0e4f2aba79064af94274bcdca0bfd9a4455db453dd53d295d547db6545ed9cc9551a52d296a212b63abb9a20086c4a0b06358f2c"},"logName":"projects/muni-production-f8e72/logs/run.googleapis.com%2Frequests","receiveTimestamp":"2022-05-07T02:39:02.470267219Z","resource":{"labels":{"configuration_name":"muni-front","location":"asia-northeast1","project_id":"muni-production-f8e72","revision_name":"muni-front-jq7fz","service_name":"muni-front"},"type":"cloud_run_revision"},"severity":"WARNING","timestamp":"2022-05-07T02:39:02.466914Z","trace":"projects/muni-production-f8e72/traces/a5adbfca156cae02e8e8514a6c8a6e20"}
{"httpRequest":{"latency":"0.008681119s","protocol":"HTTP/1.1","referer":"https://muni.ink/?wbraid=CjoKCAjwjtOTBhA2EioANzvVFUW85t0ZsdpAK8n1tJDQ4fRNU53BqquU2SaYUfbBpYv9Bk4p-q8aAkLL","remoteIp":"60.97.136.131","requestMethod":"GET","requestSize":"822","requestUrl":"https://muni.ink/favicon.ico","responseSize":"721","serverIp":"35.241.42.228","status":304,"userAgent":"Mozilla/5.0 (iPhone; CPU iPhone OS 15_4_1 like Mac OS X) AppleWebKit/605.1.15 (KHTML, like Gecko) Version/15.4 Mobile/15E148 Safari/604.1"},"insertId":"6275d9a3000ee1cfe0c9323e","labels":{"instanceId":"0067430fbd87d90256f2e59c0e4f2aba79064af94274bcdca0bfd9a4455db453dd53d295d547db6545ed9cc9551a52d296a212b63abb9a20086c4a0b06358f2c"},"logName":"projects/muni-production-f8e72/logs/run.googleapis.com%2Frequests","receiveTimestamp":"2022-05-07T02:29:56.290869810Z","resource":{"labels":{"configuration_name":"muni-front","location":"asia-northeast1","project_id":"muni-production-f8e72","revision_name":"muni-front-jq7fz","service_name":"muni-front"},"type":"cloud_run_revision"},"severity":"INFO","timestamp":"2022-05-07T02:29:55.975311Z","trace":"projects/muni-production-f8e72/traces/063e019cb1c8828f7ddf962d621a4e24"}
{"httpRequest":{"latency":"0.253970506s","protocol":"HTTP/1.1","referer":"https://muni.ink/","remoteIp":"60.97.136.131","requestMethod":"POST","requestSize":"651","requestUrl":"https://api.muni.ink/recent","responseSize":"12342","serverIp":"35.241.42.228","status":200,"userAgent":"Mozilla/5.0 (iPhone; CPU iPhone OS 15_4_1 like Mac OS X) AppleWebKit/605.1.15 (KHTML, like Gecko) Version/15.4 Mobile/15E148 Safari/604.1"},"insertId":"6275d9a10005f55c0fa087ee","labels":{"instanceId":"0067430fbdd0a70138bfabd74feb01b624d90cb4bd534ef1d388ec5280b2fab42cf140ff9f3cfe3d69242256eef3069e99349eab6bcb5c4e42ecf008dfd06763"},"logName":"projects/muni-production-f8e72/logs/run.googleapis.com%2Frequests","receiveTimestamp":"2022-05-07T02:29:53.518626394Z","resource":{"labels":{"configuration_name":"muni-back","location":"asia-northeast1","project_id":"muni-production-f8e72","revision_name":"muni-back-hpgtt","service_name":"muni-back"},"type":"cloud_run_revision"},"severity":"INFO","timestamp":"2022-05-07T02:29:53.390492Z","trace":"projects/muni-production-f8e72/traces/1061d39afee60367ced9ba1659a87e9c"}
{"insertId":"6275d9a10005eedddd82e1a2","jsonPayload":{"ident":"FETCH_SUCCESS","level":"INFO","message":"Success to fetch.","method":"RecentPostAPI","timestamp":"2022-5-7 2:29:53"},"labels":{"instanceId":"0067430fbdd0a70138bfabd74feb01b624d90cb4bd534ef1d388ec5280b2fab42cf140ff9f3cfe3d69242256eef3069e99349eab6bcb5c4e42ecf008dfd06763"},"logName":"projects/muni-production-f8e72/logs/run.googleapis.com%2Fstdout","receiveTimestamp":"2022-05-07T02:29:53.474333565Z","resource":{"labels":{"configuration_name":"muni-back","location":"asia-northeast1","project_id":"muni-production-f8e72","revision_name":"muni-back-hpgtt","service_name":"muni-back"},"type":"cloud_run_revision"},"timestamp":"2022-05-07T02:29:53.388829Z"}
{"insertId":"6275d9a100021cdf2106b2b8","jsonPayload":{"ident":"RECIEVE","level":"INFO","message":"Recieve the recent posted works request.","method":"RecentPostAPI","timestamp":"2022-5-7 2:29:53"},"labels":{"instanceId":"0067430fbdd0a70138bfabd74feb01b624d90cb4bd534ef1d388ec5280b2fab42cf140ff9f3cfe3d69242256eef3069e99349eab6bcb5c4e42ecf008dfd06763"},"logName":"projects/muni-production-f8e72/logs/run.googleapis.com%2Fstdout","receiveTimestamp":"2022-05-07T02:29:53.142683508Z","resource":{"labels":{"configuration_name":"muni-back","location":"asia-northeast1","project_id":"muni-production-f8e72","revision_name":"muni-back-hpgtt","service_name":"muni-back"},"type":"cloud_run_revision"},"timestamp":"2022-05-07T02:29:53.138463Z"}
{"httpRequest":{"latency":"0.002383232s","protocol":"HTTP/1.1","referer":"https://muni.ink/","remoteIp":"60.97.136.131","requestMethod":"OPTIONS","requestSize":"691","requestUrl":"https://api.muni.ink/recent","responseSize":"853","serverIp":"35.241.42.228","status":204,"userAgent":"Mozilla/5.0 (iPhone; CPU iPhone OS 15_4_1 like Mac OS X) AppleWebKit/605.1.15 (KHTML, like Gecko) Version/15.4 Mobile/15E148 Safari/604.1"},"insertId":"6275d9a0000cf77d76f4092d","labels":{"instanceId":"0067430fbdd0a70138bfabd74feb01b624d90cb4bd534ef1d388ec5280b2fab42cf140ff9f3cfe3d69242256eef3069e99349eab6bcb5c4e42ecf008dfd06763"},"logName":"projects/muni-production-f8e72/logs/run.googleapis.com%2Frequests","receiveTimestamp":"2022-05-07T02:29:52.852551998Z","resource":{"labels":{"configuration_name":"muni-back","location":"asia-northeast1","project_id":"muni-production-f8e72","revision_name":"muni-back-hpgtt","service_name":"muni-back"},"type":"cloud_run_revision"},"severity":"INFO","timestamp":"2022-05-07T02:29:52.849789Z","trace":"projects/muni-production-f8e72/traces/8ef2e48629a60616c38e4e18c9d9359d"}
{"httpRequest":{"latency":"0.005420313s","protocol":"HTTP/1.1","referer":"https://muni.ink/?wbraid=CjoKCAjwjtOTBhA2EioANzvVFUW85t0ZsdpAK8n1tJDQ4fRNU53BqquU2SaYUfbBpYv9Bk4p-q8aAkLL","remoteIp":"60.97.136.131","requestMethod":"GET","requestSize":"812","requestUrl":"https://muni.ink/_next/image?url=%2Flogo_horizontal.png&w=384&q=75","responseSize":"708","serverIp":"35.241.42.228","status":304,"userAgent":"Mozilla/5.0 (iPhone; CPU iPhone OS 15_4_1 like Mac OS X) AppleWebKit/605.1.15 (KHTML, like Gecko) Version/15.4 Mobile/15E148 Safari/604.1"},"insertId":"6275d9a00009a85f0c8a4556","labels":{"instanceId":"0067430fbd87d90256f2e59c0e4f2aba79064af94274bcdca0bfd9a4455db453dd53d295d547db6545ed9cc9551a52d296a212b63abb9a20086c4a0b06358f2c"},"logName":"projects/muni-production-f8e72/logs/run.googleapis.com%2Frequests","receiveTimestamp":"2022-05-07T02:29:52.961089052Z","resource":{"labels":{"configuration_name":"muni-front","location":"asia-northeast1","project_id":"muni-production-f8e72","revision_name":"muni-front-jq7fz","service_name":"muni-front"},"type":"cloud_run_revision"},"severity":"INFO","timestamp":"2022-05-07T02:29:52.632927Z","trace":"projects/muni-production-f8e72/traces/d241c36c883414eeec6a067d1418994a"}
{"httpRequest":{"latency":"0.005016433s","protocol":"HTTP/1.1","referer":"https://muni.ink/?wbraid=CjoKCAjwjtOTBhA2EioANzvVFUW85t0ZsdpAK8n1tJDQ4fRNU53BqquU2SaYUfbBpYv9Bk4p-q8aAkLL","remoteIp":"60.97.136.131","requestMethod":"GET","requestSize":"810","requestUrl":"https://muni.ink/_next/image?url=%2Flogo_landing.png&w=384&q=75","responseSize":"708","serverIp":"35.241.42.228","status":304,"userAgent":"Mozilla/5.0 (iPhone; CPU iPhone OS 15_4_1 like Mac OS X) AppleWebKit/605.1.15 (KHTML, like Gecko) Version/15.4 Mobile/15E148 Safari/604.1"},"insertId":"6275d9a00009a6ca40264597","labels":{"instanceId":"0067430fbd87d90256f2e59c0e4f2aba79064af94274bcdca0bfd9a4455db453dd53d295d547db6545ed9cc9551a52d296a212b63abb9a20086c4a0b06358f2c"},"logName":"projects/muni-production-f8e72/logs/run.googleapis.com%2Frequests","receiveTimestamp":"2022-05-07T02:29:52.961089052Z","resource":{"labels":{"configuration_name":"muni-front","location":"asia-northeast1","project_id":"muni-production-f8e72","revision_name":"muni-front-jq7fz","service_name":"muni-front"},"type":"cloud_run_revision"},"severity":"INFO","timestamp":"2022-05-07T02:29:52.632522Z","trace":"projects/muni-production-f8e72/traces/b0948228fb6c8aa416ddd69d60b5f8bb"}
{"httpRequest":{"latency":"0.005760639s","protocol":"HTTP/1.1","remoteIp":"60.97.136.131","requestMethod":"GET","requestSize":"666","requestUrl":"https://muni.ink/?wbraid=CjoKCAjwjtOTBhA2EioANzvVFUW85t0ZsdpAK8n1tJDQ4fRNU53BqquU2SaYUfbBpYv9Bk4p-q8aAkLL","responseSize":"6077","serverIp":"35.241.42.228","status":200,"userAgent":"Mozilla/5.0 (iPhone; CPU iPhone OS 15_4_1 like Mac OS X) AppleWebKit/605.1.15 (KHTML, like Gecko) Version/15.4 Mobile/15E148 Safari/604.1"},"insertId":"6275d99f000473cccb5cc5db","labels":{"instanceId":"0067430fbd87d90256f2e59c0e4f2aba79064af94274bcdca0bfd9a4455db453dd53d295d547db6545ed9cc9551a52d296a212b63abb9a20086c4a0b06358f2c"},"logName":"projects/muni-production-f8e72/logs/run.googleapis.com%2Frequests","receiveTimestamp":"2022-05-07T02:29:51.295998355Z","resource":{"labels":{"configuration_name":"muni-front","location":"asia-northeast1","project_id":"muni-production-f8e72","revision_name":"muni-front-jq7fz","service_name":"muni-front"},"type":"cloud_run_revision"},"severity":"INFO","timestamp":"2022-05-07T02:29:51.291788Z","trace":"projects/muni-production-f8e72/traces/c0a9a1741799613842d0d0351ab20b61"}
{"httpRequest":{"latency":"0.003649452s","protocol":"HTTP/1.1","remoteIp":"152.39.238.61","requestMethod":"GET","requestSize":"477","requestUrl":"https://muni.ink/","responseSize":"35263","serverIp":"35.241.42.228","status":200,"userAgent":"Mozilla/5.0 (iPhone; CPU iPhone OS 13_3 like Mac OS X) AppleWebKit/605.1.15 (KHTML, like Gecko) Version/13.0.4 Mobile/15E148 Safari/604.1"},"insertId":"6275d0990002f1edaf208109","labels":{"instanceId":"0067430fbd87d90256f2e59c0e4f2aba79064af94274bcdca0bfd9a4455db453dd53d295d547db6545ed9cc9551a52d296a212b63abb9a20086c4a0b06358f2c"},"logName":"projects/muni-production-f8e72/logs/run.googleapis.com%2Frequests","receiveTimestamp":"2022-05-07T01:51:21.379193097Z","resource":{"labels":{"configuration_name":"muni-front","location":"asia-northeast1","project_id":"muni-production-f8e72","revision_name":"muni-front-jq7fz","service_name":"muni-front"},"type":"cloud_run_revision"},"severity":"INFO","timestamp":"2022-05-07T01:51:21.193005Z","trace":"projects/muni-production-f8e72/traces/fc3ca4ea0c583d81df316b38e2e8fd90"}
{"httpRequest":{"latency":"0.004138759s","protocol":"HTTP/1.1","remoteIp":"152.39.238.61","requestMethod":"GET","requestSize":"476","requestUrl":"https://muni.ink/","responseSize":"35263","serverIp":"35.241.42.228","status":200,"userAgent":"Mozilla/5.0 (iPhone; CPU iPhone OS 13_3 like Mac OS X) AppleWebKit/605.1.15 (KHTML, like Gecko) Version/13.0.4 Mobile/15E148 Safari/604.1"},"insertId":"6275d098000ad5ad5dcb798b","labels":{"instanceId":"0067430fbd87d90256f2e59c0e4f2aba79064af94274bcdca0bfd9a4455db453dd53d295d547db6545ed9cc9551a52d296a212b63abb9a20086c4a0b06358f2c"},"logName":"projects/muni-production-f8e72/logs/run.googleapis.com%2Frequests","receiveTimestamp":"2022-05-07T01:51:20.715023610Z","resource":{"labels":{"configuration_name":"muni-front","location":"asia-northeast1","project_id":"muni-production-f8e72","revision_name":"muni-front-jq7fz","service_name":"muni-front"},"type":"cloud_run_revision"},"severity":"INFO","timestamp":"2022-05-07T01:51:20.710061Z","trace":"projects/muni-production-f8e72/traces/6472353b67640e65e5b9ab7e7680d053"}
{"httpRequest":{"latency":"0.209997916s","protocol":"HTTP/1.1","referer":"https://muni.ink/","remoteIp":"66.249.64.218","requestMethod":"POST","requestSize":"663","requestUrl":"https://api.muni.ink/user","responseSize":"973","serverIp":"35.241.42.228","status":200,"userAgent":"Mozilla/5.0 (Linux; Android 6.0.1; Nexus 5X Build/MMB29P) AppleWebKit/537.36 (KHTML, like Gecko) Chrome/100.0.4896.127 Mobile Safari/537.36 (compatible; Googlebot/2.1; +http://www.google.com/bot.html)"},"insertId":"6275d0320005e954e1101898","labels":{"instanceId":"0067430fbdd0a70138bfabd74feb01b624d90cb4bd534ef1d388ec5280b2fab42cf140ff9f3cfe3d69242256eef3069e99349eab6bcb5c4e42ecf008dfd06763"},"logName":"projects/muni-production-f8e72/logs/run.googleapis.com%2Frequests","receiveTimestamp":"2022-05-07T01:49:38.390296613Z","resource":{"labels":{"configuration_name":"muni-back","location":"asia-northeast1","project_id":"muni-production-f8e72","revision_name":"muni-back-hpgtt","service_name":"muni-back"},"type":"cloud_run_revision"},"severity":"INFO","timestamp":"2022-05-07T01:49:38.387412Z","trace":"projects/muni-production-f8e72/traces/716075d7688e0b954ff56c19bf5e3dab"}
{"insertId":"6275d0320005e3f2ca593062","jsonPayload":{"accountId":"kabecan","ident":"SUCCESS_TO_FIND","level":"INFO","message":"User found.","method":"UserAPI","timestamp":"2022-5-7 1:49:38"},"labels":{"instanceId":"0067430fbdd0a70138bfabd74feb01b624d90cb4bd534ef1d388ec5280b2fab42cf140ff9f3cfe3d69242256eef3069e99349eab6bcb5c4e42ecf008dfd06763"},"logName":"projects/muni-production-f8e72/logs/run.googleapis.com%2Fstdout","receiveTimestamp":"2022-05-07T01:49:38.515323217Z","resource":{"labels":{"configuration_name":"muni-back","location":"asia-northeast1","project_id":"muni-production-f8e72","revision_name":"muni-back-hpgtt","service_name":"muni-back"},"type":"cloud_run_revision"},"timestamp":"2022-05-07T01:49:38.386034Z"}
{"insertId":"6275d0320005e3de08a367fb","jsonPayload":{"ident":"FETCH_USER","level":"INFO","message":"Complete fetching user data.","method":"UserAPI","timestamp":"2022-5-7 1:49:38"},"labels":{"instanceId":"0067430fbdd0a70138bfabd74feb01b624d90cb4bd534ef1d388ec5280b2fab42cf140ff9f3cfe3d69242256eef3069e99349eab6bcb5c4e42ecf008dfd06763"},"logName":"projects/muni-production-f8e72/logs/run.googleapis.com%2Fstdout","receiveTimestamp":"2022-05-07T01:49:38.515323217Z","resource":{"labels":{"configuration_name":"muni-back","location":"asia-northeast1","project_id":"muni-production-f8e72","revision_name":"muni-back-hpgtt","service_name":"muni-back"},"type":"cloud_run_revision"},"timestamp":"2022-05-07T01:49:38.386014Z"}
{"insertId":"6275d03200049401ffd02350","jsonPayload":{"accountId":"kabecan","ident":"FILTERING_WORKS","level":"INFO","message":"Search works link to the user.","method":"UserAPI","timestamp":"2022-5-7 1:49:38"},"labels":{"instanceId":"0067430fbdd0a70138bfabd74feb01b624d90cb4bd534ef1d388ec5280b2fab42cf140ff9f3cfe3d69242256eef3069e99349eab6bcb5c4e42ecf008dfd06763"},"logName":"projects/muni-production-f8e72/logs/run.googleapis.com%2Fstdout","receiveTimestamp":"2022-05-07T01:49:38.515323217Z","resource":{"labels":{"configuration_name":"muni-back","location":"asia-northeast1","project_id":"muni-production-f8e72","revision_name":"muni-back-hpgtt","service_name":"muni-back"},"type":"cloud_run_revision"},"timestamp":"2022-05-07T01:49:38.300033Z"}
{"insertId":"6275d0320002bccc440789d8","jsonPayload":{"ident":"RECIEVE","level":"INFO","message":"Recieve the work post request.","method":"UserAPI","timestamp":"2022-5-7 1:49:38"},"labels":{"instanceId":"0067430fbdd0a70138bfabd74feb01b624d90cb4bd534ef1d388ec5280b2fab42cf140ff9f3cfe3d69242256eef3069e99349eab6bcb5c4e42ecf008dfd06763"},"logName":"projects/muni-production-f8e72/logs/run.googleapis.com%2Fstdout","receiveTimestamp":"2022-05-07T01:49:38.183245564Z","resource":{"labels":{"configuration_name":"muni-back","location":"asia-northeast1","project_id":"muni-production-f8e72","revision_name":"muni-back-hpgtt","service_name":"muni-back"},"type":"cloud_run_revision"},"timestamp":"2022-05-07T01:49:38.179404Z"}
{"httpRequest":{"latency":"0.003648086s","protocol":"HTTP/1.1","remoteIp":"52.187.185.143","requestMethod":"GET","requestSize":"482","requestUrl":"https://35.241.42.228/","responseSize":"35263","serverIp":"35.241.42.228","status":200,"userAgent":"Mozilla/5.0 (Macintosh; Intel Mac OS X 10_12_1) AppleWebKit/537.36 (KHTML, like Gecko) Chrome/54.0.2840.98 Safari/537.36"},"insertId":"6275cd49000d65f1d418c892","labels":{"instanceId":"0067430fbd87d90256f2e59c0e4f2aba79064af94274bcdca0bfd9a4455db453dd53d295d547db6545ed9cc9551a52d296a212b63abb9a20086c4a0b06358f2c"},"logName":"projects/muni-production-f8e72/logs/run.googleapis.com%2Frequests","receiveTimestamp":"2022-05-07T01:37:13.880570304Z","resource":{"labels":{"configuration_name":"muni-front","location":"asia-northeast1","project_id":"muni-production-f8e72","revision_name":"muni-front-jq7fz","service_name":"muni-front"},"type":"cloud_run_revision"},"severity":"INFO","timestamp":"2022-05-07T01:37:13.878065Z","trace":"projects/muni-production-f8e72/traces/ab7a5a15fe85bbbbfa78c610f7c0a447"}
{"httpRequest":{"latency":"0.252342496s","protocol":"HTTP/1.1","referer":"https://muni.ink/","remoteIp":"118.17.12.69","requestMethod":"POST","requestSize":"862","requestUrl":"https://api.muni.ink/recent","responseSize":"12342","serverIp":"35.241.42.228","status":200,"userAgent":"Mozilla/5.0 (Windows NT 6.3; Win64; x64) AppleWebKit/537.36 (KHTML, like Gecko) Chrome/101.0.4951.54 Safari/537.36"},"insertId":"6275cad4000c8ff02b2daddb","labels":{"instanceId":"0067430fbdd0a70138bfabd74feb01b624d90cb4bd534ef1d388ec5280b2fab42cf140ff9f3cfe3d69242256eef3069e99349eab6bcb5c4e42ecf008dfd06763"},"logName":"projects/muni-production-f8e72/logs/run.googleapis.com%2Frequests","receiveTimestamp":"2022-05-07T01:26:44.854246423Z","resource":{"labels":{"configuration_name":"muni-back","location":"asia-northeast1","project_id":"muni-production-f8e72","revision_name":"muni-back-hpgtt","service_name":"muni-back"},"type":"cloud_run_revision"},"severity":"INFO","timestamp":"2022-05-07T01:26:44.823280Z","trace":"projects/muni-production-f8e72/traces/8c44e3e9908b9a262c54488b4d3058cc"}
{"insertId":"6275cad4000c89efd7f46232","jsonPayload":{"ident":"FETCH_SUCCESS","level":"INFO","message":"Success to fetch.","method":"RecentPostAPI","timestamp":"2022-5-7 1:26:44"},"labels":{"instanceId":"0067430fbdd0a70138bfabd74feb01b624d90cb4bd534ef1d388ec5280b2fab42cf140ff9f3cfe3d69242256eef3069e99349eab6bcb5c4e42ecf008dfd06763"},"logName":"projects/muni-production-f8e72/logs/run.googleapis.com%2Fstdout","receiveTimestamp":"2022-05-07T01:26:44.908697273Z","resource":{"labels":{"configuration_name":"muni-back","location":"asia-northeast1","project_id":"muni-production-f8e72","revision_name":"muni-back-hpgtt","service_name":"muni-back"},"type":"cloud_run_revision"},"timestamp":"2022-05-07T01:26:44.821743Z"}
{"insertId":"6275cad40008be6cc764ad9b","jsonPayload":{"ident":"RECIEVE","level":"INFO","message":"Recieve the recent posted works request.","method":"RecentPostAPI","timestamp":"2022-5-7 1:26:44"},"labels":{"instanceId":"0067430fbdd0a70138bfabd74feb01b624d90cb4bd534ef1d388ec5280b2fab42cf140ff9f3cfe3d69242256eef3069e99349eab6bcb5c4e42ecf008dfd06763"},"logName":"projects/muni-production-f8e72/logs/run.googleapis.com%2Fstdout","receiveTimestamp":"2022-05-07T01:26:44.575597737Z","resource":{"labels":{"configuration_name":"muni-back","location":"asia-northeast1","project_id":"muni-production-f8e72","revision_name":"muni-back-hpgtt","service_name":"muni-back"},"type":"cloud_run_revision"},"timestamp":"2022-05-07T01:26:44.573036Z"}
{"httpRequest":{"latency":"0.002602100s","protocol":"HTTP/1.1","referer":"https://muni.ink/","remoteIp":"118.17.12.69","requestMethod":"OPTIONS","requestSize":"752","requestUrl":"https://api.muni.ink/recent","responseSize":"853","serverIp":"35.241.42.228","status":204,"userAgent":"Mozilla/5.0 (Windows NT 6.3; Win64; x64) AppleWebKit/537.36 (KHTML, like Gecko) Chrome/101.0.4951.54 Safari/537.36"},"insertId":"6275cad40007efaaf0d6eaf4","labels":{"instanceId":"0067430fbdd0a70138bfabd74feb01b624d90cb4bd534ef1d388ec5280b2fab42cf140ff9f3cfe3d69242256eef3069e99349eab6bcb5c4e42ecf008dfd06763"},"logName":"projects/muni-production-f8e72/logs/run.googleapis.com%2Frequests","receiveTimestamp":"2022-05-07T01:26:44.522639118Z","resource":{"labels":{"configuration_name":"muni-back","location":"asia-northeast1","project_id":"muni-production-f8e72","revision_name":"muni-back-hpgtt","service_name":"muni-back"},"type":"cloud_run_revision"},"severity":"INFO","timestamp":"2022-05-07T01:26:44.520106Z","trace":"projects/muni-production-f8e72/traces/c12a0814b423543705c75cb5c9a61a3e"}
{"httpRequest":{"latency":"0.386350681s","protocol":"HTTP/1.1","referer":"https://muni.ink/?gclid=CjwKCAjwjtOTBhAvEiwASG4bCNIAETZ94cSeRsDBQL3FpwiIAGUKUh2VZOENIHhlHhjOT8dCI1OXgBoCg0MQAvD_BwE","remoteIp":"118.17.12.69","requestMethod":"GET","requestSize":"966","requestUrl":"https://muni.ink/_next/image?url=%2Flogo_landing.png&w=256&q=75","responseSize":"4949","serverIp":"35.241.42.228","status":200,"userAgent":"Mozilla/5.0 (Windows NT 6.3; Win64; x64) AppleWebKit/537.36 (KHTML, like Gecko) Chrome/101.0.4951.54 Safari/537.36"},"insertId":"6275cad4000792364e91062a","labels":{"instanceId":"0067430fbd87d90256f2e59c0e4f2aba79064af94274bcdca0bfd9a4455db453dd53d295d547db6545ed9cc9551a52d296a212b63abb9a20086c4a0b06358f2c"},"logName":"projects/muni-production-f8e72/logs/run.googleapis.com%2Frequests","receiveTimestamp":"2022-05-07T01:26:44.682284948Z","resource":{"labels":{"configuration_name":"muni-front","location":"asia-northeast1","project_id":"muni-production-f8e72","revision_name":"muni-front-jq7fz","service_name":"muni-front"},"type":"cloud_run_revision"},"severity":"INFO","timestamp":"2022-05-07T01:26:44.496182Z","trace":"projects/muni-production-f8e72/traces/85dbf18060ee744dc7066d3252e167eb"}
{"httpRequest":{"latency":"0.009754634s","protocol":"HTTP/1.1","referer":"https://muni.ink/?gclid=CjwKCAjwjtOTBhAvEiwASG4bCNIAETZ94cSeRsDBQL3FpwiIAGUKUh2VZOENIHhlHhjOT8dCI1OXgBoCg0MQAvD_BwE","remoteIp":"118.17.12.69","requestMethod":"GET","requestSize":"985","requestUrl":"https://muni.ink/_next/static/css/7a638e94e1d9107b.css","responseSize":"1302","serverIp":"35.241.42.228","status":200,"userAgent":"Mozilla/5.0 (Windows NT 6.3; Win64; x64) AppleWebKit/537.36 (KHTML, like Gecko) Chrome/101.0.4951.54 Safari/537.36"},"insertId":"6275cad400042597c823f583","labels":{"instanceId":"0067430fbd87d90256f2e59c0e4f2aba79064af94274bcdca0bfd9a4455db453dd53d295d547db6545ed9cc9551a52d296a212b63abb9a20086c4a0b06358f2c"},"logName":"projects/muni-production-f8e72/logs/run.googleapis.com%2Frequests","receiveTimestamp":"2022-05-07T01:26:44.349748144Z","resource":{"labels":{"configuration_name":"muni-front","location":"asia-northeast1","project_id":"muni-production-f8e72","revision_name":"muni-front-jq7fz","service_name":"muni-front"},"type":"cloud_run_revision"},"severity":"INFO","timestamp":"2022-05-07T01:26:44.271767Z","trace":"projects/muni-production-f8e72/traces/db5fd986e20d06d2a00e87494b792770"}
{"httpRequest":{"latency":"0.031658286s","protocol":"HTTP/1.1","referer":"https://muni.ink/?gclid=CjwKCAjwjtOTBhAvEiwASG4bCNIAETZ94cSeRsDBQL3FpwiIAGUKUh2VZOENIHhlHhjOT8dCI1OXgBoCg0MQAvD_BwE","remoteIp":"118.17.12.69","requestMethod":"GET","requestSize":"1022","requestUrl":"https://muni.ink/favicon.ico","responseSize":"2559","serverIp":"35.241.42.228","status":200,"userAgent":"Mozilla/5.0 (Windows NT 6.3; Win64; x64) AppleWebKit/537.36 (KHTML, like Gecko) Chrome/101.0.4951.54 Safari/537.36"},"insertId":"6275cad40003fff6af1a7ff5","labels":{"instanceId":"0067430fbd87d90256f2e59c0e4f2aba79064af94274bcdca0bfd9a4455db453dd53d295d547db6545ed9cc9551a52d296a212b63abb9a20086c4a0b06358f2c"},"logName":"projects/muni-production-f8e72/logs/run.googleapis.com%2Frequests","receiveTimestamp":"2022-05-07T01:26:44.349748144Z","resource":{"labels":{"configuration_name":"muni-front","location":"asia-northeast1","project_id":"muni-production-f8e72","revision_name":"muni-front-jq7fz","service_name":"muni-front"},"type":"cloud_run_revision"},"severity":"INFO","timestamp":"2022-05-07T01:26:44.262134Z","trace":"projects/muni-production-f8e72/traces/6dce87b70520592b2f07abb4ec996ccd"}
{"httpRequest":{"latency":"0.152633504s","protocol":"HTTP/1.1","referer":"https://muni.ink/?gclid=CjwKCAjwjtOTBhAvEiwASG4bCNIAETZ94cSeRsDBQL3FpwiIAGUKUh2VZOENIHhlHhjOT8dCI1OXgBoCg0MQAvD_BwE","remoteIp":"118.17.12.69","requestMethod":"GET","requestSize":"970","requestUrl":"https://muni.ink/_next/image?url=%2Flogo_horizontal.png&w=256&q=75","responseSize":"3066","serverIp":"35.241.42.228","status":200,"userAgent":"Mozilla/5.0 (Windows NT 6.3; Win64; x64) AppleWebKit/537.36 (KHTML, like Gecko) Chrome/101.0.4951.54 Safari/537.36"},"insertId":"6275cad40003ffdaa5363f90","labels":{"instanceId":"0067430fbd87d90256f2e59c0e4f2aba79064af94274bcdca0bfd9a4455db453dd53d295d547db6545ed9cc9551a52d296a212b63abb9a20086c4a0b06358f2c"},"logName":"projects/muni-production-f8e72/logs/run.googleapis.com%2Frequests","receiveTimestamp":"2022-05-07T01:26:44.349748144Z","resource":{"labels":{"configuration_name":"muni-front","location":"asia-northeast1","project_id":"muni-production-f8e72","revision_name":"muni-front-jq7fz","service_name":"muni-front"},"type":"cloud_run_revision"},"severity":"INFO","timestamp":"2022-05-07T01:26:44.262106Z","trace":"projects/muni-production-f8e72/traces/1d4abeeefd73756927a6cd1b9c97bc5f"}
{"httpRequest":{"latency":"0.020803562s","protocol":"HTTP/1.1","referer":"https://muni.ink/?gclid=CjwKCAjwjtOTBhAvEiwASG4bCNIAETZ94cSeRsDBQL3FpwiIAGUKUh2VZOENIHhlHhjOT8dCI1OXgBoCg0MQAvD_BwE","remoteIp":"118.17.12.69","requestMethod":"GET","requestSize":"985","requestUrl":"https://muni.ink/_next/static/css/c68c0af69704dac3.css","responseSize":"1278","serverIp":"35.241.42.228","status":200,"userAgent":"Mozilla/5.0 (Windows NT 6.3; Win64; x64) AppleWebKit/537.36 (KHTML, like Gecko) Chrome/101.0.4951.54 Safari/537.36"},"insertId":"6275cad40003df559977b41f","labels":{"instanceId":"0067430fbd87d90256f2e59c0e4f2aba79064af94274bcdca0bfd9a4455db453dd53d295d547db6545ed9cc9551a52d296a212b63abb9a20086c4a0b06358f2c"},"logName":"projects/muni-production-f8e72/logs/run.googleapis.com%2Frequests","receiveTimestamp":"2022-05-07T01:26:44.349748144Z","resource":{"labels":{"configuration_name":"muni-front","location":"asia-northeast1","project_id":"muni-production-f8e72","revision_name":"muni-front-jq7fz","service_name":"muni-front"},"type":"cloud_run_revision"},"severity":"INFO","timestamp":"2022-05-07T01:26:44.253781Z","trace":"projects/muni-production-f8e72/traces/8d454ea7624202eebdfa15c5693ee781"}
{"httpRequest":{"latency":"0.006744285s","protocol":"HTTP/1.1","referer":"https://muni.ink/?gclid=CjwKCAjwjtOTBhAvEiwASG4bCNIAETZ94cSeRsDBQL3FpwiIAGUKUh2VZOENIHhlHhjOT8dCI1OXgBoCg0MQAvD_BwE","remoteIp":"118.17.12.69","requestMethod":"GET","requestSize":"973","requestUrl":"https://muni.ink/_next/static/chunks/a9a7754c-7284bf2d89f5983d.js","responseSize":"2063","serverIp":"35.241.42.228","status":200,"userAgent":"Mozilla/5.0 (Windows NT 6.3; Win64; x64) AppleWebKit/537.36 (KHTML, like Gecko) Chrome/101.0.4951.54 Safari/537.36"},"insertId":"6275cad40001f5d98aefa616","labels":{"instanceId":"0067430fbd87d90256f2e59c0e4f2aba79064af94274bcdca0bfd9a4455db453dd53d295d547db6545ed9cc9551a52d296a212b63abb9a20086c4a0b06358f2c"},"logName":"projects/muni-production-f8e72/logs/run.googleapis.com%2Frequests","receiveTimestamp":"2022-05-07T01:26:44.349748144Z","resource":{"labels":{"configuration_name":"muni-front","location":"asia-northeast1","project_id":"muni-production-f8e72","revision_name":"muni-front-jq7fz","service_name":"muni-front"},"type":"cloud_run_revision"},"severity":"INFO","timestamp":"2022-05-07T01:26:44.128473Z","trace":"projects/muni-production-f8e72/traces/0fc0ef6f7461dfed741903b0ccff962a"}
{"httpRequest":{"latency":"0.006588727s","protocol":"HTTP/1.1","referer":"https://muni.ink/?gclid=CjwKCAjwjtOTBhAvEiwASG4bCNIAETZ94cSeRsDBQL3FpwiIAGUKUh2VZOENIHhlHhjOT8dCI1OXgBoCg0MQAvD_BwE","remoteIp":"118.17.12.69","requestMethod":"GET","requestSize":"968","requestUrl":"https://muni.ink/_next/static/chunks/512-ebe36cd4932e0284.js","responseSize":"6846","serverIp":"35.241.42.228","status":200,"userAgent":"Mozilla/5.0 (Windows NT 6.3; Win64; x64) AppleWebKit/537.36 (KHTML, like Gecko) Chrome/101.0.4951.54 Safari/537.36"},"insertId":"6275cad40001d794ecaa077e","labels":{"instanceId":"0067430fbd87d90256f2e59c0e4f2aba79064af94274bcdca0bfd9a4455db453dd53d295d547db6545ed9cc9551a52d296a212b63abb9a20086c4a0b06358f2c"},"logName":"projects/muni-production-f8e72/logs/run.googleapis.com%2Frequests","receiveTimestamp":"2022-05-07T01:26:44.349748144Z","resource":{"labels":{"configuration_name":"muni-front","location":"asia-northeast1","project_id":"muni-production-f8e72","revision_name":"muni-front-jq7fz","service_name":"muni-front"},"type":"cloud_run_revision"},"severity":"INFO","timestamp":"2022-05-07T01:26:44.120724Z","trace":"projects/muni-production-f8e72/traces/439b03f4877d63a98fd15d8dd5abe919"}
{"httpRequest":{"latency":"0.029429593s","protocol":"HTTP/1.1","referer":"https://muni.ink/?gclid=CjwKCAjwjtOTBhAvEiwASG4bCNIAETZ94cSeRsDBQL3FpwiIAGUKUh2VZOENIHhlHhjOT8dCI1OXgBoCg0MQAvD_BwE","remoteIp":"118.17.12.69","requestMethod":"GET","requestSize":"912","requestUrl":"https://muni.ink/_next/static/chunks/pages/_app-8381e0995d667b62.js","responseSize":"28359","serverIp":"35.241.42.228","status":200,"userAgent":"Mozilla/5.0 (Windows NT 6.3; Win64; x64) AppleWebKit/537.36 (KHTML, like Gecko) Chrome/101.0.4951.54 Safari/537.36"},"insertId":"6275cad30008eec844f5f6f7","labels":{"instanceId":"0067430fbd87d90256f2e59c0e4f2aba79064af94274bcdca0bfd9a4455db453dd53d295d547db6545ed9cc9551a52d296a212b63abb9a20086c4a0b06358f2c"},"logName":"projects/muni-production-f8e72/logs/run.googleapis.com%2Frequests","receiveTimestamp":"2022-05-07T01:26:43.682896988Z","resource":{"labels":{"configuration_name":"muni-front","location":"asia-northeast1","project_id":"muni-production-f8e72","revision_name":"muni-front-jq7fz","service_name":"muni-front"},"type":"cloud_run_revision"},"severity":"INFO","timestamp":"2022-05-07T01:26:43.585416Z","trace":"projects/muni-production-f8e72/traces/592e5ddef6a9a0f80bb1329f151ff32c"}
{"httpRequest":{"latency":"0.030473632s","protocol":"HTTP/1.1","referer":"https://muni.ink/?gclid=CjwKCAjwjtOTBhAvEiwASG4bCNIAETZ94cSeRsDBQL3FpwiIAGUKUh2VZOENIHhlHhjOT8dCI1OXgBoCg0MQAvD_BwE","remoteIp":"118.17.12.69","requestMethod":"GET","requestSize":"906","requestUrl":"https://muni.ink/_next/static/chunks/main-1d8adce4d7e8417e.js","responseSize":"28665","serverIp":"35.241.42.228","status":200,"userAgent":"Mozilla/5.0 (Windows NT 6.3; Win64; x64) AppleWebKit/537.36 (KHTML, like Gecko) Chrome/101.0.4951.54 Safari/537.36"},"insertId":"6275cad30008ed12743059b0","labels":{"instanceId":"0067430fbd87d90256f2e59c0e4f2aba79064af94274bcdca0bfd9a4455db453dd53d295d547db6545ed9cc9551a52d296a212b63abb9a20086c4a0b06358f2c"},"logName":"projects/muni-production-f8e72/logs/run.googleapis.com%2Frequests","receiveTimestamp":"2022-05-07T01:26:43.682896988Z","resource":{"labels":{"configuration_name":"muni-front","location":"asia-northeast1","project_id":"muni-production-f8e72","revision_name":"muni-front-jq7fz","service_name":"muni-front"},"type":"cloud_run_revision"},"severity":"INFO","timestamp":"2022-05-07T01:26:43.584978Z","trace":"projects/muni-production-f8e72/traces/c813c69385e76d27d75bd5b478bc6df8"}
{"httpRequest":{"latency":"0.027120458s","protocol":"HTTP/1.1","referer":"https://muni.ink/?gclid=CjwKCAjwjtOTBhAvEiwASG4bCNIAETZ94cSeRsDBQL3FpwiIAGUKUh2VZOENIHhlHhjOT8dCI1OXgBoCg0MQAvD_BwE","remoteIp":"118.17.12.69","requestMethod":"GET","requestSize":"905","requestUrl":"https://muni.ink/_next/static/chunks/628-b8825c0c7ba71b31.js","responseSize":"5035","serverIp":"35.241.42.228","status":200,"userAgent":"Mozilla/5.0 (Windows NT 6.3; Win64; x64) AppleWebKit/537.36 (KHTML, like Gecko) Chrome/101.0.4951.54 Safari/537.36"},"insertId":"6275cad30008e6a39d04a5fe","labels":{"instanceId":"0067430fbd87d90256f2e59c0e4f2aba79064af94274bcdca0bfd9a4455db453dd53d295d547db6545ed9cc9551a52d296a212b63abb9a20086c4a0b06358f2c"},"logName":"projects/muni-production-f8e72/logs/run.googleapis.com%2Frequests","receiveTimestamp":"2022-05-07T01:26:43.682896988Z","resource":{"labels":{"configuration_name":"muni-front","location":"asia-northeast1","project_id":"muni-production-f8e72","revision_name":"muni-front-jq7fz","service_name":"muni-front"},"type":"cloud_run_revision"},"severity":"INFO","timestamp":"2022-05-07T01:26:43.583331Z","trace":"projects/muni-production-f8e72/traces/9a6e5d7e426d0581c3453359ee3a3e01"}
{"httpRequest":{"latency":"0.026854620s","protocol":"HTTP/1.1","referer":"https://muni.ink/?gclid=CjwKCAjwjtOTBhAvEiwASG4bCNIAETZ94cSeRsDBQL3FpwiIAGUKUh2VZOENIHhlHhjOT8dCI1OXgBoCg0MQAvD_BwE","remoteIp":"118.17.12.69","requestMethod":"GET","requestSize":"905","requestUrl":"https://muni.ink/_next/static/chunks/129-751e01bf127dc2cc.js","responseSize":"16508","serverIp":"35.241.42.228","status":200,"userAgent":"Mozilla/5.0 (Windows NT 6.3; Win64; x64) AppleWebKit/537.36 (KHTML, like Gecko) Chrome/101.0.4951.54 Safari/537.36"},"insertId":"6275cad30008e680c8aa1233","labels":{"instanceId":"0067430fbd87d90256f2e59c0e4f2aba79064af94274bcdca0bfd9a4455db453dd53d295d547db6545ed9cc9551a52d296a212b63abb9a20086c4a0b06358f2c"},"logName":"projects/muni-production-f8e72/logs/run.googleapis.com%2Frequests","receiveTimestamp":"2022-05-07T01:26:43.682896988Z","resource":{"labels":{"configuration_name":"muni-front","location":"asia-northeast1","project_id":"muni-production-f8e72","revision_name":"muni-front-jq7fz","service_name":"muni-front"},"type":"cloud_run_revision"},"severity":"INFO","timestamp":"2022-05-07T01:26:43.583296Z","trace":"projects/muni-production-f8e72/traces/2890560ca822ec32b33803f27751f679"}
{"httpRequest":{"latency":"0.027498948s","protocol":"HTTP/1.1","referer":"https://muni.ink/?gclid=CjwKCAjwjtOTBhAvEiwASG4bCNIAETZ94cSeRsDBQL3FpwiIAGUKUh2VZOENIHhlHhjOT8dCI1OXgBoCg0MQAvD_BwE","remoteIp":"118.17.12.69","requestMethod":"GET","requestSize":"909","requestUrl":"https://muni.ink/_next/static/chunks/cb1608f2-f65392b0806bbbc8.js","responseSize":"1887","serverIp":"35.241.42.228","status":200,"userAgent":"Mozilla/5.0 (Windows NT 6.3; Win64; x64) AppleWebKit/537.36 (KHTML, like Gecko) Chrome/101.0.4951.54 Safari/537.36"},"insertId":"6275cad30008e39b0220d418","labels":{"instanceId":"0067430fbd87d90256f2e59c0e4f2aba79064af94274bcdca0bfd9a4455db453dd53d295d547db6545ed9cc9551a52d296a212b63abb9a20086c4a0b06358f2c"},"logName":"projects/muni-production-f8e72/logs/run.googleapis.com%2Frequests","receiveTimestamp":"2022-05-07T01:26:43.682896988Z","resource":{"labels":{"configuration_name":"muni-front","location":"asia-northeast1","project_id":"muni-production-f8e72","revision_name":"muni-front-jq7fz","service_name":"muni-front"},"type":"cloud_run_revision"},"severity":"INFO","timestamp":"2022-05-07T01:26:43.582555Z","trace":"projects/muni-production-f8e72/traces/97baa9784fbcca9dfc79b4cb8db7a657"}
{"httpRequest":{"latency":"0.029181160s","protocol":"HTTP/1.1","referer":"https://muni.ink/?gclid=CjwKCAjwjtOTBhAvEiwASG4bCNIAETZ94cSeRsDBQL3FpwiIAGUKUh2VZOENIHhlHhjOT8dCI1OXgBoCg0MQAvD_BwE","remoteIp":"118.17.12.69","requestMethod":"GET","requestSize":"910","requestUrl":"https://muni.ink/_next/static/chunks/framework-bb5c596eafb42b22.js","responseSize":"43038","serverIp":"35.241.42.228","status":200,"userAgent":"Mozilla/5.0 (Windows NT 6.3; Win64; x64) AppleWebKit/537.36 (KHTML, like Gecko) Chrome/101.0.4951.54 Safari/537.36"},"insertId":"6275cad30008e39769ed15ff","labels":{"instanceId":"0067430fbd87d90256f2e59c0e4f2aba79064af94274bcdca0bfd9a4455db453dd53d295d547db6545ed9cc9551a52d296a212b63abb9a20086c4a0b06358f2c"},"logName":"projects/muni-production-f8e72/logs/run.googleapis.com%2Frequests","receiveTimestamp":"2022-05-07T01:26:43.682896988Z","resource":{"labels":{"configuration_name":"muni-front","location":"asia-northeast1","project_id":"muni-production-f8e72","revision_name":"muni-front-jq7fz","service_name":"muni-front"},"type":"cloud_run_revision"},"severity":"INFO","timestamp":"2022-05-07T01:26:43.582551Z","trace":"projects/muni-production-f8e72/traces/96770fc29d002e186edde8053e204d78"}
{"httpRequest":{"latency":"0.005461031s","protocol":"HTTP/1.1","referer":"https://www.google.com/","remoteIp":"118.17.12.69","requestMethod":"GET","requestSize":"1051","requestUrl":"https://muni.ink/?gclid=CjwKCAjwjtOTBhAvEiwASG4bCNIAETZ94cSeRsDBQL3FpwiIAGUKUh2VZOENIHhlHhjOT8dCI1OXgBoCg0MQAvD_BwE","responseSize":"6078","serverIp":"35.241.42.228","status":200,"userAgent":"Mozilla/5.0 (Windows NT 6.3; Win64; x64) AppleWebKit/537.36 (KHTML, like Gecko) Chrome/101.0.4951.54 Safari/537.36"},"insertId":"6275cad300054cb911ba98e2","labels":{"instanceId":"0067430fbd87d90256f2e59c0e4f2aba79064af94274bcdca0bfd9a4455db453dd53d295d547db6545ed9cc9551a52d296a212b63abb9a20086c4a0b06358f2c"},"logName":"projects/muni-production-f8e72/logs/run.googleapis.com%2Frequests","receiveTimestamp":"2022-05-07T01:26:43.350515662Z","resource":{"labels":{"configuration_name":"muni-front","location":"asia-northeast1","project_id":"muni-production-f8e72","revision_name":"muni-front-jq7fz","service_name":"muni-front"},"type":"cloud_run_revision"},"severity":"INFO","timestamp":"2022-05-07T01:26:43.347321Z","trace":"projects/muni-production-f8e72/traces/3168b76f2f6ffdcf043b7521451a1eb8"}
{"httpRequest":{"latency":"0.003795748s","protocol":"HTTP/1.1","remoteIp":"20.89.88.34","requestMethod":"GET","requestSize":"480","requestUrl":"https://35.241.42.228/","responseSize":"35263","serverIp":"35.241.42.228","status":200,"userAgent":"Mozilla/5.0 (Macintosh; Intel Mac OS X 10_12_1) AppleWebKit/537.36 (KHTML, like Gecko) Chrome/54.0.2840.98 Safari/537.36"},"insertId":"6275ca89000b19ce6af15357","labels":{"instanceId":"0067430fbd87d90256f2e59c0e4f2aba79064af94274bcdca0bfd9a4455db453dd53d295d547db6545ed9cc9551a52d296a212b63abb9a20086c4a0b06358f2c"},"logName":"projects/muni-production-f8e72/logs/run.googleapis.com%2Frequests","receiveTimestamp":"2022-05-07T01:25:29.731218187Z","resource":{"labels":{"configuration_name":"muni-front","location":"asia-northeast1","project_id":"muni-production-f8e72","revision_name":"muni-front-jq7fz","service_name":"muni-front"},"type":"cloud_run_revision"},"severity":"INFO","timestamp":"2022-05-07T01:25:29.727502Z","trace":"projects/muni-production-f8e72/traces/0b77648171af0d16aee1a5ae35639a2c"}
{"httpRequest":{"latency":"0.005325339s","protocol":"HTTP/1.1","remoteIp":"20.203.40.116","requestMethod":"GET","requestSize":"369","requestUrl":"https://35.241.42.228/","responseSize":"6077","serverIp":"35.241.42.228","status":200,"userAgent":"quic-go HTTP/3"},"insertId":"6275ca00000e55aebcb50284","labels":{"instanceId":"0067430fbd87d90256f2e59c0e4f2aba79064af94274bcdca0bfd9a4455db453dd53d295d547db6545ed9cc9551a52d296a212b63abb9a20086c4a0b06358f2c"},"logName":"projects/muni-production-f8e72/logs/run.googleapis.com%2Frequests","receiveTimestamp":"2022-05-07T01:23:12.943267910Z","resource":{"labels":{"configuration_name":"muni-front","location":"asia-northeast1","project_id":"muni-production-f8e72","revision_name":"muni-front-jq7fz","service_name":"muni-front"},"type":"cloud_run_revision"},"severity":"INFO","timestamp":"2022-05-07T01:23:12.939438Z","trace":"projects/muni-production-f8e72/traces/7c43c325f0c2e9ccf2b48bdd3b2290ef"}
{"httpRequest":{"latency":"0.004917722s","protocol":"HTTP/1.1","remoteIp":"192.241.220.227","requestMethod":"GET","requestSize":"449","requestUrl":"https://35.241.42.228/owa/auth/logon.aspx?url=https%3A%2F%2F1%2Fecp%2F","responseSize":"1950","serverIp":"35.241.42.228","status":404,"userAgent":"Mozilla/5.0 zgrab/0.x"},"insertId":"6275c9c400090c2ff478a4ad","labels":{"instanceId":"0067430fbd87d90256f2e59c0e4f2aba79064af94274bcdca0bfd9a4455db453dd53d295d547db6545ed9cc9551a52d296a212b63abb9a20086c4a0b06358f2c"},"logName":"projects/muni-production-f8e72/logs/run.googleapis.com%2Frequests","receiveTimestamp":"2022-05-07T01:22:12.595834453Z","resource":{"labels":{"configuration_name":"muni-front","location":"asia-northeast1","project_id":"muni-production-f8e72","revision_name":"muni-front-jq7fz","service_name":"muni-front"},"type":"cloud_run_revision"},"severity":"WARNING","timestamp":"2022-05-07T01:22:12.592943Z","trace":"projects/muni-production-f8e72/traces/c461142bb9ba18a9a269cb7ee56a11e8"}
{"httpRequest":{"latency":"0.004406026s","protocol":"HTTP/1.1","referer":"https://muni.ink/?gclid=EAIaIQobChMIwPu5t4qs3AIVAQAAAB0BAAAAEAAYACAAEgJVzfD_BwE","remoteIp":"66.249.89.148","requestMethod":"GET","requestSize":"534","requestUrl":"https://muni.ink/_next/data/IVVvbvvWS4XaF0igaWv4S/terms.json","responseSize":"4061","serverIp":"35.241.42.228","status":200,"userAgent":"AdsBot-Google (+http://www.google.com/adsbot.html)"},"insertId":"6275c6bb0004b3eafd10f473","labels":{"instanceId":"0067430fbd87d90256f2e59c0e4f2aba79064af94274bcdca0bfd9a4455db453dd53d295d547db6545ed9cc9551a52d296a212b63abb9a20086c4a0b06358f2c"},"logName":"projects/muni-production-f8e72/logs/run.googleapis.com%2Frequests","receiveTimestamp":"2022-05-07T01:09:15.628554201Z","resource":{"labels":{"configuration_name":"muni-front","location":"asia-northeast1","project_id":"muni-production-f8e72","revision_name":"muni-front-jq7fz","service_name":"muni-front"},"type":"cloud_run_revision"},"severity":"INFO","timestamp":"2022-05-07T01:09:15.308202Z","trace":"projects/muni-production-f8e72/traces/94de8b80d0dd8b07dac5fed8c0b24f50"}
{"httpRequest":{"latency":"0.004448106s","protocol":"HTTP/1.1","referer":"https://muni.ink/?gclid=EAIaIQobChMIwPu5t4qs3AIVAQAAAB0BAAAAEAAYACAAEgJVzfD_BwE","remoteIp":"66.249.89.148","requestMethod":"GET","requestSize":"587","requestUrl":"https://muni.ink/_next/static/chunks/pages/post-60154fe58d315991.js","responseSize":"4247","serverIp":"35.241.42.228","status":200,"userAgent":"AdsBot-Google (+http://www.google.com/adsbot.html)"},"insertId":"6275c6ba000c7acf1cf94d33","labels":{"instanceId":"0067430fbd87d90256f2e59c0e4f2aba79064af94274bcdca0bfd9a4455db453dd53d295d547db6545ed9cc9551a52d296a212b63abb9a20086c4a0b06358f2c"},"logName":"projects/muni-production-f8e72/logs/run.googleapis.com%2Frequests","receiveTimestamp":"2022-05-07T01:09:14.963363635Z","resource":{"labels":{"configuration_name":"muni-front","location":"asia-northeast1","project_id":"muni-production-f8e72","revision_name":"muni-front-jq7fz","service_name":"muni-front"},"type":"cloud_run_revision"},"severity":"INFO","timestamp":"2022-05-07T01:09:14.817871Z","trace":"projects/muni-production-f8e72/traces/cc9c84dff577d23f75f5bd4a6d3c2558"}
{"httpRequest":{"latency":"0.004264142s","protocol":"HTTP/1.1","referer":"https://muni.ink/?gclid=EAIaIQobChMIwPu5t4qs3AIVAQAAAB0BAAAAEAAYACAAEgJVzfD_BwE","remoteIp":"66.249.89.148","requestMethod":"GET","requestSize":"588","requestUrl":"https://muni.ink/_next/static/chunks/pages/terms-f9f82daa1816b7c0.js","responseSize":"2708","serverIp":"35.241.42.228","status":200,"userAgent":"AdsBot-Google (+http://www.google.com/adsbot.html)"},"insertId":"6275c6ba0005c2354067db25","labels":{"instanceId":"0067430fbd87d90256f2e59c0e4f2aba79064af94274bcdca0bfd9a4455db453dd53d295d547db6545ed9cc9551a52d296a212b63abb9a20086c4a0b06358f2c"},"logName":"projects/muni-production-f8e72/logs/run.googleapis.com%2Frequests","receiveTimestamp":"2022-05-07T01:09:14.629095223Z","resource":{"labels":{"configuration_name":"muni-front","location":"asia-northeast1","project_id":"muni-production-f8e72","revision_name":"muni-front-jq7fz","service_name":"muni-front"},"type":"cloud_run_revision"},"severity":"INFO","timestamp":"2022-05-07T01:09:14.377397Z","trace":"projects/muni-production-f8e72/traces/28960bdda34c9dd28f6f24c0332884a5"}
{"httpRequest":{"latency":"0.003246139s","protocol":"HTTP/1.1","referer":"https://muni.ink/?gclid=EAIaIQobChMIwPu5t4qs3AIVAQAAAB0BAAAAEAAYACAAEgJVzfD_BwE","remoteIp":"66.249.89.148","requestMethod":"GET","requestSize":"529","requestUrl":"https://muni.ink/_next/static/css/c68c0af69704dac3.css","responseSize":"1277","serverIp":"35.241.42.228","status":200,"userAgent":"AdsBot-Google (+http://www.google.com/adsbot.html)"},"insertId":"6275c6b5000af58ec148f800","labels":{"instanceId":"0067430fbd87d90256f2e59c0e4f2aba79064af94274bcdca0bfd9a4455db453dd53d295d547db6545ed9cc9551a52d296a212b63abb9a20086c4a0b06358f2c"},"logName":"projects/muni-production-f8e72/logs/run.googleapis.com%2Frequests","receiveTimestamp":"2022-05-07T01:09:09.967274493Z","resource":{"labels":{"configuration_name":"muni-front","location":"asia-northeast1","project_id":"muni-production-f8e72","revision_name":"muni-front-jq7fz","service_name":"muni-front"},"type":"cloud_run_revision"},"severity":"INFO","timestamp":"2022-05-07T01:09:09.718222Z","trace":"projects/muni-production-f8e72/traces/2b9cd29cf834cfe21729451c81b1b7f7"}
{"httpRequest":{"latency":"0.006842554s","protocol":"HTTP/1.1","referer":"https://muni.ink/?gclid=EAIaIQobChMIwPu5t4qs3AIVAQAAAB0BAAAAEAAYACAAEgJVzfD_BwE","remoteIp":"66.249.89.148","requestMethod":"GET","requestSize":"528","requestUrl":"https://muni.ink/_next/static/css/0328b678563a780a.css","responseSize":"1296","serverIp":"35.241.42.228","status":200,"userAgent":"AdsBot-Google (+http://www.google.com/adsbot.html)"},"insertId":"6275c6b500044e394875f127","labels":{"instanceId":"0067430fbd87d90256f2e59c0e4f2aba79064af94274bcdca0bfd9a4455db453dd53d295d547db6545ed9cc9551a52d296a212b63abb9a20086c4a0b06358f2c"},"logName":"projects/muni-production-f8e72/logs/run.googleapis.com%2Frequests","receiveTimestamp":"2022-05-07T01:09:09.300474094Z","resource":{"labels":{"configuration_name":"muni-front","location":"asia-northeast1","project_id":"muni-production-f8e72","revision_name":"muni-front-jq7fz","service_name":"muni-front"},"type":"cloud_run_revision"},"severity":"INFO","timestamp":"2022-05-07T01:09:09.282169Z","trace":"projects/muni-production-f8e72/traces/acaef96eabba201477a342d16f646d05"}
{"httpRequest":{"latency":"0.007735110s","protocol":"HTTP/1.1","referer":"https://muni.ink/?gclid=EAIaIQobChMIwPu5t4qs3AIVAQAAAB0BAAAAEAAYACAAEgJVzfD_BwE","remoteIp":"66.249.89.148","requestMethod":"GET","requestSize":"588","requestUrl":"https://muni.ink/_next/static/chunks/pages/signin-f2391a0824390239.js","responseSize":"2160","serverIp":"35.241.42.228","status":200,"userAgent":"AdsBot-Google (+http://www.google.com/adsbot.html)"},"insertId":"6275c6b4000a1a656f9a6b53","labels":{"instanceId":"0067430fbd87d90256f2e59c0e4f2aba79064af94274bcdca0bfd9a4455db453dd53d295d547db6545ed9cc9551a52d296a212b63abb9a20086c4a0b06358f2c"},"logName":"projects/muni-production-f8e72/logs/run.googleapis.com%2Frequests","receiveTimestamp":"2022-05-07T01:09:08.967930989Z","resource":{"labels":{"configuration_name":"muni-front","location":"asia-northeast1","project_id":"muni-production-f8e72","revision_name":"muni-front-jq7fz","service_name":"muni-front"},"type":"cloud_run_revision"},"severity":"INFO","timestamp":"2022-05-07T01:09:08.662117Z","trace":"projects/muni-production-f8e72/traces/e12f8848edf20674e4a8e6dce3a068a3"}
{"httpRequest":{"latency":"0.004471380s","protocol":"HTTP/1.1","referer":"https://muni.ink/?gclid=EAIaIQobChMIwPu5t4qs3AIVAQAAAB0BAAAAEAAYACAAEgJVzfD_BwE","remoteIp":"66.249.89.148","requestMethod":"GET","requestSize":"579","requestUrl":"https://muni.ink/_next/static/chunks/527-a55f040697cf18f0.js","responseSize":"4650","serverIp":"35.241.42.228","status":200,"userAgent":"AdsBot-Google (+http://www.google.com/adsbot.html)"},"insertId":"6275c6b3000a74a957ec02ce","labels":{"instanceId":"0067430fbd87d90256f2e59c0e4f2aba79064af94274bcdca0bfd9a4455db453dd53d295d547db6545ed9cc9551a52d296a212b63abb9a20086c4a0b06358f2c"},"logName":"projects/muni-production-f8e72/logs/run.googleapis.com%2Frequests","receiveTimestamp":"2022-05-07T01:09:07.969229837Z","resource":{"labels":{"configuration_name":"muni-front","location":"asia-northeast1","project_id":"muni-production-f8e72","revision_name":"muni-front-jq7fz","service_name":"muni-front"},"type":"cloud_run_revision"},"severity":"INFO","timestamp":"2022-05-07T01:09:07.685225Z","trace":"projects/muni-production-f8e72/traces/ca68bcddf334624f8f1d7d77f49f9a98"}
{"httpRequest":{"latency":"0.008062920s","protocol":"HTTP/1.1","referer":"https://muni.ink/?gclid=EAIaIQobChMIwPu5t4qs3AIVAQAAAB0BAAAAEAAYACAAEgJVzfD_BwE","remoteIp":"66.249.89.149","requestMethod":"GET","requestSize":"600","requestUrl":"https://muni.ink/_next/static/chunks/pages/painting/%5Bid%5D-0717d1d64b35381e.js","responseSize":"4422","serverIp":"35.241.42.228","status":200,"userAgent":"AdsBot-Google (+http://www.google.com/adsbot.html)"},"insertId":"6275c6b2000afed6e0c1c609","labels":{"instanceId":"0067430fbd87d90256f2e59c0e4f2aba79064af94274bcdca0bfd9a4455db453dd53d295d547db6545ed9cc9551a52d296a212b63abb9a20086c4a0b06358f2c"},"logName":"projects/muni-production-f8e72/logs/run.googleapis.com%2Frequests","receiveTimestamp":"2022-05-07T01:09:06.969062421Z","resource":{"labels":{"configuration_name":"muni-front","location":"asia-northeast1","project_id":"muni-production-f8e72","revision_name":"muni-front-jq7fz","service_name":"muni-front"},"type":"cloud_run_revision"},"severity":"INFO","timestamp":"2022-05-07T01:09:06.720598Z","trace":"projects/muni-production-f8e72/traces/55d644abf4a9b1016ff631ee72d6a229"}
{"httpRequest":{"latency":"0.004999134s","protocol":"HTTP/1.1","referer":"https://muni.ink/?gclid=EAIaIQobChMIwPu5t4qs3AIVAQAAAB0BAAAAEAAYACAAEgJVzfD_BwE","remoteIp":"66.249.89.148","requestMethod":"GET","requestSize":"579","requestUrl":"https://muni.ink/_next/static/chunks/512-ebe36cd4932e0284.js","responseSize":"6846","serverIp":"35.241.42.228","status":200,"userAgent":"AdsBot-Google (+http://www.google.com/adsbot.html)"},"insertId":"6275c6b200038db1ff28f2aa","labels":{"instanceId":"0067430fbd87d90256f2e59c0e4f2aba79064af94274bcdca0bfd9a4455db453dd53d295d547db6545ed9cc9551a52d296a212b63abb9a20086c4a0b06358f2c"},"logName":"projects/muni-production-f8e72/logs/run.googleapis.com%2Frequests","receiveTimestamp":"2022-05-07T01:09:06.303891842Z","resource":{"labels":{"configuration_name":"muni-front","location":"asia-northeast1","project_id":"muni-production-f8e72","revision_name":"muni-front-jq7fz","service_name":"muni-front"},"type":"cloud_run_revision"},"severity":"INFO","timestamp":"2022-05-07T01:09:06.232881Z","trace":"projects/muni-production-f8e72/traces/bc0e437e847fbac783e4873f50266866"}
{"httpRequest":{"latency":"0.005905517s","protocol":"HTTP/1.1","referer":"https://muni.ink/?gclid=EAIaIQobChMIwPu5t4qs3AIVAQAAAB0BAAAAEAAYACAAEgJVzfD_BwE","remoteIp":"66.249.89.149","requestMethod":"GET","requestSize":"579","requestUrl":"https://muni.ink/_next/static/chunks/538-535bfdc433424381.js","responseSize":"5334","serverIp":"35.241.42.228","status":200,"userAgent":"AdsBot-Google (+http://www.google.com/adsbot.html)"},"insertId":"6275c6b1000b6d743c39d745","labels":{"instanceId":"0067430fbd87d90256f2e59c0e4f2aba79064af94274bcdca0bfd9a4455db453dd53d295d547db6545ed9cc9551a52d296a212b63abb9a20086c4a0b06358f2c"},"logName":"projects/muni-production-f8e72/logs/run.googleapis.com%2Frequests","receiveTimestamp":"2022-05-07T01:09:05.971189636Z","resource":{"labels":{"configuration_name":"muni-front","location":"asia-northeast1","project_id":"muni-production-f8e72","revision_name":"muni-front-jq7fz","service_name":"muni-front"},"type":"cloud_run_revision"},"severity":"INFO","timestamp":"2022-05-07T01:09:05.748916Z","trace":"projects/muni-production-f8e72/traces/a154b428fe9fdc4b69305d535d7a3f26"}
{"httpRequest":{"latency":"0.006202662s","protocol":"HTTP/1.1","referer":"https://muni.ink/?gclid=EAIaIQobChMIwPu5t4qs3AIVAQAAAB0BAAAAEAAYACAAEgJVzfD_BwE","remoteIp":"66.249.89.149","requestMethod":"GET","requestSize":"588","requestUrl":"https://muni.ink/_next/static/chunks/pages/signup-7e9bea30669149d6.js","responseSize":"2511","serverIp":"35.241.42.228","status":200,"userAgent":"AdsBot-Google (+http://www.google.com/adsbot.html)"},"insertId":"6275c6b10004f060a88bf7de","labels":{"instanceId":"0067430fbd87d90256f2e59c0e4f2aba79064af94274bcdca0bfd9a4455db453dd53d295d547db6545ed9cc9551a52d296a212b63abb9a20086c4a0b06358f2c"},"logName":"projects/muni-production-f8e72/logs/run.googleapis.com%2Frequests","receiveTimestamp":"2022-05-07T01:09:05.638418644Z","resource":{"labels":{"configuration_name":"muni-front","location":"asia-northeast1","project_id":"muni-production-f8e72","revision_name":"muni-front-jq7fz","service_name":"muni-front"},"type":"cloud_run_revision"},"severity":"INFO","timestamp":"2022-05-07T01:09:05.323680Z","trace":"projects/muni-production-f8e72/traces/fefe6a0c5056982891c17e16f38ebece"}
{"httpRequest":{"latency":"0.291052377s","protocol":"HTTP/1.1","referer":"https://muni.ink/","remoteIp":"66.249.89.218","requestMethod":"POST","requestSize":"534","requestUrl":"https://api.muni.ink/recent","responseSize":"12342","serverIp":"35.241.42.228","status":200,"userAgent":"AdsBot-Google (+http://www.google.com/adsbot.html)"},"insertId":"6275c6b0000c68515973fee8","labels":{"instanceId":"0067430fbdd0a70138bfabd74feb01b624d90cb4bd534ef1d388ec5280b2fab42cf140ff9f3cfe3d69242256eef3069e99349eab6bcb5c4e42ecf008dfd06763"},"logName":"projects/muni-production-f8e72/logs/run.googleapis.com%2Frequests","receiveTimestamp":"2022-05-07T01:09:05.074693714Z","resource":{"labels":{"configuration_name":"muni-back","location":"asia-northeast1","project_id":"muni-production-f8e72","revision_name":"muni-back-hpgtt","service_name":"muni-back"},"type":"cloud_run_revision"},"severity":"INFO","timestamp":"2022-05-07T01:09:04.813137Z","trace":"projects/muni-production-f8e72/traces/8e5cf330ab805901ebb59d4afe04239a"}
{"insertId":"6275c6b0000c60d13b98f6d6","jsonPayload":{"ident":"FETCH_SUCCESS","level":"INFO","message":"Success to fetch.","method":"RecentPostAPI","timestamp":"2022-5-7 1:9:4"},"labels":{"instanceId":"0067430fbdd0a70138bfabd74feb01b624d90cb4bd534ef1d388ec5280b2fab42cf140ff9f3cfe3d69242256eef3069e99349eab6bcb5c4e42ecf008dfd06763"},"logName":"projects/muni-production-f8e72/logs/run.googleapis.com%2Fstdout","receiveTimestamp":"2022-05-07T01:09:04.860205764Z","resource":{"labels":{"configuration_name":"muni-back","location":"asia-northeast1","project_id":"muni-production-f8e72","revision_name":"muni-back-hpgtt","service_name":"muni-back"},"type":"cloud_run_revision"},"timestamp":"2022-05-07T01:09:04.811217Z"}
{"insertId":"6275c6b00007ff52142b38fb","jsonPayload":{"ident":"RECIEVE","level":"INFO","message":"Recieve the recent posted works request.","method":"RecentPostAPI","timestamp":"2022-5-7 1:9:4"},"labels":{"instanceId":"0067430fbdd0a70138bfabd74feb01b624d90cb4bd534ef1d388ec5280b2fab42cf140ff9f3cfe3d69242256eef3069e99349eab6bcb5c4e42ecf008dfd06763"},"logName":"projects/muni-production-f8e72/logs/run.googleapis.com%2Fstdout","receiveTimestamp":"2022-05-07T01:09:04.526480243Z","resource":{"labels":{"configuration_name":"muni-back","location":"asia-northeast1","project_id":"muni-production-f8e72","revision_name":"muni-back-hpgtt","service_name":"muni-back"},"type":"cloud_run_revision"},"timestamp":"2022-05-07T01:09:04.524114Z"}
{"httpRequest":{"latency":"0.002622565s","protocol":"HTTP/1.1","referer":"https://muni.ink/","remoteIp":"66.249.89.218","requestMethod":"OPTIONS","requestSize":"554","requestUrl":"https://api.muni.ink/recent","responseSize":"853","serverIp":"35.241.42.228","status":204,"userAgent":"AdsBot-Google (+http://www.google.com/adsbot.html)"},"insertId":"6275c6b000011f6d07e0f8fe","labels":{"instanceId":"0067430fbdd0a70138bfabd74feb01b624d90cb4bd534ef1d388ec5280b2fab42cf140ff9f3cfe3d69242256eef3069e99349eab6bcb5c4e42ecf008dfd06763"},"logName":"projects/muni-production-f8e72/logs/run.googleapis.com%2Frequests","receiveTimestamp":"2022-05-07T01:09:04.076638843Z","resource":{"labels":{"configuration_name":"muni-back","location":"asia-northeast1","project_id":"muni-production-f8e72","revision_name":"muni-back-hpgtt","service_name":"muni-back"},"type":"cloud_run_revision"},"severity":"INFO","timestamp":"2022-05-07T01:09:04.073581Z","trace":"projects/muni-production-f8e72/traces/4275c1f300a28cd79da82c0444436b3c"}
{"httpRequest":{"latency":"0.004230111s","protocol":"HTTP/1.1","referer":"https://muni.ink/?gclid=EAIaIQobChMIwPu5t4qs3AIVAQAAAB0BAAAAEAAYACAAEgJVzfD_BwE","remoteIp":"66.249.89.148","requestMethod":"GET","requestSize":"544","requestUrl":"https://muni.ink/_next/static/css/64a820a89e70212f.css","responseSize":"1514","serverIp":"35.241.42.228","status":200,"userAgent":"AdsBot-Google (+http://www.google.com/adsbot.html)"},"insertId":"6275c6af00092962f16fd7cb","labels":{"instanceId":"0067430fbd87d90256f2e59c0e4f2aba79064af94274bcdca0bfd9a4455db453dd53d295d547db6545ed9cc9551a52d296a212b63abb9a20086c4a0b06358f2c"},"logName":"projects/muni-production-f8e72/logs/run.googleapis.com%2Frequests","receiveTimestamp":"2022-05-07T01:09:03.639187395Z","resource":{"labels":{"configuration_name":"muni-front","location":"asia-northeast1","project_id":"muni-production-f8e72","revision_name":"muni-front-jq7fz","service_name":"muni-front"},"type":"cloud_run_revision"},"severity":"INFO","timestamp":"2022-05-07T01:09:03.600418Z","trace":"projects/muni-production-f8e72/traces/b5153cd2c0562ac1dfe01a5cdc1e132b"}
{"httpRequest":{"latency":"0.008610611s","protocol":"HTTP/1.1","referer":"https://muni.ink/?gclid=EAIaIQobChMIwPu5t4qs3AIVAQAAAB0BAAAAEAAYACAAEgJVzfD_BwE","remoteIp":"66.249.89.148","requestMethod":"GET","requestSize":"534","requestUrl":"https://muni.ink/_next/static/chunks/628-b8825c0c7ba71b31.js","responseSize":"5034","serverIp":"35.241.42.228","status":200,"userAgent":"AdsBot-Google (+http://www.google.com/adsbot.html)"},"insertId":"6275c6af000230a0bec88752","labels":{"instanceId":"0067430fbd87d90256f2e59c0e4f2aba79064af94274bcdca0bfd9a4455db453dd53d295d547db6545ed9cc9551a52d296a212b63abb9a20086c4a0b06358f2c"},"logName":"projects/muni-production-f8e72/logs/run.googleapis.com%2Frequests","receiveTimestamp":"2022-05-07T01:09:03.306806572Z","resource":{"labels":{"configuration_name":"muni-front","location":"asia-northeast1","project_id":"muni-production-f8e72","revision_name":"muni-front-jq7fz","service_name":"muni-front"},"type":"cloud_run_revision"},"severity":"INFO","timestamp":"2022-05-07T01:09:03.143520Z","trace":"projects/muni-production-f8e72/traces/a45b7e1e53190cb9ccc8f81fa1677148"}
{"httpRequest":{"latency":"0.011297758s","protocol":"HTTP/1.1","referer":"https://muni.ink/?gclid=EAIaIQobChMIwPu5t4qs3AIVAQAAAB0BAAAAEAAYACAAEgJVzfD_BwE","remoteIp":"66.249.89.150","requestMethod":"GET","requestSize":"540","requestUrl":"https://muni.ink/_next/static/chunks/framework-bb5c596eafb42b22.js","responseSize":"43037","serverIp":"35.241.42.228","status":200,"userAgent":"AdsBot-Google (+http://www.google.com/adsbot.html)"},"insertId":"6275c6ae000a724e4f8489f7","labels":{"instanceId":"0067430fbd87d90256f2e59c0e4f2aba79064af94274bcdca0bfd9a4455db453dd53d295d547db6545ed9cc9551a52d296a212b63abb9a20086c4a0b06358f2c"},"logName":"projects/muni-production-f8e72/logs/run.googleapis.com%2Frequests","receiveTimestamp":"2022-05-07T01:09:02.973823804Z","resource":{"labels":{"configuration_name":"muni-front","location":"asia-northeast1","project_id":"muni-production-f8e72","revision_name":"muni-front-jq7fz","service_name":"muni-front"},"type":"cloud_run_revision"},"severity":"INFO","timestamp":"2022-05-07T01:09:02.684622Z","trace":"projects/muni-production-f8e72/traces/c6a389c3c39faca6b138b0c3b311e8b6"}
{"httpRequest":{"latency":"0.004104089s","protocol":"HTTP/1.1","referer":"https://muni.ink/?gclid=EAIaIQobChMIwPu5t4qs3AIVAQAAAB0BAAAAEAAYACAAEgJVzfD_BwE","remoteIp":"66.249.89.148","requestMethod":"GET","requestSize":"539","requestUrl":"https://muni.ink/_next/static/chunks/webpack-434fefa8f39d8fbc.js","responseSize":"1757","serverIp":"35.241.42.228","status":200,"userAgent":"AdsBot-Google (+http://www.google.com/adsbot.html)"},"insertId":"6275c6ae00040752c6587c3d","labels":{"instanceId":"0067430fbd87d90256f2e59c0e4f2aba79064af94274bcdca0bfd9a4455db453dd53d295d547db6545ed9cc9551a52d296a212b63abb9a20086c4a0b06358f2c"},"logName":"projects/muni-production-f8e72/logs/run.googleapis.com%2Frequests","receiveTimestamp":"2022-05-07T01:09:02.310409294Z","resource":{"labels":{"configuration_name":"muni-front","location":"asia-northeast1","project_id":"muni-production-f8e72","revision_name":"muni-front-jq7fz","service_name":"muni-front"},"type":"cloud_run_revision"},"severity":"INFO","timestamp":"2022-05-07T01:09:02.264018Z","trace":"projects/muni-production-f8e72/traces/34217425a35449e01b193b2bfa8950e9"}
{"httpRequest":{"latency":"0.005755147s","protocol":"HTTP/1.1","remoteIp":"66.249.89.148","requestMethod":"GET","requestSize":"470","requestUrl":"https://muni.ink/?gclid=EAIaIQobChMIwPu5t4qs3AIVAQAAAB0BAAAAEAAYACAAEgJVzfD_BwE","responseSize":"6077","serverIp":"35.241.42.228","status":200,"userAgent":"AdsBot-Google (+http://www.google.com/adsbot.html)"},"insertId":"6275c6aa000edf6ffaa6b6af","labels":{"instanceId":"0067430fbd87d90256f2e59c0e4f2aba79064af94274bcdca0bfd9a4455db453dd53d295d547db6545ed9cc9551a52d296a212b63abb9a20086c4a0b06358f2c"},"logName":"projects/muni-production-f8e72/logs/run.googleapis.com%2Frequests","receiveTimestamp":"2022-05-07T01:08:58.979186210Z","resource":{"labels":{"configuration_name":"muni-front","location":"asia-northeast1","project_id":"muni-production-f8e72","revision_name":"muni-front-jq7fz","service_name":"muni-front"},"type":"cloud_run_revision"},"severity":"INFO","timestamp":"2022-05-07T01:08:58.974703Z","trace":"projects/muni-production-f8e72/traces/f16df3761d3457599cd568c947e9c5f1"}
{"httpRequest":{"latency":"0.004429490s","protocol":"HTTP/1.1","referer":"https://muni.ink/user/ymusgs2","remoteIp":"66.249.64.84","requestMethod":"GET","requestSize":"693","requestUrl":"https://muni.ink/_next/data/IVVvbvvWS4XaF0igaWv4S/terms.json","responseSize":"4061","serverIp":"35.241.42.228","status":200,"userAgent":"Mozilla/5.0 (Linux; Android 6.0.1; Nexus 5X Build/MMB29P) AppleWebKit/537.36 (KHTML, like Gecko) Chrome/100.0.4896.127 Mobile Safari/537.36 (compatible; Googlebot/2.1; +http://www.google.com/bot.html)"},"insertId":"6275bfc90002761d548b517f","labels":{"instanceId":"0067430fbd87d90256f2e59c0e4f2aba79064af94274bcdca0bfd9a4455db453dd53d295d547db6545ed9cc9551a52d296a212b63abb9a20086c4a0b06358f2c"},"logName":"projects/muni-production-f8e72/logs/run.googleapis.com%2Frequests","receiveTimestamp":"2022-05-07T00:39:37.335013734Z","resource":{"labels":{"configuration_name":"muni-front","location":"asia-northeast1","project_id":"muni-production-f8e72","revision_name":"muni-front-jq7fz","service_name":"muni-front"},"type":"cloud_run_revision"},"severity":"INFO","timestamp":"2022-05-07T00:39:37.161309Z","trace":"projects/muni-production-f8e72/traces/d5234a240dd86cd04d0acdb90968dab1"}
{"httpRequest":{"latency":"0.004170804s","protocol":"HTTP/1.1","referer":"https://muni.ink/user/ymusgs2","remoteIp":"66.249.64.84","requestMethod":"GET","requestSize":"746","requestUrl":"https://muni.ink/_next/static/chunks/pages/terms-f9f82daa1816b7c0.js","responseSize":"2708","serverIp":"35.241.42.228","status":200,"userAgent":"Mozilla/5.0 (Linux; Android 6.0.1; Nexus 5X Build/MMB29P) AppleWebKit/537.36 (KHTML, like Gecko) Chrome/100.0.4896.127 Mobile Safari/537.36 (compatible; Googlebot/2.1; +http://www.google.com/bot.html)"},"insertId":"6275bfc8000a3fb0c94655ba","labels":{"instanceId":"0067430fbd87d90256f2e59c0e4f2aba79064af94274bcdca0bfd9a4455db453dd53d295d547db6545ed9cc9551a52d296a212b63abb9a20086c4a0b06358f2c"},"logName":"projects/muni-production-f8e72/logs/run.googleapis.com%2Frequests","receiveTimestamp":"2022-05-07T00:39:36.998118764Z","resource":{"labels":{"configuration_name":"muni-front","location":"asia-northeast1","project_id":"muni-production-f8e72","revision_name":"muni-front-jq7fz","service_name":"muni-front"},"type":"cloud_run_revision"},"severity":"INFO","timestamp":"2022-05-07T00:39:36.671664Z","trace":"projects/muni-production-f8e72/traces/e6c8ce54d32efeb1870bea3e6fcfcdaa"}
{"httpRequest":{"latency":"0.005372752s","protocol":"HTTP/1.1","referer":"https://muni.ink/user/ymusgs2","remoteIp":"66.249.64.84","requestMethod":"GET","requestSize":"748","requestUrl":"https://muni.ink/_next/static/chunks/pages/signin-f2391a0824390239.js","responseSize":"2160","serverIp":"35.241.42.228","status":200,"userAgent":"Mozilla/5.0 (Linux; Android 6.0.1; Nexus 5X Build/MMB29P) AppleWebKit/537.36 (KHTML, like Gecko) Chrome/100.0.4896.127 Mobile Safari/537.36 (compatible; Googlebot/2.1; +http://www.google.com/bot.html)"},"insertId":"6275bfc80007099e956d6cd0","labels":{"instanceId":"0067430fbd87d90256f2e59c0e4f2aba79064af94274bcdca0bfd9a4455db453dd53d295d547db6545ed9cc9551a52d296a212b63abb9a20086c4a0b06358f2c"},"logName":"projects/muni-production-f8e72/logs/run.googleapis.com%2Frequests","receiveTimestamp":"2022-05-07T00:39:36.666523018Z","resource":{"labels":{"configuration_name":"muni-front","location":"asia-northeast1","project_id":"muni-production-f8e72","revision_name":"muni-front-jq7fz","service_name":"muni-front"},"type":"cloud_run_revision"},"severity":"INFO","timestamp":"2022-05-07T00:39:36.461214Z","trace":"projects/muni-production-f8e72/traces/1d2dc50c80987301f26850cf63113dc4"}
{"httpRequest":{"latency":"0.004812794s","protocol":"HTTP/1.1","referer":"https://muni.ink/user/ymusgs2","remoteIp":"66.249.64.84","requestMethod":"GET","requestSize":"738","requestUrl":"https://muni.ink/_next/static/chunks/512-ebe36cd4932e0284.js","responseSize":"6846","serverIp":"35.241.42.228","status":200,"userAgent":"Mozilla/5.0 (Linux; Android 6.0.1; Nexus 5X Build/MMB29P) AppleWebKit/537.36 (KHTML, like Gecko) Chrome/100.0.4896.127 Mobile Safari/537.36 (compatible; Googlebot/2.1; +http://www.google.com/bot.html)"},"insertId":"6275bfc7000ac11e57542557","labels":{"instanceId":"0067430fbd87d90256f2e59c0e4f2aba79064af94274bcdca0bfd9a4455db453dd53d295d547db6545ed9cc9551a52d296a212b63abb9a20086c4a0b06358f2c"},"logName":"projects/muni-production-f8e72/logs/run.googleapis.com%2Frequests","receiveTimestamp":"2022-05-07T00:39:35.999004221Z","resource":{"labels":{"configuration_name":"muni-front","location":"asia-northeast1","project_id":"muni-production-f8e72","revision_name":"muni-front-jq7fz","service_name":"muni-front"},"type":"cloud_run_revision"},"severity":"INFO","timestamp":"2022-05-07T00:39:35.704798Z","trace":"projects/muni-production-f8e72/traces/631d2f6c9e26708d319e0b3c616eb1c8"}
{"httpRequest":{"latency":"0.004070951s","protocol":"HTTP/1.1","referer":"https://muni.ink/user/ymusgs2","remoteIp":"66.249.64.84","requestMethod":"GET","requestSize":"688","requestUrl":"https://muni.ink/_next/static/css/64a820a89e70212f.css","responseSize":"1514","serverIp":"35.241.42.228","status":200,"userAgent":"Mozilla/5.0 (Linux; Android 6.0.1; Nexus 5X Build/MMB29P) AppleWebKit/537.36 (KHTML, like Gecko) Chrome/100.0.4896.127 Mobile Safari/537.36 (compatible; Googlebot/2.1; +http://www.google.com/bot.html)"},"insertId":"6275bfc6000bf65fc086cdc3","labels":{"instanceId":"0067430fbd87d90256f2e59c0e4f2aba79064af94274bcdca0bfd9a4455db453dd53d295d547db6545ed9cc9551a52d296a212b63abb9a20086c4a0b06358f2c"},"logName":"projects/muni-production-f8e72/logs/run.googleapis.com%2Frequests","receiveTimestamp":"2022-05-07T00:39:35.001771483Z","resource":{"labels":{"configuration_name":"muni-front","location":"asia-northeast1","project_id":"muni-production-f8e72","revision_name":"muni-front-jq7fz","service_name":"muni-front"},"type":"cloud_run_revision"},"severity":"INFO","timestamp":"2022-05-07T00:39:34.783967Z","trace":"projects/muni-production-f8e72/traces/dd7d3f09d7599ef51319d58787005dd3"}
{"httpRequest":{"latency":"0.004804127s","protocol":"HTTP/1.1","referer":"https://muni.ink/user/ymusgs2","remoteIp":"66.249.64.85","requestMethod":"GET","requestSize":"758","requestUrl":"https://muni.ink/_next/static/chunks/pages/painting/%5Bid%5D-0717d1d64b35381e.js","responseSize":"4422","serverIp":"35.241.42.228","status":200,"userAgent":"Mozilla/5.0 (Linux; Android 6.0.1; Nexus 5X Build/MMB29P) AppleWebKit/537.36 (KHTML, like Gecko) Chrome/100.0.4896.127 Mobile Safari/537.36 (compatible; Googlebot/2.1; +http://www.google.com/bot.html)"},"insertId":"6275bfc300003628618d589f","labels":{"instanceId":"0067430fbd87d90256f2e59c0e4f2aba79064af94274bcdca0bfd9a4455db453dd53d295d547db6545ed9cc9551a52d296a212b63abb9a20086c4a0b06358f2c"},"logName":"projects/muni-production-f8e72/logs/run.googleapis.com%2Frequests","receiveTimestamp":"2022-05-07T00:39:31.338532137Z","resource":{"labels":{"configuration_name":"muni-front","location":"asia-northeast1","project_id":"muni-production-f8e72","revision_name":"muni-front-jq7fz","service_name":"muni-front"},"type":"cloud_run_revision"},"severity":"INFO","timestamp":"2022-05-07T00:39:31.013864Z","trace":"projects/muni-production-f8e72/traces/fe23d31a04f4de3a8edefe940cf7b766"}
{"httpRequest":{"latency":"0.004132153s","protocol":"HTTP/1.1","referer":"https://muni.ink/user/ymusgs2","remoteIp":"66.249.64.85","requestMethod":"GET","requestSize":"693","requestUrl":"https://muni.ink/_next/data/IVVvbvvWS4XaF0igaWv4S/index.json","responseSize":"969","serverIp":"35.241.42.228","status":200,"userAgent":"Mozilla/5.0 (Linux; Android 6.0.1; Nexus 5X Build/MMB29P) AppleWebKit/537.36 (KHTML, like Gecko) Chrome/100.0.4896.127 Mobile Safari/537.36 (compatible; Googlebot/2.1; +http://www.google.com/bot.html)"},"insertId":"6275bfc20001807372a2df9c","labels":{"instanceId":"0067430fbd87d90256f2e59c0e4f2aba79064af94274bcdca0bfd9a4455db453dd53d295d547db6545ed9cc9551a52d296a212b63abb9a20086c4a0b06358f2c"},"logName":"projects/muni-production-f8e72/logs/run.googleapis.com%2Frequests","receiveTimestamp":"2022-05-07T00:39:30.339735440Z","resource":{"labels":{"configuration_name":"muni-front","location":"asia-northeast1","project_id":"muni-production-f8e72","revision_name":"muni-front-jq7fz","service_name":"muni-front"},"type":"cloud_run_revision"},"severity":"INFO","timestamp":"2022-05-07T00:39:30.098419Z","trace":"projects/muni-production-f8e72/traces/0f3c84a815fa435a48d949c4fa3661f2"}
{"httpRequest":{"latency":"0.205477179s","protocol":"HTTP/1.1","referer":"https://muni.ink/","remoteIp":"66.249.64.218","requestMethod":"POST","requestSize":"663","requestUrl":"https://api.muni.ink/user","responseSize":"1578","serverIp":"35.241.42.228","status":200,"userAgent":"Mozilla/5.0 (Linux; Android 6.0.1; Nexus 5X Build/MMB29P) AppleWebKit/537.36 (KHTML, like Gecko) Chrome/100.0.4896.127 Mobile Safari/537.36 (compatible; Googlebot/2.1; +http://www.google.com/bot.html)"},"insertId":"6275bfc1000b4e0084b9082b","labels":{"instanceId":"0067430fbdd0a70138bfabd74feb01b624d90cb4bd534ef1d388ec5280b2fab42cf140ff9f3cfe3d69242256eef3069e99349eab6bcb5c4e42ecf008dfd06763"},"logName":"projects/muni-production-f8e72/logs/run.googleapis.com%2Frequests","receiveTimestamp":"2022-05-07T00:39:29.742793139Z","resource":{"labels":{"configuration_name":"muni-back","location":"asia-northeast1","project_id":"muni-production-f8e72","revision_name":"muni-back-hpgtt","service_name":"muni-back"},"type":"cloud_run_revision"},"severity":"INFO","timestamp":"2022-05-07T00:39:29.740864Z","trace":"projects/muni-production-f8e72/traces/cde1dc50b24f909c6761631c9582b79a"}
{"insertId":"6275bfc1000b486582d24c2c","jsonPayload":{"accountId":"ymusgs2","ident":"SUCCESS_TO_FIND","level":"INFO","message":"User found.","method":"UserAPI","timestamp":"2022-5-7 0:39:29"},"labels":{"instanceId":"0067430fbdd0a70138bfabd74feb01b624d90cb4bd534ef1d388ec5280b2fab42cf140ff9f3cfe3d69242256eef3069e99349eab6bcb5c4e42ecf008dfd06763"},"logName":"projects/muni-production-f8e72/logs/run.googleapis.com%2Fstdout","receiveTimestamp":"2022-05-07T00:39:29.873841441Z","resource":{"labels":{"configuration_name":"muni-back","location":"asia-northeast1","project_id":"muni-production-f8e72","revision_name":"muni-back-hpgtt","service_name":"muni-back"},"type":"cloud_run_revision"},"timestamp":"2022-05-07T00:39:29.739429Z"}
{"insertId":"6275bfc1000b4850596692b4","jsonPayload":{"ident":"FETCH_USER","level":"INFO","message":"Complete fetching user data.","method":"UserAPI","timestamp":"2022-5-7 0:39:29"},"labels":{"instanceId":"0067430fbdd0a70138bfabd74feb01b624d90cb4bd534ef1d388ec5280b2fab42cf140ff9f3cfe3d69242256eef3069e99349eab6bcb5c4e42ecf008dfd06763"},"logName":"projects/muni-production-f8e72/logs/run.googleapis.com%2Fstdout","receiveTimestamp":"2022-05-07T00:39:29.873841441Z","resource":{"labels":{"configuration_name":"muni-back","location":"asia-northeast1","project_id":"muni-production-f8e72","revision_name":"muni-back-hpgtt","service_name":"muni-back"},"type":"cloud_run_revision"},"timestamp":"2022-05-07T00:39:29.739408Z"}
{"insertId":"6275bfc1000a1b6bfd5b55e0","jsonPayload":{"accountId":"ymusgs2","ident":"FILTERING_WORKS","level":"INFO","message":"Search works link to the user.","method":"UserAPI","timestamp":"2022-5-7 0:39:29"},"labels":{"instanceId":"0067430fbdd0a70138bfabd74feb01b624d90cb4bd534ef1d388ec5280b2fab42cf140ff9f3cfe3d69242256eef3069e99349eab6bcb5c4e42ecf008dfd06763"},"logName":"projects/muni-production-f8e72/logs/run.googleapis.com%2Fstdout","receiveTimestamp":"2022-05-07T00:39:29.873841441Z","resource":{"labels":{"configuration_name":"muni-back","location":"asia-northeast1","project_id":"muni-production-f8e72","revision_name":"muni-back-hpgtt","service_name":"muni-back"},"type":"cloud_run_revision"},"timestamp":"2022-05-07T00:39:29.662379Z"}
{"insertId":"6275bfc1000834dac690669b","jsonPayload":{"ident":"RECIEVE","level":"INFO","message":"Recieve the work post request.","method":"UserAPI","timestamp":"2022-5-7 0:39:29"},"labels":{"instanceId":"0067430fbdd0a70138bfabd74feb01b624d90cb4bd534ef1d388ec5280b2fab42cf140ff9f3cfe3d69242256eef3069e99349eab6bcb5c4e42ecf008dfd06763"},"logName":"projects/muni-production-f8e72/logs/run.googleapis.com%2Fstdout","receiveTimestamp":"2022-05-07T00:39:29.542106223Z","resource":{"labels":{"configuration_name":"muni-back","location":"asia-northeast1","project_id":"muni-production-f8e72","revision_name":"muni-back-hpgtt","service_name":"muni-back"},"type":"cloud_run_revision"},"timestamp":"2022-05-07T00:39:29.537818Z"}
{"httpRequest":{"latency":"0.005385769s","protocol":"HTTP/1.1","remoteIp":"66.249.64.84","requestMethod":"GET","requestSize":"689","requestUrl":"https://muni.ink/user/ymusgs2","responseSize":"3852","serverIp":"35.241.42.228","status":200,"userAgent":"Mozilla/5.0 (Linux; Android 6.0.1; Nexus 5X Build/MMB29P) AppleWebKit/537.36 (KHTML, like Gecko) Chrome/100.0.4896.127 Mobile Safari/537.36 (compatible; Googlebot/2.1; +http://www.google.com/bot.html)"},"insertId":"6275bfbd0007efa6e6a3f816","labels":{"instanceId":"0067430fbd87d90256f2e59c0e4f2aba79064af94274bcdca0bfd9a4455db453dd53d295d547db6545ed9cc9551a52d296a212b63abb9a20086c4a0b06358f2c"},"logName":"projects/muni-production-f8e72/logs/run.googleapis.com%2Frequests","receiveTimestamp":"2022-05-07T00:39:25.678320972Z","resource":{"labels":{"configuration_name":"muni-front","location":"asia-northeast1","project_id":"muni-production-f8e72","revision_name":"muni-front-jq7fz","service_name":"muni-front"},"type":"cloud_run_revision"},"severity":"INFO","timestamp":"2022-05-07T00:39:25.520102Z","trace":"projects/muni-production-f8e72/traces/4d6befc7a71345eec7677d53424956af"}
{"httpRequest":{"latency":"0.005460072s","protocol":"HTTP/1.1","remoteIp":"66.249.64.85","requestMethod":"GET","requestSize":"366","requestUrl":"https://muni.ink/robots.txt","responseSize":"1950","serverIp":"35.241.42.228","status":404,"userAgent":"Mozilla/5.0 (compatible; Googlebot/2.1; +http://www.google.com/bot.html)"},"insertId":"6275bfbd00053560dafceb13","labels":{"instanceId":"0067430fbd87d90256f2e59c0e4f2aba79064af94274bcdca0bfd9a4455db453dd53d295d547db6545ed9cc9551a52d296a212b63abb9a20086c4a0b06358f2c"},"logName":"projects/muni-production-f8e72/logs/run.googleapis.com%2Frequests","receiveTimestamp":"2022-05-07T00:39:25.345439273Z","resource":{"labels":{"configuration_name":"muni-front","location":"asia-northeast1","project_id":"muni-production-f8e72","revision_name":"muni-front-jq7fz","service_name":"muni-front"},"type":"cloud_run_revision"},"severity":"WARNING","timestamp":"2022-05-07T00:39:25.341344Z","trace":"projects/muni-production-f8e72/traces/e81fbf25ac964fef67f2ce8d99110b6b"}
{"httpRequest":{"latency":"0.005204151s","protocol":"HTTP/1.1","remoteIp":"180.149.125.165","requestMethod":"GET","requestSize":"487","requestUrl":"https://35.241.42.228/","responseSize":"6077","serverIp":"35.241.42.228","status":200,"userAgent":"Mozilla/5.0 (Windows NT 5.1; Win64; x64) AppleWebKit/537.36 (KHTML, like Gecko) Chrome/60.0.3112.90 Safari/537.36"},"insertId":"6275ba0900001d7810106481","labels":{"instanceId":"0067430fbd87d90256f2e59c0e4f2aba79064af94274bcdca0bfd9a4455db453dd53d295d547db6545ed9cc9551a52d296a212b63abb9a20086c4a0b06358f2c"},"logName":"projects/muni-production-f8e72/logs/run.googleapis.com%2Frequests","receiveTimestamp":"2022-05-07T00:15:05.011252826Z","resource":{"labels":{"configuration_name":"muni-front","location":"asia-northeast1","project_id":"muni-production-f8e72","revision_name":"muni-front-jq7fz","service_name":"muni-front"},"type":"cloud_run_revision"},"severity":"INFO","timestamp":"2022-05-07T00:15:05.007544Z","trace":"projects/muni-production-f8e72/traces/763b018ddd7d3b85520862eed6937ebf"}
{"httpRequest":{"latency":"0.006109140s","protocol":"HTTP/1.1","remoteIp":"94.102.61.10","requestMethod":"GET","requestSize":"383","requestUrl":"https://35.241.42.228/","responseSize":"6077","serverIp":"35.241.42.228","status":200,"userAgent":"python-requests/2.26.0"},"insertId":"6275b746000a7cabf235a3ed","labels":{"instanceId":"0067430fbd87d90256f2e59c0e4f2aba79064af94274bcdca0bfd9a4455db453dd53d295d547db6545ed9cc9551a52d296a212b63abb9a20086c4a0b06358f2c"},"logName":"projects/muni-production-f8e72/logs/run.googleapis.com%2Frequests","receiveTimestamp":"2022-05-07T00:03:18.804535188Z","resource":{"labels":{"configuration_name":"muni-front","location":"asia-northeast1","project_id":"muni-production-f8e72","revision_name":"muni-front-jq7fz","service_name":"muni-front"},"type":"cloud_run_revision"},"severity":"INFO","timestamp":"2022-05-07T00:03:18.687275Z","trace":"projects/muni-production-f8e72/traces/0919426d7090ebec4f3231063f475bec"}
{"httpRequest":{"latency":"0.007890882s","protocol":"HTTP/1.1","remoteIp":"94.102.61.10","requestMethod":"GET","requestSize":"385","requestUrl":"https://muni.ink/ogp_image.webp","responseSize":"12162","serverIp":"35.241.42.228","status":200,"userAgent":"python-requests/2.26.0"},"insertId":"6275b745000c3b4ab7d3c0c6","labels":{"instanceId":"0067430fbd87d90256f2e59c0e4f2aba79064af94274bcdca0bfd9a4455db453dd53d295d547db6545ed9cc9551a52d296a212b63abb9a20086c4a0b06358f2c"},"logName":"projects/muni-production-f8e72/logs/run.googleapis.com%2Frequests","receiveTimestamp":"2022-05-07T00:03:17.805022309Z","resource":{"labels":{"configuration_name":"muni-front","location":"asia-northeast1","project_id":"muni-production-f8e72","revision_name":"muni-front-jq7fz","service_name":"muni-front"},"type":"cloud_run_revision"},"severity":"INFO","timestamp":"2022-05-07T00:03:17.801610Z","trace":"projects/muni-production-f8e72/traces/66913eb379b5c43cd255a129aae75668"}
{"httpRequest":{"latency":"0.005437363s","protocol":"HTTP/1.1","remoteIp":"122.155.3.106","requestMethod":"GET","requestSize":"488","requestUrl":"https://muni.ink/radio.txt","responseSize":"3347","serverIp":"35.241.42.228","status":404,"userAgent":"Mozilla/5.0 (Windows NT 6.1; WOW64) AppleWebKit/537.36 (KHTML, like Gecko) Chrome/50.0.2661.75 Safari/537.36"},"insertId":"6275b28e0001f8891028c6fa","labels":{"instanceId":"0067430fbd87d90256f2e59c0e4f2aba79064af94274bcdca0bfd9a4455db453dd53d295d547db6545ed9cc9551a52d296a212b63abb9a20086c4a0b06358f2c"},"logName":"projects/muni-production-f8e72/logs/run.googleapis.com%2Frequests","receiveTimestamp":"2022-05-06T23:43:10.133207856Z","resource":{"labels":{"configuration_name":"muni-front","location":"asia-northeast1","project_id":"muni-production-f8e72","revision_name":"muni-front-jq7fz","service_name":"muni-front"},"type":"cloud_run_revision"},"severity":"WARNING","timestamp":"2022-05-06T23:43:10.129161Z","trace":"projects/muni-production-f8e72/traces/fff89b07e773086cd5e8edc85a60436c"}
{"httpRequest":{"latency":"0.198393737s","protocol":"HTTP/1.1","referer":"https://muni.ink/","remoteIp":"66.249.64.220","requestMethod":"POST","requestSize":"663","requestUrl":"https://api.muni.ink/user","responseSize":"971","serverIp":"35.241.42.228","status":200,"userAgent":"Mozilla/5.0 (Linux; Android 6.0.1; Nexus 5X Build/MMB29P) AppleWebKit/537.36 (KHTML, like Gecko) Chrome/100.0.4896.127 Mobile Safari/537.36 (compatible; Googlebot/2.1; +http://www.google.com/bot.html)"},"insertId":"6275b1420000df0be2e4aa21","labels":{"instanceId":"0067430fbdd0a70138bfabd74feb01b624d90cb4bd534ef1d388ec5280b2fab42cf140ff9f3cfe3d69242256eef3069e99349eab6bcb5c4e42ecf008dfd06763"},"logName":"projects/muni-production-f8e72/logs/run.googleapis.com%2Frequests","receiveTimestamp":"2022-05-06T23:37:38.365596729Z","resource":{"labels":{"configuration_name":"muni-back","location":"asia-northeast1","project_id":"muni-production-f8e72","revision_name":"muni-back-hpgtt","service_name":"muni-back"},"type":"cloud_run_revision"},"severity":"INFO","timestamp":"2022-05-06T23:37:38.057099Z","trace":"projects/muni-production-f8e72/traces/93a0f6c98a9cfe2cda74a7f9a1bb5a51"}
{"insertId":"6275b1420000d99f37545e22","jsonPayload":{"accountId":"poo111","ident":"SUCCESS_TO_FIND","level":"INFO","message":"User found.","method":"UserAPI","timestamp":"2022-5-6 23:37:38"},"labels":{"instanceId":"0067430fbdd0a70138bfabd74feb01b624d90cb4bd534ef1d388ec5280b2fab42cf140ff9f3cfe3d69242256eef3069e99349eab6bcb5c4e42ecf008dfd06763"},"logName":"projects/muni-production-f8e72/logs/run.googleapis.com%2Fstdout","receiveTimestamp":"2022-05-06T23:37:38.196376774Z","resource":{"labels":{"configuration_name":"muni-back","location":"asia-northeast1","project_id":"muni-production-f8e72","revision_name":"muni-back-hpgtt","service_name":"muni-back"},"type":"cloud_run_revision"},"timestamp":"2022-05-06T23:37:38.055711Z"}
{"insertId":"6275b1420000d98b196b3703","jsonPayload":{"ident":"FETCH_USER","level":"INFO","message":"Complete fetching user data.","method":"UserAPI","timestamp":"2022-5-6 23:37:38"},"labels":{"instanceId":"0067430fbdd0a70138bfabd74feb01b624d90cb4bd534ef1d388ec5280b2fab42cf140ff9f3cfe3d69242256eef3069e99349eab6bcb5c4e42ecf008dfd06763"},"logName":"projects/muni-production-f8e72/logs/run.googleapis.com%2Fstdout","receiveTimestamp":"2022-05-06T23:37:38.196376774Z","resource":{"labels":{"configuration_name":"muni-back","location":"asia-northeast1","project_id":"muni-production-f8e72","revision_name":"muni-back-hpgtt","service_name":"muni-back"},"type":"cloud_run_revision"},"timestamp":"2022-05-06T23:37:38.055691Z"}
{"insertId":"6275b141000efd4bd021451e","jsonPayload":{"accountId":"poo111","ident":"FILTERING_WORKS","level":"INFO","message":"Search works link to the user.","method":"UserAPI","timestamp":"2022-5-6 23:37:37"},"labels":{"instanceId":"0067430fbdd0a70138bfabd74feb01b624d90cb4bd534ef1d388ec5280b2fab42cf140ff9f3cfe3d69242256eef3069e99349eab6bcb5c4e42ecf008dfd06763"},"logName":"projects/muni-production-f8e72/logs/run.googleapis.com%2Fstdout","receiveTimestamp":"2022-05-06T23:37:38.196376774Z","resource":{"labels":{"configuration_name":"muni-back","location":"asia-northeast1","project_id":"muni-production-f8e72","revision_name":"muni-back-hpgtt","service_name":"muni-back"},"type":"cloud_run_revision"},"timestamp":"2022-05-06T23:37:37.982347Z"}
{"insertId":"6275b141000d21e0311a0298","jsonPayload":{"ident":"RECIEVE","level":"INFO","message":"Recieve the work post request.","method":"UserAPI","timestamp":"2022-5-6 23:37:37"},"labels":{"instanceId":"0067430fbdd0a70138bfabd74feb01b624d90cb4bd534ef1d388ec5280b2fab42cf140ff9f3cfe3d69242256eef3069e99349eab6bcb5c4e42ecf008dfd06763"},"logName":"projects/muni-production-f8e72/logs/run.googleapis.com%2Fstdout","receiveTimestamp":"2022-05-06T23:37:37.863702374Z","resource":{"labels":{"configuration_name":"muni-back","location":"asia-northeast1","project_id":"muni-production-f8e72","revision_name":"muni-back-hpgtt","service_name":"muni-back"},"type":"cloud_run_revision"},"timestamp":"2022-05-06T23:37:37.860640Z"}
{"httpRequest":{"latency":"0.003314207s","protocol":"HTTP/1.1","remoteIp":"66.249.64.220","requestMethod":"GET","requestSize":"375","requestUrl":"https://api.muni.ink/robots.txt","responseSize":"956","serverIp":"35.241.42.228","status":404,"userAgent":"Mozilla/5.0 (compatible; Googlebot/2.1; +http://www.google.com/bot.html)"},"insertId":"6275b141000aa085f6f3e669","labels":{"instanceId":"0067430fbdd0a70138bfabd74feb01b624d90cb4bd534ef1d388ec5280b2fab42cf140ff9f3cfe3d69242256eef3069e99349eab6bcb5c4e42ecf008dfd06763"},"logName":"projects/muni-production-f8e72/logs/run.googleapis.com%2Frequests","receiveTimestamp":"2022-05-06T23:37:37.700568997Z","resource":{"labels":{"configuration_name":"muni-back","location":"asia-northeast1","project_id":"muni-production-f8e72","revision_name":"muni-back-hpgtt","service_name":"muni-back"},"type":"cloud_run_revision"},"severity":"WARNING","timestamp":"2022-05-06T23:37:37.696453Z","trace":"projects/muni-production-f8e72/traces/352d255b1ff2a9eb0559a751fbcac003"}
{"httpRequest":{"latency":"0.794039017s","protocol":"HTTP/1.1","referer":"https://muni.ink/?wbraid=CjoKCAjwyMiTBhBKEioAa8MO5ki1UfWGULnZjb0O9RIujGf4SYrwSjkDfNggtJ3Tqu_Oyw0od40aAiJv","remoteIp":"14.9.146.0","requestMethod":"GET","requestSize":"900","requestUrl":"https://muni.ink/_next/image?url=%2Flogo_landing.png&w=384&q=75","responseSize":"710","serverIp":"35.241.42.228","status":304,"userAgent":"Mozilla/5.0 (iPhone; CPU iPhone OS 15_4_1 like Mac OS X) AppleWebKit/605.1.15 (KHTML, like Gecko) Version/15.4 Mobile/15E148 Safari/604.1"},"insertId":"6275ad59000c0ec0cc882be9","labels":{"instanceId":"0067430fbd87d90256f2e59c0e4f2aba79064af94274bcdca0bfd9a4455db453dd53d295d547db6545ed9cc9551a52d296a212b63abb9a20086c4a0b06358f2c"},"logName":"projects/muni-production-f8e72/logs/run.googleapis.com%2Frequests","receiveTimestamp":"2022-05-06T23:20:57.847145611Z","resource":{"labels":{"configuration_name":"muni-front","location":"asia-northeast1","project_id":"muni-production-f8e72","revision_name":"muni-front-jq7fz","service_name":"muni-front"},"type":"cloud_run_revision"},"severity":"INFO","timestamp":"2022-05-06T23:20:57.790208Z","trace":"projects/muni-production-f8e72/traces/2d18c7a66c0c4fd3b0fe9f3e01ec5a4d"}
{"httpRequest":{"latency":"0.569027664s","protocol":"HTTP/1.1","referer":"https://muni.ink/?wbraid=CjoKCAjwyMiTBhBKEioAa8MO5ki1UfWGULnZjb0O9RIujGf4SYrwSjkDfNggtJ3Tqu_Oyw0od40aAiJv","remoteIp":"14.9.146.0","requestMethod":"GET","requestSize":"903","requestUrl":"https://muni.ink/_next/image?url=%2Flogo_horizontal.png&w=384&q=75","responseSize":"710","serverIp":"35.241.42.228","status":304,"userAgent":"Mozilla/5.0 (iPhone; CPU iPhone OS 15_4_1 like Mac OS X) AppleWebKit/605.1.15 (KHTML, like Gecko) Version/15.4 Mobile/15E148 Safari/604.1"},"insertId":"6275ad59000883c3a38c088a","labels":{"instanceId":"0067430fbd87d90256f2e59c0e4f2aba79064af94274bcdca0bfd9a4455db453dd53d295d547db6545ed9cc9551a52d296a212b63abb9a20086c4a0b06358f2c"},"logName":"projects/muni-production-f8e72/logs/run.googleapis.com%2Frequests","receiveTimestamp":"2022-05-06T23:20:57.847145611Z","resource":{"labels":{"configuration_name":"muni-front","location":"asia-northeast1","project_id":"muni-production-f8e72","revision_name":"muni-front-jq7fz","service_name":"muni-front"},"type":"cloud_run_revision"},"severity":"INFO","timestamp":"2022-05-06T23:20:57.558019Z","trace":"projects/muni-production-f8e72/traces/a1d46de95e2417cacc0ef97b6b64a5bc"}
{"httpRequest":{"latency":"0.253950636s","protocol":"HTTP/1.1","referer":"https://muni.ink/","remoteIp":"14.9.146.0","requestMethod":"POST","requestSize":"649","requestUrl":"https://api.muni.ink/recent","responseSize":"12342","serverIp":"35.241.42.228","status":200,"userAgent":"Mozilla/5.0 (iPhone; CPU iPhone OS 15_4_1 like Mac OS X) AppleWebKit/605.1.15 (KHTML, like Gecko) Version/15.4 Mobile/15E148 Safari/604.1"},"insertId":"6275ad5900050237242b9bc6","labels":{"instanceId":"0067430fbdd0a70138bfabd74feb01b624d90cb4bd534ef1d388ec5280b2fab42cf140ff9f3cfe3d69242256eef3069e99349eab6bcb5c4e42ecf008dfd06763"},"logName":"projects/muni-production-f8e72/logs/run.googleapis.com%2Frequests","receiveTimestamp":"2022-05-06T23:20:57.358527913Z","resource":{"labels":{"configuration_name":"muni-back","location":"asia-northeast1","project_id":"muni-production-f8e72","revision_name":"muni-back-hpgtt","service_name":"muni-back"},"type":"cloud_run_revision"},"severity":"INFO","timestamp":"2022-05-06T23:20:57.328247Z","trace":"projects/muni-production-f8e72/traces/669946f0f2924484b0075e5e76dc82a1"}
{"insertId":"6275ad590004fbc86b4115bb","jsonPayload":{"ident":"FETCH_SUCCESS","level":"INFO","message":"Success to fetch.","method":"RecentPostAPI","timestamp":"2022-5-6 23:20:57"},"labels":{"instanceId":"0067430fbdd0a70138bfabd74feb01b624d90cb4bd534ef1d388ec5280b2fab42cf140ff9f3cfe3d69242256eef3069e99349eab6bcb5c4e42ecf008dfd06763"},"logName":"projects/muni-production-f8e72/logs/run.googleapis.com%2Fstdout","receiveTimestamp":"2022-05-06T23:20:57.412061367Z","resource":{"labels":{"configuration_name":"muni-back","location":"asia-northeast1","project_id":"muni-production-f8e72","revision_name":"muni-back-hpgtt","service_name":"muni-back"},"type":"cloud_run_revision"},"timestamp":"2022-05-06T23:20:57.326600Z"}
{"insertId":"6275ad59000129fad55ac755","jsonPayload":{"ident":"RECIEVE","level":"INFO","message":"Recieve the recent posted works request.","method":"RecentPostAPI","timestamp":"2022-5-6 23:20:57"},"labels":{"instanceId":"0067430fbdd0a70138bfabd74feb01b624d90cb4bd534ef1d388ec5280b2fab42cf140ff9f3cfe3d69242256eef3069e99349eab6bcb5c4e42ecf008dfd06763"},"logName":"projects/muni-production-f8e72/logs/run.googleapis.com%2Fstdout","receiveTimestamp":"2022-05-06T23:20:57.080536225Z","resource":{"labels":{"configuration_name":"muni-back","location":"asia-northeast1","project_id":"muni-production-f8e72","revision_name":"muni-back-hpgtt","service_name":"muni-back"},"type":"cloud_run_revision"},"timestamp":"2022-05-06T23:20:57.076282Z"}
{"httpRequest":{"latency":"0.002631734s","protocol":"HTTP/1.1","referer":"https://muni.ink/","remoteIp":"14.9.146.0","requestMethod":"OPTIONS","requestSize":"690","requestUrl":"https://api.muni.ink/recent","responseSize":"853","serverIp":"35.241.42.228","status":204,"userAgent":"Mozilla/5.0 (iPhone; CPU iPhone OS 15_4_1 like Mac OS X) AppleWebKit/605.1.15 (KHTML, like Gecko) Version/15.4 Mobile/15E148 Safari/604.1"},"insertId":"6275ad5900005aaf05ca241f","labels":{"instanceId":"0067430fbdd0a70138bfabd74feb01b624d90cb4bd534ef1d388ec5280b2fab42cf140ff9f3cfe3d69242256eef3069e99349eab6bcb5c4e42ecf008dfd06763"},"logName":"projects/muni-production-f8e72/logs/run.googleapis.com%2Frequests","receiveTimestamp":"2022-05-06T23:20:57.026875936Z","resource":{"labels":{"configuration_name":"muni-back","location":"asia-northeast1","project_id":"muni-production-f8e72","revision_name":"muni-back-hpgtt","service_name":"muni-back"},"type":"cloud_run_revision"},"severity":"INFO","timestamp":"2022-05-06T23:20:57.023215Z","trace":"projects/muni-production-f8e72/traces/b7ecf320b920c1d6861e2cac3d298a3d"}
{"insertId":"6275ad590000367466b43a81","labels":{"instanceId":"0067430fbd87d90256f2e59c0e4f2aba79064af94274bcdca0bfd9a4455db453dd53d295d547db6545ed9cc9551a52d296a212b63abb9a20086c4a0b06358f2c"},"logName":"projects/muni-production-f8e72/logs/run.googleapis.com%2Fstderr","receiveTimestamp":"2022-05-06T23:20:57.016988187Z","resource":{"labels":{"configuration_name":"muni-front","location":"asia-northeast1","project_id":"muni-production-f8e72","revision_name":"muni-front-jq7fz","service_name":"muni-front"},"type":"cloud_run_revision"},"textPayload":"Read more: https://nextjs.org/docs/messages/sharp-missing-in-production","timestamp":"2022-05-06T23:20:57.013940Z"}
{"insertId":"6275ad5900003659b71e4237","labels":{"instanceId":"0067430fbd87d90256f2e59c0e4f2aba79064af94274bcdca0bfd9a4455db453dd53d295d547db6545ed9cc9551a52d296a212b63abb9a20086c4a0b06358f2c"},"logName":"projects/muni-production-f8e72/logs/run.googleapis.com%2Fstderr","receiveTimestamp":"2022-05-06T23:20:57.016988187Z","resource":{"labels":{"configuration_name":"muni-front","location":"asia-northeast1","project_id":"muni-production-f8e72","revision_name":"muni-front-jq7fz","service_name":"muni-front"},"type":"cloud_run_revision"},"textPayload":"Warning: For production Image Optimization with Next.js, the optional 'sharp' package is strongly recommended. Run 'yarn add sharp', and Next.js will use it automatically for Image Optimization.","timestamp":"2022-05-06T23:20:57.013913Z"}
{"httpRequest":{"latency":"0.007320350s","protocol":"HTTP/1.1","remoteIp":"14.9.146.0","requestMethod":"GET","requestSize":"756","requestUrl":"https://muni.ink/?wbraid=CjoKCAjwyMiTBhBKEioAa8MO5ki1UfWGULnZjb0O9RIujGf4SYrwSjkDfNggtJ3Tqu_Oyw0od40aAiJv","responseSize":"6077","serverIp":"35.241.42.228","status":200,"userAgent":"Mozilla/5.0 (iPhone; CPU iPhone OS 15_4_1 like Mac OS X) AppleWebKit/605.1.15 (KHTML, like Gecko) Version/15.4 Mobile/15E148 Safari/604.1"},"insertId":"6275ad580007d2833af01dfa","labels":{"instanceId":"0067430fbd87d90256f2e59c0e4f2aba79064af94274bcdca0bfd9a4455db453dd53d295d547db6545ed9cc9551a52d296a212b63abb9a20086c4a0b06358f2c"},"logName":"projects/muni-production-f8e72/logs/run.googleapis.com%2Frequests","receiveTimestamp":"2022-05-06T23:20:56.515832296Z","resource":{"labels":{"configuration_name":"muni-front","location":"asia-northeast1","project_id":"muni-production-f8e72","revision_name":"muni-front-jq7fz","service_name":"muni-front"},"type":"cloud_run_revision"},"severity":"INFO","timestamp":"2022-05-06T23:20:56.512643Z","trace":"projects/muni-production-f8e72/traces/cb9ae47f71dd57a6ce2ea5b9a204e3e5"}
{"httpRequest":{"latency":"0.022646604s","protocol":"HTTP/1.1","referer":"https://muni.ink/","remoteIp":"66.249.64.84","requestMethod":"GET","requestSize":"718","requestUrl":"https://muni.ink/nft_description.svg","responseSize":"55593","serverIp":"35.241.42.228","status":200,"userAgent":"Mozilla/5.0 (Linux; Android 6.0.1; Nexus 5X Build/MMB29P) AppleWebKit/537.36 (KHTML, like Gecko) Chrome/100.0.4896.127 Mobile Safari/537.36 (compatible; Googlebot/2.1; +http://www.google.com/bot.html)"},"insertId":"6275aaac0003079983c737d3","labels":{"instanceId":"0067430fbd87d90256f2e59c0e4f2aba79064af94274bcdca0bfd9a4455db453dd53d295d547db6545ed9cc9551a52d296a212b63abb9a20086c4a0b06358f2c"},"logName":"projects/muni-production-f8e72/logs/run.googleapis.com%2Frequests","receiveTimestamp":"2022-05-06T23:09:32.274403618Z","resource":{"labels":{"configuration_name":"muni-front","location":"asia-northeast1","project_id":"muni-production-f8e72","revision_name":"muni-front-jq7fz","service_name":"muni-front"},"type":"cloud_run_revision"},"severity":"INFO","timestamp":"2022-05-06T23:09:32.198553Z","trace":"projects/muni-production-f8e72/traces/0e6b3c584321da53f091bf01318d65ca"}
{"httpRequest":{"latency":"0.009716458s","protocol":"HTTP/1.1","referer":"https://muni.ink/","remoteIp":"66.249.64.85","requestMethod":"GET","requestSize":"720","requestUrl":"https://muni.ink/howtouse1_signup.svg","responseSize":"9618","serverIp":"35.241.42.228","status":200,"userAgent":"Mozilla/5.0 (Linux; Android 6.0.1; Nexus 5X Build/MMB29P) AppleWebKit/537.36 (KHTML, like Gecko) Chrome/100.0.4896.127 Mobile Safari/537.36 (compatible; Googlebot/2.1; +http://www.google.com/bot.html)"},"insertId":"6275aaab000f05a267d63a99","labels":{"instanceId":"0067430fbd87d90256f2e59c0e4f2aba79064af94274bcdca0bfd9a4455db453dd53d295d547db6545ed9cc9551a52d296a212b63abb9a20086c4a0b06358f2c"},"logName":"projects/muni-production-f8e72/logs/run.googleapis.com%2Frequests","receiveTimestamp":"2022-05-06T23:09:32.274403618Z","resource":{"labels":{"configuration_name":"muni-front","location":"asia-northeast1","project_id":"muni-production-f8e72","revision_name":"muni-front-jq7fz","service_name":"muni-front"},"type":"cloud_run_revision"},"severity":"INFO","timestamp":"2022-05-06T23:09:31.984482Z","trace":"projects/muni-production-f8e72/traces/275179a0fd8ba8500c447e6992f8bbbb"}
{"httpRequest":{"latency":"0.003573747s","protocol":"HTTP/1.1","referer":"https://muni.ink/","remoteIp":"66.249.64.85","requestMethod":"GET","requestSize":"676","requestUrl":"https://muni.ink/_next/static/css/c68c0af69704dac3.css","responseSize":"1277","serverIp":"35.241.42.228","status":200,"userAgent":"Mozilla/5.0 (Linux; Android 6.0.1; Nexus 5X Build/MMB29P) AppleWebKit/537.36 (KHTML, like Gecko) Chrome/100.0.4896.127 Mobile Safari/537.36 (compatible; Googlebot/2.1; +http://www.google.com/bot.html)"},"insertId":"6275aaab00036bc909a66e29","labels":{"instanceId":"0067430fbd87d90256f2e59c0e4f2aba79064af94274bcdca0bfd9a4455db453dd53d295d547db6545ed9cc9551a52d296a212b63abb9a20086c4a0b06358f2c"},"logName":"projects/muni-production-f8e72/logs/run.googleapis.com%2Frequests","receiveTimestamp":"2022-05-06T23:09:31.274801029Z","resource":{"labels":{"configuration_name":"muni-front","location":"asia-northeast1","project_id":"muni-production-f8e72","revision_name":"muni-front-jq7fz","service_name":"muni-front"},"type":"cloud_run_revision"},"severity":"INFO","timestamp":"2022-05-06T23:09:31.224201Z","trace":"projects/muni-production-f8e72/traces/f55f56acbb31ac87282e289295506012"}
{"httpRequest":{"latency":"0.008982904s","protocol":"HTTP/1.1","referer":"https://muni.ink/","remoteIp":"66.249.64.84","requestMethod":"GET","requestSize":"745","requestUrl":"https://muni.ink/_next/static/chunks/pages/article/%5Bid%5D-ba2e332a731b1526.js","responseSize":"2326","serverIp":"35.241.42.228","status":200,"userAgent":"Mozilla/5.0 (Linux; Android 6.0.1; Nexus 5X Build/MMB29P) AppleWebKit/537.36 (KHTML, like Gecko) Chrome/100.0.4896.127 Mobile Safari/537.36 (compatible; Googlebot/2.1; +http://www.google.com/bot.html)"},"insertId":"6275aaaa0003f57892cd49c5","labels":{"instanceId":"0067430fbd87d90256f2e59c0e4f2aba79064af94274bcdca0bfd9a4455db453dd53d295d547db6545ed9cc9551a52d296a212b63abb9a20086c4a0b06358f2c"},"logName":"projects/muni-production-f8e72/logs/run.googleapis.com%2Frequests","receiveTimestamp":"2022-05-06T23:09:30.279106967Z","resource":{"labels":{"configuration_name":"muni-front","location":"asia-northeast1","project_id":"muni-production-f8e72","revision_name":"muni-front-jq7fz","service_name":"muni-front"},"type":"cloud_run_revision"},"severity":"INFO","timestamp":"2022-05-06T23:09:30.259448Z","trace":"projects/muni-production-f8e72/traces/c34e1dc61c2075d7be6abbda76b5090f"}
{"httpRequest":{"latency":"0.098891542s","protocol":"HTTP/1.1","referer":"https://muni.ink/","remoteIp":"66.249.64.86","requestMethod":"GET","requestSize":"713","requestUrl":"https://muni.ink/_next/data/IVVvbvvWS4XaF0igaWv4S/article/articles001_what_is_metamask.json","responseSize":"2057","serverIp":"35.241.42.228","status":200,"userAgent":"Mozilla/5.0 (Linux; Android 6.0.1; Nexus 5X Build/MMB29P) AppleWebKit/537.36 (KHTML, like Gecko) Chrome/100.0.4896.127 Mobile Safari/537.36 (compatible; Googlebot/2.1; +http://www.google.com/bot.html)"},"insertId":"6275aaa9000a23eefe93300e","labels":{"instanceId":"0067430fbd87d90256f2e59c0e4f2aba79064af94274bcdca0bfd9a4455db453dd53d295d547db6545ed9cc9551a52d296a212b63abb9a20086c4a0b06358f2c"},"logName":"projects/muni-production-f8e72/logs/run.googleapis.com%2Frequests","receiveTimestamp":"2022-05-06T23:09:29.942280968Z","resource":{"labels":{"configuration_name":"muni-front","location":"asia-northeast1","project_id":"muni-production-f8e72","revision_name":"muni-front-jq7fz","service_name":"muni-front"},"type":"cloud_run_revision"},"severity":"INFO","timestamp":"2022-05-06T23:09:29.664558Z","trace":"projects/muni-production-f8e72/traces/355e1b4dd80351ff3474b0e731e1222b"}
{"httpRequest":{"latency":"0.004128106s","protocol":"HTTP/1.1","referer":"https://muni.ink/","remoteIp":"66.249.64.86","requestMethod":"GET","requestSize":"731","requestUrl":"https://muni.ink/_next/static/chunks/a9a7754c-7284bf2d89f5983d.js","responseSize":"2063","serverIp":"35.241.42.228","status":200,"userAgent":"Mozilla/5.0 (Linux; Android 6.0.1; Nexus 5X Build/MMB29P) AppleWebKit/537.36 (KHTML, like Gecko) Chrome/100.0.4896.127 Mobile Safari/537.36 (compatible; Googlebot/2.1; +http://www.google.com/bot.html)"},"insertId":"6275aaa8000c4133c81f2b52","labels":{"instanceId":"0067430fbd87d90256f2e59c0e4f2aba79064af94274bcdca0bfd9a4455db453dd53d295d547db6545ed9cc9551a52d296a212b63abb9a20086c4a0b06358f2c"},"logName":"projects/muni-production-f8e72/logs/run.googleapis.com%2Frequests","receiveTimestamp":"2022-05-06T23:09:28.943448166Z","resource":{"labels":{"configuration_name":"muni-front","location":"asia-northeast1","project_id":"muni-production-f8e72","revision_name":"muni-front-jq7fz","service_name":"muni-front"},"type":"cloud_run_revision"},"severity":"INFO","timestamp":"2022-05-06T23:09:28.803123Z","trace":"projects/muni-production-f8e72/traces/3f3f6b0383de84a54630a26d99972147"}
{"httpRequest":{"latency":"0.269444411s","protocol":"HTTP/1.1","referer":"https://muni.ink/","remoteIp":"66.249.64.218","requestMethod":"POST","requestSize":"655","requestUrl":"https://api.muni.ink/recent","responseSize":"12342","serverIp":"35.241.42.228","status":200,"userAgent":"Mozilla/5.0 (Linux; Android 6.0.1; Nexus 5X Build/MMB29P) AppleWebKit/537.36 (KHTML, like Gecko) Chrome/100.0.4896.127 Mobile Safari/537.36 (compatible; Googlebot/2.1; +http://www.google.com/bot.html)"},"insertId":"6275aaa80005ddfd92727584","labels":{"instanceId":"0067430fbdd0a70138bfabd74feb01b624d90cb4bd534ef1d388ec5280b2fab42cf140ff9f3cfe3d69242256eef3069e99349eab6bcb5c4e42ecf008dfd06763"},"logName":"projects/muni-production-f8e72/logs/run.googleapis.com%2Frequests","receiveTimestamp":"2022-05-06T23:09:28.391247155Z","resource":{"labels":{"configuration_name":"muni-back","location":"asia-northeast1","project_id":"muni-production-f8e72","revision_name":"muni-back-hpgtt","service_name":"muni-back"},"type":"cloud_run_revision"},"severity":"INFO","timestamp":"2022-05-06T23:09:28.384509Z","trace":"projects/muni-production-f8e72/traces/bf4f8bbb3727813631ef3443e873ce21"}
{"insertId":"6275aaa80005d7cbbcbec41e","jsonPayload":{"ident":"FETCH_SUCCESS","level":"INFO","message":"Success to fetch.","method":"RecentPostAPI","timestamp":"2022-5-6 23:9:28"},"labels":{"instanceId":"0067430fbdd0a70138bfabd74feb01b624d90cb4bd534ef1d388ec5280b2fab42cf140ff9f3cfe3d69242256eef3069e99349eab6bcb5c4e42ecf008dfd06763"},"logName":"projects/muni-production-f8e72/logs/run.googleapis.com%2Fstdout","receiveTimestamp":"2022-05-06T23:09:28.454467518Z","resource":{"labels":{"configuration_name":"muni-back","location":"asia-northeast1","project_id":"muni-production-f8e72","revision_name":"muni-back-hpgtt","service_name":"muni-back"},"type":"cloud_run_revision"},"timestamp":"2022-05-06T23:09:28.382923Z"}
{"insertId":"6275aaa80001cb25f73be53a","jsonPayload":{"ident":"RECIEVE","level":"INFO","message":"Recieve the recent posted works request.","method":"RecentPostAPI","timestamp":"2022-5-6 23:9:28"},"labels":{"instanceId":"0067430fbdd0a70138bfabd74feb01b624d90cb4bd534ef1d388ec5280b2fab42cf140ff9f3cfe3d69242256eef3069e99349eab6bcb5c4e42ecf008dfd06763"},"logName":"projects/muni-production-f8e72/logs/run.googleapis.com%2Fstdout","receiveTimestamp":"2022-05-06T23:09:28.121676655Z","resource":{"labels":{"configuration_name":"muni-back","location":"asia-northeast1","project_id":"muni-production-f8e72","revision_name":"muni-back-hpgtt","service_name":"muni-back"},"type":"cloud_run_revision"},"timestamp":"2022-05-06T23:09:28.117541Z"}
{"httpRequest":{"latency":"0.002953671s","protocol":"HTTP/1.1","referer":"https://muni.ink/","remoteIp":"66.249.64.220","requestMethod":"OPTIONS","requestSize":"675","requestUrl":"https://api.muni.ink/recent","responseSize":"853","serverIp":"35.241.42.228","status":204,"userAgent":"Mozilla/5.0 (Linux; Android 6.0.1; Nexus 5X Build/MMB29P) AppleWebKit/537.36 (KHTML, like Gecko) Chrome/100.0.4896.127 Mobile Safari/537.36 (compatible; Googlebot/2.1; +http://www.google.com/bot.html)"},"insertId":"6275aaa7000afe2121589b7a","labels":{"instanceId":"0067430fbdd0a70138bfabd74feb01b624d90cb4bd534ef1d388ec5280b2fab42cf140ff9f3cfe3d69242256eef3069e99349eab6bcb5c4e42ecf008dfd06763"},"logName":"projects/muni-production-f8e72/logs/run.googleapis.com%2Frequests","receiveTimestamp":"2022-05-06T23:09:27.722664715Z","resource":{"labels":{"configuration_name":"muni-back","location":"asia-northeast1","project_id":"muni-production-f8e72","revision_name":"muni-back-hpgtt","service_name":"muni-back"},"type":"cloud_run_revision"},"severity":"INFO","timestamp":"2022-05-06T23:09:27.720417Z","trace":"projects/muni-production-f8e72/traces/55cb77476b497bb3f6c02391f6f5f1d6"}
{"httpRequest":{"latency":"0.005510344s","protocol":"HTTP/1.1","remoteIp":"66.249.64.86","requestMethod":"GET","requestSize":"627","requestUrl":"https://muni.ink/","responseSize":"6077","serverIp":"35.241.42.228","status":200,"userAgent":"Mozilla/5.0 (Linux; Android 6.0.1; Nexus 5X Build/MMB29P) AppleWebKit/537.36 (KHTML, like Gecko) Chrome/100.0.4896.127 Mobile Safari/537.36 (compatible; Googlebot/2.1; +http://www.google.com/bot.html)"},"insertId":"6275aaa500043b152f6bb110","labels":{"instanceId":"0067430fbd87d90256f2e59c0e4f2aba79064af94274bcdca0bfd9a4455db453dd53d295d547db6545ed9cc9551a52d296a212b63abb9a20086c4a0b06358f2c"},"logName":"projects/muni-production-f8e72/logs/run.googleapis.com%2Frequests","receiveTimestamp":"2022-05-06T23:09:25.281954066Z","resource":{"labels":{"configuration_name":"muni-front","location":"asia-northeast1","project_id":"muni-production-f8e72","revision_name":"muni-front-jq7fz","service_name":"muni-front"},"type":"cloud_run_revision"},"severity":"INFO","timestamp":"2022-05-06T23:09:25.277269Z","trace":"projects/muni-production-f8e72/traces/98912fea260edeaf16049f006a71840e"}
{"httpRequest":{"latency":"0.124920066s","protocol":"HTTP/1.1","remoteIp":"65.108.101.153","requestMethod":"GET","requestSize":"436","requestUrl":"https://storage.muni.ink/token/4vvC0q4GIMLoLv2aHafb","responseSize":"926","serverIp":"35.241.42.228","status":200,"userAgent":"axios/0.27.2"},"insertId":"6275a7f90009bd001a59b5ca","labels":{"instanceId":"0067430fbdd0a70138bfabd74feb01b624d90cb4bd534ef1d388ec5280b2fab42cf140ff9f3cfe3d69242256eef3069e99349eab6bcb5c4e42ecf008dfd06763"},"logName":"projects/muni-production-f8e72/logs/run.googleapis.com%2Frequests","receiveTimestamp":"2022-05-06T22:58:01.642279374Z","resource":{"labels":{"configuration_name":"muni-back","location":"asia-northeast1","project_id":"muni-production-f8e72","revision_name":"muni-back-hpgtt","service_name":"muni-back"},"type":"cloud_run_revision"},"severity":"INFO","timestamp":"2022-05-06T22:58:01.638208Z","trace":"projects/muni-production-f8e72/traces/437ff91ebe9b482b33a689ed68e669ee"}
{"insertId":"6275a7f90007dbd0853fc1c5","jsonPayload":{"ident":"RECIEVE","level":"INFO","message":"Recieve the token request for 4vvC0q4GIMLoLv2aHafb.","method":"TokenAPI","timestamp":"2022-5-6 22:58:1"},"labels":{"instanceId":"0067430fbdd0a70138bfabd74feb01b624d90cb4bd534ef1d388ec5280b2fab42cf140ff9f3cfe3d69242256eef3069e99349eab6bcb5c4e42ecf008dfd06763"},"logName":"projects/muni-production-f8e72/logs/run.googleapis.com%2Fstdout","receiveTimestamp":"2022-05-06T22:58:01.519681502Z","resource":{"labels":{"configuration_name":"muni-back","location":"asia-northeast1","project_id":"muni-production-f8e72","revision_name":"muni-back-hpgtt","service_name":"muni-back"},"type":"cloud_run_revision"},"timestamp":"2022-05-06T22:58:01.515024Z"}
{"httpRequest":{"latency":"0.003719114s","protocol":"HTTP/1.1","remoteIp":"36.106.167.223","requestMethod":"GET","requestSize":"538","requestUrl":"https://z-h-e-n-115.appspot.com/","responseSize":"35263","serverIp":"35.241.42.228","status":200,"userAgent":"Mozilla/5.011891626 Mozilla/5.0 (iPhone; CPU iPhone OS 11_4 like Mac OS X) AppleWebKit/605.1.15 (KHTML, like Gecko) Version/11.0 Mobile/15E148 Safari/604.1"},"insertId":"6275a5fd0000933f2a61719f","labels":{"instanceId":"0067430fbd87d90256f2e59c0e4f2aba79064af94274bcdca0bfd9a4455db453dd53d295d547db6545ed9cc9551a52d296a212b63abb9a20086c4a0b06358f2c"},"logName":"projects/muni-production-f8e72/logs/run.googleapis.com%2Frequests","receiveTimestamp":"2022-05-06T22:49:33.100526676Z","resource":{"labels":{"configuration_name":"muni-front","location":"asia-northeast1","project_id":"muni-production-f8e72","revision_name":"muni-front-jq7fz","service_name":"muni-front"},"type":"cloud_run_revision"},"severity":"INFO","timestamp":"2022-05-06T22:49:33.037695Z","trace":"projects/muni-production-f8e72/traces/a10570f60893f1320ada9ae3b1e16189"}
{"httpRequest":{"latency":"0.003657629s","protocol":"HTTP/1.1","remoteIp":"119.60.105.101","requestMethod":"GET","requestSize":"509","requestUrl":"https://zwx1232zwx.appspot.com/","responseSize":"35263","serverIp":"35.241.42.228","status":200,"userAgent":"Mozilla/5.02450246 Mozilla/5.0 (Windows NT 10.0; WOW64) AppleWebKit/537.36 (KHTML, like Gecko) Chrome/35.0.1916.157 Safari/537.36"},"insertId":"6275a5fc00062ba115576173","labels":{"instanceId":"0067430fbd87d90256f2e59c0e4f2aba79064af94274bcdca0bfd9a4455db453dd53d295d547db6545ed9cc9551a52d296a212b63abb9a20086c4a0b06358f2c"},"logName":"projects/muni-production-f8e72/logs/run.googleapis.com%2Frequests","receiveTimestamp":"2022-05-06T22:49:32.435332849Z","resource":{"labels":{"configuration_name":"muni-front","location":"asia-northeast1","project_id":"muni-production-f8e72","revision_name":"muni-front-jq7fz","service_name":"muni-front"},"type":"cloud_run_revision"},"severity":"INFO","timestamp":"2022-05-06T22:49:32.404385Z","trace":"projects/muni-production-f8e72/traces/010c029a1d49638c3852bdb96ce18bc2"}
{"httpRequest":{"latency":"0.004438524s","protocol":"HTTP/1.1","remoteIp":"124.117.192.87","requestMethod":"GET","requestSize":"518","requestUrl":"https://c123123ggggg.appspot.com/","responseSize":"35263","serverIp":"35.241.42.228","status":200,"userAgent":"Mozilla/5.017824534 Mozilla/5.0 (Windows NT 6.2; Win64; x64) AppleWebKit/537.36 (KHTML, like Gecko) Chrome/68.0.3440.106 Safari/537.36"},"insertId":"6275a5fb000bb0473e96dee0","labels":{"instanceId":"0067430fbd87d90256f2e59c0e4f2aba79064af94274bcdca0bfd9a4455db453dd53d295d547db6545ed9cc9551a52d296a212b63abb9a20086c4a0b06358f2c"},"logName":"projects/muni-production-f8e72/logs/run.googleapis.com%2Frequests","receiveTimestamp":"2022-05-06T22:49:31.770556540Z","resource":{"labels":{"configuration_name":"muni-front","location":"asia-northeast1","project_id":"muni-production-f8e72","revision_name":"muni-front-jq7fz","service_name":"muni-front"},"type":"cloud_run_revision"},"severity":"INFO","timestamp":"2022-05-06T22:49:31.766023Z","trace":"projects/muni-production-f8e72/traces/d693f2a629c66f65f4d6833e43734788"}
{"httpRequest":{"latency":"0.004342252s","protocol":"HTTP/1.1","referer":"https://muni.ink/user/lacrima","remoteIp":"66.249.64.84","requestMethod":"GET","requestSize":"692","requestUrl":"https://muni.ink/_next/static/chunks/pages/post-60154fe58d315991.js","responseSize":"4247","serverIp":"35.241.42.228","status":200,"userAgent":"Mozilla/5.0 AppleWebKit/537.36 (KHTML, like Gecko; compatible; Googlebot/2.1; +http://www.google.com/bot.html) Chrome/100.0.4896.127 Safari/537.36"},"insertId":"6275a28f0007c40460222b42","labels":{"instanceId":"0067430fbd87d90256f2e59c0e4f2aba79064af94274bcdca0bfd9a4455db453dd53d295d547db6545ed9cc9551a52d296a212b63abb9a20086c4a0b06358f2c"},"logName":"projects/muni-production-f8e72/logs/run.googleapis.com%2Frequests","receiveTimestamp":"2022-05-06T22:34:55.599548894Z","resource":{"labels":{"configuration_name":"muni-front","location":"asia-northeast1","project_id":"muni-production-f8e72","revision_name":"muni-front-jq7fz","service_name":"muni-front"},"type":"cloud_run_revision"},"severity":"INFO","timestamp":"2022-05-06T22:34:55.508932Z","trace":"projects/muni-production-f8e72/traces/48f515cefd6768903d71bc4d485e4619"}
{"httpRequest":{"latency":"0.004639132s","protocol":"HTTP/1.1","referer":"https://muni.ink/user/lacrima","remoteIp":"66.249.64.84","requestMethod":"GET","requestSize":"685","requestUrl":"https://muni.ink/_next/static/chunks/527-a55f040697cf18f0.js","responseSize":"4650","serverIp":"35.241.42.228","status":200,"userAgent":"Mozilla/5.0 AppleWebKit/537.36 (KHTML, like Gecko; compatible; Googlebot/2.1; +http://www.google.com/bot.html) Chrome/100.0.4896.127 Safari/537.36"},"insertId":"6275a28f000544e8f1d3b463","labels":{"instanceId":"0067430fbd87d90256f2e59c0e4f2aba79064af94274bcdca0bfd9a4455db453dd53d295d547db6545ed9cc9551a52d296a212b63abb9a20086c4a0b06358f2c"},"logName":"projects/muni-production-f8e72/logs/run.googleapis.com%2Frequests","receiveTimestamp":"2022-05-06T22:34:55.599548894Z","resource":{"labels":{"configuration_name":"muni-front","location":"asia-northeast1","project_id":"muni-production-f8e72","revision_name":"muni-front-jq7fz","service_name":"muni-front"},"type":"cloud_run_revision"},"severity":"INFO","timestamp":"2022-05-06T22:34:55.345320Z","trace":"projects/muni-production-f8e72/traces/22f6331fd9613d4a06b6fbf3c9d0dcdd"}
{"httpRequest":{"latency":"0.004586703s","protocol":"HTTP/1.1","referer":"https://muni.ink/user/lacrima","remoteIp":"66.249.64.84","requestMethod":"GET","requestSize":"694","requestUrl":"https://muni.ink/_next/static/chunks/pages/signup-7e9bea30669149d6.js","responseSize":"2511","serverIp":"35.241.42.228","status":200,"userAgent":"Mozilla/5.0 AppleWebKit/537.36 (KHTML, like Gecko; compatible; Googlebot/2.1; +http://www.google.com/bot.html) Chrome/100.0.4896.127 Safari/537.36"},"insertId":"6275a28e00091282e803a053","labels":{"instanceId":"0067430fbd87d90256f2e59c0e4f2aba79064af94274bcdca0bfd9a4455db453dd53d295d547db6545ed9cc9551a52d296a212b63abb9a20086c4a0b06358f2c"},"logName":"projects/muni-production-f8e72/logs/run.googleapis.com%2Frequests","receiveTimestamp":"2022-05-06T22:34:54.597707475Z","resource":{"labels":{"configuration_name":"muni-front","location":"asia-northeast1","project_id":"muni-production-f8e72","revision_name":"muni-front-jq7fz","service_name":"muni-front"},"type":"cloud_run_revision"},"severity":"INFO","timestamp":"2022-05-06T22:34:54.594562Z","trace":"projects/muni-production-f8e72/traces/328f3397759581b42078a8c46085a0d7"}
{"httpRequest":{"latency":"0.002774501s","protocol":"HTTP/1.1","referer":"https://muni.ink/","remoteIp":"66.249.64.220","requestMethod":"OPTIONS","requestSize":"618","requestUrl":"https://api.muni.ink/user","responseSize":"853","serverIp":"35.241.42.228","status":204,"userAgent":"Mozilla/5.0 AppleWebKit/537.36 (KHTML, like Gecko; compatible; Googlebot/2.1; +http://www.google.com/bot.html) Chrome/100.0.4896.127 Safari/537.36"},"insertId":"6275a28d0009082704726933","labels":{"instanceId":"0067430fbdd0a70138bfabd74feb01b624d90cb4bd534ef1d388ec5280b2fab42cf140ff9f3cfe3d69242256eef3069e99349eab6bcb5c4e42ecf008dfd06763"},"logName":"projects/muni-production-f8e72/logs/run.googleapis.com%2Frequests","receiveTimestamp":"2022-05-06T22:34:53.595950105Z","resource":{"labels":{"configuration_name":"muni-back","location":"asia-northeast1","project_id":"muni-production-f8e72","revision_name":"muni-back-hpgtt","service_name":"muni-back"},"type":"cloud_run_revision"},"severity":"INFO","timestamp":"2022-05-06T22:34:53.591911Z","trace":"projects/muni-production-f8e72/traces/4d80255df9294a7c3d282a12965acaf1"}
{"httpRequest":{"latency":"0.005482416s","protocol":"HTTP/1.1","referer":"https://muni.ink/user/Kodawari","remoteIp":"66.249.64.85","requestMethod":"GET","requestSize":"740","requestUrl":"https://muni.ink/_next/static/chunks/512-ebe36cd4932e0284.js","responseSize":"6846","serverIp":"35.241.42.228","status":200,"userAgent":"Mozilla/5.0 (Linux; Android 6.0.1; Nexus 5X Build/MMB29P) AppleWebKit/537.36 (KHTML, like Gecko) Chrome/100.0.4896.127 Mobile Safari/537.36 (compatible; Googlebot/2.1; +http://www.google.com/bot.html)"},"insertId":"62759e25000edd7d47f016e4","labels":{"instanceId":"0067430fbd87d90256f2e59c0e4f2aba79064af94274bcdca0bfd9a4455db453dd53d295d547db6545ed9cc9551a52d296a212b63abb9a20086c4a0b06358f2c"},"logName":"projects/muni-production-f8e72/logs/run.googleapis.com%2Frequests","receiveTimestamp":"2022-05-06T22:16:05.984994145Z","resource":{"labels":{"configuration_name":"muni-front","location":"asia-northeast1","project_id":"muni-production-f8e72","revision_name":"muni-front-jq7fz","service_name":"muni-front"},"type":"cloud_run_revision"},"severity":"INFO","timestamp":"2022-05-06T22:16:05.974205Z","trace":"projects/muni-production-f8e72/traces/71833afac1ad27a952fb3d301cc5874c"}
{"httpRequest":{"latency":"0.010186134s","protocol":"HTTP/1.1","referer":"https://muni.ink/user/Kodawari","remoteIp":"66.249.64.84","requestMethod":"GET","requestSize":"829","requestUrl":"https://muni.ink/_next/static/chunks/pages/painting/%5Bid%5D-0717d1d64b35381e.js","responseSize":"4422","serverIp":"35.241.42.228","status":200,"userAgent":"Mozilla/5.0 (Linux; Android 6.0.1; Nexus 5X Build/MMB29P) AppleWebKit/537.36 (KHTML, like Gecko) Chrome/100.0.4896.127 Mobile Safari/537.36 (compatible; Googlebot/2.1; +http://www.google.com/bot.html)"},"insertId":"62759e250000fe76a5c55467","labels":{"instanceId":"0067430fbd87d90256f2e59c0e4f2aba79064af94274bcdca0bfd9a4455db453dd53d295d547db6545ed9cc9551a52d296a212b63abb9a20086c4a0b06358f2c"},"logName":"projects/muni-production-f8e72/logs/run.googleapis.com%2Frequests","receiveTimestamp":"2022-05-06T22:16:05.319670658Z","resource":{"labels":{"configuration_name":"muni-front","location":"asia-northeast1","project_id":"muni-production-f8e72","revision_name":"muni-front-jq7fz","service_name":"muni-front"},"type":"cloud_run_revision"},"severity":"INFO","timestamp":"2022-05-06T22:16:05.065142Z","trace":"projects/muni-production-f8e72/traces/1439368b4f580ece00f37b1b68d84346"}
{"httpRequest":{"latency":"0.256070437s","protocol":"HTTP/1.1","referer":"https://muni.ink/","remoteIp":"66.249.64.218","requestMethod":"POST","requestSize":"665","requestUrl":"https://api.muni.ink/user","responseSize":"1466","serverIp":"35.241.42.228","status":200,"userAgent":"Mozilla/5.0 (Linux; Android 6.0.1; Nexus 5X Build/MMB29P) AppleWebKit/537.36 (KHTML, like Gecko) Chrome/100.0.4896.127 Mobile Safari/537.36 (compatible; Googlebot/2.1; +http://www.google.com/bot.html)"},"insertId":"62759e24000a6f786b05fa23","labels":{"instanceId":"0067430fbdd0a70138bfabd74feb01b624d90cb4bd534ef1d388ec5280b2fab42cf140ff9f3cfe3d69242256eef3069e99349eab6bcb5c4e42ecf008dfd06763"},"logName":"projects/muni-production-f8e72/logs/run.googleapis.com%2Frequests","receiveTimestamp":"2022-05-06T22:16:04.686578679Z","resource":{"labels":{"configuration_name":"muni-back","location":"asia-northeast1","project_id":"muni-production-f8e72","revision_name":"muni-back-hpgtt","service_name":"muni-back"},"type":"cloud_run_revision"},"severity":"INFO","timestamp":"2022-05-06T22:16:04.683896Z","trace":"projects/muni-production-f8e72/traces/c78dc61e2308413eb4fee73b130bec8b"}
{"insertId":"62759e24000a690991d1291b","jsonPayload":{"accountId":"Kodawari","ident":"SUCCESS_TO_FIND","level":"INFO","message":"User found.","method":"UserAPI","timestamp":"2022-5-6 22:16:4"},"labels":{"instanceId":"0067430fbdd0a70138bfabd74feb01b624d90cb4bd534ef1d388ec5280b2fab42cf140ff9f3cfe3d69242256eef3069e99349eab6bcb5c4e42ecf008dfd06763"},"logName":"projects/muni-production-f8e72/logs/run.googleapis.com%2Fstdout","receiveTimestamp":"2022-05-06T22:16:04.767008805Z","resource":{"labels":{"configuration_name":"muni-back","location":"asia-northeast1","project_id":"muni-production-f8e72","revision_name":"muni-back-hpgtt","service_name":"muni-back"},"type":"cloud_run_revision"},"timestamp":"2022-05-06T22:16:04.682249Z"}
{"insertId":"62759e24000a68d552969763","jsonPayload":{"ident":"FETCH_USER","level":"INFO","message":"Complete fetching user data.","method":"UserAPI","timestamp":"2022-5-6 22:16:4"},"labels":{"instanceId":"0067430fbdd0a70138bfabd74feb01b624d90cb4bd534ef1d388ec5280b2fab42cf140ff9f3cfe3d69242256eef3069e99349eab6bcb5c4e42ecf008dfd06763"},"logName":"projects/muni-production-f8e72/logs/run.googleapis.com%2Fstdout","receiveTimestamp":"2022-05-06T22:16:04.767008805Z","resource":{"labels":{"configuration_name":"muni-back","location":"asia-northeast1","project_id":"muni-production-f8e72","revision_name":"muni-back-hpgtt","service_name":"muni-back"},"type":"cloud_run_revision"},"timestamp":"2022-05-06T22:16:04.682197Z"}
{"insertId":"62759e24000867d95db64b01","jsonPayload":{"accountId":"Kodawari","ident":"FILTERING_WORKS","level":"INFO","message":"Search works link to the user.","method":"UserAPI","timestamp":"2022-5-6 22:16:4"},"labels":{"instanceId":"0067430fbdd0a70138bfabd74feb01b624d90cb4bd534ef1d388ec5280b2fab42cf140ff9f3cfe3d69242256eef3069e99349eab6bcb5c4e42ecf008dfd06763"},"logName":"projects/muni-production-f8e72/logs/run.googleapis.com%2Fstdout","receiveTimestamp":"2022-05-06T22:16:04.767008805Z","resource":{"labels":{"configuration_name":"muni-back","location":"asia-northeast1","project_id":"muni-production-f8e72","revision_name":"muni-back-hpgtt","service_name":"muni-back"},"type":"cloud_run_revision"},"timestamp":"2022-05-06T22:16:04.550873Z"}
{"insertId":"62759e24000692845ed4e8f6","jsonPayload":{"ident":"RECIEVE","level":"INFO","message":"Recieve the work post request.","method":"UserAPI","timestamp":"2022-5-6 22:16:4"},"labels":{"instanceId":"0067430fbdd0a70138bfabd74feb01b624d90cb4bd534ef1d388ec5280b2fab42cf140ff9f3cfe3d69242256eef3069e99349eab6bcb5c4e42ecf008dfd06763"},"logName":"projects/muni-production-f8e72/logs/run.googleapis.com%2Fstdout","receiveTimestamp":"2022-05-06T22:16:04.435051672Z","resource":{"labels":{"configuration_name":"muni-back","location":"asia-northeast1","project_id":"muni-production-f8e72","revision_name":"muni-back-hpgtt","service_name":"muni-back"},"type":"cloud_run_revision"},"timestamp":"2022-05-06T22:16:04.430724Z"}
{"httpRequest":{"latency":"0.005191141s","protocol":"HTTP/1.1","remoteIp":"66.249.64.84","requestMethod":"GET","requestSize":"760","requestUrl":"https://muni.ink/user/Kodawari","responseSize":"3852","serverIp":"35.241.42.228","status":200,"userAgent":"Mozilla/5.0 (Linux; Android 6.0.1; Nexus 5X Build/MMB29P) AppleWebKit/537.36 (KHTML, like Gecko) Chrome/100.0.4896.127 Mobile Safari/537.36 (compatible; Googlebot/2.1; +http://www.google.com/bot.html)"},"insertId":"62759e16000f35d456318569","labels":{"instanceId":"0067430fbd87d90256f2e59c0e4f2aba79064af94274bcdca0bfd9a4455db453dd53d295d547db6545ed9cc9551a52d296a212b63abb9a20086c4a0b06358f2c"},"logName":"projects/muni-production-f8e72/logs/run.googleapis.com%2Frequests","receiveTimestamp":"2022-05-06T22:15:51.000023659Z","resource":{"labels":{"configuration_name":"muni-front","location":"asia-northeast1","project_id":"muni-production-f8e72","revision_name":"muni-front-jq7fz","service_name":"muni-front"},"type":"cloud_run_revision"},"severity":"INFO","timestamp":"2022-05-06T22:15:50.996820Z","trace":"projects/muni-production-f8e72/traces/45fb2583c978b302914a8f7ab375d594"}
{"httpRequest":{"latency":"0.005031636s","protocol":"HTTP/1.1","remoteIp":"183.136.225.35","requestMethod":"GET","requestSize":"483","requestUrl":"https://35.241.42.228/","responseSize":"6077","serverIp":"35.241.42.228","status":200,"userAgent":"Mozilla/5.0 (Windows NT 6.1; WOW64) AppleWebKit/537.36 (KHTML, like Gecko) Chrome/63.0.3239.132 Safari/537.36 QIHU 360SE"},"insertId":"62759968000c9d259f935d02","labels":{"instanceId":"0067430fbd87d90256f2e59c0e4f2aba79064af94274bcdca0bfd9a4455db453dd53d295d547db6545ed9cc9551a52d296a212b63abb9a20086c4a0b06358f2c"},"logName":"projects/muni-production-f8e72/logs/run.googleapis.com%2Frequests","receiveTimestamp":"2022-05-06T21:55:53.110748912Z","resource":{"labels":{"configuration_name":"muni-front","location":"asia-northeast1","project_id":"muni-production-f8e72","revision_name":"muni-front-jq7fz","service_name":"muni-front"},"type":"cloud_run_revision"},"severity":"INFO","timestamp":"2022-05-06T21:55:52.826661Z","trace":"projects/muni-production-f8e72/traces/b6d0c1dc47e222c681f681ceccf259de"}
{"httpRequest":{"latency":"0.004195056s","protocol":"HTTP/1.1","remoteIp":"60.13.138.157","requestMethod":"GET","requestSize":"510","requestUrl":"https://z-h-e-n-114.appspot.com/","responseSize":"35263","serverIp":"35.241.42.228","status":200,"userAgent":"Mozilla/5.03126350 Mozilla/5.0 (Windows NT 10.0; WOW64) AppleWebKit/537.36 (KHTML, like Gecko) Chrome/51.0.2704.103 Safari/537.36"},"insertId":"6275995e000dacfad9f260ae","labels":{"instanceId":"0067430fbd87d90256f2e59c0e4f2aba79064af94274bcdca0bfd9a4455db453dd53d295d547db6545ed9cc9551a52d296a212b63abb9a20086c4a0b06358f2c"},"logName":"projects/muni-production-f8e72/logs/run.googleapis.com%2Frequests","receiveTimestamp":"2022-05-06T21:55:43.120017213Z","resource":{"labels":{"configuration_name":"muni-front","location":"asia-northeast1","project_id":"muni-production-f8e72","revision_name":"muni-front-jq7fz","service_name":"muni-front"},"type":"cloud_run_revision"},"severity":"INFO","timestamp":"2022-05-06T21:55:42.896250Z","trace":"projects/muni-production-f8e72/traces/02f200bcab81fbf82b967cc2aed83b9b"}
{"httpRequest":{"latency":"0.004893300s","protocol":"HTTP/1.1","remoteIp":"183.185.111.69","requestMethod":"GET","requestSize":"578","requestUrl":"https://xxnet-lxb5.appspot.com/","responseSize":"35263","serverIp":"35.241.42.228","status":200,"userAgent":"Mozilla/4.01687919 Mozilla/4.0 (compatible; MSIE 7.0; Windows NT 6.1; WOW64; Trident/7.0; SLCC2; .NET CLR 2.0.50727; .NET CLR 3.5.30729; .NET CLR 3.0.30729; .NET4.0C; .NET4.0E; Media Center PC 6.0)"},"insertId":"6275995e0001c818c51f2305","labels":{"instanceId":"0067430fbd87d90256f2e59c0e4f2aba79064af94274bcdca0bfd9a4455db453dd53d295d547db6545ed9cc9551a52d296a212b63abb9a20086c4a0b06358f2c"},"logName":"projects/muni-production-f8e72/logs/run.googleapis.com%2Frequests","receiveTimestamp":"2022-05-06T21:55:42.120810802Z","resource":{"labels":{"configuration_name":"muni-front","location":"asia-northeast1","project_id":"muni-production-f8e72","revision_name":"muni-front-jq7fz","service_name":"muni-front"},"type":"cloud_run_revision"},"severity":"INFO","timestamp":"2022-05-06T21:55:42.116760Z","trace":"projects/muni-production-f8e72/traces/5b42dae8b504d614b52e95e843d95ed2"}
{"httpRequest":{"latency":"0.036487608s","protocol":"HTTP/1.1","remoteIp":"54.75.45.66","requestMethod":"GET","requestSize":"440","requestUrl":"https://storage.muni.ink/token/RBfuyCKgShAElpamMMHa","responseSize":"957","serverIp":"35.241.42.228","status":200,"userAgent":"axios/0.26.1"},"insertId":"627595b00009052f9ed78b10","labels":{"instanceId":"0067430fbdd0a70138bfabd74feb01b624d90cb4bd534ef1d388ec5280b2fab42cf140ff9f3cfe3d69242256eef3069e99349eab6bcb5c4e42ecf008dfd06763"},"logName":"projects/muni-production-f8e72/logs/run.googleapis.com%2Frequests","receiveTimestamp":"2022-05-06T21:40:00.593217375Z","resource":{"labels":{"configuration_name":"muni-back","location":"asia-northeast1","project_id":"muni-production-f8e72","revision_name":"muni-back-hpgtt","service_name":"muni-back"},"type":"cloud_run_revision"},"severity":"INFO","timestamp":"2022-05-06T21:40:00.591151Z","trace":"projects/muni-production-f8e72/traces/71c3c6c6f55a64a2fab1184a29d46a2a"}
{"insertId":"627595b000087fb9646f5b99","jsonPayload":{"ident":"RECIEVE","level":"INFO","message":"Recieve the token request for RBfuyCKgShAElpamMMHa.","method":"TokenAPI","timestamp":"2022-5-6 21:40:0"},"labels":{"instanceId":"0067430fbdd0a70138bfabd74feb01b624d90cb4bd534ef1d388ec5280b2fab42cf140ff9f3cfe3d69242256eef3069e99349eab6bcb5c4e42ecf008dfd06763"},"logName":"projects/muni-production-f8e72/logs/run.googleapis.com%2Fstdout","receiveTimestamp":"2022-05-06T21:40:00.559741209Z","resource":{"labels":{"configuration_name":"muni-back","location":"asia-northeast1","project_id":"muni-production-f8e72","revision_name":"muni-back-hpgtt","service_name":"muni-back"},"type":"cloud_run_revision"},"timestamp":"2022-05-06T21:40:00.556985Z"}
{"httpRequest":{"latency":"0.909300765s","protocol":"HTTP/1.1","remoteIp":"66.249.64.85","requestMethod":"GET","requestSize":"707","requestUrl":"https://muni.ink/painting/fsT01QqiRPvCmNZgPeti","responseSize":"5331","serverIp":"35.241.42.228","status":200,"userAgent":"Mozilla/5.0 (Linux; Android 6.0.1; Nexus 5X Build/MMB29P) AppleWebKit/537.36 (KHTML, like Gecko) Chrome/100.0.4896.127 Mobile Safari/537.36 (compatible; Googlebot/2.1; +http://www.google.com/bot.html)"},"insertId":"6275959600048ff82b4efe49","labels":{"instanceId":"0067430fbd87d90256f2e59c0e4f2aba79064af94274bcdca0bfd9a4455db453dd53d295d547db6545ed9cc9551a52d296a212b63abb9a20086c4a0b06358f2c"},"logName":"projects/muni-production-f8e72/logs/run.googleapis.com%2Frequests","receiveTimestamp":"2022-05-06T21:39:34.301947682Z","resource":{"labels":{"configuration_name":"muni-front","location":"asia-northeast1","project_id":"muni-production-f8e72","revision_name":"muni-front-jq7fz","service_name":"muni-front"},"type":"cloud_run_revision"},"severity":"INFO","timestamp":"2022-05-06T21:39:34.299Z","trace":"projects/muni-production-f8e72/traces/ba90df6c4c04f9ba43f67e1d3c5deb3d"}
{"httpRequest":{"latency":"0.505215925s","protocol":"HTTP/1.1","remoteIp":"35.203.249.225","requestMethod":"POST","requestSize":"524","requestUrl":"https://api.muni.ink/workmeta","responseSize":"1299","serverIp":"35.241.42.228","status":200,"userAgent":"node-fetch/1.0 (+https://github.com/bitinn/node-fetch)"},"insertId":"6275959600035386a0c4c892","labels":{"instanceId":"0067430fbdd0a70138bfabd74feb01b624d90cb4bd534ef1d388ec5280b2fab42cf140ff9f3cfe3d69242256eef3069e99349eab6bcb5c4e42ecf008dfd06763"},"logName":"projects/muni-production-f8e72/logs/run.googleapis.com%2Frequests","receiveTimestamp":"2022-05-06T21:39:34.221246155Z","resource":{"labels":{"configuration_name":"muni-back","location":"asia-northeast1","project_id":"muni-production-f8e72","revision_name":"muni-back-hpgtt","service_name":"muni-back"},"type":"cloud_run_revision"},"severity":"INFO","timestamp":"2022-05-06T21:39:34.217990Z","trace":"projects/muni-production-f8e72/traces/c0178bd85b53cf8f5aa0cdef440c3ddb"}
{"insertId":"6275959600022d5883e136cf","jsonPayload":{"ident":"SUCCESS_TO_FIND","level":"INFO","message":"Work found.","method":"WorkMetadataAPI","timestamp":"2022-5-6 21:39:34","workId":"fsT01QqiRPvCmNZgPeti"},"labels":{"instanceId":"0067430fbdd0a70138bfabd74feb01b624d90cb4bd534ef1d388ec5280b2fab42cf140ff9f3cfe3d69242256eef3069e99349eab6bcb5c4e42ecf008dfd06763"},"logName":"projects/muni-production-f8e72/logs/run.googleapis.com%2Fstdout","receiveTimestamp":"2022-05-06T21:39:34.399146325Z","resource":{"labels":{"configuration_name":"muni-back","location":"asia-northeast1","project_id":"muni-production-f8e72","revision_name":"muni-back-hpgtt","service_name":"muni-back"},"type":"cloud_run_revision"},"timestamp":"2022-05-06T21:39:34.142680Z"}
{"insertId":"62759595000b245998e08874","jsonPayload":{"ident":"RECIEVE","level":"INFO","message":"Recieve the work metadata request.","method":"WorkMetadataAPI","timestamp":"2022-5-6 21:39:33"},"labels":{"instanceId":"0067430fbdd0a70138bfabd74feb01b624d90cb4bd534ef1d388ec5280b2fab42cf140ff9f3cfe3d69242256eef3069e99349eab6bcb5c4e42ecf008dfd06763"},"logName":"projects/muni-production-f8e72/logs/run.googleapis.com%2Fstdout","receiveTimestamp":"2022-05-06T21:39:33.735296991Z","resource":{"labels":{"configuration_name":"muni-back","location":"asia-northeast1","project_id":"muni-production-f8e72","revision_name":"muni-back-hpgtt","service_name":"muni-back"},"type":"cloud_run_revision"},"timestamp":"2022-05-06T21:39:33.730201Z"}
{"httpRequest":{"latency":"0.003718827s","protocol":"HTTP/1.1","referer":"https://35.241.42.228/","remoteIp":"66.249.64.108","requestMethod":"GET","requestSize":"821","requestUrl":"https://35.241.42.228/prepare1_images.svg","responseSize":"721","serverIp":"35.241.42.228","status":304,"userAgent":"Mozilla/5.0 (Linux; Android 6.0.1; Nexus 5X Build/MMB29P) AppleWebKit/537.36 (KHTML, like Gecko) Chrome/100.0.4896.127 Mobile Safari/537.36 (compatible; Googlebot/2.1; +http://www.google.com/bot.html)"},"insertId":"62758f6b00043f3d1da49edd","labels":{"instanceId":"0067430fbd87d90256f2e59c0e4f2aba79064af94274bcdca0bfd9a4455db453dd53d295d547db6545ed9cc9551a52d296a212b63abb9a20086c4a0b06358f2c"},"logName":"projects/muni-production-f8e72/logs/run.googleapis.com%2Frequests","receiveTimestamp":"2022-05-06T21:13:15.393355997Z","resource":{"labels":{"configuration_name":"muni-front","location":"asia-northeast1","project_id":"muni-production-f8e72","revision_name":"muni-front-jq7fz","service_name":"muni-front"},"type":"cloud_run_revision"},"severity":"INFO","timestamp":"2022-05-06T21:13:15.278333Z","trace":"projects/muni-production-f8e72/traces/9edf4bcfe3b08c86d1009985711138af"}
{"httpRequest":{"latency":"0.010082640s","protocol":"HTTP/1.1","referer":"https://35.241.42.228/","remoteIp":"66.249.64.108","requestMethod":"GET","requestSize":"736","requestUrl":"https://35.241.42.228/howtouse2_upload.svg","responseSize":"9708","serverIp":"35.241.42.228","status":200,"userAgent":"Mozilla/5.0 (Linux; Android 6.0.1; Nexus 5X Build/MMB29P) AppleWebKit/537.36 (KHTML, like Gecko) Chrome/100.0.4896.127 Mobile Safari/537.36 (compatible; Googlebot/2.1; +http://www.google.com/bot.html)"},"insertId":"62758f68000d3cabff0b1ee6","labels":{"instanceId":"0067430fbd87d90256f2e59c0e4f2aba79064af94274bcdca0bfd9a4455db453dd53d295d547db6545ed9cc9551a52d296a212b63abb9a20086c4a0b06358f2c"},"logName":"projects/muni-production-f8e72/logs/run.googleapis.com%2Frequests","receiveTimestamp":"2022-05-06T21:13:13.062304160Z","resource":{"labels":{"configuration_name":"muni-front","location":"asia-northeast1","project_id":"muni-production-f8e72","revision_name":"muni-front-jq7fz","service_name":"muni-front"},"type":"cloud_run_revision"},"severity":"INFO","timestamp":"2022-05-06T21:13:12.867499Z","trace":"projects/muni-production-f8e72/traces/c7f6db6aa03a10da959a553e8886ab0f"}
{"httpRequest":{"latency":"0.006678837s","protocol":"HTTP/1.1","referer":"https://35.241.42.228/","remoteIp":"66.249.64.112","requestMethod":"GET","requestSize":"752","requestUrl":"https://35.241.42.228/_next/static/chunks/pages/signup-7e9bea30669149d6.js","responseSize":"2511","serverIp":"35.241.42.228","status":200,"userAgent":"Mozilla/5.0 (Linux; Android 6.0.1; Nexus 5X Build/MMB29P) AppleWebKit/537.36 (KHTML, like Gecko) Chrome/100.0.4896.127 Mobile Safari/537.36 (compatible; Googlebot/2.1; +http://www.google.com/bot.html)"},"insertId":"62758f650007e25ac7b82d2a","labels":{"instanceId":"0067430fbd87d90256f2e59c0e4f2aba79064af94274bcdca0bfd9a4455db453dd53d295d547db6545ed9cc9551a52d296a212b63abb9a20086c4a0b06358f2c"},"logName":"projects/muni-production-f8e72/logs/run.googleapis.com%2Frequests","receiveTimestamp":"2022-05-06T21:13:09.733064632Z","resource":{"labels":{"configuration_name":"muni-front","location":"asia-northeast1","project_id":"muni-production-f8e72","revision_name":"muni-front-jq7fz","service_name":"muni-front"},"type":"cloud_run_revision"},"severity":"INFO","timestamp":"2022-05-06T21:13:09.516698Z","trace":"projects/muni-production-f8e72/traces/e5a19b2e4a4d90ab0798a93e12c7b968"}
{"httpRequest":{"latency":"0.002549648s","protocol":"HTTP/1.1","referer":"https://35.241.42.228/","remoteIp":"66.249.64.220","requestMethod":"OPTIONS","requestSize":"685","requestUrl":"https://api.muni.ink/recent","responseSize":"806","serverIp":"35.241.42.228","status":204,"userAgent":"Mozilla/5.0 (Linux; Android 6.0.1; Nexus 5X Build/MMB29P) AppleWebKit/537.36 (KHTML, like Gecko) Chrome/100.0.4896.127 Mobile Safari/537.36 (compatible; Googlebot/2.1; +http://www.google.com/bot.html)"},"insertId":"62758f650000b2e4c8480922","labels":{"instanceId":"0067430fbdd0a70138bfabd74feb01b624d90cb4bd534ef1d388ec5280b2fab42cf140ff9f3cfe3d69242256eef3069e99349eab6bcb5c4e42ecf008dfd06763"},"logName":"projects/muni-production-f8e72/logs/run.googleapis.com%2Frequests","receiveTimestamp":"2022-05-06T21:13:09.048739441Z","resource":{"labels":{"configuration_name":"muni-back","location":"asia-northeast1","project_id":"muni-production-f8e72","revision_name":"muni-back-hpgtt","service_name":"muni-back"},"type":"cloud_run_revision"},"severity":"INFO","timestamp":"2022-05-06T21:13:09.045796Z","trace":"projects/muni-production-f8e72/traces/1ca383b72bb330be667d0b3f536657ea"}
{"httpRequest":{"latency":"0.007632933s","protocol":"HTTP/1.1","referer":"https://35.241.42.228/","remoteIp":"66.249.64.112","requestMethod":"GET","requestSize":"616","requestUrl":"https://35.241.42.228/_next/static/css/64a820a89e70212f.css","responseSize":"1514","serverIp":"35.241.42.228","status":200,"userAgent":"Mozilla/5.0 (Linux; Android 6.0.1; Nexus 5X Build/MMB29P) AppleWebKit/537.36 (KHTML, like Gecko) Chrome/100.0.4896.127 Mobile Safari/537.36 (compatible; Googlebot/2.1; +http://www.google.com/bot.html)"},"insertId":"62758f64000893cf3b551a82","labels":{"instanceId":"0067430fbd87d90256f2e59c0e4f2aba79064af94274bcdca0bfd9a4455db453dd53d295d547db6545ed9cc9551a52d296a212b63abb9a20086c4a0b06358f2c"},"logName":"projects/muni-production-f8e72/logs/run.googleapis.com%2Frequests","receiveTimestamp":"2022-05-06T21:13:08.732413528Z","resource":{"labels":{"configuration_name":"muni-front","location":"asia-northeast1","project_id":"muni-production-f8e72","revision_name":"muni-front-jq7fz","service_name":"muni-front"},"type":"cloud_run_revision"},"severity":"INFO","timestamp":"2022-05-06T21:13:08.562127Z","trace":"projects/muni-production-f8e72/traces/48b9f70deb212868d684f88f997f74bd"}
{"httpRequest":{"latency":"0.007090965s","protocol":"HTTP/1.1","referer":"https://35.241.42.228/","remoteIp":"66.249.64.110","requestMethod":"GET","requestSize":"615","requestUrl":"https://35.241.42.228/_next/static/IVVvbvvWS4XaF0igaWv4S/_ssgManifest.js","responseSize":"962","serverIp":"35.241.42.228","status":200,"userAgent":"Mozilla/5.0 (Linux; Android 6.0.1; Nexus 5X Build/MMB29P) AppleWebKit/537.36 (KHTML, like Gecko) Chrome/100.0.4896.127 Mobile Safari/537.36 (compatible; Googlebot/2.1; +http://www.google.com/bot.html)"},"insertId":"62758f640001413c2cae776d","labels":{"instanceId":"0067430fbd87d90256f2e59c0e4f2aba79064af94274bcdca0bfd9a4455db453dd53d295d547db6545ed9cc9551a52d296a212b63abb9a20086c4a0b06358f2c"},"logName":"projects/muni-production-f8e72/logs/run.googleapis.com%2Frequests","receiveTimestamp":"2022-05-06T21:13:08.398265437Z","resource":{"labels":{"configuration_name":"muni-front","location":"asia-northeast1","project_id":"muni-production-f8e72","revision_name":"muni-front-jq7fz","service_name":"muni-front"},"type":"cloud_run_revision"},"severity":"INFO","timestamp":"2022-05-06T21:13:08.082236Z","trace":"projects/muni-production-f8e72/traces/0a6ac0bf3976edb9812e4e06ba59b670"}
{"httpRequest":{"latency":"0.019535918s","protocol":"HTTP/1.1","referer":"https://35.241.42.228/","remoteIp":"66.249.64.112","requestMethod":"GET","requestSize":"614","requestUrl":"https://35.241.42.228/_next/static/chunks/framework-bb5c596eafb42b22.js","responseSize":"43038","serverIp":"35.241.42.228","status":200,"userAgent":"Mozilla/5.0 (Linux; Android 6.0.1; Nexus 5X Build/MMB29P) AppleWebKit/537.36 (KHTML, like Gecko) Chrome/100.0.4896.127 Mobile Safari/537.36 (compatible; Googlebot/2.1; +http://www.google.com/bot.html)"},"insertId":"62758f6300021df10b633399","labels":{"instanceId":"0067430fbd87d90256f2e59c0e4f2aba79064af94274bcdca0bfd9a4455db453dd53d295d547db6545ed9cc9551a52d296a212b63abb9a20086c4a0b06358f2c"},"logName":"projects/muni-production-f8e72/logs/run.googleapis.com%2Frequests","receiveTimestamp":"2022-05-06T21:13:07.402644020Z","resource":{"labels":{"configuration_name":"muni-front","location":"asia-northeast1","project_id":"muni-production-f8e72","revision_name":"muni-front-jq7fz","service_name":"muni-front"},"type":"cloud_run_revision"},"severity":"INFO","timestamp":"2022-05-06T21:13:07.138737Z","trace":"projects/muni-production-f8e72/traces/960fdda525f7a3edae23fbd9a0ad44b8"}
{"httpRequest":{"latency":"0.012291258s","protocol":"HTTP/1.1","referer":"https://35.241.42.228/","remoteIp":"66.249.64.110","requestMethod":"GET","requestSize":"608","requestUrl":"https://35.241.42.228/_next/static/chunks/129-751e01bf127dc2cc.js","responseSize":"16508","serverIp":"35.241.42.228","status":200,"userAgent":"Mozilla/5.0 (Linux; Android 6.0.1; Nexus 5X Build/MMB29P) AppleWebKit/537.36 (KHTML, like Gecko) Chrome/100.0.4896.127 Mobile Safari/537.36 (compatible; Googlebot/2.1; +http://www.google.com/bot.html)"},"insertId":"62758f620009ea1ca0a9e66d","labels":{"instanceId":"0067430fbd87d90256f2e59c0e4f2aba79064af94274bcdca0bfd9a4455db453dd53d295d547db6545ed9cc9551a52d296a212b63abb9a20086c4a0b06358f2c"},"logName":"projects/muni-production-f8e72/logs/run.googleapis.com%2Frequests","receiveTimestamp":"2022-05-06T21:13:06.734254346Z","resource":{"labels":{"configuration_name":"muni-front","location":"asia-northeast1","project_id":"muni-production-f8e72","revision_name":"muni-front-jq7fz","service_name":"muni-front"},"type":"cloud_run_revision"},"severity":"INFO","timestamp":"2022-05-06T21:13:06.649756Z","trace":"projects/muni-production-f8e72/traces/a022495f675b156d8fef5938089eca11"}
{"httpRequest":{"latency":"0.008104546s","protocol":"HTTP/1.1","referer":"https://35.241.42.228/","remoteIp":"66.249.64.108","requestMethod":"GET","requestSize":"617","requestUrl":"https://35.241.42.228/_next/static/IVVvbvvWS4XaF0igaWv4S/_buildManifest.js","responseSize":"1668","serverIp":"35.241.42.228","status":200,"userAgent":"Mozilla/5.0 (Linux; Android 6.0.1; Nexus 5X Build/MMB29P) AppleWebKit/537.36 (KHTML, like Gecko) Chrome/100.0.4896.127 Mobile Safari/537.36 (compatible; Googlebot/2.1; +http://www.google.com/bot.html)"},"insertId":"62758f620002a2a3f8eee0c9","labels":{"instanceId":"0067430fbd87d90256f2e59c0e4f2aba79064af94274bcdca0bfd9a4455db453dd53d295d547db6545ed9cc9551a52d296a212b63abb9a20086c4a0b06358f2c"},"logName":"projects/muni-production-f8e72/logs/run.googleapis.com%2Frequests","receiveTimestamp":"2022-05-06T21:13:06.401879579Z","resource":{"labels":{"configuration_name":"muni-front","location":"asia-northeast1","project_id":"muni-production-f8e72","revision_name":"muni-front-jq7fz","service_name":"muni-front"},"type":"cloud_run_revision"},"severity":"INFO","timestamp":"2022-05-06T21:13:06.172707Z","trace":"projects/muni-production-f8e72/traces/b1707b6bce16eb7514eac253e340d9c3"}
{"httpRequest":{"latency":"0.004065315s","protocol":"HTTP/1.1","referer":"https://35.241.42.228/","remoteIp":"66.249.64.108","requestMethod":"GET","requestSize":"622","requestUrl":"https://35.241.42.228/_next/static/IVVvbvvWS4XaF0igaWv4S/_middlewareManifest.js","responseSize":"925","serverIp":"35.241.42.228","status":200,"userAgent":"Mozilla/5.0 (Linux; Android 6.0.1; Nexus 5X Build/MMB29P) AppleWebKit/537.36 (KHTML, like Gecko) Chrome/100.0.4896.127 Mobile Safari/537.36 (compatible; Googlebot/2.1; +http://www.google.com/bot.html)"},"insertId":"62758f61000b4977e4529b56","labels":{"instanceId":"0067430fbd87d90256f2e59c0e4f2aba79064af94274bcdca0bfd9a4455db453dd53d295d547db6545ed9cc9551a52d296a212b63abb9a20086c4a0b06358f2c"},"logName":"projects/muni-production-f8e72/logs/run.googleapis.com%2Frequests","receiveTimestamp":"2022-05-06T21:13:06.069052486Z","resource":{"labels":{"configuration_name":"muni-front","location":"asia-northeast1","project_id":"muni-production-f8e72","revision_name":"muni-front-jq7fz","service_name":"muni-front"},"type":"cloud_run_revision"},"severity":"INFO","timestamp":"2022-05-06T21:13:05.739703Z","trace":"projects/muni-production-f8e72/traces/905e5e739bbedbf8729331b3e874046b"}
{"httpRequest":{"latency":"0.008075590s","protocol":"HTTP/1.1","referer":"https://35.241.42.228/","remoteIp":"66.249.64.108","requestMethod":"GET","requestSize":"751","requestUrl":"https://35.241.42.228/_next/static/chunks/pages/terms-f9f82daa1816b7c0.js","responseSize":"2708","serverIp":"35.241.42.228","status":200,"userAgent":"Mozilla/5.0 (Linux; Android 6.0.1; Nexus 5X Build/MMB29P) AppleWebKit/537.36 (KHTML, like Gecko) Chrome/100.0.4896.127 Mobile Safari/537.36 (compatible; Googlebot/2.1; +http://www.google.com/bot.html)"},"insertId":"62758f57000bf27f22a8bb51","labels":{"instanceId":"0067430fbd87d90256f2e59c0e4f2aba79064af94274bcdca0bfd9a4455db453dd53d295d547db6545ed9cc9551a52d296a212b63abb9a20086c4a0b06358f2c"},"logName":"projects/muni-production-f8e72/logs/run.googleapis.com%2Frequests","receiveTimestamp":"2022-05-06T21:12:56.079035328Z","resource":{"labels":{"configuration_name":"muni-front","location":"asia-northeast1","project_id":"muni-production-f8e72","revision_name":"muni-front-jq7fz","service_name":"muni-front"},"type":"cloud_run_revision"},"severity":"INFO","timestamp":"2022-05-06T21:12:55.782975Z","trace":"projects/muni-production-f8e72/traces/751e1304e666c40544839fd33230d2da"}
{"httpRequest":{"latency":"0.010065638s","protocol":"HTTP/1.1","referer":"https://35.241.42.228/","remoteIp":"66.249.64.108","requestMethod":"GET","requestSize":"735","requestUrl":"https://35.241.42.228/prepare1_images.svg","responseSize":"4711","serverIp":"35.241.42.228","status":200,"userAgent":"Mozilla/5.0 (Linux; Android 6.0.1; Nexus 5X Build/MMB29P) AppleWebKit/537.36 (KHTML, like Gecko) Chrome/100.0.4896.127 Mobile Safari/537.36 (compatible; Googlebot/2.1; +http://www.google.com/bot.html)"},"insertId":"62758f57000051dbf19043d4","labels":{"instanceId":"0067430fbd87d90256f2e59c0e4f2aba79064af94274bcdca0bfd9a4455db453dd53d295d547db6545ed9cc9551a52d296a212b63abb9a20086c4a0b06358f2c"},"logName":"projects/muni-production-f8e72/logs/run.googleapis.com%2Frequests","receiveTimestamp":"2022-05-06T21:12:55.079301281Z","resource":{"labels":{"configuration_name":"muni-front","location":"asia-northeast1","project_id":"muni-production-f8e72","revision_name":"muni-front-jq7fz","service_name":"muni-front"},"type":"cloud_run_revision"},"severity":"INFO","timestamp":"2022-05-06T21:12:55.020955Z","trace":"projects/muni-production-f8e72/traces/53160cea5e0e7767004d4c5d51143d2a"}
{"httpRequest":{"latency":"0.737563573s","protocol":"HTTP/1.1","referer":"https://35.241.42.228/","remoteIp":"66.249.64.108","requestMethod":"GET","requestSize":"696","requestUrl":"https://35.241.42.228/_next/data/IVVvbvvWS4XaF0igaWv4S/terms.json","responseSize":"4063","serverIp":"35.241.42.228","status":200,"userAgent":"Mozilla/5.0 (Linux; Android 6.0.1; Nexus 5X Build/MMB29P) AppleWebKit/537.36 (KHTML, like Gecko) Chrome/100.0.4896.127 Mobile Safari/537.36 (compatible; Googlebot/2.1; +http://www.google.com/bot.html)"},"insertId":"62758f56000cf562fc998ac4","labels":{"instanceId":"0067430fbd87d90256f2e59c0e4f2aba79064af94274bcdca0bfd9a4455db453dd53d295d547db6545ed9cc9551a52d296a212b63abb9a20086c4a0b06358f2c"},"logName":"projects/muni-production-f8e72/logs/run.googleapis.com%2Frequests","receiveTimestamp":"2022-05-06T21:12:55.079301281Z","resource":{"labels":{"configuration_name":"muni-front","location":"asia-northeast1","project_id":"muni-production-f8e72","revision_name":"muni-front-jq7fz","service_name":"muni-front"},"type":"cloud_run_revision"},"severity":"INFO","timestamp":"2022-05-06T21:12:54.849250Z","trace":"projects/muni-production-f8e72/traces/fdcec95032e13186845f28b5ef5031b1"}
{"httpRequest":{"latency":"0.009091137s","protocol":"HTTP/1.1","referer":"https://35.241.42.228/","remoteIp":"66.249.64.110","requestMethod":"GET","requestSize":"750","requestUrl":"https://35.241.42.228/_next/static/chunks/pages/post-60154fe58d315991.js","responseSize":"4247","serverIp":"35.241.42.228","status":200,"userAgent":"Mozilla/5.0 (Linux; Android 6.0.1; Nexus 5X Build/MMB29P) AppleWebKit/537.36 (KHTML, like Gecko) Chrome/100.0.4896.127 Mobile Safari/537.36 (compatible; Googlebot/2.1; +http://www.google.com/bot.html)"},"insertId":"62758f550009f60e8df7ada2","labels":{"instanceId":"0067430fbd87d90256f2e59c0e4f2aba79064af94274bcdca0bfd9a4455db453dd53d295d547db6545ed9cc9551a52d296a212b63abb9a20086c4a0b06358f2c"},"logName":"projects/muni-production-f8e72/logs/run.googleapis.com%2Frequests","receiveTimestamp":"2022-05-06T21:12:53.747988922Z","resource":{"labels":{"configuration_name":"muni-front","location":"asia-northeast1","project_id":"muni-production-f8e72","revision_name":"muni-front-jq7fz","service_name":"muni-front"},"type":"cloud_run_revision"},"severity":"INFO","timestamp":"2022-05-06T21:12:53.652814Z","trace":"projects/muni-production-f8e72/traces/8e1da449f0a83ceb1e36c2ed575a2557"}
{"httpRequest":{"latency":"0.008426254s","protocol":"HTTP/1.1","referer":"https://35.241.42.228/","remoteIp":"66.249.64.110","requestMethod":"GET","requestSize":"747","requestUrl":"https://35.241.42.228/_next/static/chunks/a9a7754c-7284bf2d89f5983d.js","responseSize":"2063","serverIp":"35.241.42.228","status":200,"userAgent":"Mozilla/5.0 (Linux; Android 6.0.1; Nexus 5X Build/MMB29P) AppleWebKit/537.36 (KHTML, like Gecko) Chrome/100.0.4896.127 Mobile Safari/537.36 (compatible; Googlebot/2.1; +http://www.google.com/bot.html)"},"insertId":"62758f55000392b33b8fcc19","labels":{"instanceId":"0067430fbd87d90256f2e59c0e4f2aba79064af94274bcdca0bfd9a4455db453dd53d295d547db6545ed9cc9551a52d296a212b63abb9a20086c4a0b06358f2c"},"logName":"projects/muni-production-f8e72/logs/run.googleapis.com%2Frequests","receiveTimestamp":"2022-05-06T21:12:53.413938291Z","resource":{"labels":{"configuration_name":"muni-front","location":"asia-northeast1","project_id":"muni-production-f8e72","revision_name":"muni-front-jq7fz","service_name":"muni-front"},"type":"cloud_run_revision"},"severity":"INFO","timestamp":"2022-05-06T21:12:53.234163Z","trace":"projects/muni-production-f8e72/traces/ed86b3be6131daa47469c8895436f198"}
{"httpRequest":{"latency":"0.008677814s","protocol":"HTTP/1.1","referer":"https://35.241.42.228/","remoteIp":"66.249.64.108","requestMethod":"GET","requestSize":"742","requestUrl":"https://35.241.42.228/_next/static/chunks/538-535bfdc433424381.js","responseSize":"5334","serverIp":"35.241.42.228","status":200,"userAgent":"Mozilla/5.0 (Linux; Android 6.0.1; Nexus 5X Build/MMB29P) AppleWebKit/537.36 (KHTML, like Gecko) Chrome/100.0.4896.127 Mobile Safari/537.36 (compatible; Googlebot/2.1; +http://www.google.com/bot.html)"},"insertId":"62758f550000eccd3a885c13","labels":{"instanceId":"0067430fbd87d90256f2e59c0e4f2aba79064af94274bcdca0bfd9a4455db453dd53d295d547db6545ed9cc9551a52d296a212b63abb9a20086c4a0b06358f2c"},"logName":"projects/muni-production-f8e72/logs/run.googleapis.com%2Frequests","receiveTimestamp":"2022-05-06T21:12:53.081040310Z","resource":{"labels":{"configuration_name":"muni-front","location":"asia-northeast1","project_id":"muni-production-f8e72","revision_name":"muni-front-jq7fz","service_name":"muni-front"},"type":"cloud_run_revision"},"severity":"INFO","timestamp":"2022-05-06T21:12:53.060621Z","trace":"projects/muni-production-f8e72/traces/176584a49aa9825ec579efe99ab90baf"}
{"httpRequest":{"latency":"0.007168947s","protocol":"HTTP/1.1","referer":"https://35.241.42.228/","remoteIp":"66.249.64.108","requestMethod":"GET","requestSize":"691","requestUrl":"https://35.241.42.228/_next/static/css/c68c0af69704dac3.css","responseSize":"1277","serverIp":"35.241.42.228","status":200,"userAgent":"Mozilla/5.0 (Linux; Android 6.0.1; Nexus 5X Build/MMB29P) AppleWebKit/537.36 (KHTML, like Gecko) Chrome/100.0.4896.127 Mobile Safari/537.36 (compatible; Googlebot/2.1; +http://www.google.com/bot.html)"},"insertId":"62758f54000447d48a9fec5a","labels":{"instanceId":"0067430fbd87d90256f2e59c0e4f2aba79064af94274bcdca0bfd9a4455db453dd53d295d547db6545ed9cc9551a52d296a212b63abb9a20086c4a0b06358f2c"},"logName":"projects/muni-production-f8e72/logs/run.googleapis.com%2Frequests","receiveTimestamp":"2022-05-06T21:12:52.415431532Z","resource":{"labels":{"configuration_name":"muni-front","location":"asia-northeast1","project_id":"muni-production-f8e72","revision_name":"muni-front-jq7fz","service_name":"muni-front"},"type":"cloud_run_revision"},"severity":"INFO","timestamp":"2022-05-06T21:12:52.280532Z","trace":"projects/muni-production-f8e72/traces/f7fbdf884d0fd96593d00e3ff77c341c"}
{"httpRequest":{"latency":"0.004691815s","protocol":"HTTP/1.1","referer":"https://35.241.42.228/","remoteIp":"66.249.64.108","requestMethod":"GET","requestSize":"698","requestUrl":"https://35.241.42.228/_next/data/IVVvbvvWS4XaF0igaWv4S/index.json","responseSize":"969","serverIp":"35.241.42.228","status":200,"userAgent":"Mozilla/5.0 (Linux; Android 6.0.1; Nexus 5X Build/MMB29P) AppleWebKit/537.36 (KHTML, like Gecko) Chrome/100.0.4896.127 Mobile Safari/537.36 (compatible; Googlebot/2.1; +http://www.google.com/bot.html)"},"insertId":"62758f5300029843690a0d6e","labels":{"instanceId":"0067430fbd87d90256f2e59c0e4f2aba79064af94274bcdca0bfd9a4455db453dd53d295d547db6545ed9cc9551a52d296a212b63abb9a20086c4a0b06358f2c"},"logName":"projects/muni-production-f8e72/logs/run.googleapis.com%2Frequests","receiveTimestamp":"2022-05-06T21:12:51.417197508Z","resource":{"labels":{"configuration_name":"muni-front","location":"asia-northeast1","project_id":"muni-production-f8e72","revision_name":"muni-front-jq7fz","service_name":"muni-front"},"type":"cloud_run_revision"},"severity":"INFO","timestamp":"2022-05-06T21:12:51.170051Z","trace":"projects/muni-production-f8e72/traces/8498f39f105763b9c663a01430ba3541"}
{"httpRequest":{"latency":"0.026119983s","protocol":"HTTP/1.1","referer":"https://35.241.42.228/","remoteIp":"66.249.64.110","requestMethod":"GET","requestSize":"751","requestUrl":"https://35.241.42.228/_next/static/chunks/pages/signin-f2391a0824390239.js","responseSize":"2161","serverIp":"35.241.42.228","status":200,"userAgent":"Mozilla/5.0 (Linux; Android 6.0.1; Nexus 5X Build/MMB29P) AppleWebKit/537.36 (KHTML, like Gecko) Chrome/100.0.4896.127 Mobile Safari/537.36 (compatible; Googlebot/2.1; +http://www.google.com/bot.html)"},"insertId":"62758f52000b280d03b0b64a","labels":{"instanceId":"0067430fbd87d90256f2e59c0e4f2aba79064af94274bcdca0bfd9a4455db453dd53d295d547db6545ed9cc9551a52d296a212b63abb9a20086c4a0b06358f2c"},"logName":"projects/muni-production-f8e72/logs/run.googleapis.com%2Frequests","receiveTimestamp":"2022-05-06T21:12:50.750210219Z","resource":{"labels":{"configuration_name":"muni-front","location":"asia-northeast1","project_id":"muni-production-f8e72","revision_name":"muni-front-jq7fz","service_name":"muni-front"},"type":"cloud_run_revision"},"severity":"INFO","timestamp":"2022-05-06T21:12:50.731149Z","trace":"projects/muni-production-f8e72/traces/faf0c09fb7fcade81f07560ebef839d0"}
{"httpRequest":{"latency":"0.011377692s","protocol":"HTTP/1.1","referer":"https://35.241.42.228/","remoteIp":"66.249.64.110","requestMethod":"GET","requestSize":"742","requestUrl":"https://35.241.42.228/_next/static/chunks/512-ebe36cd4932e0284.js","responseSize":"6847","serverIp":"35.241.42.228","status":200,"userAgent":"Mozilla/5.0 (Linux; Android 6.0.1; Nexus 5X Build/MMB29P) AppleWebKit/537.36 (KHTML, like Gecko) Chrome/100.0.4896.127 Mobile Safari/537.36 (compatible; Googlebot/2.1; +http://www.google.com/bot.html)"},"insertId":"62758f520003e936acbbc7a1","labels":{"instanceId":"0067430fbd87d90256f2e59c0e4f2aba79064af94274bcdca0bfd9a4455db453dd53d295d547db6545ed9cc9551a52d296a212b63abb9a20086c4a0b06358f2c"},"logName":"projects/muni-production-f8e72/logs/run.googleapis.com%2Frequests","receiveTimestamp":"2022-05-06T21:12:50.416078099Z","resource":{"labels":{"configuration_name":"muni-front","location":"asia-northeast1","project_id":"muni-production-f8e72","revision_name":"muni-front-jq7fz","service_name":"muni-front"},"type":"cloud_run_revision"},"severity":"INFO","timestamp":"2022-05-06T21:12:50.256310Z","trace":"projects/muni-production-f8e72/traces/91a04929e7c154d3e6e1ca31d952be6b"}
{"httpRequest":{"latency":"0.009430075s","protocol":"HTTP/1.1","referer":"https://35.241.42.228/","remoteIp":"66.249.64.108","requestMethod":"GET","requestSize":"742","requestUrl":"https://35.241.42.228/_next/static/chunks/527-a55f040697cf18f0.js","responseSize":"4650","serverIp":"35.241.42.228","status":200,"userAgent":"Mozilla/5.0 (Linux; Android 6.0.1; Nexus 5X Build/MMB29P) AppleWebKit/537.36 (KHTML, like Gecko) Chrome/100.0.4896.127 Mobile Safari/537.36 (compatible; Googlebot/2.1; +http://www.google.com/bot.html)"},"insertId":"62758f51000c2c085e7a70c8","labels":{"instanceId":"0067430fbd87d90256f2e59c0e4f2aba79064af94274bcdca0bfd9a4455db453dd53d295d547db6545ed9cc9551a52d296a212b63abb9a20086c4a0b06358f2c"},"logName":"projects/muni-production-f8e72/logs/run.googleapis.com%2Frequests","receiveTimestamp":"2022-05-06T21:12:50.082937736Z","resource":{"labels":{"configuration_name":"muni-front","location":"asia-northeast1","project_id":"muni-production-f8e72","revision_name":"muni-front-jq7fz","service_name":"muni-front"},"type":"cloud_run_revision"},"severity":"INFO","timestamp":"2022-05-06T21:12:49.797704Z","trace":"projects/muni-production-f8e72/traces/6e162ffa5f6ab33b2e9e90d6110f895f"}
{"httpRequest":{"latency":"0.010366933s","protocol":"HTTP/1.1","referer":"https://35.241.42.228/","remoteIp":"66.249.64.108","requestMethod":"GET","requestSize":"751","requestUrl":"https://35.241.42.228/_next/static/chunks/pages/signup-7e9bea30669149d6.js","responseSize":"2511","serverIp":"35.241.42.228","status":200,"userAgent":"Mozilla/5.0 (Linux; Android 6.0.1; Nexus 5X Build/MMB29P) AppleWebKit/537.36 (KHTML, like Gecko) Chrome/100.0.4896.127 Mobile Safari/537.36 (compatible; Googlebot/2.1; +http://www.google.com/bot.html)"},"insertId":"62758f510006138e72eddf10","labels":{"instanceId":"0067430fbd87d90256f2e59c0e4f2aba79064af94274bcdca0bfd9a4455db453dd53d295d547db6545ed9cc9551a52d296a212b63abb9a20086c4a0b06358f2c"},"logName":"projects/muni-production-f8e72/logs/run.googleapis.com%2Frequests","receiveTimestamp":"2022-05-06T21:12:49.418688667Z","resource":{"labels":{"configuration_name":"muni-front","location":"asia-northeast1","project_id":"muni-production-f8e72","revision_name":"muni-front-jq7fz","service_name":"muni-front"},"type":"cloud_run_revision"},"severity":"INFO","timestamp":"2022-05-06T21:12:49.398222Z","trace":"projects/muni-production-f8e72/traces/08814f8fa67bc949e428458f03f87662"}
{"httpRequest":{"latency":"0.003244900s","protocol":"HTTP/1.1","referer":"https://35.241.42.228/","remoteIp":"66.249.64.218","requestMethod":"OPTIONS","requestSize":"685","requestUrl":"https://api.muni.ink/recent","responseSize":"806","serverIp":"35.241.42.228","status":204,"userAgent":"Mozilla/5.0 (Linux; Android 6.0.1; Nexus 5X Build/MMB29P) AppleWebKit/537.36 (KHTML, like Gecko) Chrome/100.0.4896.127 Mobile Safari/537.36 (compatible; Googlebot/2.1; +http://www.google.com/bot.html)"},"insertId":"62758f50000e10ab7d4c75ee","labels":{"instanceId":"0067430fbdd0a70138bfabd74feb01b624d90cb4bd534ef1d388ec5280b2fab42cf140ff9f3cfe3d69242256eef3069e99349eab6bcb5c4e42ecf008dfd06763"},"logName":"projects/muni-production-f8e72/logs/run.googleapis.com%2Frequests","receiveTimestamp":"2022-05-06T21:12:48.923887633Z","resource":{"labels":{"configuration_name":"muni-back","location":"asia-northeast1","project_id":"muni-production-f8e72","revision_name":"muni-back-hpgtt","service_name":"muni-back"},"type":"cloud_run_revision"},"severity":"INFO","timestamp":"2022-05-06T21:12:48.921771Z","trace":"projects/muni-production-f8e72/traces/c00a09cf792f67bd461b1a5190999aee"}
{"httpRequest":{"latency":"0.024076147s","protocol":"HTTP/1.1","referer":"https://35.241.42.228/","remoteIp":"66.249.64.110","requestMethod":"GET","requestSize":"612","requestUrl":"https://35.241.42.228/_next/static/chunks/webpack-434fefa8f39d8fbc.js","responseSize":"1758","serverIp":"35.241.42.228","status":200,"userAgent":"Mozilla/5.0 (Linux; Android 6.0.1; Nexus 5X Build/MMB29P) AppleWebKit/537.36 (KHTML, like Gecko) Chrome/100.0.4896.127 Mobile Safari/537.36 (compatible; Googlebot/2.1; +http://www.google.com/bot.html)"},"insertId":"62758f5000072eab46a44152","labels":{"instanceId":"0067430fbd87d90256f2e59c0e4f2aba79064af94274bcdca0bfd9a4455db453dd53d295d547db6545ed9cc9551a52d296a212b63abb9a20086c4a0b06358f2c"},"logName":"projects/muni-production-f8e72/logs/run.googleapis.com%2Frequests","receiveTimestamp":"2022-05-06T21:12:48.751229175Z","resource":{"labels":{"configuration_name":"muni-front","location":"asia-northeast1","project_id":"muni-production-f8e72","revision_name":"muni-front-jq7fz","service_name":"muni-front"},"type":"cloud_run_revision"},"severity":"INFO","timestamp":"2022-05-06T21:12:48.470699Z","trace":"projects/muni-production-f8e72/traces/ac906473e76460041370ea2faacca2fe"}
{"httpRequest":{"latency":"0.007479271s","protocol":"HTTP/1.1","remoteIp":"66.249.64.110","requestMethod":"GET","requestSize":"639","requestUrl":"https://35.241.42.228/","responseSize":"6077","serverIp":"35.241.42.228","status":200,"userAgent":"Mozilla/5.0 (Linux; Android 6.0.1; Nexus 5X Build/MMB29P) AppleWebKit/537.36 (KHTML, like Gecko) Chrome/100.0.4896.127 Mobile Safari/537.36 (compatible; Googlebot/2.1; +http://www.google.com/bot.html)"},"insertId":"62758f4e0008fa0a8a13459f","labels":{"instanceId":"0067430fbd87d90256f2e59c0e4f2aba79064af94274bcdca0bfd9a4455db453dd53d295d547db6545ed9cc9551a52d296a212b63abb9a20086c4a0b06358f2c"},"logName":"projects/muni-production-f8e72/logs/run.googleapis.com%2Frequests","receiveTimestamp":"2022-05-06T21:12:46.754834343Z","resource":{"labels":{"configuration_name":"muni-front","location":"asia-northeast1","project_id":"muni-production-f8e72","revision_name":"muni-front-jq7fz","service_name":"muni-front"},"type":"cloud_run_revision"},"severity":"INFO","timestamp":"2022-05-06T21:12:46.588298Z","trace":"projects/muni-production-f8e72/traces/6452301b0a58d9b94d67897aa11b0bc0"}
{"httpRequest":{"latency":"0.007179392s","protocol":"HTTP/1.1","remoteIp":"66.249.64.112","requestMethod":"GET","requestSize":"376","requestUrl":"https://35.241.42.228/robots.txt","responseSize":"1950","serverIp":"35.241.42.228","status":404,"userAgent":"Mozilla/5.0 (compatible; Googlebot/2.1; +http://www.google.com/bot.html)"},"insertId":"62758f4e00065fe337a35bb8","labels":{"instanceId":"0067430fbd87d90256f2e59c0e4f2aba79064af94274bcdca0bfd9a4455db453dd53d295d547db6545ed9cc9551a52d296a212b63abb9a20086c4a0b06358f2c"},"logName":"projects/muni-production-f8e72/logs/run.googleapis.com%2Frequests","receiveTimestamp":"2022-05-06T21:12:46.422814409Z","resource":{"labels":{"configuration_name":"muni-front","location":"asia-northeast1","project_id":"muni-production-f8e72","revision_name":"muni-front-jq7fz","service_name":"muni-front"},"type":"cloud_run_revision"},"severity":"WARNING","timestamp":"2022-05-06T21:12:46.417763Z","trace":"projects/muni-production-f8e72/traces/c51df339f3a8c3bb355ddbf2db756041"}
{"httpRequest":{"latency":"0.004831013s","protocol":"HTTP/1.1","remoteIp":"171.118.60.142","requestMethod":"GET","requestSize":"485","requestUrl":"https://z-h-e-n-116.appspot.com/","responseSize":"35263","serverIp":"35.241.42.228","status":200,"userAgent":"Mozilla/5.07915567 Mozilla/5.0 (compatible; Baiduspider/2.0; +http://www.baidu.com/search/spider.html)"},"insertId":"627589d50004ff92007ea900","labels":{"instanceId":"0067430fbd87d90256f2e59c0e4f2aba79064af94274bcdca0bfd9a4455db453dd53d295d547db6545ed9cc9551a52d296a212b63abb9a20086c4a0b06358f2c"},"logName":"projects/muni-production-f8e72/logs/run.googleapis.com%2Frequests","receiveTimestamp":"2022-05-06T20:49:25.359958090Z","resource":{"labels":{"configuration_name":"muni-front","location":"asia-northeast1","project_id":"muni-production-f8e72","revision_name":"muni-front-jq7fz","service_name":"muni-front"},"type":"cloud_run_revision"},"severity":"INFO","timestamp":"2022-05-06T20:49:25.327570Z","trace":"projects/muni-production-f8e72/traces/16b926ce93565386cb38b3b1e46fefec"}
{"httpRequest":{"latency":"0.004366918s","protocol":"HTTP/1.1","remoteIp":"124.90.52.197","requestMethod":"GET","requestSize":"498","requestUrl":"https://www.google.com/","responseSize":"35263","serverIp":"35.241.42.228","status":200,"userAgent":"Mozilla/5.0 (X11; Linux x86_64) AppleWebKit/537.36 (KHTML, like Gecko) Ubuntu Chromium/34.0.1847.116 Chrome/34.0.1847.116 Safari/537.36"},"insertId":"627589d4000cca9da87646a7","labels":{"instanceId":"0067430fbd87d90256f2e59c0e4f2aba79064af94274bcdca0bfd9a4455db453dd53d295d547db6545ed9cc9551a52d296a212b63abb9a20086c4a0b06358f2c"},"logName":"projects/muni-production-f8e72/logs/run.googleapis.com%2Frequests","receiveTimestamp":"2022-05-06T20:49:25.026228687Z","resource":{"labels":{"configuration_name":"muni-front","location":"asia-northeast1","project_id":"muni-production-f8e72","revision_name":"muni-front-jq7fz","service_name":"muni-front"},"type":"cloud_run_revision"},"severity":"INFO","timestamp":"2022-05-06T20:49:24.838301Z","trace":"projects/muni-production-f8e72/traces/03f730acaf40681ca67117c2469c586e"}
{"httpRequest":{"latency":"0.254590571s","protocol":"HTTP/1.1","remoteIp":"27.155.144.165","requestMethod":"GET","requestSize":"564","requestUrl":"https://my-project-xxnet4-183914.appspot.com/","responseSize":"35265","serverIp":"35.241.42.228","status":200,"userAgent":"Mozilla/5.016763688 Mozilla/5.0 (Linux; Android 6.0; Nexus 5 Build/MRA58N) AppleWebKit/537.36 (KHTML, like Gecko) Chrome/65.0.3325.181 Mobile Safari/537.36"},"insertId":"627589d4000a8a0cf70a0237","labels":{"instanceId":"0067430fbd87d90256f2e59c0e4f2aba79064af94274bcdca0bfd9a4455db453dd53d295d547db6545ed9cc9551a52d296a212b63abb9a20086c4a0b06358f2c"},"logName":"projects/muni-production-f8e72/logs/run.googleapis.com%2Frequests","receiveTimestamp":"2022-05-06T20:49:24.693740907Z","resource":{"labels":{"configuration_name":"muni-front","location":"asia-northeast1","project_id":"muni-production-f8e72","revision_name":"muni-front-jq7fz","service_name":"muni-front"},"type":"cloud_run_revision"},"severity":"INFO","timestamp":"2022-05-06T20:49:24.690700Z","trace":"projects/muni-production-f8e72/traces/9b3672f23f5b295aa13e27c8672b1326"}
{"httpRequest":{"latency":"0.015967387s","protocol":"HTTP/1.1","remoteIp":"66.249.64.84","requestMethod":"GET","requestSize":"472","requestUrl":"https://muni.ink/user/lacrima","responseSize":"3853","serverIp":"35.241.42.228","status":200,"userAgent":"Mozilla/5.0 (compatible; Googlebot/2.1; +http://www.google.com/bot.html)"},"insertId":"62758900000455097331be10","labels":{"instanceId":"0067430fbd87d90256f2e59c0e4f2aba79064af94274bcdca0bfd9a4455db453dd53d295d547db6545ed9cc9551a52d296a212b63abb9a20086c4a0b06358f2c"},"logName":"projects/muni-production-f8e72/logs/run.googleapis.com%2Frequests","receiveTimestamp":"2022-05-06T20:45:52.288186949Z","resource":{"labels":{"configuration_name":"muni-front","location":"asia-northeast1","project_id":"muni-production-f8e72","revision_name":"muni-front-jq7fz","service_name":"muni-front"},"type":"cloud_run_revision"},"severity":"INFO","timestamp":"2022-05-06T20:45:52.283913Z","trace":"projects/muni-production-f8e72/traces/f593fae0b40b4d52738ac2a06f11a138"}
{"httpRequest":{"latency":"0.694193067s","protocol":"HTTP/1.1","remoteIp":"66.249.70.22","requestMethod":"GET","requestSize":"669","requestUrl":"https://storage.muni.ink/work/bJ8EE5bXcfiYhyfhSvj3","responseSize":"114191","serverIp":"35.241.42.228","status":200,"userAgent":"Mozilla/5.0 (Linux; Android 6.0.1; Nexus 5X Build/MMB29P) AppleWebKit/537.36 (KHTML, like Gecko) Chrome/100.0.4896.127 Mobile Safari/537.36 (compatible; Googlebot/2.1; +http://www.google.com/bot.html)"},"insertId":"627582ba000135c42d88102b","labels":{"instanceId":"0067430fbdd0a70138bfabd74feb01b624d90cb4bd534ef1d388ec5280b2fab42cf140ff9f3cfe3d69242256eef3069e99349eab6bcb5c4e42ecf008dfd06763"},"logName":"projects/muni-production-f8e72/logs/run.googleapis.com%2Frequests","receiveTimestamp":"2022-05-06T20:19:06.223974473Z","resource":{"labels":{"configuration_name":"muni-back","location":"asia-northeast1","project_id":"muni-production-f8e72","revision_name":"muni-back-hpgtt","service_name":"muni-back"},"type":"cloud_run_revision"},"severity":"INFO","timestamp":"2022-05-06T20:19:06.079300Z","trace":"projects/muni-production-f8e72/traces/da37e3007775fc4ec27dc9c6834f7947"}
{"insertId":"627582ba00012d99313e46b2","jsonPayload":{"ident":"COMPLETE","level":"INFO","message":"Success to fetch optimized image","method":"WorkAPI","timestamp":"2022-5-6 20:19:6","workId":"bJ8EE5bXcfiYhyfhSvj3"},"labels":{"instanceId":"0067430fbdd0a70138bfabd74feb01b624d90cb4bd534ef1d388ec5280b2fab42cf140ff9f3cfe3d69242256eef3069e99349eab6bcb5c4e42ecf008dfd06763"},"logName":"projects/muni-production-f8e72/logs/run.googleapis.com%2Fstdout","receiveTimestamp":"2022-05-06T20:19:06.388895186Z","resource":{"labels":{"configuration_name":"muni-back","location":"asia-northeast1","project_id":"muni-production-f8e72","revision_name":"muni-back-hpgtt","service_name":"muni-back"},"type":"cloud_run_revision"},"timestamp":"2022-05-06T20:19:06.077209Z"}
{"insertId":"627582b90005eb1b25d60685","jsonPayload":{"ident":"RECIEVED","level":"INFO","message":"Request recieved for bJ8EE5bXcfiYhyfhSvj3.","method":"WorkAPI","timestamp":"2022-5-6 20:19:5","workId":"bJ8EE5bXcfiYhyfhSvj3"},"labels":{"instanceId":"0067430fbdd0a70138bfabd74feb01b624d90cb4bd534ef1d388ec5280b2fab42cf140ff9f3cfe3d69242256eef3069e99349eab6bcb5c4e42ecf008dfd06763"},"logName":"projects/muni-production-f8e72/logs/run.googleapis.com%2Fstdout","receiveTimestamp":"2022-05-06T20:19:05.390150882Z","resource":{"labels":{"configuration_name":"muni-back","location":"asia-northeast1","project_id":"muni-production-f8e72","revision_name":"muni-back-hpgtt","service_name":"muni-back"},"type":"cloud_run_revision"},"timestamp":"2022-05-06T20:19:05.387867Z"}
{"httpRequest":{"latency":"0.013279497s","protocol":"HTTP/1.1","remoteIp":"66.249.70.22","requestMethod":"GET","requestSize":"382","requestUrl":"https://storage.muni.ink/robots.txt","responseSize":"957","serverIp":"35.241.42.228","status":404,"userAgent":"Mozilla/5.0 (compatible; Googlebot/2.1; +http://www.google.com/bot.html)"},"insertId":"627582b900035dfeb43670a0","labels":{"instanceId":"0067430fbdd0a70138bfabd74feb01b624d90cb4bd534ef1d388ec5280b2fab42cf140ff9f3cfe3d69242256eef3069e99349eab6bcb5c4e42ecf008dfd06763"},"logName":"projects/muni-production-f8e72/logs/run.googleapis.com%2Frequests","receiveTimestamp":"2022-05-06T20:19:05.224701068Z","resource":{"labels":{"configuration_name":"muni-back","location":"asia-northeast1","project_id":"muni-production-f8e72","revision_name":"muni-back-hpgtt","service_name":"muni-back"},"type":"cloud_run_revision"},"severity":"WARNING","timestamp":"2022-05-06T20:19:05.220670Z","trace":"projects/muni-production-f8e72/traces/d50a1167259192f3696a1d840952f480"}
{"httpRequest":{"latency":"0.026709304s","protocol":"HTTP/1.1","remoteIp":"95.216.188.162","requestMethod":"GET","requestSize":"376","requestUrl":"https://35.241.42.228/.git/HEAD","responseSize":"3348","serverIp":"35.241.42.228","status":404,"userAgent":"Python-urllib/3.8"},"insertId":"62757db20005e8c3589829a5","labels":{"instanceId":"0067430fbd87d90256f2e59c0e4f2aba79064af94274bcdca0bfd9a4455db453dd53d295d547db6545ed9cc9551a52d296a212b63abb9a20086c4a0b06358f2c"},"logName":"projects/muni-production-f8e72/logs/run.googleapis.com%2Frequests","receiveTimestamp":"2022-05-06T19:57:38.391204268Z","resource":{"labels":{"configuration_name":"muni-front","location":"asia-northeast1","project_id":"muni-production-f8e72","revision_name":"muni-front-jq7fz","service_name":"muni-front"},"type":"cloud_run_revision"},"severity":"WARNING","timestamp":"2022-05-06T19:57:38.387267Z","trace":"projects/muni-production-f8e72/traces/f91d35c67b4e08bfe4e4358a16d8a4a2"}
{"insertId":"62757d3a000cb94c40705893","labels":{"instanceId":"0067430fbd87d90256f2e59c0e4f2aba79064af94274bcdca0bfd9a4455db453dd53d295d547db6545ed9cc9551a52d296a212b63abb9a20086c4a0b06358f2c"},"logName":"projects/muni-production-f8e72/logs/run.googleapis.com%2Fstdout","receiveTimestamp":"2022-05-06T19:55:38.838057434Z","resource":{"labels":{"configuration_name":"muni-front","location":"asia-northeast1","project_id":"muni-production-f8e72","revision_name":"muni-front-jq7fz","service_name":"muni-front"},"type":"cloud_run_revision"},"textPayload":"Starting on production mode.","timestamp":"2022-05-06T19:55:38.833868Z"}
{"insertId":"62757d26000b41a6a0b2ac10","labels":{"instanceId":"0067430fbdd0a70138bfabd74feb01b624d90cb4bd534ef1d388ec5280b2fab42cf140ff9f3cfe3d69242256eef3069e99349eab6bcb5c4e42ecf008dfd06763"},"logName":"projects/muni-production-f8e72/logs/run.googleapis.com%2Fstdout","receiveTimestamp":"2022-05-06T19:55:18.974766521Z","resource":{"labels":{"configuration_name":"muni-back","location":"asia-northeast1","project_id":"muni-production-f8e72","revision_name":"muni-back-hpgtt","service_name":"muni-back"},"type":"cloud_run_revision"},"textPayload":"Access to https://api.muni.ink on port 8080","timestamp":"2022-05-06T19:55:18.737702Z"}
{"insertId":"62757d26000b40dddd9d5025","labels":{"instanceId":"0067430fbdd0a70138bfabd74feb01b624d90cb4bd534ef1d388ec5280b2fab42cf140ff9f3cfe3d69242256eef3069e99349eab6bcb5c4e42ecf008dfd06763"},"logName":"projects/muni-production-f8e72/logs/run.googleapis.com%2Fstdout","receiveTimestamp":"2022-05-06T19:55:18.974766521Z","resource":{"labels":{"configuration_name":"muni-back","location":"asia-northeast1","project_id":"muni-production-f8e72","revision_name":"muni-back-hpgtt","service_name":"muni-back"},"type":"cloud_run_revision"},"textPayload":"Muni Backend API server started on production.","timestamp":"2022-05-06T19:55:18.737501Z"}
{"insertId":"62757d230009c663406e3562","labels":{"instanceId":"0067430fbdd0a70138bfabd74feb01b624d90cb4bd534ef1d388ec5280b2fab42cf140ff9f3cfe3d69242256eef3069e99349eab6bcb5c4e42ecf008dfd06763"},"logName":"projects/muni-production-f8e72/logs/run.googleapis.com%2Fstdout","receiveTimestamp":"2022-05-06T19:55:15.644833500Z","resource":{"labels":{"configuration_name":"muni-back","location":"asia-northeast1","project_id":"muni-production-f8e72","revision_name":"muni-back-hpgtt","service_name":"muni-back"},"type":"cloud_run_revision"},"textPayload":"","timestamp":"2022-05-06T19:55:15.640611Z"}
{"insertId":"62757d230009c65effd8a587","labels":{"instanceId":"0067430fbdd0a70138bfabd74feb01b624d90cb4bd534ef1d388ec5280b2fab42cf140ff9f3cfe3d69242256eef3069e99349eab6bcb5c4e42ecf008dfd06763"},"logName":"projects/muni-production-f8e72/logs/run.googleapis.com%2Fstdout","receiveTimestamp":"2022-05-06T19:55:15.644833500Z","resource":{"labels":{"configuration_name":"muni-back","location":"asia-northeast1","project_id":"muni-production-f8e72","revision_name":"muni-back-hpgtt","service_name":"muni-back"},"type":"cloud_run_revision"},"textPayload":"> node dist/index.js","timestamp":"2022-05-06T19:55:15.640606Z"}
{"insertId":"62757d230009c650e94e9393","labels":{"instanceId":"0067430fbdd0a70138bfabd74feb01b624d90cb4bd534ef1d388ec5280b2fab42cf140ff9f3cfe3d69242256eef3069e99349eab6bcb5c4e42ecf008dfd06763"},"logName":"projects/muni-production-f8e72/logs/run.googleapis.com%2Fstdout","receiveTimestamp":"2022-05-06T19:55:15.644833500Z","resource":{"labels":{"configuration_name":"muni-back","location":"asia-northeast1","project_id":"muni-production-f8e72","revision_name":"muni-back-hpgtt","service_name":"muni-back"},"type":"cloud_run_revision"},"textPayload":"> muni-backend@0.0.1 start","timestamp":"2022-05-06T19:55:15.640592Z"}
{"insertId":"62757d230009c63b8cdb7a0e","labels":{"instanceId":"0067430fbdd0a70138bfabd74feb01b624d90cb4bd534ef1d388ec5280b2fab42cf140ff9f3cfe3d69242256eef3069e99349eab6bcb5c4e42ecf008dfd06763"},"logName":"projects/muni-production-f8e72/logs/run.googleapis.com%2Fstdout","receiveTimestamp":"2022-05-06T19:55:15.644833500Z","resource":{"labels":{"configuration_name":"muni-back","location":"asia-northeast1","project_id":"muni-production-f8e72","revision_name":"muni-back-hpgtt","service_name":"muni-back"},"type":"cloud_run_revision"},"textPayload":"","timestamp":"2022-05-06T19:55:15.640571Z"}
{"insertId":"62757cad000e2659d2ec02e7","labels":{"instanceId":"0067430fbd7af03cb17d92900b5f3305989a61b2bd445dd81108ccfd0293c2aeb5c985f7ae593a5d75291bf8faf2b546eff48eec5f9779a88bd23cf4a59c0f70bf36"},"logName":"projects/muni-production-f8e72/logs/run.googleapis.com%2Fstderr","receiveTimestamp":"2022-05-06T19:53:18.261894629Z","resource":{"labels":{"configuration_name":"muni-front","location":"asia-northeast1","project_id":"muni-production-f8e72","revision_name":"muni-front-jq7fz","service_name":"muni-front"},"type":"cloud_run_revision"},"textPayload":"npm notice ","timestamp":"2022-05-06T19:53:17.927321Z"}
{"insertId":"62757cad000e25a88c5569f7","labels":{"instanceId":"0067430fbd7af03cb17d92900b5f3305989a61b2bd445dd81108ccfd0293c2aeb5c985f7ae593a5d75291bf8faf2b546eff48eec5f9779a88bd23cf4a59c0f70bf36"},"logName":"projects/muni-production-f8e72/logs/run.googleapis.com%2Fstderr","receiveTimestamp":"2022-05-06T19:53:18.261894629Z","resource":{"labels":{"configuration_name":"muni-front","location":"asia-northeast1","project_id":"muni-production-f8e72","revision_name":"muni-front-jq7fz","service_name":"muni-front"},"type":"cloud_run_revision"},"textPayload":"npm notice Run `npm install -g npm@8.9.0` to update!","timestamp":"2022-05-06T19:53:17.927144Z"}
{"insertId":"62757cad000e2568308f547c","labels":{"instanceId":"0067430fbd7af03cb17d92900b5f3305989a61b2bd445dd81108ccfd0293c2aeb5c985f7ae593a5d75291bf8faf2b546eff48eec5f9779a88bd23cf4a59c0f70bf36"},"logName":"projects/muni-production-f8e72/logs/run.googleapis.com%2Fstderr","receiveTimestamp":"2022-05-06T19:53:18.261894629Z","resource":{"labels":{"configuration_name":"muni-front","location":"asia-northeast1","project_id":"muni-production-f8e72","revision_name":"muni-front-jq7fz","service_name":"muni-front"},"type":"cloud_run_revision"},"textPayload":"npm notice Changelog: <https://github.com/npm/cli/releases/tag/v8.9.0>","timestamp":"2022-05-06T19:53:17.927080Z"}
{"insertId":"62757cad000e242ffee3080a","labels":{"instanceId":"0067430fbd7af03cb17d92900b5f3305989a61b2bd445dd81108ccfd0293c2aeb5c985f7ae593a5d75291bf8faf2b546eff48eec5f9779a88bd23cf4a59c0f70bf36"},"logName":"projects/muni-production-f8e72/logs/run.googleapis.com%2Fstderr","receiveTimestamp":"2022-05-06T19:53:18.261894629Z","resource":{"labels":{"configuration_name":"muni-front","location":"asia-northeast1","project_id":"muni-production-f8e72","revision_name":"muni-front-jq7fz","service_name":"muni-front"},"type":"cloud_run_revision"},"textPayload":"npm notice New minor version of npm available! 8.5.0 -> 8.9.0","timestamp":"2022-05-06T19:53:17.926767Z"}
{"insertId":"62757cad000e23d7be5f3f81","labels":{"instanceId":"0067430fbd7af03cb17d92900b5f3305989a61b2bd445dd81108ccfd0293c2aeb5c985f7ae593a5d75291bf8faf2b546eff48eec5f9779a88bd23cf4a59c0f70bf36"},"logName":"projects/muni-production-f8e72/logs/run.googleapis.com%2Fstderr","receiveTimestamp":"2022-05-06T19:53:17.929219513Z","resource":{"labels":{"configuration_name":"muni-front","location":"asia-northeast1","project_id":"muni-production-f8e72","revision_name":"muni-front-jq7fz","service_name":"muni-front"},"type":"cloud_run_revision"},"textPayload":"npm notice ","timestamp":"2022-05-06T19:53:17.926679Z"}
{"insertId":"62757cab00086acc601fc1b4","labels":{"instanceId":"0067430fbd87d90256f2e59c0e4f2aba79064af94274bcdca0bfd9a4455db453dd53d295d547db6545ed9cc9551a52d296a212b63abb9a20086c4a0b06358f2c"},"logName":"projects/muni-production-f8e72/logs/run.googleapis.com%2Fstdout","receiveTimestamp":"2022-05-06T19:53:15.632543247Z","resource":{"labels":{"configuration_name":"muni-front","location":"asia-northeast1","project_id":"muni-production-f8e72","revision_name":"muni-front-jq7fz","service_name":"muni-front"},"type":"cloud_run_revision"},"textPayload":"ready - started server on 0.0.0.0:8080, url: http://localhost:8080","timestamp":"2022-05-06T19:53:15.551628Z"}
{"insertId":"62757cab0004707a21b4be3d","labels":{"instanceId":"0067430fbd87d90256f2e59c0e4f2aba79064af94274bcdca0bfd9a4455db453dd53d295d547db6545ed9cc9551a52d296a212b63abb9a20086c4a0b06358f2c"},"logName":"projects/muni-production-f8e72/logs/run.googleapis.com%2Fstdout","receiveTimestamp":"2022-05-06T19:53:15.294304104Z","resource":{"labels":{"configuration_name":"muni-front","location":"asia-northeast1","project_id":"muni-production-f8e72","revision_name":"muni-front-jq7fz","service_name":"muni-front"},"type":"cloud_run_revision"},"textPayload":"","timestamp":"2022-05-06T19:53:15.290938Z"}
{"insertId":"62757cab000470760b1f59e0","labels":{"instanceId":"0067430fbd87d90256f2e59c0e4f2aba79064af94274bcdca0bfd9a4455db453dd53d295d547db6545ed9cc9551a52d296a212b63abb9a20086c4a0b06358f2c"},"logName":"projects/muni-production-f8e72/logs/run.googleapis.com%2Fstdout","receiveTimestamp":"2022-05-06T19:53:15.294304104Z","resource":{"labels":{"configuration_name":"muni-front","location":"asia-northeast1","project_id":"muni-production-f8e72","revision_name":"muni-front-jq7fz","service_name":"muni-front"},"type":"cloud_run_revision"},"textPayload":"> next start -p ${PORT}","timestamp":"2022-05-06T19:53:15.290934Z"}
{"insertId":"62757cab0004706fb2116334","labels":{"instanceId":"0067430fbd87d90256f2e59c0e4f2aba79064af94274bcdca0bfd9a4455db453dd53d295d547db6545ed9cc9551a52d296a212b63abb9a20086c4a0b06358f2c"},"logName":"projects/muni-production-f8e72/logs/run.googleapis.com%2Fstdout","receiveTimestamp":"2022-05-06T19:53:15.294304104Z","resource":{"labels":{"configuration_name":"muni-front","location":"asia-northeast1","project_id":"muni-production-f8e72","revision_name":"muni-front-jq7fz","service_name":"muni-front"},"type":"cloud_run_revision"},"textPayload":"> start","timestamp":"2022-05-06T19:53:15.290927Z"}
{"insertId":"62757cab0004704fa935f301","labels":{"instanceId":"0067430fbd87d90256f2e59c0e4f2aba79064af94274bcdca0bfd9a4455db453dd53d295d547db6545ed9cc9551a52d296a212b63abb9a20086c4a0b06358f2c"},"logName":"projects/muni-production-f8e72/logs/run.googleapis.com%2Fstdout","receiveTimestamp":"2022-05-06T19:53:15.294304104Z","resource":{"labels":{"configuration_name":"muni-front","location":"asia-northeast1","project_id":"muni-production-f8e72","revision_name":"muni-front-jq7fz","service_name":"muni-front"},"type":"cloud_run_revision"},"textPayload":"","timestamp":"2022-05-06T19:53:15.290895Z"}
{"httpRequest":{"latency":"0.004523032s","protocol":"HTTP/1.1","remoteIp":"66.249.64.86","requestMethod":"GET","requestSize":"639","requestUrl":"https://muni.ink/user/lacrima","responseSize":"3852","serverIp":"35.241.42.228","status":200,"userAgent":"Mozilla/5.0 (Linux; Android 6.0.1; Nexus 5X Build/MMB29P) AppleWebKit/537.36 (KHTML, like Gecko) Chrome/100.0.4896.127 Mobile Safari/537.36 (compatible; Googlebot/2.1; +http://www.google.com/bot.html)"},"insertId":"62757c720000512d3ba92c4f","labels":{"instanceId":"0067430fbd7af03cb17d92900b5f3305989a61b2bd445dd81108ccfd0293c2aeb5c985f7ae593a5d75291bf8faf2b546eff48eec5f9779a88bd23cf4a59c0f70bf36"},"logName":"projects/muni-production-f8e72/logs/run.googleapis.com%2Frequests","receiveTimestamp":"2022-05-06T19:52:18.024934387Z","resource":{"labels":{"configuration_name":"muni-front","location":"asia-northeast1","project_id":"muni-production-f8e72","revision_name":"muni-front-jq7fz","service_name":"muni-front"},"type":"cloud_run_revision"},"severity":"INFO","timestamp":"2022-05-06T19:52:18.020781Z","trace":"projects/muni-production-f8e72/traces/0dde665af7477a4a4817d5169e7a0de1"}
{"httpRequest":{"latency":"0.003556654s","protocol":"HTTP/1.1","remoteIp":"178.73.215.171","requestMethod":"GET","requestSize":"360","requestUrl":"https://35.241.42.228/","responseSize":"35263","serverIp":"35.241.42.228","status":200},"insertId":"627577130009b0a04bddb8b2","labels":{"instanceId":"0067430fbd7af03cb17d92900b5f3305989a61b2bd445dd81108ccfd0293c2aeb5c985f7ae593a5d75291bf8faf2b546eff48eec5f9779a88bd23cf4a59c0f70bf36"},"logName":"projects/muni-production-f8e72/logs/run.googleapis.com%2Frequests","receiveTimestamp":"2022-05-06T19:29:23.638037197Z","resource":{"labels":{"configuration_name":"muni-front","location":"asia-northeast1","project_id":"muni-production-f8e72","revision_name":"muni-front-jq7fz","service_name":"muni-front"},"type":"cloud_run_revision"},"severity":"INFO","timestamp":"2022-05-06T19:29:23.635040Z","trace":"projects/muni-production-f8e72/traces/354e89f7ae9fdd0be2259dd8c63c5b4a"}
{"httpRequest":{"latency":"0.004117417s","protocol":"HTTP/1.1","remoteIp":"45.134.144.140","requestMethod":"GET","requestSize":"474","requestUrl":"https://35.241.42.228/remote/fgt_lang?lang=/../../../..//////////dev/","responseSize":"1950","serverIp":"35.241.42.228","status":404,"userAgent":"python-requests/2.6.0 CPython/2.7.5 Linux/3.10.0-1160.el7.x86_64"},"insertId":"62756f59000bd57c77bf1aba","labels":{"instanceId":"0067430fbd7af03cb17d92900b5f3305989a61b2bd445dd81108ccfd0293c2aeb5c985f7ae593a5d75291bf8faf2b546eff48eec5f9779a88bd23cf4a59c0f70bf36"},"logName":"projects/muni-production-f8e72/logs/run.googleapis.com%2Frequests","receiveTimestamp":"2022-05-06T18:56:25.778827556Z","resource":{"labels":{"configuration_name":"muni-front","location":"asia-northeast1","project_id":"muni-production-f8e72","revision_name":"muni-front-jq7fz","service_name":"muni-front"},"type":"cloud_run_revision"},"severity":"WARNING","timestamp":"2022-05-06T18:56:25.775548Z","trace":"projects/muni-production-f8e72/traces/3071067dc46a521844eb5e97f229fcad"}
{"httpRequest":{"latency":"0.005711161s","protocol":"HTTP/1.1","remoteIp":"31.14.72.45","requestMethod":"POST","requestSize":"569","requestUrl":"https://35.241.42.228/","responseSize":"2028","serverIp":"35.241.42.228","status":405,"userAgent":"Mozilla/5.0 (X11; Linux x86_64) AppleWebKit/537.36 (KHTML, like Gecko) Chrome/81.0.4044.129 Safari/537.36"},"insertId":"62756ac5000597d3572042ca","labels":{"instanceId":"0067430fbd7af03cb17d92900b5f3305989a61b2bd445dd81108ccfd0293c2aeb5c985f7ae593a5d75291bf8faf2b546eff48eec5f9779a88bd23cf4a59c0f70bf36"},"logName":"projects/muni-production-f8e72/logs/run.googleapis.com%2Frequests","receiveTimestamp":"2022-05-06T18:36:53.391223902Z","resource":{"labels":{"configuration_name":"muni-front","location":"asia-northeast1","project_id":"muni-production-f8e72","revision_name":"muni-front-jq7fz","service_name":"muni-front"},"type":"cloud_run_revision"},"severity":"WARNING","timestamp":"2022-05-06T18:36:53.366547Z","trace":"projects/muni-production-f8e72/traces/923a7119cb2b91df879a2b2f271d905e"}
{"httpRequest":{"latency":"0.005650399s","protocol":"HTTP/1.1","remoteIp":"31.14.72.45","requestMethod":"GET","requestSize":"484","requestUrl":"https://35.241.42.228/.env","responseSize":"1950","serverIp":"35.241.42.228","status":404,"userAgent":"Mozilla/5.0 (X11; Linux x86_64) AppleWebKit/537.36 (KHTML, like Gecko) Chrome/81.0.4044.129 Safari/537.36"},"insertId":"62756ac40000d638f034d7a0","labels":{"instanceId":"0067430fbd7af03cb17d92900b5f3305989a61b2bd445dd81108ccfd0293c2aeb5c985f7ae593a5d75291bf8faf2b546eff48eec5f9779a88bd23cf4a59c0f70bf36"},"logName":"projects/muni-production-f8e72/logs/run.googleapis.com%2Frequests","receiveTimestamp":"2022-05-06T18:36:52.059320298Z","resource":{"labels":{"configuration_name":"muni-front","location":"asia-northeast1","project_id":"muni-production-f8e72","revision_name":"muni-front-jq7fz","service_name":"muni-front"},"type":"cloud_run_revision"},"severity":"WARNING","timestamp":"2022-05-06T18:36:52.054840Z","trace":"projects/muni-production-f8e72/traces/a8674f1e49d2e91fcc8dfc1feb1e97f2"}
{"httpRequest":{"latency":"0.028977454s","protocol":"HTTP/1.1","remoteIp":"34.86.185.213","requestMethod":"HEAD","requestSize":"417","requestUrl":"https://storage.muni.ink/token/4vvC0q4GIMLoLv2aHafb","responseSize":"779","serverIp":"35.241.42.228","status":200,"userAgent":"python-requests/2.26.0"},"insertId":"627564df0004a5dce06e0663","labels":{"instanceId":"0067430fbdf8497301732486903449ce1ad928680c0f0325f15430c7bed22be2f601789463027844e3f1a908a21bd50a24d6eb57beb97b1070da88a46d5bf9dc8679"},"logName":"projects/muni-production-f8e72/logs/run.googleapis.com%2Frequests","receiveTimestamp":"2022-05-06T18:11:43.413541239Z","resource":{"labels":{"configuration_name":"muni-back","location":"asia-northeast1","project_id":"muni-production-f8e72","revision_name":"muni-back-hpgtt","service_name":"muni-back"},"type":"cloud_run_revision"},"severity":"INFO","timestamp":"2022-05-06T18:11:43.304604Z","trace":"projects/muni-production-f8e72/traces/27204a16d0e145ee9ffccd6691a4ccd9"}
{"insertId":"627564df00043a373dbfce84","jsonPayload":{"ident":"RECIEVE","level":"INFO","message":"Recieve the token request for 4vvC0q4GIMLoLv2aHafb.","method":"TokenAPI","timestamp":"2022-5-6 18:11:43"},"labels":{"instanceId":"0067430fbdf8497301732486903449ce1ad928680c0f0325f15430c7bed22be2f601789463027844e3f1a908a21bd50a24d6eb57beb97b1070da88a46d5bf9dc8679"},"logName":"projects/muni-production-f8e72/logs/run.googleapis.com%2Fstdout","receiveTimestamp":"2022-05-06T18:11:43.287624531Z","resource":{"labels":{"configuration_name":"muni-back","location":"asia-northeast1","project_id":"muni-production-f8e72","revision_name":"muni-back-hpgtt","service_name":"muni-back"},"type":"cloud_run_revision"},"timestamp":"2022-05-06T18:11:43.277047Z"}
{"httpRequest":{"latency":"0.804637439s","protocol":"HTTP/1.1","remoteIp":"34.86.185.213","requestMethod":"HEAD","requestSize":"415","requestUrl":"https://storage.muni.ink/work/4vvC0q4GIMLoLv2aHafb","responseSize":"841","serverIp":"35.241.42.228","status":200,"userAgent":"python-requests/2.26.0"},"insertId":"627564df0001ae6b4c256e1b","labels":{"instanceId":"0067430fbdf8497301732486903449ce1ad928680c0f0325f15430c7bed22be2f601789463027844e3f1a908a21bd50a24d6eb57beb97b1070da88a46d5bf9dc8679"},"logName":"projects/muni-production-f8e72/logs/run.googleapis.com%2Frequests","receiveTimestamp":"2022-05-06T18:11:43.413541239Z","resource":{"labels":{"configuration_name":"muni-back","location":"asia-northeast1","project_id":"muni-production-f8e72","revision_name":"muni-back-hpgtt","service_name":"muni-back"},"type":"cloud_run_revision"},"severity":"INFO","timestamp":"2022-05-06T18:11:43.110187Z","trace":"projects/muni-production-f8e72/traces/0d0e33ee02e55f2434f308a0dedb85bc"}
{"insertId":"627564df0001a82402ef367f","jsonPayload":{"ident":"COMPLETE","level":"INFO","message":"Success to fetch optimized image","method":"WorkAPI","timestamp":"2022-5-6 18:11:43","workId":"4vvC0q4GIMLoLv2aHafb"},"labels":{"instanceId":"0067430fbdf8497301732486903449ce1ad928680c0f0325f15430c7bed22be2f601789463027844e3f1a908a21bd50a24d6eb57beb97b1070da88a46d5bf9dc8679"},"logName":"projects/muni-production-f8e72/logs/run.googleapis.com%2Fstdout","receiveTimestamp":"2022-05-06T18:11:43.287624531Z","resource":{"labels":{"configuration_name":"muni-back","location":"asia-northeast1","project_id":"muni-production-f8e72","revision_name":"muni-back-hpgtt","service_name":"muni-back"},"type":"cloud_run_revision"},"timestamp":"2022-05-06T18:11:43.108580Z"}
{"insertId":"627564de0004ad95b53a2621","jsonPayload":{"ident":"RECIEVED","level":"INFO","message":"Request recieved for 4vvC0q4GIMLoLv2aHafb.","method":"WorkAPI","timestamp":"2022-5-6 18:11:42","workId":"4vvC0q4GIMLoLv2aHafb"},"labels":{"instanceId":"0067430fbdf8497301732486903449ce1ad928680c0f0325f15430c7bed22be2f601789463027844e3f1a908a21bd50a24d6eb57beb97b1070da88a46d5bf9dc8679"},"logName":"projects/muni-production-f8e72/logs/run.googleapis.com%2Fstdout","receiveTimestamp":"2022-05-06T18:11:42.620484553Z","resource":{"labels":{"configuration_name":"muni-back","location":"asia-northeast1","project_id":"muni-production-f8e72","revision_name":"muni-back-hpgtt","service_name":"muni-back"},"type":"cloud_run_revision"},"timestamp":"2022-05-06T18:11:42.306581Z"}
{"httpRequest":{"latency":"0.032405951s","protocol":"HTTP/1.1","remoteIp":"34.86.185.213","requestMethod":"GET","requestSize":"416","requestUrl":"https://storage.muni.ink/token/4vvC0q4GIMLoLv2aHafb","responseSize":"925","serverIp":"35.241.42.228","status":200,"userAgent":"python-requests/2.26.0"},"insertId":"627564d7000e8a6c5d39758b","labels":{"instanceId":"0067430fbdf8497301732486903449ce1ad928680c0f0325f15430c7bed22be2f601789463027844e3f1a908a21bd50a24d6eb57beb97b1070da88a46d5bf9dc8679"},"logName":"projects/muni-production-f8e72/logs/run.googleapis.com%2Frequests","receiveTimestamp":"2022-05-06T18:11:36.087559987Z","resource":{"labels":{"configuration_name":"muni-back","location":"asia-northeast1","project_id":"muni-production-f8e72","revision_name":"muni-back-hpgtt","service_name":"muni-back"},"type":"cloud_run_revision"},"severity":"INFO","timestamp":"2022-05-06T18:11:35.952940Z","trace":"projects/muni-production-f8e72/traces/ea3f418920e3614d4692933026525e7e"}
{"insertId":"627564d7000e114228176fd1","jsonPayload":{"ident":"RECIEVE","level":"INFO","message":"Recieve the token request for 4vvC0q4GIMLoLv2aHafb.","method":"TokenAPI","timestamp":"2022-5-6 18:11:35"},"labels":{"instanceId":"0067430fbdf8497301732486903449ce1ad928680c0f0325f15430c7bed22be2f601789463027844e3f1a908a21bd50a24d6eb57beb97b1070da88a46d5bf9dc8679"},"logName":"projects/muni-production-f8e72/logs/run.googleapis.com%2Fstdout","receiveTimestamp":"2022-05-06T18:11:35.960584645Z","resource":{"labels":{"configuration_name":"muni-back","location":"asia-northeast1","project_id":"muni-production-f8e72","revision_name":"muni-back-hpgtt","service_name":"muni-back"},"type":"cloud_run_revision"},"timestamp":"2022-05-06T18:11:35.921922Z"}
{"httpRequest":{"latency":"0.128970207s","protocol":"HTTP/1.1","remoteIp":"34.86.185.213","requestMethod":"HEAD","requestSize":"417","requestUrl":"https://storage.muni.ink/token/4vvC0q4GIMLoLv2aHafb","responseSize":"780","serverIp":"35.241.42.228","status":200,"userAgent":"python-requests/2.26.0"},"insertId":"627564d7000b78abae67ee52","labels":{"instanceId":"0067430fbdf8497301732486903449ce1ad928680c0f0325f15430c7bed22be2f601789463027844e3f1a908a21bd50a24d6eb57beb97b1070da88a46d5bf9dc8679"},"logName":"projects/muni-production-f8e72/logs/run.googleapis.com%2Frequests","receiveTimestamp":"2022-05-06T18:11:35.754971827Z","resource":{"labels":{"configuration_name":"muni-back","location":"asia-northeast1","project_id":"muni-production-f8e72","revision_name":"muni-back-hpgtt","service_name":"muni-back"},"type":"cloud_run_revision"},"severity":"INFO","timestamp":"2022-05-06T18:11:35.751787Z","trace":"projects/muni-production-f8e72/traces/ed5ca5f47cc3827c9442f8590143ec56"}
{"insertId":"627564d70009875c96a6ba94","jsonPayload":{"ident":"RECIEVE","level":"INFO","message":"Recieve the token request for 4vvC0q4GIMLoLv2aHafb.","method":"TokenAPI","timestamp":"2022-5-6 18:11:35"},"labels":{"instanceId":"0067430fbdf8497301732486903449ce1ad928680c0f0325f15430c7bed22be2f601789463027844e3f1a908a21bd50a24d6eb57beb97b1070da88a46d5bf9dc8679"},"logName":"projects/muni-production-f8e72/logs/run.googleapis.com%2Fstdout","receiveTimestamp":"2022-05-06T18:11:35.630529672Z","resource":{"labels":{"configuration_name":"muni-back","location":"asia-northeast1","project_id":"muni-production-f8e72","revision_name":"muni-back-hpgtt","service_name":"muni-back"},"type":"cloud_run_revision"},"timestamp":"2022-05-06T18:11:35.624476Z"}
{"httpRequest":{"latency":"0.006286566s","protocol":"HTTP/1.1","remoteIp":"45.143.146.182","requestMethod":"POST","requestSize":"567","requestUrl":"https://35.241.42.228/","responseSize":"2028","serverIp":"35.241.42.228","status":405,"userAgent":"Mozilla/5.0 (X11; Linux x86_64) AppleWebKit/537.36 (KHTML, like Gecko) Chrome/81.0.4044.129 Safari/537.36"},"insertId":"627562dc000d0a6fbf3ad4f9","labels":{"instanceId":"0067430fbd7af03cb17d92900b5f3305989a61b2bd445dd81108ccfd0293c2aeb5c985f7ae593a5d75291bf8faf2b546eff48eec5f9779a88bd23cf4a59c0f70bf36"},"logName":"projects/muni-production-f8e72/logs/run.googleapis.com%2Frequests","receiveTimestamp":"2022-05-06T18:03:08.873237960Z","resource":{"labels":{"configuration_name":"muni-front","location":"asia-northeast1","project_id":"muni-production-f8e72","revision_name":"muni-front-jq7fz","service_name":"muni-front"},"type":"cloud_run_revision"},"severity":"WARNING","timestamp":"2022-05-06T18:03:08.854639Z","trace":"projects/muni-production-f8e72/traces/051b2d85da0236737e5fb8dca161ab91"}
{"httpRequest":{"latency":"0.003924325s","protocol":"HTTP/1.1","remoteIp":"45.143.146.182","requestMethod":"GET","requestSize":"482","requestUrl":"https://35.241.42.228/.env","responseSize":"1950","serverIp":"35.241.42.228","status":404,"userAgent":"Mozilla/5.0 (X11; Linux x86_64) AppleWebKit/537.36 (KHTML, like Gecko) Chrome/81.0.4044.129 Safari/537.36"},"insertId":"627562dc00082dd656e99f52","labels":{"instanceId":"0067430fbd7af03cb17d92900b5f3305989a61b2bd445dd81108ccfd0293c2aeb5c985f7ae593a5d75291bf8faf2b546eff48eec5f9779a88bd23cf4a59c0f70bf36"},"logName":"projects/muni-production-f8e72/logs/run.googleapis.com%2Frequests","receiveTimestamp":"2022-05-06T18:03:08.540274043Z","resource":{"labels":{"configuration_name":"muni-front","location":"asia-northeast1","project_id":"muni-production-f8e72","revision_name":"muni-front-jq7fz","service_name":"muni-front"},"type":"cloud_run_revision"},"severity":"WARNING","timestamp":"2022-05-06T18:03:08.536022Z","trace":"projects/muni-production-f8e72/traces/c76e979a703c6dda48aac038ad3a9f7e"}
{"httpRequest":{"latency":"0.002358584s","protocol":"HTTP/1.1","remoteIp":"193.56.29.174","requestMethod":"GET","requestSize":"528","requestUrl":"https://api.muni.ink/api.muni.ink/.env","responseSize":"963","serverIp":"35.241.42.228","status":404,"userAgent":"Mozilla/5.0 (Macintosh;                 Intel Mac OS X 10_10_1) AppleWebKit/537.36 (KHTML,                 like Gecko) Chrome/39.0.2171.95 Safari/537.36"},"insertId":"62756224000dbe599fc1d6b9","labels":{"instanceId":"0067430fbdf8497301732486903449ce1ad928680c0f0325f15430c7bed22be2f601789463027844e3f1a908a21bd50a24d6eb57beb97b1070da88a46d5bf9dc8679"},"logName":"projects/muni-production-f8e72/logs/run.googleapis.com%2Frequests","receiveTimestamp":"2022-05-06T18:00:05.135635028Z","resource":{"labels":{"configuration_name":"muni-back","location":"asia-northeast1","project_id":"muni-production-f8e72","revision_name":"muni-back-hpgtt","service_name":"muni-back"},"type":"cloud_run_revision"},"severity":"WARNING","timestamp":"2022-05-06T18:00:04.900697Z","trace":"projects/muni-production-f8e72/traces/8786e4eea4c516dbd5470b9b523e6fad"}
{"httpRequest":{"latency":"0.002318275s","protocol":"HTTP/1.1","remoteIp":"193.56.29.174","requestMethod":"GET","requestSize":"525","requestUrl":"https://api.muni.ink/database/.env","responseSize":"959","serverIp":"35.241.42.228","status":404,"userAgent":"Mozilla/5.0 (Macintosh;                 Intel Mac OS X 10_10_1) AppleWebKit/537.36 (KHTML,                 like Gecko) Chrome/39.0.2171.95 Safari/537.36"},"insertId":"627562240007703f769041f4","labels":{"instanceId":"0067430fbdf8497301732486903449ce1ad928680c0f0325f15430c7bed22be2f601789463027844e3f1a908a21bd50a24d6eb57beb97b1070da88a46d5bf9dc8679"},"logName":"projects/muni-production-f8e72/logs/run.googleapis.com%2Frequests","receiveTimestamp":"2022-05-06T18:00:04.803969869Z","resource":{"labels":{"configuration_name":"muni-back","location":"asia-northeast1","project_id":"muni-production-f8e72","revision_name":"muni-back-hpgtt","service_name":"muni-back"},"type":"cloud_run_revision"},"severity":"WARNING","timestamp":"2022-05-06T18:00:04.487487Z","trace":"projects/muni-production-f8e72/traces/f37539a92bd3f57244a563992b617aa5"}
{"httpRequest":{"latency":"0.010020406s","protocol":"HTTP/1.1","remoteIp":"193.56.29.174","requestMethod":"GET","requestSize":"520","requestUrl":"https://api.muni.ink/conf/.env","responseSize":"955","serverIp":"35.241.42.228","status":404,"userAgent":"Mozilla/5.0 (Macintosh;                 Intel Mac OS X 10_10_1) AppleWebKit/537.36 (KHTML,                 like Gecko) Chrome/39.0.2171.95 Safari/537.36"},"insertId":"6275622400005f10af30c304","labels":{"instanceId":"0067430fbdf8497301732486903449ce1ad928680c0f0325f15430c7bed22be2f601789463027844e3f1a908a21bd50a24d6eb57beb97b1070da88a46d5bf9dc8679"},"logName":"projects/muni-production-f8e72/logs/run.googleapis.com%2Frequests","receiveTimestamp":"2022-05-06T18:00:04.138737249Z","resource":{"labels":{"configuration_name":"muni-back","location":"asia-northeast1","project_id":"muni-production-f8e72","revision_name":"muni-back-hpgtt","service_name":"muni-back"},"type":"cloud_run_revision"},"severity":"WARNING","timestamp":"2022-05-06T18:00:04.024336Z","trace":"projects/muni-production-f8e72/traces/631dad6e640009fa0482833a217e2090"}
{"httpRequest":{"latency":"0.002351221s","protocol":"HTTP/1.1","remoteIp":"193.56.29.174","requestMethod":"GET","requestSize":"517","requestUrl":"https://api.muni.ink/api/.env","responseSize":"954","serverIp":"35.241.42.228","status":404,"userAgent":"Mozilla/5.0 (Macintosh;                 Intel Mac OS X 10_10_1) AppleWebKit/537.36 (KHTML,                 like Gecko) Chrome/39.0.2171.95 Safari/537.36"},"insertId":"627562230009aa4e208d6ba9","labels":{"instanceId":"0067430fbdf8497301732486903449ce1ad928680c0f0325f15430c7bed22be2f601789463027844e3f1a908a21bd50a24d6eb57beb97b1070da88a46d5bf9dc8679"},"logName":"projects/muni-production-f8e72/logs/run.googleapis.com%2Frequests","receiveTimestamp":"2022-05-06T18:00:03.806871552Z","resource":{"labels":{"configuration_name":"muni-back","location":"asia-northeast1","project_id":"muni-production-f8e72","revision_name":"muni-back-hpgtt","service_name":"muni-back"},"type":"cloud_run_revision"},"severity":"WARNING","timestamp":"2022-05-06T18:00:03.633422Z","trace":"projects/muni-production-f8e72/traces/0049f767718d1ffa584c1676489e02b0"}
{"httpRequest":{"latency":"0.002469176s","protocol":"HTTP/1.1","remoteIp":"193.56.29.174","requestMethod":"GET","requestSize":"526","requestUrl":"https://api.muni.ink/app/config/.env","responseSize":"961","serverIp":"35.241.42.228","status":404,"userAgent":"Mozilla/5.0 (Macintosh;                 Intel Mac OS X 10_10_1) AppleWebKit/537.36 (KHTML,                 like Gecko) Chrome/39.0.2171.95 Safari/537.36"},"insertId":"62756223000395d6a6803f9a","labels":{"instanceId":"0067430fbdf8497301732486903449ce1ad928680c0f0325f15430c7bed22be2f601789463027844e3f1a908a21bd50a24d6eb57beb97b1070da88a46d5bf9dc8679"},"logName":"projects/muni-production-f8e72/logs/run.googleapis.com%2Frequests","receiveTimestamp":"2022-05-06T18:00:03.473214144Z","resource":{"labels":{"configuration_name":"muni-back","location":"asia-northeast1","project_id":"muni-production-f8e72","revision_name":"muni-back-hpgtt","service_name":"muni-back"},"type":"cloud_run_revision"},"severity":"WARNING","timestamp":"2022-05-06T18:00:03.234966Z","trace":"projects/muni-production-f8e72/traces/8fe5ead5c6c1f154d5ab587a0895a87c"}
{"httpRequest":{"latency":"0.002597368s","protocol":"HTTP/1.1","remoteIp":"193.56.29.174","requestMethod":"GET","requestSize":"521","requestUrl":"https://api.muni.ink/audio/.env","responseSize":"956","serverIp":"35.241.42.228","status":404,"userAgent":"Mozilla/5.0 (Macintosh;                 Intel Mac OS X 10_10_1) AppleWebKit/537.36 (KHTML,                 like Gecko) Chrome/39.0.2171.95 Safari/537.36"},"insertId":"62756222000c9827e4d33578","labels":{"instanceId":"0067430fbdf8497301732486903449ce1ad928680c0f0325f15430c7bed22be2f601789463027844e3f1a908a21bd50a24d6eb57beb97b1070da88a46d5bf9dc8679"},"logName":"projects/muni-production-f8e72/logs/run.googleapis.com%2Frequests","receiveTimestamp":"2022-05-06T18:00:03.138982181Z","resource":{"labels":{"configuration_name":"muni-back","location":"asia-northeast1","project_id":"muni-production-f8e72","revision_name":"muni-back-hpgtt","service_name":"muni-back"},"type":"cloud_run_revision"},"severity":"WARNING","timestamp":"2022-05-06T18:00:02.825383Z","trace":"projects/muni-production-f8e72/traces/b0b8f643ace6b595cea3287cd5bfeb3e"}
{"httpRequest":{"latency":"0.002680011s","protocol":"HTTP/1.1","remoteIp":"193.56.29.174","requestMethod":"GET","requestSize":"519","requestUrl":"https://api.muni.ink/crm/.env","responseSize":"954","serverIp":"35.241.42.228","status":404,"userAgent":"Mozilla/5.0 (Macintosh;                 Intel Mac OS X 10_10_1) AppleWebKit/537.36 (KHTML,                 like Gecko) Chrome/39.0.2171.95 Safari/537.36"},"insertId":"627562220006d92102e375bd","labels":{"instanceId":"0067430fbdf8497301732486903449ce1ad928680c0f0325f15430c7bed22be2f601789463027844e3f1a908a21bd50a24d6eb57beb97b1070da88a46d5bf9dc8679"},"logName":"projects/muni-production-f8e72/logs/run.googleapis.com%2Frequests","receiveTimestamp":"2022-05-06T18:00:02.473280028Z","resource":{"labels":{"configuration_name":"muni-back","location":"asia-northeast1","project_id":"muni-production-f8e72","revision_name":"muni-back-hpgtt","service_name":"muni-back"},"type":"cloud_run_revision"},"severity":"WARNING","timestamp":"2022-05-06T18:00:02.448801Z","trace":"projects/muni-production-f8e72/traces/f2a70b242b2fb896bc09e60b42a03156"}
{"httpRequest":{"latency":"0.002573335s","protocol":"HTTP/1.1","remoteIp":"193.56.29.174","requestMethod":"GET","requestSize":"522","requestUrl":"https://api.muni.ink/local/.env","responseSize":"956","serverIp":"35.241.42.228","status":404,"userAgent":"Mozilla/5.0 (Macintosh;                 Intel Mac OS X 10_10_1) AppleWebKit/537.36 (KHTML,                 like Gecko) Chrome/39.0.2171.95 Safari/537.36"},"insertId":"62756221000f34fc4a9c2dcb","labels":{"instanceId":"0067430fbdf8497301732486903449ce1ad928680c0f0325f15430c7bed22be2f601789463027844e3f1a908a21bd50a24d6eb57beb97b1070da88a46d5bf9dc8679"},"logName":"projects/muni-production-f8e72/logs/run.googleapis.com%2Frequests","receiveTimestamp":"2022-05-06T18:00:02.140807105Z","resource":{"labels":{"configuration_name":"muni-back","location":"asia-northeast1","project_id":"muni-production-f8e72","revision_name":"muni-back-hpgtt","service_name":"muni-back"},"type":"cloud_run_revision"},"severity":"WARNING","timestamp":"2022-05-06T18:00:01.996604Z","trace":"projects/muni-production-f8e72/traces/7b3aafb83186c7cac1241d6274899d85"}
{"httpRequest":{"latency":"0.002360581s","protocol":"HTTP/1.1","remoteIp":"193.56.29.174","requestMethod":"GET","requestSize":"520","requestUrl":"https://api.muni.ink/old/.env","responseSize":"954","serverIp":"35.241.42.228","status":404,"userAgent":"Mozilla/5.0 (Macintosh;                 Intel Mac OS X 10_10_1) AppleWebKit/537.36 (KHTML,                 like Gecko) Chrome/39.0.2171.95 Safari/537.36"},"insertId":"627562210009451d5f705d89","labels":{"instanceId":"0067430fbdf8497301732486903449ce1ad928680c0f0325f15430c7bed22be2f601789463027844e3f1a908a21bd50a24d6eb57beb97b1070da88a46d5bf9dc8679"},"logName":"projects/muni-production-f8e72/logs/run.googleapis.com%2Frequests","receiveTimestamp":"2022-05-06T18:00:01.808878655Z","resource":{"labels":{"configuration_name":"muni-back","location":"asia-northeast1","project_id":"muni-production-f8e72","revision_name":"muni-back-hpgtt","service_name":"muni-back"},"type":"cloud_run_revision"},"severity":"WARNING","timestamp":"2022-05-06T18:00:01.607517Z","trace":"projects/muni-production-f8e72/traces/5c1c55e052a34adf4a1ab769d8fcc326"}
{"httpRequest":{"latency":"0.002404276s","protocol":"HTTP/1.1","remoteIp":"193.56.29.174","requestMethod":"GET","requestSize":"520","requestUrl":"https://api.muni.ink/new/.env","responseSize":"954","serverIp":"35.241.42.228","status":404,"userAgent":"Mozilla/5.0 (Macintosh;                 Intel Mac OS X 10_10_1) AppleWebKit/537.36 (KHTML,                 like Gecko) Chrome/39.0.2171.95 Safari/537.36"},"insertId":"627562210003b4548caa4875","labels":{"instanceId":"0067430fbdf8497301732486903449ce1ad928680c0f0325f15430c7bed22be2f601789463027844e3f1a908a21bd50a24d6eb57beb97b1070da88a46d5bf9dc8679"},"logName":"projects/muni-production-f8e72/logs/run.googleapis.com%2Frequests","receiveTimestamp":"2022-05-06T18:00:01.475909571Z","resource":{"labels":{"configuration_name":"muni-back","location":"asia-northeast1","project_id":"muni-production-f8e72","revision_name":"muni-back-hpgtt","service_name":"muni-back"},"type":"cloud_run_revision"},"severity":"WARNING","timestamp":"2022-05-06T18:00:01.242772Z","trace":"projects/muni-production-f8e72/traces/ca9b447bfc9ed27c1a6401351d89dcd4"}
{"httpRequest":{"latency":"0.002393801s","protocol":"HTTP/1.1","remoteIp":"193.56.29.174","requestMethod":"GET","requestSize":"524","requestUrl":"https://api.muni.ink/library/.env","responseSize":"958","serverIp":"35.241.42.228","status":404,"userAgent":"Mozilla/5.0 (Macintosh;                 Intel Mac OS X 10_10_1) AppleWebKit/537.36 (KHTML,                 like Gecko) Chrome/39.0.2171.95 Safari/537.36"},"insertId":"62756220000de1b74ab971ae","labels":{"instanceId":"0067430fbdf8497301732486903449ce1ad928680c0f0325f15430c7bed22be2f601789463027844e3f1a908a21bd50a24d6eb57beb97b1070da88a46d5bf9dc8679"},"logName":"projects/muni-production-f8e72/logs/run.googleapis.com%2Frequests","receiveTimestamp":"2022-05-06T18:00:01.143642957Z","resource":{"labels":{"configuration_name":"muni-back","location":"asia-northeast1","project_id":"muni-production-f8e72","revision_name":"muni-back-hpgtt","service_name":"muni-back"},"type":"cloud_run_revision"},"severity":"WARNING","timestamp":"2022-05-06T18:00:00.909751Z","trace":"projects/muni-production-f8e72/traces/93a9d2e56ae4c29850b55cea6b4d31e8"}
{"httpRequest":{"latency":"0.002350805s","protocol":"HTTP/1.1","remoteIp":"193.56.29.174","requestMethod":"GET","requestSize":"525","requestUrl":"https://api.muni.ink/wp-admin/.env","responseSize":"959","serverIp":"35.241.42.228","status":404,"userAgent":"Mozilla/5.0 (Macintosh;                 Intel Mac OS X 10_10_1) AppleWebKit/537.36 (KHTML,                 like Gecko) Chrome/39.0.2171.95 Safari/537.36"},"insertId":"627562200008d24b51b9729f","labels":{"instanceId":"0067430fbdf8497301732486903449ce1ad928680c0f0325f15430c7bed22be2f601789463027844e3f1a908a21bd50a24d6eb57beb97b1070da88a46d5bf9dc8679"},"logName":"projects/muni-production-f8e72/logs/run.googleapis.com%2Frequests","receiveTimestamp":"2022-05-06T18:00:00.809858666Z","resource":{"labels":{"configuration_name":"muni-back","location":"asia-northeast1","project_id":"muni-production-f8e72","revision_name":"muni-back-hpgtt","service_name":"muni-back"},"type":"cloud_run_revision"},"severity":"WARNING","timestamp":"2022-05-06T18:00:00.578123Z","trace":"projects/muni-production-f8e72/traces/0e2e46bd2c351939379b9506f75e65b8"}
{"httpRequest":{"latency":"0.003399684s","protocol":"HTTP/1.1","remoteIp":"193.56.29.174","requestMethod":"GET","requestSize":"526","requestUrl":"https://api.muni.ink/wp-content/.env","responseSize":"961","serverIp":"35.241.42.228","status":404,"userAgent":"Mozilla/5.0 (Macintosh;                 Intel Mac OS X 10_10_1) AppleWebKit/537.36 (KHTML,                 like Gecko) Chrome/39.0.2171.95 Safari/537.36"},"insertId":"627562200003811f2ec64f39","labels":{"instanceId":"0067430fbdf8497301732486903449ce1ad928680c0f0325f15430c7bed22be2f601789463027844e3f1a908a21bd50a24d6eb57beb97b1070da88a46d5bf9dc8679"},"logName":"projects/muni-production-f8e72/logs/run.googleapis.com%2Frequests","receiveTimestamp":"2022-05-06T18:00:00.475762730Z","resource":{"labels":{"configuration_name":"muni-back","location":"asia-northeast1","project_id":"muni-production-f8e72","revision_name":"muni-back-hpgtt","service_name":"muni-back"},"type":"cloud_run_revision"},"severity":"WARNING","timestamp":"2022-05-06T18:00:00.229663Z","trace":"projects/muni-production-f8e72/traces/079d61914f087914af255e60d1f34ac9"}
{"httpRequest":{"latency":"0.002370462s","protocol":"HTTP/1.1","remoteIp":"193.56.29.174","requestMethod":"GET","requestSize":"521","requestUrl":"https://api.muni.ink/apps/.env","responseSize":"955","serverIp":"35.241.42.228","status":404,"userAgent":"Mozilla/5.0 (Macintosh;                 Intel Mac OS X 10_10_1) AppleWebKit/537.36 (KHTML,                 like Gecko) Chrome/39.0.2171.95 Safari/537.36"},"insertId":"6275621f000cfaaa62d1d023","labels":{"instanceId":"0067430fbdf8497301732486903449ce1ad928680c0f0325f15430c7bed22be2f601789463027844e3f1a908a21bd50a24d6eb57beb97b1070da88a46d5bf9dc8679"},"logName":"projects/muni-production-f8e72/logs/run.googleapis.com%2Frequests","receiveTimestamp":"2022-05-06T18:00:00.143010133Z","resource":{"labels":{"configuration_name":"muni-back","location":"asia-northeast1","project_id":"muni-production-f8e72","revision_name":"muni-back-hpgtt","service_name":"muni-back"},"type":"cloud_run_revision"},"severity":"WARNING","timestamp":"2022-05-06T17:59:59.850602Z","trace":"projects/muni-production-f8e72/traces/19378906e80029747654b4d02823b41d"}
{"httpRequest":{"latency":"0.002320722s","protocol":"HTTP/1.1","remoteIp":"193.56.29.174","requestMethod":"GET","requestSize":"523","requestUrl":"https://api.muni.ink/cgi-bin/.env","responseSize":"958","serverIp":"35.241.42.228","status":404,"userAgent":"Mozilla/5.0 (Macintosh;                 Intel Mac OS X 10_10_1) AppleWebKit/537.36 (KHTML,                 like Gecko) Chrome/39.0.2171.95 Safari/537.36"},"insertId":"6275621f0006828a0025f1b0","labels":{"instanceId":"0067430fbdf8497301732486903449ce1ad928680c0f0325f15430c7bed22be2f601789463027844e3f1a908a21bd50a24d6eb57beb97b1070da88a46d5bf9dc8679"},"logName":"projects/muni-production-f8e72/logs/run.googleapis.com%2Frequests","receiveTimestamp":"2022-05-06T17:59:59.477039075Z","resource":{"labels":{"configuration_name":"muni-back","location":"asia-northeast1","project_id":"muni-production-f8e72","revision_name":"muni-back-hpgtt","service_name":"muni-back"},"type":"cloud_run_revision"},"severity":"WARNING","timestamp":"2022-05-06T17:59:59.426634Z","trace":"projects/muni-production-f8e72/traces/0300df1f9769dc06b0f362d259ffb721"}
{"httpRequest":{"latency":"0.002455616s","protocol":"HTTP/1.1","remoteIp":"193.56.29.174","requestMethod":"GET","requestSize":"519","requestUrl":"https://api.muni.ink/src/.env","responseSize":"954","serverIp":"35.241.42.228","status":404,"userAgent":"Mozilla/5.0 (Macintosh;                 Intel Mac OS X 10_10_1) AppleWebKit/537.36 (KHTML,                 like Gecko) Chrome/39.0.2171.95 Safari/537.36"},"insertId":"6275621f0000f57fae531516","labels":{"instanceId":"0067430fbdf8497301732486903449ce1ad928680c0f0325f15430c7bed22be2f601789463027844e3f1a908a21bd50a24d6eb57beb97b1070da88a46d5bf9dc8679"},"logName":"projects/muni-production-f8e72/logs/run.googleapis.com%2Frequests","receiveTimestamp":"2022-05-06T17:59:59.143863819Z","resource":{"labels":{"configuration_name":"muni-back","location":"asia-northeast1","project_id":"muni-production-f8e72","revision_name":"muni-back-hpgtt","service_name":"muni-back"},"type":"cloud_run_revision"},"severity":"WARNING","timestamp":"2022-05-06T17:59:59.062847Z","trace":"projects/muni-production-f8e72/traces/073336979a232ee3f82393624f6ab863"}
{"httpRequest":{"latency":"0.002472860s","protocol":"HTTP/1.1","remoteIp":"193.56.29.174","requestMethod":"GET","requestSize":"521","requestUrl":"https://api.muni.ink/base/.env","responseSize":"955","serverIp":"35.241.42.228","status":404,"userAgent":"Mozilla/5.0 (Macintosh;                 Intel Mac OS X 10_10_1) AppleWebKit/537.36 (KHTML,                 like Gecko) Chrome/39.0.2171.95 Safari/537.36"},"insertId":"6275621e000a671e4876c7ff","labels":{"instanceId":"0067430fbdf8497301732486903449ce1ad928680c0f0325f15430c7bed22be2f601789463027844e3f1a908a21bd50a24d6eb57beb97b1070da88a46d5bf9dc8679"},"logName":"projects/muni-production-f8e72/logs/run.googleapis.com%2Frequests","receiveTimestamp":"2022-05-06T17:59:58.810370912Z","resource":{"labels":{"configuration_name":"muni-back","location":"asia-northeast1","project_id":"muni-production-f8e72","revision_name":"muni-back-hpgtt","service_name":"muni-back"},"type":"cloud_run_revision"},"severity":"WARNING","timestamp":"2022-05-06T17:59:58.681758Z","trace":"projects/muni-production-f8e72/traces/1faf5e8c281748f60406c6dca1dd859b"}
{"httpRequest":{"latency":"0.002369217s","protocol":"HTTP/1.1","remoteIp":"193.56.29.174","requestMethod":"GET","requestSize":"520","requestUrl":"https://api.muni.ink/core/.env","responseSize":"955","serverIp":"35.241.42.228","status":404,"userAgent":"Mozilla/5.0 (Macintosh;                 Intel Mac OS X 10_10_1) AppleWebKit/537.36 (KHTML,                 like Gecko) Chrome/39.0.2171.95 Safari/537.36"},"insertId":"6275621e0004d6e171799bf5","labels":{"instanceId":"0067430fbdf8497301732486903449ce1ad928680c0f0325f15430c7bed22be2f601789463027844e3f1a908a21bd50a24d6eb57beb97b1070da88a46d5bf9dc8679"},"logName":"projects/muni-production-f8e72/logs/run.googleapis.com%2Frequests","receiveTimestamp":"2022-05-06T17:59:58.477230646Z","resource":{"labels":{"configuration_name":"muni-back","location":"asia-northeast1","project_id":"muni-production-f8e72","revision_name":"muni-back-hpgtt","service_name":"muni-back"},"type":"cloud_run_revision"},"severity":"WARNING","timestamp":"2022-05-06T17:59:58.317153Z","trace":"projects/muni-production-f8e72/traces/0705afccad1f9aa5fb182bb754cc838b"}
{"httpRequest":{"latency":"0.002393197s","protocol":"HTTP/1.1","remoteIp":"193.56.29.174","requestMethod":"GET","requestSize":"525","requestUrl":"https://api.muni.ink/protected/.env","responseSize":"960","serverIp":"35.241.42.228","status":404,"userAgent":"Mozilla/5.0 (Macintosh;                 Intel Mac OS X 10_10_1) AppleWebKit/537.36 (KHTML,                 like Gecko) Chrome/39.0.2171.95 Safari/537.36"},"insertId":"6275621d000e4aa2e9f83554","labels":{"instanceId":"0067430fbdf8497301732486903449ce1ad928680c0f0325f15430c7bed22be2f601789463027844e3f1a908a21bd50a24d6eb57beb97b1070da88a46d5bf9dc8679"},"logName":"projects/muni-production-f8e72/logs/run.googleapis.com%2Frequests","receiveTimestamp":"2022-05-06T17:59:58.144396598Z","resource":{"labels":{"configuration_name":"muni-back","location":"asia-northeast1","project_id":"muni-production-f8e72","revision_name":"muni-back-hpgtt","service_name":"muni-back"},"type":"cloud_run_revision"},"severity":"WARNING","timestamp":"2022-05-06T17:59:57.936610Z","trace":"projects/muni-production-f8e72/traces/a9e4bfa8e8dd32ff200bf904c2768759"}
{"httpRequest":{"latency":"0.002417472s","protocol":"HTTP/1.1","remoteIp":"193.56.29.174","requestMethod":"GET","requestSize":"519","requestUrl":"https://api.muni.ink/www/.env","responseSize":"954","serverIp":"35.241.42.228","status":404,"userAgent":"Mozilla/5.0 (Macintosh;                 Intel Mac OS X 10_10_1) AppleWebKit/537.36 (KHTML,                 like Gecko) Chrome/39.0.2171.95 Safari/537.36"},"insertId":"6275621d0008eff46c098693","labels":{"instanceId":"0067430fbdf8497301732486903449ce1ad928680c0f0325f15430c7bed22be2f601789463027844e3f1a908a21bd50a24d6eb57beb97b1070da88a46d5bf9dc8679"},"logName":"projects/muni-production-f8e72/logs/run.googleapis.com%2Frequests","receiveTimestamp":"2022-05-06T17:59:57.811566721Z","resource":{"labels":{"configuration_name":"muni-back","location":"asia-northeast1","project_id":"muni-production-f8e72","revision_name":"muni-back-hpgtt","service_name":"muni-back"},"type":"cloud_run_revision"},"severity":"WARNING","timestamp":"2022-05-06T17:59:57.585716Z","trace":"projects/muni-production-f8e72/traces/0aba4585456075797e3c5606a2a46ddb"}
{"httpRequest":{"latency":"0.002431831s","protocol":"HTTP/1.1","remoteIp":"193.56.29.174","requestMethod":"GET","requestSize":"546","requestUrl":"https://api.muni.ink/sites/all/libraries/mailchimp/.env","responseSize":"980","serverIp":"35.241.42.228","status":404,"userAgent":"Mozilla/5.0 (Macintosh;                 Intel Mac OS X 10_10_1) AppleWebKit/537.36 (KHTML,                 like Gecko) Chrome/39.0.2171.95 Safari/537.36"},"insertId":"6275621d0003b118812dda67","labels":{"instanceId":"0067430fbdf8497301732486903449ce1ad928680c0f0325f15430c7bed22be2f601789463027844e3f1a908a21bd50a24d6eb57beb97b1070da88a46d5bf9dc8679"},"logName":"projects/muni-production-f8e72/logs/run.googleapis.com%2Frequests","receiveTimestamp":"2022-05-06T17:59:57.478088321Z","resource":{"labels":{"configuration_name":"muni-back","location":"asia-northeast1","project_id":"muni-production-f8e72","revision_name":"muni-back-hpgtt","service_name":"muni-back"},"type":"cloud_run_revision"},"severity":"WARNING","timestamp":"2022-05-06T17:59:57.241944Z","trace":"projects/muni-production-f8e72/traces/a5c1e766adaa3461b2f82c0fd711b5a2"}
{"httpRequest":{"latency":"0.002593023s","protocol":"HTTP/1.1","remoteIp":"193.56.29.174","requestMethod":"GET","requestSize":"526","requestUrl":"https://api.muni.ink/production/.env","responseSize":"961","serverIp":"35.241.42.228","status":404,"userAgent":"Mozilla/5.0 (Macintosh;                 Intel Mac OS X 10_10_1) AppleWebKit/537.36 (KHTML,                 like Gecko) Chrome/39.0.2171.95 Safari/537.36"},"insertId":"6275621c000d74b18710aba7","labels":{"instanceId":"0067430fbdf8497301732486903449ce1ad928680c0f0325f15430c7bed22be2f601789463027844e3f1a908a21bd50a24d6eb57beb97b1070da88a46d5bf9dc8679"},"logName":"projects/muni-production-f8e72/logs/run.googleapis.com%2Frequests","receiveTimestamp":"2022-05-06T17:59:57.145927095Z","resource":{"labels":{"configuration_name":"muni-back","location":"asia-northeast1","project_id":"muni-production-f8e72","revision_name":"muni-back-hpgtt","service_name":"muni-back"},"type":"cloud_run_revision"},"severity":"WARNING","timestamp":"2022-05-06T17:59:56.881841Z","trace":"projects/muni-production-f8e72/traces/0964c07f66789390c6dcac6a978272a6"}
{"httpRequest":{"latency":"0.002421053s","protocol":"HTTP/1.1","remoteIp":"193.56.29.174","requestMethod":"GET","requestSize":"519","requestUrl":"https://api.muni.ink/app/.env","responseSize":"954","serverIp":"35.241.42.228","status":404,"userAgent":"Mozilla/5.0 (Macintosh;                 Intel Mac OS X 10_10_1) AppleWebKit/537.36 (KHTML,                 like Gecko) Chrome/39.0.2171.95 Safari/537.36"},"insertId":"6275621c0005dc4acd18259f","labels":{"instanceId":"0067430fbdf8497301732486903449ce1ad928680c0f0325f15430c7bed22be2f601789463027844e3f1a908a21bd50a24d6eb57beb97b1070da88a46d5bf9dc8679"},"logName":"projects/muni-production-f8e72/logs/run.googleapis.com%2Frequests","receiveTimestamp":"2022-05-06T17:59:56.479614200Z","resource":{"labels":{"configuration_name":"muni-back","location":"asia-northeast1","project_id":"muni-production-f8e72","revision_name":"muni-back-hpgtt","service_name":"muni-back"},"type":"cloud_run_revision"},"severity":"WARNING","timestamp":"2022-05-06T17:59:56.384074Z","trace":"projects/muni-production-f8e72/traces/7b76bc37dd36024cde3e6a01215a3116"}
{"httpRequest":{"latency":"0.002420873s","protocol":"HTTP/1.1","remoteIp":"193.56.29.174","requestMethod":"GET","requestSize":"523","requestUrl":"https://api.muni.ink/public/.env","responseSize":"957","serverIp":"35.241.42.228","status":404,"userAgent":"Mozilla/5.0 (Macintosh;                 Intel Mac OS X 10_10_1) AppleWebKit/537.36 (KHTML,                 like Gecko) Chrome/39.0.2171.95 Safari/537.36"},"insertId":"6275621c0000326ef92f7aaa","labels":{"instanceId":"0067430fbdf8497301732486903449ce1ad928680c0f0325f15430c7bed22be2f601789463027844e3f1a908a21bd50a24d6eb57beb97b1070da88a46d5bf9dc8679"},"logName":"projects/muni-production-f8e72/logs/run.googleapis.com%2Frequests","receiveTimestamp":"2022-05-06T17:59:56.146679059Z","resource":{"labels":{"configuration_name":"muni-back","location":"asia-northeast1","project_id":"muni-production-f8e72","revision_name":"muni-back-hpgtt","service_name":"muni-back"},"type":"cloud_run_revision"},"severity":"WARNING","timestamp":"2022-05-06T17:59:56.012910Z","trace":"projects/muni-production-f8e72/traces/e6e111777a36e1f8a4c431175618ad0f"}
{"httpRequest":{"latency":"0.002483427s","protocol":"HTTP/1.1","remoteIp":"193.56.29.174","requestMethod":"GET","requestSize":"525","requestUrl":"https://api.muni.ink/dashboard/.env","responseSize":"960","serverIp":"35.241.42.228","status":404,"userAgent":"Mozilla/5.0 (Macintosh;                 Intel Mac OS X 10_10_1) AppleWebKit/537.36 (KHTML,                 like Gecko) Chrome/39.0.2171.95 Safari/537.36"},"insertId":"6275621b00089f41e3617db0","labels":{"instanceId":"0067430fbdf8497301732486903449ce1ad928680c0f0325f15430c7bed22be2f601789463027844e3f1a908a21bd50a24d6eb57beb97b1070da88a46d5bf9dc8679"},"logName":"projects/muni-production-f8e72/logs/run.googleapis.com%2Frequests","receiveTimestamp":"2022-05-06T17:59:55.813599771Z","resource":{"labels":{"configuration_name":"muni-back","location":"asia-northeast1","project_id":"muni-production-f8e72","revision_name":"muni-back-hpgtt","service_name":"muni-back"},"type":"cloud_run_revision"},"severity":"WARNING","timestamp":"2022-05-06T17:59:55.565057Z","trace":"projects/muni-production-f8e72/traces/c40415a69300074b37e34192011f495b"}
{"httpRequest":{"latency":"0.002359019s","protocol":"HTTP/1.1","remoteIp":"193.56.29.174","requestMethod":"GET","requestSize":"520","requestUrl":"https://api.muni.ink/shop/.env","responseSize":"955","serverIp":"35.241.42.228","status":404,"userAgent":"Mozilla/5.0 (Macintosh;                 Intel Mac OS X 10_10_1) AppleWebKit/537.36 (KHTML,                 like Gecko) Chrome/39.0.2171.95 Safari/537.36"},"insertId":"6275621b0002609d32607a01","labels":{"instanceId":"0067430fbdf8497301732486903449ce1ad928680c0f0325f15430c7bed22be2f601789463027844e3f1a908a21bd50a24d6eb57beb97b1070da88a46d5bf9dc8679"},"logName":"projects/muni-production-f8e72/logs/run.googleapis.com%2Frequests","receiveTimestamp":"2022-05-06T17:59:55.481518547Z","resource":{"labels":{"configuration_name":"muni-back","location":"asia-northeast1","project_id":"muni-production-f8e72","revision_name":"muni-back-hpgtt","service_name":"muni-back"},"type":"cloud_run_revision"},"severity":"WARNING","timestamp":"2022-05-06T17:59:55.155805Z","trace":"projects/muni-production-f8e72/traces/1aaee615a6372bb6b4ae9746f7152c61"}
{"httpRequest":{"latency":"0.002443710s","protocol":"HTTP/1.1","remoteIp":"193.56.29.174","requestMethod":"GET","requestSize":"523","requestUrl":"https://api.muni.ink/assets/.env","responseSize":"957","serverIp":"35.241.42.228","status":404,"userAgent":"Mozilla/5.0 (Macintosh;                 Intel Mac OS X 10_10_1) AppleWebKit/537.36 (KHTML,                 like Gecko) Chrome/39.0.2171.95 Safari/537.36"},"insertId":"6275621a000c0c88450997b5","labels":{"instanceId":"0067430fbdf8497301732486903449ce1ad928680c0f0325f15430c7bed22be2f601789463027844e3f1a908a21bd50a24d6eb57beb97b1070da88a46d5bf9dc8679"},"logName":"projects/muni-production-f8e72/logs/run.googleapis.com%2Frequests","receiveTimestamp":"2022-05-06T17:59:54.813811175Z","resource":{"labels":{"configuration_name":"muni-back","location":"asia-northeast1","project_id":"muni-production-f8e72","revision_name":"muni-back-hpgtt","service_name":"muni-back"},"type":"cloud_run_revision"},"severity":"WARNING","timestamp":"2022-05-06T17:59:54.789640Z","trace":"projects/muni-production-f8e72/traces/c82f4fda66ded43a84bc6df55d84673e"}
{"httpRequest":{"latency":"0.002400718s","protocol":"HTTP/1.1","remoteIp":"193.56.29.174","requestMethod":"GET","requestSize":"524","requestUrl":"https://api.muni.ink/project/.env","responseSize":"958","serverIp":"35.241.42.228","status":404,"userAgent":"Mozilla/5.0 (Macintosh;                 Intel Mac OS X 10_10_1) AppleWebKit/537.36 (KHTML,                 like Gecko) Chrome/39.0.2171.95 Safari/537.36"},"insertId":"6275621a00064d5f220ac113","labels":{"instanceId":"0067430fbdf8497301732486903449ce1ad928680c0f0325f15430c7bed22be2f601789463027844e3f1a908a21bd50a24d6eb57beb97b1070da88a46d5bf9dc8679"},"logName":"projects/muni-production-f8e72/logs/run.googleapis.com%2Frequests","receiveTimestamp":"2022-05-06T17:59:54.481943432Z","resource":{"labels":{"configuration_name":"muni-back","location":"asia-northeast1","project_id":"muni-production-f8e72","revision_name":"muni-back-hpgtt","service_name":"muni-back"},"type":"cloud_run_revision"},"severity":"WARNING","timestamp":"2022-05-06T17:59:54.413023Z","trace":"projects/muni-production-f8e72/traces/5a1a2e294fc17a14cb8731a398a02555"}
{"httpRequest":{"latency":"0.002489417s","protocol":"HTTP/1.1","remoteIp":"193.56.29.174","requestMethod":"GET","requestSize":"521","requestUrl":"https://api.muni.ink/portal/.env","responseSize":"957","serverIp":"35.241.42.228","status":404,"userAgent":"Mozilla/5.0 (Macintosh;                 Intel Mac OS X 10_10_1) AppleWebKit/537.36 (KHTML,                 like Gecko) Chrome/39.0.2171.95 Safari/537.36"},"insertId":"6275621a0000cac2a88e540b","labels":{"instanceId":"0067430fbdf8497301732486903449ce1ad928680c0f0325f15430c7bed22be2f601789463027844e3f1a908a21bd50a24d6eb57beb97b1070da88a46d5bf9dc8679"},"logName":"projects/muni-production-f8e72/logs/run.googleapis.com%2Frequests","receiveTimestamp":"2022-05-06T17:59:54.148182797Z","resource":{"labels":{"configuration_name":"muni-back","location":"asia-northeast1","project_id":"muni-production-f8e72","revision_name":"muni-back-hpgtt","service_name":"muni-back"},"type":"cloud_run_revision"},"severity":"WARNING","timestamp":"2022-05-06T17:59:54.051906Z","trace":"projects/muni-production-f8e72/traces/79634d90dd7068f43a37458388b7cc06"}
{"httpRequest":{"latency":"0.002366923s","protocol":"HTTP/1.1","remoteIp":"193.56.29.174","requestMethod":"GET","requestSize":"521","requestUrl":"https://api.muni.ink/test/.env","responseSize":"955","serverIp":"35.241.42.228","status":404,"userAgent":"Mozilla/5.0 (Macintosh;                 Intel Mac OS X 10_10_1) AppleWebKit/537.36 (KHTML,                 like Gecko) Chrome/39.0.2171.95 Safari/537.36"},"insertId":"62756219000ae63d4b076d00","labels":{"instanceId":"0067430fbdf8497301732486903449ce1ad928680c0f0325f15430c7bed22be2f601789463027844e3f1a908a21bd50a24d6eb57beb97b1070da88a46d5bf9dc8679"},"logName":"projects/muni-production-f8e72/logs/run.googleapis.com%2Frequests","receiveTimestamp":"2022-05-06T17:59:53.816378458Z","resource":{"labels":{"configuration_name":"muni-back","location":"asia-northeast1","project_id":"muni-production-f8e72","revision_name":"muni-back-hpgtt","service_name":"muni-back"},"type":"cloud_run_revision"},"severity":"WARNING","timestamp":"2022-05-06T17:59:53.714301Z","trace":"projects/muni-production-f8e72/traces/80a4288326a1879f67fbc63497ed624a"}
{"httpRequest":{"latency":"0.002341442s","protocol":"HTTP/1.1","remoteIp":"193.56.29.174","requestMethod":"GET","requestSize":"519","requestUrl":"https://api.muni.ink/dev/.env","responseSize":"954","serverIp":"35.241.42.228","status":404,"userAgent":"Mozilla/5.0 (Macintosh;                 Intel Mac OS X 10_10_1) AppleWebKit/537.36 (KHTML,                 like Gecko) Chrome/39.0.2171.95 Safari/537.36"},"insertId":"627562190005a626170d87e7","labels":{"instanceId":"0067430fbdf8497301732486903449ce1ad928680c0f0325f15430c7bed22be2f601789463027844e3f1a908a21bd50a24d6eb57beb97b1070da88a46d5bf9dc8679"},"logName":"projects/muni-production-f8e72/logs/run.googleapis.com%2Frequests","receiveTimestamp":"2022-05-06T17:59:53.483554623Z","resource":{"labels":{"configuration_name":"muni-back","location":"asia-northeast1","project_id":"muni-production-f8e72","revision_name":"muni-back-hpgtt","service_name":"muni-back"},"type":"cloud_run_revision"},"severity":"WARNING","timestamp":"2022-05-06T17:59:53.370214Z","trace":"projects/muni-production-f8e72/traces/13f29b50d216dd027dd83a986e710b39"}
{"httpRequest":{"latency":"0.002363246s","protocol":"HTTP/1.1","remoteIp":"193.56.29.174","requestMethod":"GET","requestSize":"524","requestUrl":"https://api.muni.ink/laravel/.env","responseSize":"958","serverIp":"35.241.42.228","status":404,"userAgent":"Mozilla/5.0 (Macintosh;                 Intel Mac OS X 10_10_1) AppleWebKit/537.36 (KHTML,                 like Gecko) Chrome/39.0.2171.95 Safari/537.36"},"insertId":"62756218000ea0a4aad6874c","labels":{"instanceId":"0067430fbdf8497301732486903449ce1ad928680c0f0325f15430c7bed22be2f601789463027844e3f1a908a21bd50a24d6eb57beb97b1070da88a46d5bf9dc8679"},"logName":"projects/muni-production-f8e72/logs/run.googleapis.com%2Frequests","receiveTimestamp":"2022-05-06T17:59:53.149535242Z","resource":{"labels":{"configuration_name":"muni-back","location":"asia-northeast1","project_id":"muni-production-f8e72","revision_name":"muni-back-hpgtt","service_name":"muni-back"},"type":"cloud_run_revision"},"severity":"WARNING","timestamp":"2022-05-06T17:59:52.958628Z","trace":"projects/muni-production-f8e72/traces/5a9a7f6b68ceb41215ed544ab5224d4c"}
{"httpRequest":{"latency":"0.002222028s","protocol":"HTTP/1.1","remoteIp":"193.56.29.174","requestMethod":"GET","requestSize":"520","requestUrl":"https://api.muni.ink/blog/.env","responseSize":"955","serverIp":"35.241.42.228","status":404,"userAgent":"Mozilla/5.0 (Macintosh;                 Intel Mac OS X 10_10_1) AppleWebKit/537.36 (KHTML,                 like Gecko) Chrome/39.0.2171.95 Safari/537.36"},"insertId":"6275621800083704e37f2a76","labels":{"instanceId":"0067430fbdf8497301732486903449ce1ad928680c0f0325f15430c7bed22be2f601789463027844e3f1a908a21bd50a24d6eb57beb97b1070da88a46d5bf9dc8679"},"logName":"projects/muni-production-f8e72/logs/run.googleapis.com%2Frequests","receiveTimestamp":"2022-05-06T17:59:52.818808898Z","resource":{"labels":{"configuration_name":"muni-back","location":"asia-northeast1","project_id":"muni-production-f8e72","revision_name":"muni-back-hpgtt","service_name":"muni-back"},"type":"cloud_run_revision"},"severity":"WARNING","timestamp":"2022-05-06T17:59:52.538372Z","trace":"projects/muni-production-f8e72/traces/4f024f5839cd8a51991c505f9db63a7c"}
{"httpRequest":{"latency":"0.004061998s","protocol":"HTTP/1.1","remoteIp":"193.56.29.174","requestMethod":"GET","requestSize":"522","requestUrl":"https://api.muni.ink/admin/.env","responseSize":"956","serverIp":"35.241.42.228","status":404,"userAgent":"Mozilla/5.0 (Macintosh;                 Intel Mac OS X 10_10_1) AppleWebKit/537.36 (KHTML,                 like Gecko) Chrome/39.0.2171.95 Safari/537.36"},"insertId":"62756218000271ae2045f6af","labels":{"instanceId":"0067430fbdf8497301732486903449ce1ad928680c0f0325f15430c7bed22be2f601789463027844e3f1a908a21bd50a24d6eb57beb97b1070da88a46d5bf9dc8679"},"logName":"projects/muni-production-f8e72/logs/run.googleapis.com%2Frequests","receiveTimestamp":"2022-05-06T17:59:52.482925224Z","resource":{"labels":{"configuration_name":"muni-back","location":"asia-northeast1","project_id":"muni-production-f8e72","revision_name":"muni-back-hpgtt","service_name":"muni-back"},"type":"cloud_run_revision"},"severity":"WARNING","timestamp":"2022-05-06T17:59:52.160174Z","trace":"projects/muni-production-f8e72/traces/19c9dbb174e30df152b90061f2681ef7"}
{"httpRequest":{"latency":"0.002399533s","protocol":"HTTP/1.1","remoteIp":"193.56.29.174","requestMethod":"GET","requestSize":"522","requestUrl":"https://api.muni.ink/vendor/.env","responseSize":"957","serverIp":"35.241.42.228","status":404,"userAgent":"Mozilla/5.0 (Macintosh;                 Intel Mac OS X 10_10_1) AppleWebKit/537.36 (KHTML,                 like Gecko) Chrome/39.0.2171.95 Safari/537.36"},"insertId":"62756217000cb2ce97e53fde","labels":{"instanceId":"0067430fbdf8497301732486903449ce1ad928680c0f0325f15430c7bed22be2f601789463027844e3f1a908a21bd50a24d6eb57beb97b1070da88a46d5bf9dc8679"},"logName":"projects/muni-production-f8e72/logs/run.googleapis.com%2Frequests","receiveTimestamp":"2022-05-06T17:59:52.149940749Z","resource":{"labels":{"configuration_name":"muni-back","location":"asia-northeast1","project_id":"muni-production-f8e72","revision_name":"muni-back-hpgtt","service_name":"muni-back"},"type":"cloud_run_revision"},"severity":"WARNING","timestamp":"2022-05-06T17:59:51.832206Z","trace":"projects/muni-production-f8e72/traces/c5efb81ec3c78880841c5885e079499e"}
{"httpRequest":{"latency":"0.002331944s","protocol":"HTTP/1.1","remoteIp":"193.56.29.174","requestMethod":"GET","requestSize":"515","requestUrl":"https://api.muni.ink/.env","responseSize":"950","serverIp":"35.241.42.228","status":404,"userAgent":"Mozilla/5.0 (Macintosh;                 Intel Mac OS X 10_10_1) AppleWebKit/537.36 (KHTML,                 like Gecko) Chrome/39.0.2171.95 Safari/537.36"},"insertId":"627562170007654f6f675fd3","labels":{"instanceId":"0067430fbdf8497301732486903449ce1ad928680c0f0325f15430c7bed22be2f601789463027844e3f1a908a21bd50a24d6eb57beb97b1070da88a46d5bf9dc8679"},"logName":"projects/muni-production-f8e72/logs/run.googleapis.com%2Frequests","receiveTimestamp":"2022-05-06T17:59:51.816792603Z","resource":{"labels":{"configuration_name":"muni-back","location":"asia-northeast1","project_id":"muni-production-f8e72","revision_name":"muni-back-hpgtt","service_name":"muni-back"},"type":"cloud_run_revision"},"severity":"WARNING","timestamp":"2022-05-06T17:59:51.484687Z","trace":"projects/muni-production-f8e72/traces/e3ad630058ff35fedce7fe00c9e038b0"}
{"httpRequest":{"latency":"0.002703897s","protocol":"HTTP/1.1","remoteIp":"193.56.29.174","requestMethod":"POST","requestSize":"597","requestUrl":"https://api.muni.ink/","responseSize":"947","serverIp":"35.241.42.228","status":404,"userAgent":"Mozilla/5.0 (Macintosh;                 Intel Mac OS X 10_10_1) AppleWebKit/537.36 (KHTML,                 like Gecko) Chrome/39.0.2171.95 Safari/537.36"},"insertId":"62756217000244234b0990d8","labels":{"instanceId":"0067430fbdf8497301732486903449ce1ad928680c0f0325f15430c7bed22be2f601789463027844e3f1a908a21bd50a24d6eb57beb97b1070da88a46d5bf9dc8679"},"logName":"projects/muni-production-f8e72/logs/run.googleapis.com%2Frequests","receiveTimestamp":"2022-05-06T17:59:51.152387656Z","resource":{"labels":{"configuration_name":"muni-back","location":"asia-northeast1","project_id":"muni-production-f8e72","revision_name":"muni-back-hpgtt","service_name":"muni-back"},"type":"cloud_run_revision"},"severity":"WARNING","timestamp":"2022-05-06T17:59:51.148515Z","trace":"projects/muni-production-f8e72/traces/12d82e82d71bc10f2c4ebc1460b8dbd0"}
{"httpRequest":{"latency":"0.321001982s","protocol":"HTTP/1.1","remoteIp":"66.249.64.84","requestMethod":"GET","requestSize":"706","requestUrl":"https://muni.ink/painting/qSlZkouTRw2qWvQsf0bC","responseSize":"5334","serverIp":"35.241.42.228","status":200,"userAgent":"Mozilla/5.0 (Linux; Android 6.0.1; Nexus 5X Build/MMB29P) AppleWebKit/537.36 (KHTML, like Gecko) Chrome/100.0.4896.127 Mobile Safari/537.36 (compatible; Googlebot/2.1; +http://www.google.com/bot.html)"},"insertId":"627552c100091bb6a01d52d4","labels":{"instanceId":"0067430fbd7af03cb17d92900b5f3305989a61b2bd445dd81108ccfd0293c2aeb5c985f7ae593a5d75291bf8faf2b546eff48eec5f9779a88bd23cf4a59c0f70bf36"},"logName":"projects/muni-production-f8e72/logs/run.googleapis.com%2Frequests","receiveTimestamp":"2022-05-06T16:54:25.599200907Z","resource":{"labels":{"configuration_name":"muni-front","location":"asia-northeast1","project_id":"muni-production-f8e72","revision_name":"muni-front-jq7fz","service_name":"muni-front"},"type":"cloud_run_revision"},"severity":"INFO","timestamp":"2022-05-06T16:54:25.596918Z","trace":"projects/muni-production-f8e72/traces/7599577765f5e8c08ccd629ba96ad03e"}
{"httpRequest":{"latency":"0.173994037s","protocol":"HTTP/1.1","remoteIp":"35.203.249.164","requestMethod":"POST","requestSize":"525","requestUrl":"https://api.muni.ink/workmeta","responseSize":"1323","serverIp":"35.241.42.228","status":200,"userAgent":"node-fetch/1.0 (+https://github.com/bitinn/node-fetch)"},"insertId":"627552c10008c36a4fe16e4c","labels":{"instanceId":"0067430fbdf8497301732486903449ce1ad928680c0f0325f15430c7bed22be2f601789463027844e3f1a908a21bd50a24d6eb57beb97b1070da88a46d5bf9dc8679"},"logName":"projects/muni-production-f8e72/logs/run.googleapis.com%2Frequests","receiveTimestamp":"2022-05-06T16:54:25.578153097Z","resource":{"labels":{"configuration_name":"muni-back","location":"asia-northeast1","project_id":"muni-production-f8e72","revision_name":"muni-back-hpgtt","service_name":"muni-back"},"type":"cloud_run_revision"},"severity":"INFO","timestamp":"2022-05-06T16:54:25.574314Z","trace":"projects/muni-production-f8e72/traces/bbfee62415dfbdd1216f3f2a65dec276"}
{"insertId":"627552c10007f551c930d7d2","jsonPayload":{"ident":"SUCCESS_TO_FIND","level":"INFO","message":"Work found.","method":"WorkMetadataAPI","timestamp":"2022-5-6 16:54:25","workId":"qSlZkouTRw2qWvQsf0bC"},"labels":{"instanceId":"0067430fbdf8497301732486903449ce1ad928680c0f0325f15430c7bed22be2f601789463027844e3f1a908a21bd50a24d6eb57beb97b1070da88a46d5bf9dc8679"},"logName":"projects/muni-production-f8e72/logs/run.googleapis.com%2Fstdout","receiveTimestamp":"2022-05-06T16:54:25.737469239Z","resource":{"labels":{"configuration_name":"muni-back","location":"asia-northeast1","project_id":"muni-production-f8e72","revision_name":"muni-back-hpgtt","service_name":"muni-back"},"type":"cloud_run_revision"},"timestamp":"2022-05-06T16:54:25.521553Z"}
{"insertId":"627552c10006221d1f7a2939","jsonPayload":{"ident":"RECIEVE","level":"INFO","message":"Recieve the work metadata request.","method":"WorkMetadataAPI","timestamp":"2022-5-6 16:54:25"},"labels":{"instanceId":"0067430fbdf8497301732486903449ce1ad928680c0f0325f15430c7bed22be2f601789463027844e3f1a908a21bd50a24d6eb57beb97b1070da88a46d5bf9dc8679"},"logName":"projects/muni-production-f8e72/logs/run.googleapis.com%2Fstdout","receiveTimestamp":"2022-05-06T16:54:25.405981403Z","resource":{"labels":{"configuration_name":"muni-back","location":"asia-northeast1","project_id":"muni-production-f8e72","revision_name":"muni-back-hpgtt","service_name":"muni-back"},"type":"cloud_run_revision"},"timestamp":"2022-05-06T16:54:25.401949Z"}
{"httpRequest":{"latency":"0.003699591s","protocol":"HTTP/1.1","referer":"https://35.241.42.228/","remoteIp":"139.60.161.3","requestMethod":"GET","requestSize":"564","requestUrl":"https://35.241.42.228/HNAP1","responseSize":"1950","serverIp":"35.241.42.228","status":404,"userAgent":"Mozilla/5.0 (Windows NT 5.1; rv:9.0.1) Gecko/20100101 Firefox/9.0.1"},"insertId":"627550760003d725d0311f9d","labels":{"instanceId":"0067430fbd7af03cb17d92900b5f3305989a61b2bd445dd81108ccfd0293c2aeb5c985f7ae593a5d75291bf8faf2b546eff48eec5f9779a88bd23cf4a59c0f70bf36"},"logName":"projects/muni-production-f8e72/logs/run.googleapis.com%2Frequests","receiveTimestamp":"2022-05-06T16:44:38.508434817Z","resource":{"labels":{"configuration_name":"muni-front","location":"asia-northeast1","project_id":"muni-production-f8e72","revision_name":"muni-front-jq7fz","service_name":"muni-front"},"type":"cloud_run_revision"},"severity":"WARNING","timestamp":"2022-05-06T16:44:38.251685Z","trace":"projects/muni-production-f8e72/traces/731d27894722447f84992e415ccb5051"}
{"httpRequest":{"latency":"0.003038316s","protocol":"HTTP/1.1","referer":"https://35.241.42.228/","remoteIp":"139.60.161.3","requestMethod":"GET","requestSize":"566","requestUrl":"https://35.241.42.228/HNAP1/","responseSize":"666","serverIp":"35.241.42.228","status":308,"userAgent":"Mozilla/5.0 (Windows NT 5.1; rv:9.0.1) Gecko/20100101 Firefox/9.0.1"},"insertId":"627550760000d51106e07f85","labels":{"instanceId":"0067430fbd7af03cb17d92900b5f3305989a61b2bd445dd81108ccfd0293c2aeb5c985f7ae593a5d75291bf8faf2b546eff48eec5f9779a88bd23cf4a59c0f70bf36"},"logName":"projects/muni-production-f8e72/logs/run.googleapis.com%2Frequests","receiveTimestamp":"2022-05-06T16:44:38.171623900Z","resource":{"labels":{"configuration_name":"muni-front","location":"asia-northeast1","project_id":"muni-production-f8e72","revision_name":"muni-front-jq7fz","service_name":"muni-front"},"type":"cloud_run_revision"},"severity":"INFO","timestamp":"2022-05-06T16:44:38.054545Z","trace":"projects/muni-production-f8e72/traces/ef9850603d0723fd5162c7a52804c3d5"}
{"httpRequest":{"latency":"0.005882008s","protocol":"HTTP/1.1","remoteIp":"139.60.161.3","requestMethod":"GET","requestSize":"526","requestUrl":"https://35.241.42.228/","responseSize":"6077","serverIp":"35.241.42.228","status":200,"userAgent":"Mozilla/5.0 (Windows NT 5.1; rv:9.0.1) Gecko/20100101 Firefox/9.0.1"},"insertId":"62755075000cc0191aa25569","labels":{"instanceId":"0067430fbd7af03cb17d92900b5f3305989a61b2bd445dd81108ccfd0293c2aeb5c985f7ae593a5d75291bf8faf2b546eff48eec5f9779a88bd23cf4a59c0f70bf36"},"logName":"projects/muni-production-f8e72/logs/run.googleapis.com%2Frequests","receiveTimestamp":"2022-05-06T16:44:37.837851128Z","resource":{"labels":{"configuration_name":"muni-front","location":"asia-northeast1","project_id":"muni-production-f8e72","revision_name":"muni-front-jq7fz","service_name":"muni-front"},"type":"cloud_run_revision"},"severity":"INFO","timestamp":"2022-05-06T16:44:37.835609Z","trace":"projects/muni-production-f8e72/traces/f8c75d4e6dcd8ef3c825d095802345bd"}
{"httpRequest":{"latency":"0.006724584s","protocol":"HTTP/1.1","remoteIp":"66.249.64.85","requestMethod":"GET","requestSize":"641","requestUrl":"https://muni.ink/user/Dongurihei","responseSize":"3852","serverIp":"35.241.42.228","status":200,"userAgent":"Mozilla/5.0 (Linux; Android 6.0.1; Nexus 5X Build/MMB29P) AppleWebKit/537.36 (KHTML, like Gecko) Chrome/100.0.4896.127 Mobile Safari/537.36 (compatible; Googlebot/2.1; +http://www.google.com/bot.html)"},"insertId":"62754f7a00074d1dd5d8b2f2","labels":{"instanceId":"0067430fbd7af03cb17d92900b5f3305989a61b2bd445dd81108ccfd0293c2aeb5c985f7ae593a5d75291bf8faf2b546eff48eec5f9779a88bd23cf4a59c0f70bf36"},"logName":"projects/muni-production-f8e72/logs/run.googleapis.com%2Frequests","receiveTimestamp":"2022-05-06T16:40:26.720490459Z","resource":{"labels":{"configuration_name":"muni-front","location":"asia-northeast1","project_id":"muni-production-f8e72","revision_name":"muni-front-jq7fz","service_name":"muni-front"},"type":"cloud_run_revision"},"severity":"INFO","timestamp":"2022-05-06T16:40:26.478493Z","trace":"projects/muni-production-f8e72/traces/2e5fe1d4b22890cef006f45c2137858a"}
{"httpRequest":{"latency":"0.004939685s","protocol":"HTTP/1.1","remoteIp":"66.249.64.86","requestMethod":"GET","requestSize":"645","requestUrl":"https://muni.ink/user/motimotineko","responseSize":"3852","serverIp":"35.241.42.228","status":200,"userAgent":"Mozilla/5.0 (Linux; Android 6.0.1; Nexus 5X Build/MMB29P) AppleWebKit/537.36 (KHTML, like Gecko) Chrome/100.0.4896.127 Mobile Safari/537.36 (compatible; Googlebot/2.1; +http://www.google.com/bot.html)"},"insertId":"62754f7a0000c906b738c786","labels":{"instanceId":"0067430fbd7af03cb17d92900b5f3305989a61b2bd445dd81108ccfd0293c2aeb5c985f7ae593a5d75291bf8faf2b546eff48eec5f9779a88bd23cf4a59c0f70bf36"},"logName":"projects/muni-production-f8e72/logs/run.googleapis.com%2Frequests","receiveTimestamp":"2022-05-06T16:40:26.055466809Z","resource":{"labels":{"configuration_name":"muni-front","location":"asia-northeast1","project_id":"muni-production-f8e72","revision_name":"muni-front-jq7fz","service_name":"muni-front"},"type":"cloud_run_revision"},"severity":"INFO","timestamp":"2022-05-06T16:40:26.051462Z","trace":"projects/muni-production-f8e72/traces/eb512efd26f546e40ecc00d7723e422a"}
{"httpRequest":{"latency":"0.005306448s","protocol":"HTTP/1.1","remoteIp":"66.249.64.84","requestMethod":"GET","requestSize":"637","requestUrl":"https://muni.ink/user/MONAKA","responseSize":"3852","serverIp":"35.241.42.228","status":200,"userAgent":"Mozilla/5.0 (Linux; Android 6.0.1; Nexus 5X Build/MMB29P) AppleWebKit/537.36 (KHTML, like Gecko) Chrome/100.0.4896.127 Mobile Safari/537.36 (compatible; Googlebot/2.1; +http://www.google.com/bot.html)"},"insertId":"62754f5c000e9c1da6407fae","labels":{"instanceId":"0067430fbd7af03cb17d92900b5f3305989a61b2bd445dd81108ccfd0293c2aeb5c985f7ae593a5d75291bf8faf2b546eff48eec5f9779a88bd23cf4a59c0f70bf36"},"logName":"projects/muni-production-f8e72/logs/run.googleapis.com%2Frequests","receiveTimestamp":"2022-05-06T16:39:57.217201044Z","resource":{"labels":{"configuration_name":"muni-front","location":"asia-northeast1","project_id":"muni-production-f8e72","revision_name":"muni-front-jq7fz","service_name":"muni-front"},"type":"cloud_run_revision"},"severity":"INFO","timestamp":"2022-05-06T16:39:56.957469Z","trace":"projects/muni-production-f8e72/traces/c21ea2521081ad5b092d6a8e62a3d119"}
{"httpRequest":{"latency":"0.396548355s","protocol":"HTTP/1.1","remoteIp":"66.249.64.86","requestMethod":"GET","requestSize":"490","requestUrl":"https://muni.ink/painting/I5IsJTGlMPiPGGW1fNsd","responseSize":"5311","serverIp":"35.241.42.228","status":200,"userAgent":"Mozilla/5.0 (compatible; Googlebot/2.1; +http://www.google.com/bot.html)"},"insertId":"62754f5c000344f48519fe81","labels":{"instanceId":"0067430fbd7af03cb17d92900b5f3305989a61b2bd445dd81108ccfd0293c2aeb5c985f7ae593a5d75291bf8faf2b546eff48eec5f9779a88bd23cf4a59c0f70bf36"},"logName":"projects/muni-production-f8e72/logs/run.googleapis.com%2Frequests","receiveTimestamp":"2022-05-06T16:39:56.217168756Z","resource":{"labels":{"configuration_name":"muni-front","location":"asia-northeast1","project_id":"muni-production-f8e72","revision_name":"muni-front-jq7fz","service_name":"muni-front"},"type":"cloud_run_revision"},"severity":"INFO","timestamp":"2022-05-06T16:39:56.214260Z","trace":"projects/muni-production-f8e72/traces/4764460129c61c50ab91b7e1bb5fc9cc"}
{"httpRequest":{"latency":"0.185973877s","protocol":"HTTP/1.1","remoteIp":"35.203.249.164","requestMethod":"POST","requestSize":"523","requestUrl":"https://api.muni.ink/workmeta","responseSize":"1293","serverIp":"35.241.42.228","status":200,"userAgent":"node-fetch/1.0 (+https://github.com/bitinn/node-fetch)"},"insertId":"62754f5c0002a9736f3007cc","labels":{"instanceId":"0067430fbdf8497301732486903449ce1ad928680c0f0325f15430c7bed22be2f601789463027844e3f1a908a21bd50a24d6eb57beb97b1070da88a46d5bf9dc8679"},"logName":"projects/muni-production-f8e72/logs/run.googleapis.com%2Frequests","receiveTimestamp":"2022-05-06T16:39:56.176661325Z","resource":{"labels":{"configuration_name":"muni-back","location":"asia-northeast1","project_id":"muni-production-f8e72","revision_name":"muni-back-hpgtt","service_name":"muni-back"},"type":"cloud_run_revision"},"severity":"INFO","timestamp":"2022-05-06T16:39:56.174451Z","trace":"projects/muni-production-f8e72/traces/83a17cd60c8d2fb01b42d957326bf1e3"}
{"insertId":"62754f5c0001ada287f9e17f","jsonPayload":{"ident":"SUCCESS_TO_FIND","level":"INFO","message":"Work found.","method":"WorkMetadataAPI","timestamp":"2022-5-6 16:39:56","workId":"I5IsJTGlMPiPGGW1fNsd"},"labels":{"instanceId":"0067430fbdf8497301732486903449ce1ad928680c0f0325f15430c7bed22be2f601789463027844e3f1a908a21bd50a24d6eb57beb97b1070da88a46d5bf9dc8679"},"logName":"projects/muni-production-f8e72/logs/run.googleapis.com%2Fstdout","receiveTimestamp":"2022-05-06T16:39:56.325662318Z","resource":{"labels":{"configuration_name":"muni-back","location":"asia-northeast1","project_id":"muni-production-f8e72","revision_name":"muni-back-hpgtt","service_name":"muni-back"},"type":"cloud_run_revision"},"timestamp":"2022-05-06T16:39:56.109986Z"}
{"insertId":"62754f5b000f1bd35e2f3538","jsonPayload":{"ident":"RECIEVE","level":"INFO","message":"Recieve the work metadata request.","method":"WorkMetadataAPI","timestamp":"2022-5-6 16:39:55"},"labels":{"instanceId":"0067430fbdf8497301732486903449ce1ad928680c0f0325f15430c7bed22be2f601789463027844e3f1a908a21bd50a24d6eb57beb97b1070da88a46d5bf9dc8679"},"logName":"projects/muni-production-f8e72/logs/run.googleapis.com%2Fstdout","receiveTimestamp":"2022-05-06T16:39:55.994097564Z","resource":{"labels":{"configuration_name":"muni-back","location":"asia-northeast1","project_id":"muni-production-f8e72","revision_name":"muni-back-hpgtt","service_name":"muni-back"},"type":"cloud_run_revision"},"timestamp":"2022-05-06T16:39:55.990163Z"}
{"httpRequest":{"latency":"0.003179032s","protocol":"HTTP/1.1","remoteIp":"167.172.65.157","requestMethod":"GET","requestSize":"601","requestUrl":"https://muni.ink/cms/wp-includes/wlwmanifest.xml","responseSize":"3347","serverIp":"35.241.42.228","status":404,"userAgent":"Mozilla/5.0 (Windows NT 10.0; Win64; x64) AppleWebKit/537.36 (KHTML, like Gecko) Chrome/95.0.4638.69 Safari/537.36"},"insertId":"62754d65000896ffe4aaff0c","labels":{"instanceId":"0067430fbd7af03cb17d92900b5f3305989a61b2bd445dd81108ccfd0293c2aeb5c985f7ae593a5d75291bf8faf2b546eff48eec5f9779a88bd23cf4a59c0f70bf36"},"logName":"projects/muni-production-f8e72/logs/run.googleapis.com%2Frequests","receiveTimestamp":"2022-05-06T16:31:33.689860632Z","resource":{"labels":{"configuration_name":"muni-front","location":"asia-northeast1","project_id":"muni-production-f8e72","revision_name":"muni-front-jq7fz","service_name":"muni-front"},"type":"cloud_run_revision"},"severity":"WARNING","timestamp":"2022-05-06T16:31:33.562943Z","trace":"projects/muni-production-f8e72/traces/c9720bd0816dfd32a4b5970d169e02fb"}
{"httpRequest":{"latency":"0.003171743s","protocol":"HTTP/1.1","remoteIp":"167.172.65.157","requestMethod":"GET","requestSize":"601","requestUrl":"https://muni.ink/site/wp-includes/wlwmanifest.xml","responseSize":"3347","serverIp":"35.241.42.228","status":404,"userAgent":"Mozilla/5.0 (Windows NT 10.0; Win64; x64) AppleWebKit/537.36 (KHTML, like Gecko) Chrome/95.0.4638.69 Safari/537.36"},"insertId":"62754d6500075b7d0c9c8cd6","labels":{"instanceId":"0067430fbd7af03cb17d92900b5f3305989a61b2bd445dd81108ccfd0293c2aeb5c985f7ae593a5d75291bf8faf2b546eff48eec5f9779a88bd23cf4a59c0f70bf36"},"logName":"projects/muni-production-f8e72/logs/run.googleapis.com%2Frequests","receiveTimestamp":"2022-05-06T16:31:33.689860632Z","resource":{"labels":{"configuration_name":"muni-front","location":"asia-northeast1","project_id":"muni-production-f8e72","revision_name":"muni-front-jq7fz","service_name":"muni-front"},"type":"cloud_run_revision"},"severity":"WARNING","timestamp":"2022-05-06T16:31:33.482173Z","trace":"projects/muni-production-f8e72/traces/ee3d058bac59f58f95fff2af0a496ef0"}
{"httpRequest":{"latency":"0.003276727s","protocol":"HTTP/1.1","remoteIp":"167.172.65.157","requestMethod":"GET","requestSize":"600","requestUrl":"https://muni.ink/test/wp-includes/wlwmanifest.xml","responseSize":"3347","serverIp":"35.241.42.228","status":404,"userAgent":"Mozilla/5.0 (Windows NT 10.0; Win64; x64) AppleWebKit/537.36 (KHTML, like Gecko) Chrome/95.0.4638.69 Safari/537.36"},"insertId":"62754d6500062054275dd392","labels":{"instanceId":"0067430fbd7af03cb17d92900b5f3305989a61b2bd445dd81108ccfd0293c2aeb5c985f7ae593a5d75291bf8faf2b546eff48eec5f9779a88bd23cf4a59c0f70bf36"},"logName":"projects/muni-production-f8e72/logs/run.googleapis.com%2Frequests","receiveTimestamp":"2022-05-06T16:31:33.689860632Z","resource":{"labels":{"configuration_name":"muni-front","location":"asia-northeast1","project_id":"muni-production-f8e72","revision_name":"muni-front-jq7fz","service_name":"muni-front"},"type":"cloud_run_revision"},"severity":"WARNING","timestamp":"2022-05-06T16:31:33.401492Z","trace":"projects/muni-production-f8e72/traces/6a18a74b3c166b3b6bd93b732c72bdd9"}
{"httpRequest":{"latency":"0.003040998s","protocol":"HTTP/1.1","remoteIp":"167.172.65.157","requestMethod":"GET","requestSize":"601","requestUrl":"https://muni.ink/wp1/wp-includes/wlwmanifest.xml","responseSize":"3347","serverIp":"35.241.42.228","status":404,"userAgent":"Mozilla/5.0 (Windows NT 10.0; Win64; x64) AppleWebKit/537.36 (KHTML, like Gecko) Chrome/95.0.4638.69 Safari/537.36"},"insertId":"62754d650004e9e6e50b7756","labels":{"instanceId":"0067430fbd7af03cb17d92900b5f3305989a61b2bd445dd81108ccfd0293c2aeb5c985f7ae593a5d75291bf8faf2b546eff48eec5f9779a88bd23cf4a59c0f70bf36"},"logName":"projects/muni-production-f8e72/logs/run.googleapis.com%2Frequests","receiveTimestamp":"2022-05-06T16:31:33.357366054Z","resource":{"labels":{"configuration_name":"muni-front","location":"asia-northeast1","project_id":"muni-production-f8e72","revision_name":"muni-front-jq7fz","service_name":"muni-front"},"type":"cloud_run_revision"},"severity":"WARNING","timestamp":"2022-05-06T16:31:33.322022Z","trace":"projects/muni-production-f8e72/traces/bb957b0c52cfd47c927efec29fc4e3b0"}
{"httpRequest":{"latency":"0.003077659s","protocol":"HTTP/1.1","remoteIp":"167.172.65.157","requestMethod":"GET","requestSize":"602","requestUrl":"https://muni.ink/shop/wp-includes/wlwmanifest.xml","responseSize":"3347","serverIp":"35.241.42.228","status":404,"userAgent":"Mozilla/5.0 (Windows NT 10.0; Win64; x64) AppleWebKit/537.36 (KHTML, like Gecko) Chrome/95.0.4638.69 Safari/537.36"},"insertId":"62754d650003a9e7a32ce253","labels":{"instanceId":"0067430fbd7af03cb17d92900b5f3305989a61b2bd445dd81108ccfd0293c2aeb5c985f7ae593a5d75291bf8faf2b546eff48eec5f9779a88bd23cf4a59c0f70bf36"},"logName":"projects/muni-production-f8e72/logs/run.googleapis.com%2Frequests","receiveTimestamp":"2022-05-06T16:31:33.357366054Z","resource":{"labels":{"configuration_name":"muni-front","location":"asia-northeast1","project_id":"muni-production-f8e72","revision_name":"muni-front-jq7fz","service_name":"muni-front"},"type":"cloud_run_revision"},"severity":"WARNING","timestamp":"2022-05-06T16:31:33.240103Z","trace":"projects/muni-production-f8e72/traces/4df004322bce62c7cc6ebcd0897e6f50"}
{"httpRequest":{"latency":"0.004727920s","protocol":"HTTP/1.1","remoteIp":"167.172.65.157","requestMethod":"GET","requestSize":"602","requestUrl":"https://muni.ink/2021/wp-includes/wlwmanifest.xml","responseSize":"3347","serverIp":"35.241.42.228","status":404,"userAgent":"Mozilla/5.0 (Windows NT 10.0; Win64; x64) AppleWebKit/537.36 (KHTML, like Gecko) Chrome/95.0.4638.69 Safari/537.36"},"insertId":"62754d65000270ffbcafdca4","labels":{"instanceId":"0067430fbd7af03cb17d92900b5f3305989a61b2bd445dd81108ccfd0293c2aeb5c985f7ae593a5d75291bf8faf2b546eff48eec5f9779a88bd23cf4a59c0f70bf36"},"logName":"projects/muni-production-f8e72/logs/run.googleapis.com%2Frequests","receiveTimestamp":"2022-05-06T16:31:33.357366054Z","resource":{"labels":{"configuration_name":"muni-front","location":"asia-northeast1","project_id":"muni-production-f8e72","revision_name":"muni-front-jq7fz","service_name":"muni-front"},"type":"cloud_run_revision"},"severity":"WARNING","timestamp":"2022-05-06T16:31:33.159999Z","trace":"projects/muni-production-f8e72/traces/47f20bf63cbc053a5f89be05bb763bc8"}
{"httpRequest":{"latency":"0.003292121s","protocol":"HTTP/1.1","remoteIp":"167.172.65.157","requestMethod":"GET","requestSize":"601","requestUrl":"https://muni.ink/2019/wp-includes/wlwmanifest.xml","responseSize":"3347","serverIp":"35.241.42.228","status":404,"userAgent":"Mozilla/5.0 (Windows NT 10.0; Win64; x64) AppleWebKit/537.36 (KHTML, like Gecko) Chrome/95.0.4638.69 Safari/537.36"},"insertId":"62754d65000124babb4fb40d","labels":{"instanceId":"0067430fbd7af03cb17d92900b5f3305989a61b2bd445dd81108ccfd0293c2aeb5c985f7ae593a5d75291bf8faf2b546eff48eec5f9779a88bd23cf4a59c0f70bf36"},"logName":"projects/muni-production-f8e72/logs/run.googleapis.com%2Frequests","receiveTimestamp":"2022-05-06T16:31:33.357366054Z","resource":{"labels":{"configuration_name":"muni-front","location":"asia-northeast1","project_id":"muni-production-f8e72","revision_name":"muni-front-jq7fz","service_name":"muni-front"},"type":"cloud_run_revision"},"severity":"WARNING","timestamp":"2022-05-06T16:31:33.074938Z","trace":"projects/muni-production-f8e72/traces/0dfb2ef2b705270f6c2dc510472999d7"}
{"httpRequest":{"latency":"0.003500799s","protocol":"HTTP/1.1","remoteIp":"167.172.65.157","requestMethod":"GET","requestSize":"602","requestUrl":"https://muni.ink/2020/wp-includes/wlwmanifest.xml","responseSize":"3347","serverIp":"35.241.42.228","status":404,"userAgent":"Mozilla/5.0 (Windows NT 10.0; Win64; x64) AppleWebKit/537.36 (KHTML, like Gecko) Chrome/95.0.4638.69 Safari/537.36"},"insertId":"62754d64000f2b04a5b7908b","labels":{"instanceId":"0067430fbd7af03cb17d92900b5f3305989a61b2bd445dd81108ccfd0293c2aeb5c985f7ae593a5d75291bf8faf2b546eff48eec5f9779a88bd23cf4a59c0f70bf36"},"logName":"projects/muni-production-f8e72/logs/run.googleapis.com%2Frequests","receiveTimestamp":"2022-05-06T16:31:33.024336500Z","resource":{"labels":{"configuration_name":"muni-front","location":"asia-northeast1","project_id":"muni-production-f8e72","revision_name":"muni-front-jq7fz","service_name":"muni-front"},"type":"cloud_run_revision"},"severity":"WARNING","timestamp":"2022-05-06T16:31:32.994052Z","trace":"projects/muni-production-f8e72/traces/4f366b1d438fbca59234b70e14338822"}
{"httpRequest":{"latency":"0.003227543s","protocol":"HTTP/1.1","remoteIp":"167.172.65.157","requestMethod":"GET","requestSize":"599","requestUrl":"https://muni.ink/wp/wp-includes/wlwmanifest.xml","responseSize":"3347","serverIp":"35.241.42.228","status":404,"userAgent":"Mozilla/5.0 (Windows NT 10.0; Win64; x64) AppleWebKit/537.36 (KHTML, like Gecko) Chrome/95.0.4638.69 Safari/537.36"},"insertId":"62754d64000ded49a45c72ed","labels":{"instanceId":"0067430fbd7af03cb17d92900b5f3305989a61b2bd445dd81108ccfd0293c2aeb5c985f7ae593a5d75291bf8faf2b546eff48eec5f9779a88bd23cf4a59c0f70bf36"},"logName":"projects/muni-production-f8e72/logs/run.googleapis.com%2Frequests","receiveTimestamp":"2022-05-06T16:31:33.024336500Z","resource":{"labels":{"configuration_name":"muni-front","location":"asia-northeast1","project_id":"muni-production-f8e72","revision_name":"muni-front-jq7fz","service_name":"muni-front"},"type":"cloud_run_revision"},"severity":"WARNING","timestamp":"2022-05-06T16:31:32.912713Z","trace":"projects/muni-production-f8e72/traces/7aad3bb861739c48330c6de0bcda980a"}
{"httpRequest":{"latency":"0.003326678s","protocol":"HTTP/1.1","remoteIp":"167.172.65.157","requestMethod":"GET","requestSize":"607","requestUrl":"https://muni.ink/wordpress/wp-includes/wlwmanifest.xml","responseSize":"3347","serverIp":"35.241.42.228","status":404,"userAgent":"Mozilla/5.0 (Windows NT 10.0; Win64; x64) AppleWebKit/537.36 (KHTML, like Gecko) Chrome/95.0.4638.69 Safari/537.36"},"insertId":"62754d64000cb5420cf7ace7","labels":{"instanceId":"0067430fbd7af03cb17d92900b5f3305989a61b2bd445dd81108ccfd0293c2aeb5c985f7ae593a5d75291bf8faf2b546eff48eec5f9779a88bd23cf4a59c0f70bf36"},"logName":"projects/muni-production-f8e72/logs/run.googleapis.com%2Frequests","receiveTimestamp":"2022-05-06T16:31:33.024336500Z","resource":{"labels":{"configuration_name":"muni-front","location":"asia-northeast1","project_id":"muni-production-f8e72","revision_name":"muni-front-jq7fz","service_name":"muni-front"},"type":"cloud_run_revision"},"severity":"WARNING","timestamp":"2022-05-06T16:31:32.832834Z","trace":"projects/muni-production-f8e72/traces/0e20419dab763461a7d2afb3d7c1c360"}
{"httpRequest":{"latency":"0.003149267s","protocol":"HTTP/1.1","remoteIp":"167.172.65.157","requestMethod":"GET","requestSize":"601","requestUrl":"https://muni.ink/web/wp-includes/wlwmanifest.xml","responseSize":"3347","serverIp":"35.241.42.228","status":404,"userAgent":"Mozilla/5.0 (Windows NT 10.0; Win64; x64) AppleWebKit/537.36 (KHTML, like Gecko) Chrome/95.0.4638.69 Safari/537.36"},"insertId":"62754d64000b74758d1048e4","labels":{"instanceId":"0067430fbd7af03cb17d92900b5f3305989a61b2bd445dd81108ccfd0293c2aeb5c985f7ae593a5d75291bf8faf2b546eff48eec5f9779a88bd23cf4a59c0f70bf36"},"logName":"projects/muni-production-f8e72/logs/run.googleapis.com%2Frequests","receiveTimestamp":"2022-05-06T16:31:33.024336500Z","resource":{"labels":{"configuration_name":"muni-front","location":"asia-northeast1","project_id":"muni-production-f8e72","revision_name":"muni-front-jq7fz","service_name":"muni-front"},"type":"cloud_run_revision"},"severity":"WARNING","timestamp":"2022-05-06T16:31:32.750709Z","trace":"projects/muni-production-f8e72/traces/02b048e39cb5875126f2485b80017c2d"}
{"httpRequest":{"latency":"0.003166944s","protocol":"HTTP/1.1","remoteIp":"167.172.65.157","requestMethod":"GET","requestSize":"602","requestUrl":"https://muni.ink/blog/wp-includes/wlwmanifest.xml","responseSize":"3347","serverIp":"35.241.42.228","status":404,"userAgent":"Mozilla/5.0 (Windows NT 10.0; Win64; x64) AppleWebKit/537.36 (KHTML, like Gecko) Chrome/95.0.4638.69 Safari/537.36"},"insertId":"62754d64000a38fe40250e8b","labels":{"instanceId":"0067430fbd7af03cb17d92900b5f3305989a61b2bd445dd81108ccfd0293c2aeb5c985f7ae593a5d75291bf8faf2b546eff48eec5f9779a88bd23cf4a59c0f70bf36"},"logName":"projects/muni-production-f8e72/logs/run.googleapis.com%2Frequests","receiveTimestamp":"2022-05-06T16:31:32.691427366Z","resource":{"labels":{"configuration_name":"muni-front","location":"asia-northeast1","project_id":"muni-production-f8e72","revision_name":"muni-front-jq7fz","service_name":"muni-front"},"type":"cloud_run_revision"},"severity":"WARNING","timestamp":"2022-05-06T16:31:32.669950Z","trace":"projects/muni-production-f8e72/traces/49a00ac294600d50a0401012c33843e5"}
{"httpRequest":{"latency":"0.003389561s","protocol":"HTTP/1.1","remoteIp":"167.172.65.157","requestMethod":"GET","requestSize":"584","requestUrl":"https://muni.ink/xmlrpc.php?rsd","responseSize":"3347","serverIp":"35.241.42.228","status":404,"userAgent":"Mozilla/5.0 (Windows NT 10.0; Win64; x64) AppleWebKit/537.36 (KHTML, like Gecko) Chrome/95.0.4638.69 Safari/537.36"},"insertId":"62754d640008f03f6acb993a","labels":{"instanceId":"0067430fbd7af03cb17d92900b5f3305989a61b2bd445dd81108ccfd0293c2aeb5c985f7ae593a5d75291bf8faf2b546eff48eec5f9779a88bd23cf4a59c0f70bf36"},"logName":"projects/muni-production-f8e72/logs/run.googleapis.com%2Frequests","receiveTimestamp":"2022-05-06T16:31:32.691427366Z","resource":{"labels":{"configuration_name":"muni-front","location":"asia-northeast1","project_id":"muni-production-f8e72","revision_name":"muni-front-jq7fz","service_name":"muni-front"},"type":"cloud_run_revision"},"severity":"WARNING","timestamp":"2022-05-06T16:31:32.585791Z","trace":"projects/muni-production-f8e72/traces/8c5be64fad367a6ca4034693aade72eb"}
{"httpRequest":{"latency":"0.003427018s","protocol":"HTTP/1.1","remoteIp":"167.172.65.157","requestMethod":"GET","requestSize":"575","requestUrl":"https://muni.ink/feed/","responseSize":"663","serverIp":"35.241.42.228","status":308,"userAgent":"Mozilla/5.0 (Windows NT 10.0; Win64; x64) AppleWebKit/537.36 (KHTML, like Gecko) Chrome/95.0.4638.69 Safari/537.36"},"insertId":"62754d640007b975646e5c74","labels":{"instanceId":"0067430fbd7af03cb17d92900b5f3305989a61b2bd445dd81108ccfd0293c2aeb5c985f7ae593a5d75291bf8faf2b546eff48eec5f9779a88bd23cf4a59c0f70bf36"},"logName":"projects/muni-production-f8e72/logs/run.googleapis.com%2Frequests","receiveTimestamp":"2022-05-06T16:31:32.691427366Z","resource":{"labels":{"configuration_name":"muni-front","location":"asia-northeast1","project_id":"muni-production-f8e72","revision_name":"muni-front-jq7fz","service_name":"muni-front"},"type":"cloud_run_revision"},"severity":"INFO","timestamp":"2022-05-06T16:31:32.506229Z","trace":"projects/muni-production-f8e72/traces/9df60137408ba2860e04fe1ccf058500"}
{"httpRequest":{"latency":"0.004217123s","protocol":"HTTP/1.1","remoteIp":"167.172.65.157","requestMethod":"GET","requestSize":"570","requestUrl":"https://muni.ink/","responseSize":"35263","serverIp":"35.241.42.228","status":200,"userAgent":"Mozilla/5.0 (Windows NT 10.0; Win64; x64) AppleWebKit/537.36 (KHTML, like Gecko) Chrome/95.0.4638.69 Safari/537.36"},"insertId":"62754d64000567a9276d0a11","labels":{"instanceId":"0067430fbd7af03cb17d92900b5f3305989a61b2bd445dd81108ccfd0293c2aeb5c985f7ae593a5d75291bf8faf2b546eff48eec5f9779a88bd23cf4a59c0f70bf36"},"logName":"projects/muni-production-f8e72/logs/run.googleapis.com%2Frequests","receiveTimestamp":"2022-05-06T16:31:32.358533151Z","resource":{"labels":{"configuration_name":"muni-front","location":"asia-northeast1","project_id":"muni-production-f8e72","revision_name":"muni-front-jq7fz","service_name":"muni-front"},"type":"cloud_run_revision"},"severity":"INFO","timestamp":"2022-05-06T16:31:32.354217Z","trace":"projects/muni-production-f8e72/traces/167c91485e3fca0ca78df6c1f42eb2be"}
{"httpRequest":{"latency":"0.012818660s","protocol":"HTTP/1.1","remoteIp":"91.191.209.190","requestMethod":"GET","requestSize":"580","requestUrl":"https://35.241.42.228/portal/info.jsp","responseSize":"1951","serverIp":"35.241.42.228","status":404,"userAgent":"Mozilla/5.0 (X11; OpenBSD i386) AppleWebKit/537.36 (KHTML, like Gecko) Chrome/36.0.1985.125 Safari/537.36"},"insertId":"627542e8000c1d4b916553c4","labels":{"instanceId":"0067430fbd7af03cb17d92900b5f3305989a61b2bd445dd81108ccfd0293c2aeb5c985f7ae593a5d75291bf8faf2b546eff48eec5f9779a88bd23cf4a59c0f70bf36"},"logName":"projects/muni-production-f8e72/logs/run.googleapis.com%2Frequests","receiveTimestamp":"2022-05-06T15:46:48.799321467Z","resource":{"labels":{"configuration_name":"muni-front","location":"asia-northeast1","project_id":"muni-production-f8e72","revision_name":"muni-front-jq7fz","service_name":"muni-front"},"type":"cloud_run_revision"},"severity":"WARNING","timestamp":"2022-05-06T15:46:48.793931Z","trace":"projects/muni-production-f8e72/traces/98de2d12b8dd9141cf7d203eccff9abd"}
{"httpRequest":{"latency":"0.004826679s","protocol":"HTTP/1.1","referer":"https://muni.ink/","remoteIp":"66.249.64.85","requestMethod":"GET","requestSize":"721","requestUrl":"https://muni.ink/howtouse3_convert.svg","responseSize":"5134","serverIp":"35.241.42.228","status":200,"userAgent":"Mozilla/5.0 (Linux; Android 6.0.1; Nexus 5X Build/MMB29P) AppleWebKit/537.36 (KHTML, like Gecko) Chrome/100.0.4896.127 Mobile Safari/537.36 (compatible; Googlebot/2.1; +http://www.google.com/bot.html)"},"insertId":"62753db0000bf4408d19c553","labels":{"instanceId":"0067430fbd7af03cb17d92900b5f3305989a61b2bd445dd81108ccfd0293c2aeb5c985f7ae593a5d75291bf8faf2b546eff48eec5f9779a88bd23cf4a59c0f70bf36"},"logName":"projects/muni-production-f8e72/logs/run.googleapis.com%2Frequests","receiveTimestamp":"2022-05-06T15:24:32.972576791Z","resource":{"labels":{"configuration_name":"muni-front","location":"asia-northeast1","project_id":"muni-production-f8e72","revision_name":"muni-front-jq7fz","service_name":"muni-front"},"type":"cloud_run_revision"},"severity":"INFO","timestamp":"2022-05-06T15:24:32.783424Z","trace":"projects/muni-production-f8e72/traces/55ce491027806e35a8d96488aba0f669"}
{"httpRequest":{"latency":"0.003843620s","protocol":"HTTP/1.1","referer":"https://muni.ink/","remoteIp":"66.249.64.84","requestMethod":"GET","requestSize":"676","requestUrl":"https://muni.ink/_next/static/css/7a638e94e1d9107b.css","responseSize":"1302","serverIp":"35.241.42.228","status":200,"userAgent":"Mozilla/5.0 (Linux; Android 6.0.1; Nexus 5X Build/MMB29P) AppleWebKit/537.36 (KHTML, like Gecko) Chrome/100.0.4896.127 Mobile Safari/537.36 (compatible; Googlebot/2.1; +http://www.google.com/bot.html)"},"insertId":"62753daf000c355868e8eaac","labels":{"instanceId":"0067430fbd7af03cb17d92900b5f3305989a61b2bd445dd81108ccfd0293c2aeb5c985f7ae593a5d75291bf8faf2b546eff48eec5f9779a88bd23cf4a59c0f70bf36"},"logName":"projects/muni-production-f8e72/logs/run.googleapis.com%2Frequests","receiveTimestamp":"2022-05-06T15:24:31.974168681Z","resource":{"labels":{"configuration_name":"muni-front","location":"asia-northeast1","project_id":"muni-production-f8e72","revision_name":"muni-front-jq7fz","service_name":"muni-front"},"type":"cloud_run_revision"},"severity":"INFO","timestamp":"2022-05-06T15:24:31.800088Z","trace":"projects/muni-production-f8e72/traces/fd3544aa40a745804ca6c570140768f3"}
{"httpRequest":{"latency":"0.003911571s","protocol":"HTTP/1.1","referer":"https://muni.ink/","remoteIp":"66.249.64.85","requestMethod":"GET","requestSize":"731","requestUrl":"https://muni.ink/_next/static/chunks/a9a7754c-7284bf2d89f5983d.js","responseSize":"2063","serverIp":"35.241.42.228","status":200,"userAgent":"Mozilla/5.0 (Linux; Android 6.0.1; Nexus 5X Build/MMB29P) AppleWebKit/537.36 (KHTML, like Gecko) Chrome/100.0.4896.127 Mobile Safari/537.36 (compatible; Googlebot/2.1; +http://www.google.com/bot.html)"},"insertId":"62753daf000059bf3fbf9ff2","labels":{"instanceId":"0067430fbd7af03cb17d92900b5f3305989a61b2bd445dd81108ccfd0293c2aeb5c985f7ae593a5d75291bf8faf2b546eff48eec5f9779a88bd23cf4a59c0f70bf36"},"logName":"projects/muni-production-f8e72/logs/run.googleapis.com%2Frequests","receiveTimestamp":"2022-05-06T15:24:31.307274221Z","resource":{"labels":{"configuration_name":"muni-front","location":"asia-northeast1","project_id":"muni-production-f8e72","revision_name":"muni-front-jq7fz","service_name":"muni-front"},"type":"cloud_run_revision"},"severity":"INFO","timestamp":"2022-05-06T15:24:31.022975Z","trace":"projects/muni-production-f8e72/traces/30a620c3301dcc1d613099dbfc1892ac"}
{"httpRequest":{"latency":"0.003969202s","protocol":"HTTP/1.1","referer":"https://muni.ink/","remoteIp":"66.249.64.84","requestMethod":"GET","requestSize":"712","requestUrl":"https://muni.ink/_next/data/IVVvbvvWS4XaF0igaWv4S/article/articles001_what_is_metamask.json","responseSize":"2056","serverIp":"35.241.42.228","status":200,"userAgent":"Mozilla/5.0 (Linux; Android 6.0.1; Nexus 5X Build/MMB29P) AppleWebKit/537.36 (KHTML, like Gecko) Chrome/100.0.4896.127 Mobile Safari/537.36 (compatible; Googlebot/2.1; +http://www.google.com/bot.html)"},"insertId":"62753dae000858dd6dbfef9e","labels":{"instanceId":"0067430fbd7af03cb17d92900b5f3305989a61b2bd445dd81108ccfd0293c2aeb5c985f7ae593a5d75291bf8faf2b546eff48eec5f9779a88bd23cf4a59c0f70bf36"},"logName":"projects/muni-production-f8e72/logs/run.googleapis.com%2Frequests","receiveTimestamp":"2022-05-06T15:24:30.641928311Z","resource":{"labels":{"configuration_name":"muni-front","location":"asia-northeast1","project_id":"muni-production-f8e72","revision_name":"muni-front-jq7fz","service_name":"muni-front"},"type":"cloud_run_revision"},"severity":"INFO","timestamp":"2022-05-06T15:24:30.547037Z","trace":"projects/muni-production-f8e72/traces/6f1ab4a83e30baed7b72cfe5a4c059bf"}
{"httpRequest":{"latency":"0.004529459s","protocol":"HTTP/1.1","referer":"https://muni.ink/","remoteIp":"66.249.64.84","requestMethod":"GET","requestSize":"726","requestUrl":"https://muni.ink/_next/static/chunks/538-535bfdc433424381.js","responseSize":"5334","serverIp":"35.241.42.228","status":200,"userAgent":"Mozilla/5.0 (Linux; Android 6.0.1; Nexus 5X Build/MMB29P) AppleWebKit/537.36 (KHTML, like Gecko) Chrome/100.0.4896.127 Mobile Safari/537.36 (compatible; Googlebot/2.1; +http://www.google.com/bot.html)"},"insertId":"62753dad0009f0c53a541aec","labels":{"instanceId":"0067430fbd7af03cb17d92900b5f3305989a61b2bd445dd81108ccfd0293c2aeb5c985f7ae593a5d75291bf8faf2b546eff48eec5f9779a88bd23cf4a59c0f70bf36"},"logName":"projects/muni-production-f8e72/logs/run.googleapis.com%2Frequests","receiveTimestamp":"2022-05-06T15:24:29.976302626Z","resource":{"labels":{"configuration_name":"muni-front","location":"asia-northeast1","project_id":"muni-production-f8e72","revision_name":"muni-front-jq7fz","service_name":"muni-front"},"type":"cloud_run_revision"},"severity":"INFO","timestamp":"2022-05-06T15:24:29.651461Z","trace":"projects/muni-production-f8e72/traces/86fe96be7d1449d54913a35a42b56ec2"}
{"httpRequest":{"latency":"0.255925440s","protocol":"HTTP/1.1","referer":"https://muni.ink/","remoteIp":"66.249.64.218","requestMethod":"POST","requestSize":"655","requestUrl":"https://api.muni.ink/recent","responseSize":"12342","serverIp":"35.241.42.228","status":200,"userAgent":"Mozilla/5.0 (Linux; Android 6.0.1; Nexus 5X Build/MMB29P) AppleWebKit/537.36 (KHTML, like Gecko) Chrome/100.0.4896.127 Mobile Safari/537.36 (compatible; Googlebot/2.1; +http://www.google.com/bot.html)"},"insertId":"62753dad0000e33c0b6047c3","labels":{"instanceId":"0067430fbdf8497301732486903449ce1ad928680c0f0325f15430c7bed22be2f601789463027844e3f1a908a21bd50a24d6eb57beb97b1070da88a46d5bf9dc8679"},"logName":"projects/muni-production-f8e72/logs/run.googleapis.com%2Frequests","receiveTimestamp":"2022-05-06T15:24:29.195796737Z","resource":{"labels":{"configuration_name":"muni-back","location":"asia-northeast1","project_id":"muni-production-f8e72","revision_name":"muni-back-hpgtt","service_name":"muni-back"},"type":"cloud_run_revision"},"severity":"INFO","timestamp":"2022-05-06T15:24:29.058172Z","trace":"projects/muni-production-f8e72/traces/da00e1ea86c97433d8a940a826f10793"}
{"insertId":"62753dad0000dd1f57709f90","jsonPayload":{"ident":"FETCH_SUCCESS","level":"INFO","message":"Success to fetch.","method":"RecentPostAPI","timestamp":"2022-5-6 15:24:29"},"labels":{"instanceId":"0067430fbdf8497301732486903449ce1ad928680c0f0325f15430c7bed22be2f601789463027844e3f1a908a21bd50a24d6eb57beb97b1070da88a46d5bf9dc8679"},"logName":"projects/muni-production-f8e72/logs/run.googleapis.com%2Fstdout","receiveTimestamp":"2022-05-06T15:24:29.139854709Z","resource":{"labels":{"configuration_name":"muni-back","location":"asia-northeast1","project_id":"muni-production-f8e72","revision_name":"muni-back-hpgtt","service_name":"muni-back"},"type":"cloud_run_revision"},"timestamp":"2022-05-06T15:24:29.056607Z"}
{"insertId":"62753dac000c45aff1419a57","jsonPayload":{"ident":"RECIEVE","level":"INFO","message":"Recieve the recent posted works request.","method":"RecentPostAPI","timestamp":"2022-5-6 15:24:28"},"labels":{"instanceId":"0067430fbdf8497301732486903449ce1ad928680c0f0325f15430c7bed22be2f601789463027844e3f1a908a21bd50a24d6eb57beb97b1070da88a46d5bf9dc8679"},"logName":"projects/muni-production-f8e72/logs/run.googleapis.com%2Fstdout","receiveTimestamp":"2022-05-06T15:24:28.807188193Z","resource":{"labels":{"configuration_name":"muni-back","location":"asia-northeast1","project_id":"muni-production-f8e72","revision_name":"muni-back-hpgtt","service_name":"muni-back"},"type":"cloud_run_revision"},"timestamp":"2022-05-06T15:24:28.804271Z"}
{"httpRequest":{"latency":"0.005929387s","protocol":"HTTP/1.1","referer":"https://muni.ink/","remoteIp":"66.249.64.222","requestMethod":"OPTIONS","requestSize":"674","requestUrl":"https://api.muni.ink/recent","responseSize":"853","serverIp":"35.241.42.228","status":204,"userAgent":"Mozilla/5.0 (Linux; Android 6.0.1; Nexus 5X Build/MMB29P) AppleWebKit/537.36 (KHTML, like Gecko) Chrome/100.0.4896.127 Mobile Safari/537.36 (compatible; Googlebot/2.1; +http://www.google.com/bot.html)"},"insertId":"62753dac0002f534a00f5f1e","labels":{"instanceId":"0067430fbdf8497301732486903449ce1ad928680c0f0325f15430c7bed22be2f601789463027844e3f1a908a21bd50a24d6eb57beb97b1070da88a46d5bf9dc8679"},"logName":"projects/muni-production-f8e72/logs/run.googleapis.com%2Frequests","receiveTimestamp":"2022-05-06T15:24:28.198404871Z","resource":{"labels":{"configuration_name":"muni-back","location":"asia-northeast1","project_id":"muni-production-f8e72","revision_name":"muni-back-hpgtt","service_name":"muni-back"},"type":"cloud_run_revision"},"severity":"INFO","timestamp":"2022-05-06T15:24:28.193844Z","trace":"projects/muni-production-f8e72/traces/526d75db2e8410d9a28e72b55e5b44d8"}
{"httpRequest":{"latency":"0.007000219s","protocol":"HTTP/1.1","remoteIp":"66.249.64.84","requestMethod":"GET","requestSize":"678","requestUrl":"https://muni.ink/","responseSize":"6077","serverIp":"35.241.42.228","status":200,"userAgent":"Mozilla/5.0 (Linux; Android 6.0.1; Nexus 5X Build/MMB29P) AppleWebKit/537.36 (KHTML, like Gecko) Chrome/100.0.4896.127 Mobile Safari/537.36 (compatible; Googlebot/2.1; +http://www.google.com/bot.html)"},"insertId":"62753da90004bd89da431ced","labels":{"instanceId":"0067430fbd7af03cb17d92900b5f3305989a61b2bd445dd81108ccfd0293c2aeb5c985f7ae593a5d75291bf8faf2b546eff48eec5f9779a88bd23cf4a59c0f70bf36"},"logName":"projects/muni-production-f8e72/logs/run.googleapis.com%2Frequests","receiveTimestamp":"2022-05-06T15:24:25.315974282Z","resource":{"labels":{"configuration_name":"muni-front","location":"asia-northeast1","project_id":"muni-production-f8e72","revision_name":"muni-front-jq7fz","service_name":"muni-front"},"type":"cloud_run_revision"},"severity":"INFO","timestamp":"2022-05-06T15:24:25.310665Z","trace":"projects/muni-production-f8e72/traces/8682539cb49bd69c283e25a98bed9253"}
{"httpRequest":{"latency":"0.003291417s","protocol":"HTTP/1.1","remoteIp":"20.70.129.247","requestMethod":"GET","requestSize":"602","requestUrl":"https://muni.ink/sito/wp-includes/wlwmanifest.xml","responseSize":"3347","serverIp":"35.241.42.228","status":404,"userAgent":"Mozilla/5.0 (Windows NT 10.0; Win64; x64) AppleWebKit/537.36 (KHTML, like Gecko) Chrome/78.0.3904.108 Safari/537.36"},"insertId":"62753af30008eecf2f6f2b96","labels":{"instanceId":"0067430fbd7af03cb17d92900b5f3305989a61b2bd445dd81108ccfd0293c2aeb5c985f7ae593a5d75291bf8faf2b546eff48eec5f9779a88bd23cf4a59c0f70bf36"},"logName":"projects/muni-production-f8e72/logs/run.googleapis.com%2Frequests","receiveTimestamp":"2022-05-06T15:12:51.909890313Z","resource":{"labels":{"configuration_name":"muni-front","location":"asia-northeast1","project_id":"muni-production-f8e72","revision_name":"muni-front-jq7fz","service_name":"muni-front"},"type":"cloud_run_revision"},"severity":"WARNING","timestamp":"2022-05-06T15:12:51.585423Z","trace":"projects/muni-production-f8e72/traces/051ff68fe355d814eef5f1ca8fea1237"}
{"httpRequest":{"latency":"0.003227456s","protocol":"HTTP/1.1","remoteIp":"20.70.129.247","requestMethod":"GET","requestSize":"602","requestUrl":"https://muni.ink/cms/wp-includes/wlwmanifest.xml","responseSize":"3347","serverIp":"35.241.42.228","status":404,"userAgent":"Mozilla/5.0 (Windows NT 10.0; Win64; x64) AppleWebKit/537.36 (KHTML, like Gecko) Chrome/78.0.3904.108 Safari/537.36"},"insertId":"62753af30006905a658f92af","labels":{"instanceId":"0067430fbd7af03cb17d92900b5f3305989a61b2bd445dd81108ccfd0293c2aeb5c985f7ae593a5d75291bf8faf2b546eff48eec5f9779a88bd23cf4a59c0f70bf36"},"logName":"projects/muni-production-f8e72/logs/run.googleapis.com%2Frequests","receiveTimestamp":"2022-05-06T15:12:51.577194710Z","resource":{"labels":{"configuration_name":"muni-front","location":"asia-northeast1","project_id":"muni-production-f8e72","revision_name":"muni-front-jq7fz","service_name":"muni-front"},"type":"cloud_run_revision"},"severity":"WARNING","timestamp":"2022-05-06T15:12:51.430170Z","trace":"projects/muni-production-f8e72/traces/aeabe63ab7c76f501b9b2efca655b0a6"}
{"httpRequest":{"latency":"0.003588276s","protocol":"HTTP/1.1","remoteIp":"20.70.129.247","requestMethod":"GET","requestSize":"602","requestUrl":"https://muni.ink/site/wp-includes/wlwmanifest.xml","responseSize":"3347","serverIp":"35.241.42.228","status":404,"userAgent":"Mozilla/5.0 (Windows NT 10.0; Win64; x64) AppleWebKit/537.36 (KHTML, like Gecko) Chrome/78.0.3904.108 Safari/537.36"},"insertId":"62753af300045d6f68ad049b","labels":{"instanceId":"0067430fbd7af03cb17d92900b5f3305989a61b2bd445dd81108ccfd0293c2aeb5c985f7ae593a5d75291bf8faf2b546eff48eec5f9779a88bd23cf4a59c0f70bf36"},"logName":"projects/muni-production-f8e72/logs/run.googleapis.com%2Frequests","receiveTimestamp":"2022-05-06T15:12:51.577194710Z","resource":{"labels":{"configuration_name":"muni-front","location":"asia-northeast1","project_id":"muni-production-f8e72","revision_name":"muni-front-jq7fz","service_name":"muni-front"},"type":"cloud_run_revision"},"severity":"WARNING","timestamp":"2022-05-06T15:12:51.286063Z","trace":"projects/muni-production-f8e72/traces/040a55f692e60b2cca3059638b308b78"}
{"httpRequest":{"latency":"0.006174881s","protocol":"HTTP/1.1","remoteIp":"20.70.129.247","requestMethod":"GET","requestSize":"601","requestUrl":"https://muni.ink/wp2/wp-includes/wlwmanifest.xml","responseSize":"3347","serverIp":"35.241.42.228","status":404,"userAgent":"Mozilla/5.0 (Windows NT 10.0; Win64; x64) AppleWebKit/537.36 (KHTML, like Gecko) Chrome/78.0.3904.108 Safari/537.36"},"insertId":"62753af3000233b85e29b348","labels":{"instanceId":"0067430fbd7af03cb17d92900b5f3305989a61b2bd445dd81108ccfd0293c2aeb5c985f7ae593a5d75291bf8faf2b546eff48eec5f9779a88bd23cf4a59c0f70bf36"},"logName":"projects/muni-production-f8e72/logs/run.googleapis.com%2Frequests","receiveTimestamp":"2022-05-06T15:12:51.243545722Z","resource":{"labels":{"configuration_name":"muni-front","location":"asia-northeast1","project_id":"muni-production-f8e72","revision_name":"muni-front-jq7fz","service_name":"muni-front"},"type":"cloud_run_revision"},"severity":"WARNING","timestamp":"2022-05-06T15:12:51.144312Z","trace":"projects/muni-production-f8e72/traces/204184ee8141b0524de7721d5165ef81"}
{"httpRequest":{"latency":"0.004960100s","protocol":"HTTP/1.1","remoteIp":"20.70.129.247","requestMethod":"GET","requestSize":"604","requestUrl":"https://muni.ink/media/wp-includes/wlwmanifest.xml","responseSize":"3347","serverIp":"35.241.42.228","status":404,"userAgent":"Mozilla/5.0 (Windows NT 10.0; Win64; x64) AppleWebKit/537.36 (KHTML, like Gecko) Chrome/78.0.3904.108 Safari/537.36"},"insertId":"62753af300000cd516f25f26","labels":{"instanceId":"0067430fbd7af03cb17d92900b5f3305989a61b2bd445dd81108ccfd0293c2aeb5c985f7ae593a5d75291bf8faf2b546eff48eec5f9779a88bd23cf4a59c0f70bf36"},"logName":"projects/muni-production-f8e72/logs/run.googleapis.com%2Frequests","receiveTimestamp":"2022-05-06T15:12:51.243545722Z","resource":{"labels":{"configuration_name":"muni-front","location":"asia-northeast1","project_id":"muni-production-f8e72","revision_name":"muni-front-jq7fz","service_name":"muni-front"},"type":"cloud_run_revision"},"severity":"WARNING","timestamp":"2022-05-06T15:12:51.003285Z","trace":"projects/muni-production-f8e72/traces/f6c19d83c366e3a829ba9474e1546682"}
{"httpRequest":{"latency":"0.003197231s","protocol":"HTTP/1.1","remoteIp":"20.70.129.247","requestMethod":"GET","requestSize":"602","requestUrl":"https://muni.ink/test/wp-includes/wlwmanifest.xml","responseSize":"3347","serverIp":"35.241.42.228","status":404,"userAgent":"Mozilla/5.0 (Windows NT 10.0; Win64; x64) AppleWebKit/537.36 (KHTML, like Gecko) Chrome/78.0.3904.108 Safari/537.36"},"insertId":"62753af2000d2d756f018149","labels":{"instanceId":"0067430fbd7af03cb17d92900b5f3305989a61b2bd445dd81108ccfd0293c2aeb5c985f7ae593a5d75291bf8faf2b546eff48eec5f9779a88bd23cf4a59c0f70bf36"},"logName":"projects/muni-production-f8e72/logs/run.googleapis.com%2Frequests","receiveTimestamp":"2022-05-06T15:12:50.911090083Z","resource":{"labels":{"configuration_name":"muni-front","location":"asia-northeast1","project_id":"muni-production-f8e72","revision_name":"muni-front-jq7fz","service_name":"muni-front"},"type":"cloud_run_revision"},"severity":"WARNING","timestamp":"2022-05-06T15:12:50.863605Z","trace":"projects/muni-production-f8e72/traces/33659e7b1b5a2d1fe28bf0a53c9cb40a"}
{"httpRequest":{"latency":"0.003341827s","protocol":"HTTP/1.1","remoteIp":"20.70.129.247","requestMethod":"GET","requestSize":"601","requestUrl":"https://muni.ink/wp1/wp-includes/wlwmanifest.xml","responseSize":"3347","serverIp":"35.241.42.228","status":404,"userAgent":"Mozilla/5.0 (Windows NT 10.0; Win64; x64) AppleWebKit/537.36 (KHTML, like Gecko) Chrome/78.0.3904.108 Safari/537.36"},"insertId":"62753af2000b286adc9c42a2","labels":{"instanceId":"0067430fbd7af03cb17d92900b5f3305989a61b2bd445dd81108ccfd0293c2aeb5c985f7ae593a5d75291bf8faf2b546eff48eec5f9779a88bd23cf4a59c0f70bf36"},"logName":"projects/muni-production-f8e72/logs/run.googleapis.com%2Frequests","receiveTimestamp":"2022-05-06T15:12:50.911090083Z","resource":{"labels":{"configuration_name":"muni-front","location":"asia-northeast1","project_id":"muni-production-f8e72","revision_name":"muni-front-jq7fz","service_name":"muni-front"},"type":"cloud_run_revision"},"severity":"WARNING","timestamp":"2022-05-06T15:12:50.731242Z","trace":"projects/muni-production-f8e72/traces/c6c6b56ec4d43d59f64e9544da39132d"}
{"httpRequest":{"latency":"0.002982082s","protocol":"HTTP/1.1","remoteIp":"20.70.129.247","requestMethod":"GET","requestSize":"602","requestUrl":"https://muni.ink/shop/wp-includes/wlwmanifest.xml","responseSize":"3347","serverIp":"35.241.42.228","status":404,"userAgent":"Mozilla/5.0 (Windows NT 10.0; Win64; x64) AppleWebKit/537.36 (KHTML, like Gecko) Chrome/78.0.3904.108 Safari/537.36"},"insertId":"62753af20008f37676c44840","labels":{"instanceId":"0067430fbd7af03cb17d92900b5f3305989a61b2bd445dd81108ccfd0293c2aeb5c985f7ae593a5d75291bf8faf2b546eff48eec5f9779a88bd23cf4a59c0f70bf36"},"logName":"projects/muni-production-f8e72/logs/run.googleapis.com%2Frequests","receiveTimestamp":"2022-05-06T15:12:50.911090083Z","resource":{"labels":{"configuration_name":"muni-front","location":"asia-northeast1","project_id":"muni-production-f8e72","revision_name":"muni-front-jq7fz","service_name":"muni-front"},"type":"cloud_run_revision"},"severity":"WARNING","timestamp":"2022-05-06T15:12:50.586614Z","trace":"projects/muni-production-f8e72/traces/cee5634ba22efe7c434fcd39c68ed648"}
{"httpRequest":{"latency":"0.003179070s","protocol":"HTTP/1.1","remoteIp":"20.70.129.247","requestMethod":"GET","requestSize":"602","requestUrl":"https://muni.ink/2019/wp-includes/wlwmanifest.xml","responseSize":"3347","serverIp":"35.241.42.228","status":404,"userAgent":"Mozilla/5.0 (Windows NT 10.0; Win64; x64) AppleWebKit/537.36 (KHTML, like Gecko) Chrome/78.0.3904.108 Safari/537.36"},"insertId":"62753af20006dadcf055bff5","labels":{"instanceId":"0067430fbd7af03cb17d92900b5f3305989a61b2bd445dd81108ccfd0293c2aeb5c985f7ae593a5d75291bf8faf2b546eff48eec5f9779a88bd23cf4a59c0f70bf36"},"logName":"projects/muni-production-f8e72/logs/run.googleapis.com%2Frequests","receiveTimestamp":"2022-05-06T15:12:50.577275663Z","resource":{"labels":{"configuration_name":"muni-front","location":"asia-northeast1","project_id":"muni-production-f8e72","revision_name":"muni-front-jq7fz","service_name":"muni-front"},"type":"cloud_run_revision"},"severity":"WARNING","timestamp":"2022-05-06T15:12:50.449244Z","trace":"projects/muni-production-f8e72/traces/1f1019c747131e5c1da93640828165f4"}
{"httpRequest":{"latency":"0.003344734s","protocol":"HTTP/1.1","remoteIp":"20.70.129.247","requestMethod":"GET","requestSize":"603","requestUrl":"https://muni.ink/2018/wp-includes/wlwmanifest.xml","responseSize":"3347","serverIp":"35.241.42.228","status":404,"userAgent":"Mozilla/5.0 (Windows NT 10.0; Win64; x64) AppleWebKit/537.36 (KHTML, like Gecko) Chrome/78.0.3904.108 Safari/537.36"},"insertId":"62753af20004c14a136ccfe7","labels":{"instanceId":"0067430fbd7af03cb17d92900b5f3305989a61b2bd445dd81108ccfd0293c2aeb5c985f7ae593a5d75291bf8faf2b546eff48eec5f9779a88bd23cf4a59c0f70bf36"},"logName":"projects/muni-production-f8e72/logs/run.googleapis.com%2Frequests","receiveTimestamp":"2022-05-06T15:12:50.577275663Z","resource":{"labels":{"configuration_name":"muni-front","location":"asia-northeast1","project_id":"muni-production-f8e72","revision_name":"muni-front-jq7fz","service_name":"muni-front"},"type":"cloud_run_revision"},"severity":"WARNING","timestamp":"2022-05-06T15:12:50.311626Z","trace":"projects/muni-production-f8e72/traces/2aca6b560c8c7061f058adfb3c8bd309"}
{"httpRequest":{"latency":"0.003423088s","protocol":"HTTP/1.1","remoteIp":"20.70.129.247","requestMethod":"GET","requestSize":"603","requestUrl":"https://muni.ink/news/wp-includes/wlwmanifest.xml","responseSize":"3347","serverIp":"35.241.42.228","status":404,"userAgent":"Mozilla/5.0 (Windows NT 10.0; Win64; x64) AppleWebKit/537.36 (KHTML, like Gecko) Chrome/78.0.3904.108 Safari/537.36"},"insertId":"62753af20002444f18a2a566","labels":{"instanceId":"0067430fbd7af03cb17d92900b5f3305989a61b2bd445dd81108ccfd0293c2aeb5c985f7ae593a5d75291bf8faf2b546eff48eec5f9779a88bd23cf4a59c0f70bf36"},"logName":"projects/muni-production-f8e72/logs/run.googleapis.com%2Frequests","receiveTimestamp":"2022-05-06T15:12:50.245956065Z","resource":{"labels":{"configuration_name":"muni-front","location":"asia-northeast1","project_id":"muni-production-f8e72","revision_name":"muni-front-jq7fz","service_name":"muni-front"},"type":"cloud_run_revision"},"severity":"WARNING","timestamp":"2022-05-06T15:12:50.148559Z","trace":"projects/muni-production-f8e72/traces/ea84eae739848085833d52623672c2ba"}
{"httpRequest":{"latency":"0.003312736s","protocol":"HTTP/1.1","remoteIp":"20.70.129.247","requestMethod":"GET","requestSize":"600","requestUrl":"https://muni.ink/wp/wp-includes/wlwmanifest.xml","responseSize":"3347","serverIp":"35.241.42.228","status":404,"userAgent":"Mozilla/5.0 (Windows NT 10.0; Win64; x64) AppleWebKit/537.36 (KHTML, like Gecko) Chrome/78.0.3904.108 Safari/537.36"},"insertId":"62753af1000f260a6444606e","labels":{"instanceId":"0067430fbd7af03cb17d92900b5f3305989a61b2bd445dd81108ccfd0293c2aeb5c985f7ae593a5d75291bf8faf2b546eff48eec5f9779a88bd23cf4a59c0f70bf36"},"logName":"projects/muni-production-f8e72/logs/run.googleapis.com%2Frequests","receiveTimestamp":"2022-05-06T15:12:50.245956065Z","resource":{"labels":{"configuration_name":"muni-front","location":"asia-northeast1","project_id":"muni-production-f8e72","revision_name":"muni-front-jq7fz","service_name":"muni-front"},"type":"cloud_run_revision"},"severity":"WARNING","timestamp":"2022-05-06T15:12:49.992778Z","trace":"projects/muni-production-f8e72/traces/82b5baf03db24602b278be1f6831f328"}
{"httpRequest":{"latency":"0.003128949s","protocol":"HTTP/1.1","remoteIp":"20.70.129.247","requestMethod":"GET","requestSize":"606","requestUrl":"https://muni.ink/website/wp-includes/wlwmanifest.xml","responseSize":"3347","serverIp":"35.241.42.228","status":404,"userAgent":"Mozilla/5.0 (Windows NT 10.0; Win64; x64) AppleWebKit/537.36 (KHTML, like Gecko) Chrome/78.0.3904.108 Safari/537.36"},"insertId":"62753af1000d08695c35751f","labels":{"instanceId":"0067430fbd7af03cb17d92900b5f3305989a61b2bd445dd81108ccfd0293c2aeb5c985f7ae593a5d75291bf8faf2b546eff48eec5f9779a88bd23cf4a59c0f70bf36"},"logName":"projects/muni-production-f8e72/logs/run.googleapis.com%2Frequests","receiveTimestamp":"2022-05-06T15:12:49.911589780Z","resource":{"labels":{"configuration_name":"muni-front","location":"asia-northeast1","project_id":"muni-production-f8e72","revision_name":"muni-front-jq7fz","service_name":"muni-front"},"type":"cloud_run_revision"},"severity":"WARNING","timestamp":"2022-05-06T15:12:49.854121Z","trace":"projects/muni-production-f8e72/traces/e8599bdb165cb70b6c78d2c6865e4ad4"}
{"httpRequest":{"latency":"0.003343107s","protocol":"HTTP/1.1","remoteIp":"20.70.129.247","requestMethod":"GET","requestSize":"607","requestUrl":"https://muni.ink/wordpress/wp-includes/wlwmanifest.xml","responseSize":"3347","serverIp":"35.241.42.228","status":404,"userAgent":"Mozilla/5.0 (Windows NT 10.0; Win64; x64) AppleWebKit/537.36 (KHTML, like Gecko) Chrome/78.0.3904.108 Safari/537.36"},"insertId":"62753af1000ae28b978bad13","labels":{"instanceId":"0067430fbd7af03cb17d92900b5f3305989a61b2bd445dd81108ccfd0293c2aeb5c985f7ae593a5d75291bf8faf2b546eff48eec5f9779a88bd23cf4a59c0f70bf36"},"logName":"projects/muni-production-f8e72/logs/run.googleapis.com%2Frequests","receiveTimestamp":"2022-05-06T15:12:49.911589780Z","resource":{"labels":{"configuration_name":"muni-front","location":"asia-northeast1","project_id":"muni-production-f8e72","revision_name":"muni-front-jq7fz","service_name":"muni-front"},"type":"cloud_run_revision"},"severity":"WARNING","timestamp":"2022-05-06T15:12:49.713355Z","trace":"projects/muni-production-f8e72/traces/a0338eed10bda0c55575751da767a707"}
{"httpRequest":{"latency":"0.004640232s","protocol":"HTTP/1.1","remoteIp":"20.70.129.247","requestMethod":"GET","requestSize":"602","requestUrl":"https://muni.ink/web/wp-includes/wlwmanifest.xml","responseSize":"3347","serverIp":"35.241.42.228","status":404,"userAgent":"Mozilla/5.0 (Windows NT 10.0; Win64; x64) AppleWebKit/537.36 (KHTML, like Gecko) Chrome/78.0.3904.108 Safari/537.36"},"insertId":"62753af10008d6a8bae07356","labels":{"instanceId":"0067430fbd7af03cb17d92900b5f3305989a61b2bd445dd81108ccfd0293c2aeb5c985f7ae593a5d75291bf8faf2b546eff48eec5f9779a88bd23cf4a59c0f70bf36"},"logName":"projects/muni-production-f8e72/logs/run.googleapis.com%2Frequests","receiveTimestamp":"2022-05-06T15:12:49.911589780Z","resource":{"labels":{"configuration_name":"muni-front","location":"asia-northeast1","project_id":"muni-production-f8e72","revision_name":"muni-front-jq7fz","service_name":"muni-front"},"type":"cloud_run_revision"},"severity":"WARNING","timestamp":"2022-05-06T15:12:49.579240Z","trace":"projects/muni-production-f8e72/traces/0e0f649f1c2e49cbfd9d42f45fa0b99c"}
{"httpRequest":{"latency":"0.003309380s","protocol":"HTTP/1.1","remoteIp":"20.70.129.247","requestMethod":"GET","requestSize":"603","requestUrl":"https://muni.ink/blog/wp-includes/wlwmanifest.xml","responseSize":"3347","serverIp":"35.241.42.228","status":404,"userAgent":"Mozilla/5.0 (Windows NT 10.0; Win64; x64) AppleWebKit/537.36 (KHTML, like Gecko) Chrome/78.0.3904.108 Safari/537.36"},"insertId":"62753af10006d51e7bf347d5","labels":{"instanceId":"0067430fbd7af03cb17d92900b5f3305989a61b2bd445dd81108ccfd0293c2aeb5c985f7ae593a5d75291bf8faf2b546eff48eec5f9779a88bd23cf4a59c0f70bf36"},"logName":"projects/muni-production-f8e72/logs/run.googleapis.com%2Frequests","receiveTimestamp":"2022-05-06T15:12:49.579733370Z","resource":{"labels":{"configuration_name":"muni-front","location":"asia-northeast1","project_id":"muni-production-f8e72","revision_name":"muni-front-jq7fz","service_name":"muni-front"},"type":"cloud_run_revision"},"severity":"WARNING","timestamp":"2022-05-06T15:12:49.447774Z","trace":"projects/muni-production-f8e72/traces/eb5372eab87ada0bd5e4832986b09479"}
{"httpRequest":{"latency":"0.003361951s","protocol":"HTTP/1.1","remoteIp":"20.70.129.247","requestMethod":"GET","requestSize":"585","requestUrl":"https://muni.ink/xmlrpc.php?rsd","responseSize":"3347","serverIp":"35.241.42.228","status":404,"userAgent":"Mozilla/5.0 (Windows NT 10.0; Win64; x64) AppleWebKit/537.36 (KHTML, like Gecko) Chrome/78.0.3904.108 Safari/537.36"},"insertId":"62753af10004a666baf993e3","labels":{"instanceId":"0067430fbd7af03cb17d92900b5f3305989a61b2bd445dd81108ccfd0293c2aeb5c985f7ae593a5d75291bf8faf2b546eff48eec5f9779a88bd23cf4a59c0f70bf36"},"logName":"projects/muni-production-f8e72/logs/run.googleapis.com%2Frequests","receiveTimestamp":"2022-05-06T15:12:49.579733370Z","resource":{"labels":{"configuration_name":"muni-front","location":"asia-northeast1","project_id":"muni-production-f8e72","revision_name":"muni-front-jq7fz","service_name":"muni-front"},"type":"cloud_run_revision"},"severity":"WARNING","timestamp":"2022-05-06T15:12:49.304742Z","trace":"projects/muni-production-f8e72/traces/55552e108f6a187baff781561ddbf2e7"}
{"httpRequest":{"latency":"0.003142507s","protocol":"HTTP/1.1","remoteIp":"20.70.129.247","requestMethod":"GET","requestSize":"598","requestUrl":"https://muni.ink/wp-includes/wlwmanifest.xml","responseSize":"3347","serverIp":"35.241.42.228","status":404,"userAgent":"Mozilla/5.0 (Windows NT 10.0; Win64; x64) AppleWebKit/537.36 (KHTML, like Gecko) Chrome/78.0.3904.108 Safari/537.36"},"insertId":"62753af10002a1b5f22209e5","labels":{"instanceId":"0067430fbd7af03cb17d92900b5f3305989a61b2bd445dd81108ccfd0293c2aeb5c985f7ae593a5d75291bf8faf2b546eff48eec5f9779a88bd23cf4a59c0f70bf36"},"logName":"projects/muni-production-f8e72/logs/run.googleapis.com%2Frequests","receiveTimestamp":"2022-05-06T15:12:49.248409147Z","resource":{"labels":{"configuration_name":"muni-front","location":"asia-northeast1","project_id":"muni-production-f8e72","revision_name":"muni-front-jq7fz","service_name":"muni-front"},"type":"cloud_run_revision"},"severity":"WARNING","timestamp":"2022-05-06T15:12:49.172469Z","trace":"projects/muni-production-f8e72/traces/34f7f3edc6236a25aa7377e342ece88c"}
{"httpRequest":{"latency":"0.003877790s","protocol":"HTTP/1.1","remoteIp":"20.70.129.247","requestMethod":"GET","requestSize":"570","requestUrl":"https://muni.ink/","responseSize":"35263","serverIp":"35.241.42.228","status":200,"userAgent":"Mozilla/5.0 (Windows NT 10.0; Win64; x64) AppleWebKit/537.36 (KHTML, like Gecko) Chrome/78.0.3904.108 Safari/537.36"},"insertId":"62753af0000de21c00911b08","labels":{"instanceId":"0067430fbd7af03cb17d92900b5f3305989a61b2bd445dd81108ccfd0293c2aeb5c985f7ae593a5d75291bf8faf2b546eff48eec5f9779a88bd23cf4a59c0f70bf36"},"logName":"projects/muni-production-f8e72/logs/run.googleapis.com%2Frequests","receiveTimestamp":"2022-05-06T15:12:48.913837513Z","resource":{"labels":{"configuration_name":"muni-front","location":"asia-northeast1","project_id":"muni-production-f8e72","revision_name":"muni-front-jq7fz","service_name":"muni-front"},"type":"cloud_run_revision"},"severity":"INFO","timestamp":"2022-05-06T15:12:48.909852Z","trace":"projects/muni-production-f8e72/traces/7a07dd4c9f1a416dfcf195ac1b792da7"}
{"httpRequest":{"latency":"0.002685314s","protocol":"HTTP/1.1","referer":"https://muni.ink/","remoteIp":"66.249.89.148","requestMethod":"GET","requestSize":"472","requestUrl":"https://muni.ink/_next/data/IVVvbvvWS4XaF0igaWv4S/index.json","responseSize":"969","serverIp":"35.241.42.228","status":200,"userAgent":"AdsBot-Google (+http://www.google.com/adsbot.html)"},"insertId":"627538da000e7f4bcdeccb37","labels":{"instanceId":"0067430fbd7af03cb17d92900b5f3305989a61b2bd445dd81108ccfd0293c2aeb5c985f7ae593a5d75291bf8faf2b546eff48eec5f9779a88bd23cf4a59c0f70bf36"},"logName":"projects/muni-production-f8e72/logs/run.googleapis.com%2Frequests","receiveTimestamp":"2022-05-06T15:03:55.168257771Z","resource":{"labels":{"configuration_name":"muni-front","location":"asia-northeast1","project_id":"muni-production-f8e72","revision_name":"muni-front-jq7fz","service_name":"muni-front"},"type":"cloud_run_revision"},"severity":"INFO","timestamp":"2022-05-06T15:03:54.950091Z","trace":"projects/muni-production-f8e72/traces/5ca7f232e1ebf6a1b813592441fd53ea"}
{"httpRequest":{"latency":"0.003624162s","protocol":"HTTP/1.1","referer":"https://muni.ink/","remoteIp":"66.249.89.148","requestMethod":"GET","requestSize":"537","requestUrl":"https://muni.ink/_next/static/chunks/pages/article/%5Bid%5D-ba2e332a731b1526.js","responseSize":"2326","serverIp":"35.241.42.228","status":200,"userAgent":"AdsBot-Google (+http://www.google.com/adsbot.html)"},"insertId":"627538da0007dc6736b22ebe","labels":{"instanceId":"0067430fbd7af03cb17d92900b5f3305989a61b2bd445dd81108ccfd0293c2aeb5c985f7ae593a5d75291bf8faf2b546eff48eec5f9779a88bd23cf4a59c0f70bf36"},"logName":"projects/muni-production-f8e72/logs/run.googleapis.com%2Frequests","receiveTimestamp":"2022-05-06T15:03:54.834244086Z","resource":{"labels":{"configuration_name":"muni-front","location":"asia-northeast1","project_id":"muni-production-f8e72","revision_name":"muni-front-jq7fz","service_name":"muni-front"},"type":"cloud_run_revision"},"severity":"INFO","timestamp":"2022-05-06T15:03:54.515175Z","trace":"projects/muni-production-f8e72/traces/e28b2a161bbc3cec06ee864ee0df3017"}
{"httpRequest":{"latency":"0.253641035s","protocol":"HTTP/1.1","referer":"https://muni.ink/","remoteIp":"66.249.89.222","requestMethod":"POST","requestSize":"535","requestUrl":"https://api.muni.ink/recent","responseSize":"12342","serverIp":"35.241.42.228","status":200,"userAgent":"AdsBot-Google (+http://www.google.com/adsbot.html)"},"insertId":"627538da0001f2fbdaa414c7","labels":{"instanceId":"0067430fbdf8497301732486903449ce1ad928680c0f0325f15430c7bed22be2f601789463027844e3f1a908a21bd50a24d6eb57beb97b1070da88a46d5bf9dc8679"},"logName":"projects/muni-production-f8e72/logs/run.googleapis.com%2Frequests","receiveTimestamp":"2022-05-06T15:03:54.136039107Z","resource":{"labels":{"configuration_name":"muni-back","location":"asia-northeast1","project_id":"muni-production-f8e72","revision_name":"muni-back-hpgtt","service_name":"muni-back"},"type":"cloud_run_revision"},"severity":"INFO","timestamp":"2022-05-06T15:03:54.127739Z","trace":"projects/muni-production-f8e72/traces/3d81f13525b15c29171db476ed424ae3"}
{"insertId":"627538da0001ebb9e69ca0d6","jsonPayload":{"ident":"FETCH_SUCCESS","level":"INFO","message":"Success to fetch.","method":"RecentPostAPI","timestamp":"2022-5-6 15:3:54"},"labels":{"instanceId":"0067430fbdf8497301732486903449ce1ad928680c0f0325f15430c7bed22be2f601789463027844e3f1a908a21bd50a24d6eb57beb97b1070da88a46d5bf9dc8679"},"logName":"projects/muni-production-f8e72/logs/run.googleapis.com%2Fstdout","receiveTimestamp":"2022-05-06T15:03:54.211936773Z","resource":{"labels":{"configuration_name":"muni-back","location":"asia-northeast1","project_id":"muni-production-f8e72","revision_name":"muni-back-hpgtt","service_name":"muni-back"},"type":"cloud_run_revision"},"timestamp":"2022-05-06T15:03:54.125881Z"}
{"insertId":"627538d9000d5e6aba17aca2","jsonPayload":{"ident":"RECIEVE","level":"INFO","message":"Recieve the recent posted works request.","method":"RecentPostAPI","timestamp":"2022-5-6 15:3:53"},"labels":{"instanceId":"0067430fbdf8497301732486903449ce1ad928680c0f0325f15430c7bed22be2f601789463027844e3f1a908a21bd50a24d6eb57beb97b1070da88a46d5bf9dc8679"},"logName":"projects/muni-production-f8e72/logs/run.googleapis.com%2Fstdout","receiveTimestamp":"2022-05-06T15:03:53.879839584Z","resource":{"labels":{"configuration_name":"muni-back","location":"asia-northeast1","project_id":"muni-production-f8e72","revision_name":"muni-back-hpgtt","service_name":"muni-back"},"type":"cloud_run_revision"},"timestamp":"2022-05-06T15:03:53.876138Z"}
{"httpRequest":{"latency":"0.002703214s","protocol":"HTTP/1.1","referer":"https://muni.ink/","remoteIp":"66.249.89.220","requestMethod":"OPTIONS","requestSize":"555","requestUrl":"https://api.muni.ink/recent","responseSize":"853","serverIp":"35.241.42.228","status":204,"userAgent":"AdsBot-Google (+http://www.google.com/adsbot.html)"},"insertId":"627538d9000721f65b4e0d7d","labels":{"instanceId":"0067430fbdf8497301732486903449ce1ad928680c0f0325f15430c7bed22be2f601789463027844e3f1a908a21bd50a24d6eb57beb97b1070da88a46d5bf9dc8679"},"logName":"projects/muni-production-f8e72/logs/run.googleapis.com%2Frequests","receiveTimestamp":"2022-05-06T15:03:53.468319826Z","resource":{"labels":{"configuration_name":"muni-back","location":"asia-northeast1","project_id":"muni-production-f8e72","revision_name":"muni-back-hpgtt","service_name":"muni-back"},"type":"cloud_run_revision"},"severity":"INFO","timestamp":"2022-05-06T15:03:53.467446Z","trace":"projects/muni-production-f8e72/traces/2a54513a7277e8bef5b397ccdbd35c49"}
{"httpRequest":{"latency":"0.004877551s","protocol":"HTTP/1.1","referer":"https://muni.ink/","remoteIp":"66.249.89.149","requestMethod":"GET","requestSize":"481","requestUrl":"https://muni.ink/_next/static/chunks/pages/index-65694bb50f9c6c5b.js","responseSize":"6186","serverIp":"35.241.42.228","status":200,"userAgent":"AdsBot-Google (+http://www.google.com/adsbot.html)"},"insertId":"627538d8000dfe78d17ed2ef","labels":{"instanceId":"0067430fbd7af03cb17d92900b5f3305989a61b2bd445dd81108ccfd0293c2aeb5c985f7ae593a5d75291bf8faf2b546eff48eec5f9779a88bd23cf4a59c0f70bf36"},"logName":"projects/muni-production-f8e72/logs/run.googleapis.com%2Frequests","receiveTimestamp":"2022-05-06T15:03:53.170839516Z","resource":{"labels":{"configuration_name":"muni-front","location":"asia-northeast1","project_id":"muni-production-f8e72","revision_name":"muni-front-jq7fz","service_name":"muni-front"},"type":"cloud_run_revision"},"severity":"INFO","timestamp":"2022-05-06T15:03:52.917112Z","trace":"projects/muni-production-f8e72/traces/c3a7e9bd769336705004522a48f83f36"}
{"httpRequest":{"latency":"0.005937096s","protocol":"HTTP/1.1","referer":"https://muni.ink/","remoteIp":"66.249.89.149","requestMethod":"GET","requestSize":"473","requestUrl":"https://muni.ink/_next/static/chunks/129-751e01bf127dc2cc.js","responseSize":"16507","serverIp":"35.241.42.228","status":200,"userAgent":"AdsBot-Google (+http://www.google.com/adsbot.html)"},"insertId":"627538d80006c98a1a4a1f59","labels":{"instanceId":"0067430fbd7af03cb17d92900b5f3305989a61b2bd445dd81108ccfd0293c2aeb5c985f7ae593a5d75291bf8faf2b546eff48eec5f9779a88bd23cf4a59c0f70bf36"},"logName":"projects/muni-production-f8e72/logs/run.googleapis.com%2Frequests","receiveTimestamp":"2022-05-06T15:03:52.503703167Z","resource":{"labels":{"configuration_name":"muni-front","location":"asia-northeast1","project_id":"muni-production-f8e72","revision_name":"muni-front-jq7fz","service_name":"muni-front"},"type":"cloud_run_revision"},"severity":"INFO","timestamp":"2022-05-06T15:03:52.444810Z","trace":"projects/muni-production-f8e72/traces/a12ea340cec2580fe6a0f139523783f7"}
{"httpRequest":{"latency":"0.003418768s","protocol":"HTTP/1.1","referer":"https://muni.ink/","remoteIp":"66.249.89.148","requestMethod":"GET","requestSize":"480","requestUrl":"https://muni.ink/_next/static/IVVvbvvWS4XaF0igaWv4S/_ssgManifest.js","responseSize":"962","serverIp":"35.241.42.228","status":200,"userAgent":"AdsBot-Google (+http://www.google.com/adsbot.html)"},"insertId":"627538d7000edf314f4e0863","labels":{"instanceId":"0067430fbd7af03cb17d92900b5f3305989a61b2bd445dd81108ccfd0293c2aeb5c985f7ae593a5d75291bf8faf2b546eff48eec5f9779a88bd23cf4a59c0f70bf36"},"logName":"projects/muni-production-f8e72/logs/run.googleapis.com%2Frequests","receiveTimestamp":"2022-05-06T15:03:52.170628511Z","resource":{"labels":{"configuration_name":"muni-front","location":"asia-northeast1","project_id":"muni-production-f8e72","revision_name":"muni-front-jq7fz","service_name":"muni-front"},"type":"cloud_run_revision"},"severity":"INFO","timestamp":"2022-05-06T15:03:51.974641Z","trace":"projects/muni-production-f8e72/traces/549cf60c56e0caf776b5499f2a49e922"}
{"httpRequest":{"latency":"0.008942909s","protocol":"HTTP/1.1","referer":"https://muni.ink/","remoteIp":"66.249.89.149","requestMethod":"GET","requestSize":"478","requestUrl":"https://muni.ink/_next/static/chunks/pages/_app-8381e0995d667b62.js","responseSize":"28358","serverIp":"35.241.42.228","status":200,"userAgent":"AdsBot-Google (+http://www.google.com/adsbot.html)"},"insertId":"627538d70007c8ae13955819","labels":{"instanceId":"0067430fbd7af03cb17d92900b5f3305989a61b2bd445dd81108ccfd0293c2aeb5c985f7ae593a5d75291bf8faf2b546eff48eec5f9779a88bd23cf4a59c0f70bf36"},"logName":"projects/muni-production-f8e72/logs/run.googleapis.com%2Frequests","receiveTimestamp":"2022-05-06T15:03:51.838101810Z","resource":{"labels":{"configuration_name":"muni-front","location":"asia-northeast1","project_id":"muni-production-f8e72","revision_name":"muni-front-jq7fz","service_name":"muni-front"},"type":"cloud_run_revision"},"severity":"INFO","timestamp":"2022-05-06T15:03:51.510126Z","trace":"projects/muni-production-f8e72/traces/3e386b1869b9e65bb209c5dc557ae401"}
{"httpRequest":{"latency":"0.003780298s","protocol":"HTTP/1.1","referer":"https://muni.ink/","remoteIp":"66.249.89.148","requestMethod":"GET","requestSize":"481","requestUrl":"https://muni.ink/_next/static/IVVvbvvWS4XaF0igaWv4S/_buildManifest.js","responseSize":"1668","serverIp":"35.241.42.228","status":200,"userAgent":"AdsBot-Google (+http://www.google.com/adsbot.html)"},"insertId":"627538d700009538e6a119d3","labels":{"instanceId":"0067430fbd7af03cb17d92900b5f3305989a61b2bd445dd81108ccfd0293c2aeb5c985f7ae593a5d75291bf8faf2b546eff48eec5f9779a88bd23cf4a59c0f70bf36"},"logName":"projects/muni-production-f8e72/logs/run.googleapis.com%2Frequests","receiveTimestamp":"2022-05-06T15:03:51.171715431Z","resource":{"labels":{"configuration_name":"muni-front","location":"asia-northeast1","project_id":"muni-production-f8e72","revision_name":"muni-front-jq7fz","service_name":"muni-front"},"type":"cloud_run_revision"},"severity":"INFO","timestamp":"2022-05-06T15:03:51.038200Z","trace":"projects/muni-production-f8e72/traces/18e401c60e1349828272f05c1a12b14e"}
{"httpRequest":{"latency":"0.004471800s","protocol":"HTTP/1.1","referer":"https://muni.ink/","remoteIp":"66.249.89.149","requestMethod":"GET","requestSize":"482","requestUrl":"https://muni.ink/_next/static/css/a5b1c8a8cd6b40f6.css","responseSize":"5301","serverIp":"35.241.42.228","status":200,"userAgent":"AdsBot-Google (+http://www.google.com/adsbot.html)"},"insertId":"627538d60008bbc099797427","labels":{"instanceId":"0067430fbd7af03cb17d92900b5f3305989a61b2bd445dd81108ccfd0293c2aeb5c985f7ae593a5d75291bf8faf2b546eff48eec5f9779a88bd23cf4a59c0f70bf36"},"logName":"projects/muni-production-f8e72/logs/run.googleapis.com%2Frequests","receiveTimestamp":"2022-05-06T15:03:50.838480098Z","resource":{"labels":{"configuration_name":"muni-front","location":"asia-northeast1","project_id":"muni-production-f8e72","revision_name":"muni-front-jq7fz","service_name":"muni-front"},"type":"cloud_run_revision"},"severity":"INFO","timestamp":"2022-05-06T15:03:50.572352Z","trace":"projects/muni-production-f8e72/traces/70c5b26ff3153c17bb9ce12d4b705c8c"}
{"httpRequest":{"latency":"0.008782191s","protocol":"HTTP/1.1","referer":"https://muni.ink/","remoteIp":"66.249.89.149","requestMethod":"GET","requestSize":"473","requestUrl":"https://muni.ink/_next/static/chunks/main-1d8adce4d7e8417e.js","responseSize":"28664","serverIp":"35.241.42.228","status":200,"userAgent":"AdsBot-Google (+http://www.google.com/adsbot.html)"},"insertId":"627538d60001c275f8f07d78","labels":{"instanceId":"0067430fbd7af03cb17d92900b5f3305989a61b2bd445dd81108ccfd0293c2aeb5c985f7ae593a5d75291bf8faf2b546eff48eec5f9779a88bd23cf4a59c0f70bf36"},"logName":"projects/muni-production-f8e72/logs/run.googleapis.com%2Frequests","receiveTimestamp":"2022-05-06T15:03:50.172648707Z","resource":{"labels":{"configuration_name":"muni-front","location":"asia-northeast1","project_id":"muni-production-f8e72","revision_name":"muni-front-jq7fz","service_name":"muni-front"},"type":"cloud_run_revision"},"severity":"INFO","timestamp":"2022-05-06T15:03:50.115317Z","trace":"projects/muni-production-f8e72/traces/b1592d4a2241212e40bcd21150dcf55c"}
{"httpRequest":{"latency":"0.003037627s","protocol":"HTTP/1.1","referer":"https://muni.ink/","remoteIp":"66.249.89.148","requestMethod":"GET","requestSize":"486","requestUrl":"https://muni.ink/_next/static/IVVvbvvWS4XaF0igaWv4S/_middlewareManifest.js","responseSize":"925","serverIp":"35.241.42.228","status":200,"userAgent":"AdsBot-Google (+http://www.google.com/adsbot.html)"},"insertId":"627538d50009db3069d87815","labels":{"instanceId":"0067430fbd7af03cb17d92900b5f3305989a61b2bd445dd81108ccfd0293c2aeb5c985f7ae593a5d75291bf8faf2b546eff48eec5f9779a88bd23cf4a59c0f70bf36"},"logName":"projects/muni-production-f8e72/logs/run.googleapis.com%2Frequests","receiveTimestamp":"2022-05-06T15:03:49.839446738Z","resource":{"labels":{"configuration_name":"muni-front","location":"asia-northeast1","project_id":"muni-production-f8e72","revision_name":"muni-front-jq7fz","service_name":"muni-front"},"type":"cloud_run_revision"},"severity":"INFO","timestamp":"2022-05-06T15:03:49.645936Z","trace":"projects/muni-production-f8e72/traces/b459f51028873bb1dba16fdf73c3feca"}
{"httpRequest":{"latency":"0.005004156s","protocol":"HTTP/1.1","remoteIp":"66.249.89.148","requestMethod":"GET","requestSize":"408","requestUrl":"https://muni.ink/","responseSize":"6077","serverIp":"35.241.42.228","status":200,"userAgent":"AdsBot-Google (+http://www.google.com/adsbot.html)"},"insertId":"627538d200003d5685da19ae","labels":{"instanceId":"0067430fbd7af03cb17d92900b5f3305989a61b2bd445dd81108ccfd0293c2aeb5c985f7ae593a5d75291bf8faf2b546eff48eec5f9779a88bd23cf4a59c0f70bf36"},"logName":"projects/muni-production-f8e72/logs/run.googleapis.com%2Frequests","receiveTimestamp":"2022-05-06T15:03:46.179380505Z","resource":{"labels":{"configuration_name":"muni-front","location":"asia-northeast1","project_id":"muni-production-f8e72","revision_name":"muni-front-jq7fz","service_name":"muni-front"},"type":"cloud_run_revision"},"severity":"INFO","timestamp":"2022-05-06T15:03:46.015702Z","trace":"projects/muni-production-f8e72/traces/2a8425e1f33193089a4772a28b8cfdbc"}
{"httpRequest":{"latency":"0.004324810s","protocol":"HTTP/1.1","remoteIp":"66.249.64.85","requestMethod":"GET","requestSize":"366","requestUrl":"https://muni.ink/robots.txt","responseSize":"1950","serverIp":"35.241.42.228","status":404,"userAgent":"Mozilla/5.0 (compatible; Googlebot/2.1; +http://www.google.com/bot.html)"},"insertId":"627538d0000cd6b851a1c326","labels":{"instanceId":"0067430fbd7af03cb17d92900b5f3305989a61b2bd445dd81108ccfd0293c2aeb5c985f7ae593a5d75291bf8faf2b546eff48eec5f9779a88bd23cf4a59c0f70bf36"},"logName":"projects/muni-production-f8e72/logs/run.googleapis.com%2Frequests","receiveTimestamp":"2022-05-06T15:03:44.846343123Z","resource":{"labels":{"configuration_name":"muni-front","location":"asia-northeast1","project_id":"muni-production-f8e72","revision_name":"muni-front-jq7fz","service_name":"muni-front"},"type":"cloud_run_revision"},"severity":"WARNING","timestamp":"2022-05-06T15:03:44.841400Z","trace":"projects/muni-production-f8e72/traces/0b968d595190c0e9a2c96c36e98fa449"}
{"httpRequest":{"latency":"0.005267626s","protocol":"HTTP/1.1","remoteIp":"35.233.62.116","requestMethod":"GET","requestSize":"499","requestUrl":"https://35.241.42.228/","responseSize":"6077","serverIp":"35.241.42.228","status":200,"userAgent":"python-requests/2.27.1"},"insertId":"6275355a0009b4af8440643e","labels":{"instanceId":"0067430fbd7af03cb17d92900b5f3305989a61b2bd445dd81108ccfd0293c2aeb5c985f7ae593a5d75291bf8faf2b546eff48eec5f9779a88bd23cf4a59c0f70bf36"},"logName":"projects/muni-production-f8e72/logs/run.googleapis.com%2Frequests","receiveTimestamp":"2022-05-06T14:48:58.638992223Z","resource":{"labels":{"configuration_name":"muni-front","location":"asia-northeast1","project_id":"muni-production-f8e72","revision_name":"muni-front-jq7fz","service_name":"muni-front"},"type":"cloud_run_revision"},"severity":"INFO","timestamp":"2022-05-06T14:48:58.636079Z","trace":"projects/muni-production-f8e72/traces/4e44dfeece06f4b08210430ad5957059"}
{"httpRequest":{"latency":"0.003020346s","protocol":"HTTP/1.1","referer":"https://muni.ink/","remoteIp":"66.249.64.84","requestMethod":"GET","requestSize":"720","requestUrl":"https://muni.ink/howtouse_arrow_v.svg","responseSize":"1750","serverIp":"35.241.42.228","status":200,"userAgent":"Mozilla/5.0 (Linux; Android 6.0.1; Nexus 5X Build/MMB29P) AppleWebKit/537.36 (KHTML, like Gecko) Chrome/100.0.4896.127 Mobile Safari/537.36 (compatible; Googlebot/2.1; +http://www.google.com/bot.html)"},"insertId":"62753122000241207c6c0c53","labels":{"instanceId":"0067430fbd7af03cb17d92900b5f3305989a61b2bd445dd81108ccfd0293c2aeb5c985f7ae593a5d75291bf8faf2b546eff48eec5f9779a88bd23cf4a59c0f70bf36"},"logName":"projects/muni-production-f8e72/logs/run.googleapis.com%2Frequests","receiveTimestamp":"2022-05-06T14:30:58.324803475Z","resource":{"labels":{"configuration_name":"muni-front","location":"asia-northeast1","project_id":"muni-production-f8e72","revision_name":"muni-front-jq7fz","service_name":"muni-front"},"type":"cloud_run_revision"},"severity":"INFO","timestamp":"2022-05-06T14:30:58.147744Z","trace":"projects/muni-production-f8e72/traces/ab08b037267cc93c38e4352658cfff43"}
{"httpRequest":{"latency":"0.005251477s","protocol":"HTTP/1.1","referer":"https://muni.ink/","remoteIp":"66.249.64.85","requestMethod":"GET","requestSize":"719","requestUrl":"https://muni.ink/howtouse2_upload.svg","responseSize":"9708","serverIp":"35.241.42.228","status":200,"userAgent":"Mozilla/5.0 (Linux; Android 6.0.1; Nexus 5X Build/MMB29P) AppleWebKit/537.36 (KHTML, like Gecko) Chrome/100.0.4896.127 Mobile Safari/537.36 (compatible; Googlebot/2.1; +http://www.google.com/bot.html)"},"insertId":"62753121000a2faf1a23c51e","labels":{"instanceId":"0067430fbd7af03cb17d92900b5f3305989a61b2bd445dd81108ccfd0293c2aeb5c985f7ae593a5d75291bf8faf2b546eff48eec5f9779a88bd23cf4a59c0f70bf36"},"logName":"projects/muni-production-f8e72/logs/run.googleapis.com%2Frequests","receiveTimestamp":"2022-05-06T14:30:57.992748602Z","resource":{"labels":{"configuration_name":"muni-front","location":"asia-northeast1","project_id":"muni-production-f8e72","revision_name":"muni-front-jq7fz","service_name":"muni-front"},"type":"cloud_run_revision"},"severity":"INFO","timestamp":"2022-05-06T14:30:57.667567Z","trace":"projects/muni-production-f8e72/traces/7a89b45bf7bc4bb35adb5541d18bfa14"}
{"httpRequest":{"latency":"0.015665659s","protocol":"HTTP/1.1","referer":"https://muni.ink/","remoteIp":"66.249.64.85","requestMethod":"GET","requestSize":"719","requestUrl":"https://muni.ink/nft_description.svg","responseSize":"55592","serverIp":"35.241.42.228","status":200,"userAgent":"Mozilla/5.0 (Linux; Android 6.0.1; Nexus 5X Build/MMB29P) AppleWebKit/537.36 (KHTML, like Gecko) Chrome/100.0.4896.127 Mobile Safari/537.36 (compatible; Googlebot/2.1; +http://www.google.com/bot.html)"},"insertId":"62753121000313cc27da493e","labels":{"instanceId":"0067430fbd7af03cb17d92900b5f3305989a61b2bd445dd81108ccfd0293c2aeb5c985f7ae593a5d75291bf8faf2b546eff48eec5f9779a88bd23cf4a59c0f70bf36"},"logName":"projects/muni-production-f8e72/logs/run.googleapis.com%2Frequests","receiveTimestamp":"2022-05-06T14:30:57.324613042Z","resource":{"labels":{"configuration_name":"muni-front","location":"asia-northeast1","project_id":"muni-production-f8e72","revision_name":"muni-front-jq7fz","service_name":"muni-front"},"type":"cloud_run_revision"},"severity":"INFO","timestamp":"2022-05-06T14:30:57.201676Z","trace":"projects/muni-production-f8e72/traces/d7e2282eb113736e7fd6f1e64ecc9bcb"}
{"httpRequest":{"latency":"0.003640833s","protocol":"HTTP/1.1","referer":"https://muni.ink/","remoteIp":"66.249.64.84","requestMethod":"GET","requestSize":"676","requestUrl":"https://muni.ink/_next/static/css/7a638e94e1d9107b.css","responseSize":"1302","serverIp":"35.241.42.228","status":200,"userAgent":"Mozilla/5.0 (Linux; Android 6.0.1; Nexus 5X Build/MMB29P) AppleWebKit/537.36 (KHTML, like Gecko) Chrome/100.0.4896.127 Mobile Safari/537.36 (compatible; Googlebot/2.1; +http://www.google.com/bot.html)"},"insertId":"62753120000b92c90a1ccb8a","labels":{"instanceId":"0067430fbd7af03cb17d92900b5f3305989a61b2bd445dd81108ccfd0293c2aeb5c985f7ae593a5d75291bf8faf2b546eff48eec5f9779a88bd23cf4a59c0f70bf36"},"logName":"projects/muni-production-f8e72/logs/run.googleapis.com%2Frequests","receiveTimestamp":"2022-05-06T14:30:56.993136024Z","resource":{"labels":{"configuration_name":"muni-front","location":"asia-northeast1","project_id":"muni-production-f8e72","revision_name":"muni-front-jq7fz","service_name":"muni-front"},"type":"cloud_run_revision"},"severity":"INFO","timestamp":"2022-05-06T14:30:56.758473Z","trace":"projects/muni-production-f8e72/traces/70dabd07beb351e92bf04d325d27090c"}
{"httpRequest":{"latency":"0.006552997s","protocol":"HTTP/1.1","referer":"https://muni.ink/","remoteIp":"66.249.64.84","requestMethod":"GET","requestSize":"745","requestUrl":"https://muni.ink/_next/static/chunks/pages/article/%5Bid%5D-ba2e332a731b1526.js","responseSize":"2326","serverIp":"35.241.42.228","status":200,"userAgent":"Mozilla/5.0 (Linux; Android 6.0.1; Nexus 5X Build/MMB29P) AppleWebKit/537.36 (KHTML, like Gecko) Chrome/100.0.4896.127 Mobile Safari/537.36 (compatible; Googlebot/2.1; +http://www.google.com/bot.html)"},"insertId":"6275311f00099037c9040973","labels":{"instanceId":"0067430fbd7af03cb17d92900b5f3305989a61b2bd445dd81108ccfd0293c2aeb5c985f7ae593a5d75291bf8faf2b546eff48eec5f9779a88bd23cf4a59c0f70bf36"},"logName":"projects/muni-production-f8e72/logs/run.googleapis.com%2Frequests","receiveTimestamp":"2022-05-06T14:30:55.661127762Z","resource":{"labels":{"configuration_name":"muni-front","location":"asia-northeast1","project_id":"muni-production-f8e72","revision_name":"muni-front-jq7fz","service_name":"muni-front"},"type":"cloud_run_revision"},"severity":"INFO","timestamp":"2022-05-06T14:30:55.626743Z","trace":"projects/muni-production-f8e72/traces/fe403ae0ab36faa18a8a9a8f7d025a04"}
{"httpRequest":{"latency":"0.004495933s","protocol":"HTTP/1.1","referer":"https://muni.ink/","remoteIp":"66.249.64.84","requestMethod":"GET","requestSize":"726","requestUrl":"https://muni.ink/_next/static/chunks/538-535bfdc433424381.js","responseSize":"5334","serverIp":"35.241.42.228","status":200,"userAgent":"Mozilla/5.0 (Linux; Android 6.0.1; Nexus 5X Build/MMB29P) AppleWebKit/537.36 (KHTML, like Gecko) Chrome/100.0.4896.127 Mobile Safari/537.36 (compatible; Googlebot/2.1; +http://www.google.com/bot.html)"},"insertId":"6275311f00023ee6f1efc023","labels":{"instanceId":"0067430fbd7af03cb17d92900b5f3305989a61b2bd445dd81108ccfd0293c2aeb5c985f7ae593a5d75291bf8faf2b546eff48eec5f9779a88bd23cf4a59c0f70bf36"},"logName":"projects/muni-production-f8e72/logs/run.googleapis.com%2Frequests","receiveTimestamp":"2022-05-06T14:30:55.328143741Z","resource":{"labels":{"configuration_name":"muni-front","location":"asia-northeast1","project_id":"muni-production-f8e72","revision_name":"muni-front-jq7fz","service_name":"muni-front"},"type":"cloud_run_revision"},"severity":"INFO","timestamp":"2022-05-06T14:30:55.147174Z","trace":"projects/muni-production-f8e72/traces/a5b80184d939c258e16a15f45acc4085"}
{"httpRequest":{"latency":"0.003778765s","protocol":"HTTP/1.1","referer":"https://muni.ink/","remoteIp":"66.249.64.84","requestMethod":"GET","requestSize":"712","requestUrl":"https://muni.ink/_next/data/IVVvbvvWS4XaF0igaWv4S/article/articles001_what_is_metamask.json","responseSize":"2056","serverIp":"35.241.42.228","status":200,"userAgent":"Mozilla/5.0 (Linux; Android 6.0.1; Nexus 5X Build/MMB29P) AppleWebKit/537.36 (KHTML, like Gecko) Chrome/100.0.4896.127 Mobile Safari/537.36 (compatible; Googlebot/2.1; +http://www.google.com/bot.html)"},"insertId":"6275311e000a43731ba059cf","labels":{"instanceId":"0067430fbd7af03cb17d92900b5f3305989a61b2bd445dd81108ccfd0293c2aeb5c985f7ae593a5d75291bf8faf2b546eff48eec5f9779a88bd23cf4a59c0f70bf36"},"logName":"projects/muni-production-f8e72/logs/run.googleapis.com%2Frequests","receiveTimestamp":"2022-05-06T14:30:54.994637638Z","resource":{"labels":{"configuration_name":"muni-front","location":"asia-northeast1","project_id":"muni-production-f8e72","revision_name":"muni-front-jq7fz","service_name":"muni-front"},"type":"cloud_run_revision"},"severity":"INFO","timestamp":"2022-05-06T14:30:54.672627Z","trace":"projects/muni-production-f8e72/traces/44b69396579fef0877225f50bb331df6"}
{"httpRequest":{"latency":"0.003821621s","protocol":"HTTP/1.1","referer":"https://muni.ink/","remoteIp":"66.249.64.84","requestMethod":"GET","requestSize":"732","requestUrl":"https://muni.ink/_next/static/chunks/a9a7754c-7284bf2d89f5983d.js","responseSize":"2063","serverIp":"35.241.42.228","status":200,"userAgent":"Mozilla/5.0 (Linux; Android 6.0.1; Nexus 5X Build/MMB29P) AppleWebKit/537.36 (KHTML, like Gecko) Chrome/100.0.4896.127 Mobile Safari/537.36 (compatible; Googlebot/2.1; +http://www.google.com/bot.html)"},"insertId":"6275311e0003c852107d290f","labels":{"instanceId":"0067430fbd7af03cb17d92900b5f3305989a61b2bd445dd81108ccfd0293c2aeb5c985f7ae593a5d75291bf8faf2b546eff48eec5f9779a88bd23cf4a59c0f70bf36"},"logName":"projects/muni-production-f8e72/logs/run.googleapis.com%2Frequests","receiveTimestamp":"2022-05-06T14:30:54.329090714Z","resource":{"labels":{"configuration_name":"muni-front","location":"asia-northeast1","project_id":"muni-production-f8e72","revision_name":"muni-front-jq7fz","service_name":"muni-front"},"type":"cloud_run_revision"},"severity":"INFO","timestamp":"2022-05-06T14:30:54.247890Z","trace":"projects/muni-production-f8e72/traces/859b897e1c649a91fc5f5edbcf369fc4"}
{"httpRequest":{"latency":"0.259016146s","protocol":"HTTP/1.1","referer":"https://muni.ink/","remoteIp":"66.249.64.222","requestMethod":"POST","requestSize":"654","requestUrl":"https://api.muni.ink/recent","responseSize":"12342","serverIp":"35.241.42.228","status":200,"userAgent":"Mozilla/5.0 (Linux; Android 6.0.1; Nexus 5X Build/MMB29P) AppleWebKit/537.36 (KHTML, like Gecko) Chrome/100.0.4896.127 Mobile Safari/537.36 (compatible; Googlebot/2.1; +http://www.google.com/bot.html)"},"insertId":"6275311d000c979e95facb7c","labels":{"instanceId":"0067430fbdf8497301732486903449ce1ad928680c0f0325f15430c7bed22be2f601789463027844e3f1a908a21bd50a24d6eb57beb97b1070da88a46d5bf9dc8679"},"logName":"projects/muni-production-f8e72/logs/run.googleapis.com%2Frequests","receiveTimestamp":"2022-05-06T14:30:53.838318211Z","resource":{"labels":{"configuration_name":"muni-back","location":"asia-northeast1","project_id":"muni-production-f8e72","revision_name":"muni-back-hpgtt","service_name":"muni-back"},"type":"cloud_run_revision"},"severity":"INFO","timestamp":"2022-05-06T14:30:53.825246Z","trace":"projects/muni-production-f8e72/traces/06b57f559dbcf772fc6b53b33aac3294"}
{"insertId":"6275311d000c90547214b661","jsonPayload":{"ident":"FETCH_SUCCESS","level":"INFO","message":"Success to fetch.","method":"RecentPostAPI","timestamp":"2022-5-6 14:30:53"},"labels":{"instanceId":"0067430fbdf8497301732486903449ce1ad928680c0f0325f15430c7bed22be2f601789463027844e3f1a908a21bd50a24d6eb57beb97b1070da88a46d5bf9dc8679"},"logName":"projects/muni-production-f8e72/logs/run.googleapis.com%2Fstdout","receiveTimestamp":"2022-05-06T14:30:53.903396943Z","resource":{"labels":{"configuration_name":"muni-back","location":"asia-northeast1","project_id":"muni-production-f8e72","revision_name":"muni-back-hpgtt","service_name":"muni-back"},"type":"cloud_run_revision"},"timestamp":"2022-05-06T14:30:53.823380Z"}
{"insertId":"6275311d0008aa4320ae96cc","jsonPayload":{"ident":"RECIEVE","level":"INFO","message":"Recieve the recent posted works request.","method":"RecentPostAPI","timestamp":"2022-5-6 14:30:53"},"labels":{"instanceId":"0067430fbdf8497301732486903449ce1ad928680c0f0325f15430c7bed22be2f601789463027844e3f1a908a21bd50a24d6eb57beb97b1070da88a46d5bf9dc8679"},"logName":"projects/muni-production-f8e72/logs/run.googleapis.com%2Fstdout","receiveTimestamp":"2022-05-06T14:30:53.573001400Z","resource":{"labels":{"configuration_name":"muni-back","location":"asia-northeast1","project_id":"muni-production-f8e72","revision_name":"muni-back-hpgtt","service_name":"muni-back"},"type":"cloud_run_revision"},"timestamp":"2022-05-06T14:30:53.567875Z"}
{"httpRequest":{"latency":"0.002741422s","protocol":"HTTP/1.1","referer":"https://muni.ink/","remoteIp":"66.249.64.220","requestMethod":"OPTIONS","requestSize":"674","requestUrl":"https://api.muni.ink/recent","responseSize":"853","serverIp":"35.241.42.228","status":204,"userAgent":"Mozilla/5.0 (Linux; Android 6.0.1; Nexus 5X Build/MMB29P) AppleWebKit/537.36 (KHTML, like Gecko) Chrome/100.0.4896.127 Mobile Safari/537.36 (compatible; Googlebot/2.1; +http://www.google.com/bot.html)"},"insertId":"6275311d000293d927df8d77","labels":{"instanceId":"0067430fbdf8497301732486903449ce1ad928680c0f0325f15430c7bed22be2f601789463027844e3f1a908a21bd50a24d6eb57beb97b1070da88a46d5bf9dc8679"},"logName":"projects/muni-production-f8e72/logs/run.googleapis.com%2Frequests","receiveTimestamp":"2022-05-06T14:30:53.173108702Z","resource":{"labels":{"configuration_name":"muni-back","location":"asia-northeast1","project_id":"muni-production-f8e72","revision_name":"muni-back-hpgtt","service_name":"muni-back"},"type":"cloud_run_revision"},"severity":"INFO","timestamp":"2022-05-06T14:30:53.168921Z","trace":"projects/muni-production-f8e72/traces/9543f56ab30d9ac1c070a160f52d7470"}
{"httpRequest":{"latency":"0.004669902s","protocol":"HTTP/1.1","remoteIp":"66.249.64.84","requestMethod":"GET","requestSize":"627","requestUrl":"https://muni.ink/","responseSize":"6077","serverIp":"35.241.42.228","status":200,"userAgent":"Mozilla/5.0 (Linux; Android 6.0.1; Nexus 5X Build/MMB29P) AppleWebKit/537.36 (KHTML, like Gecko) Chrome/100.0.4896.127 Mobile Safari/537.36 (compatible; Googlebot/2.1; +http://www.google.com/bot.html)"},"insertId":"6275311a000f32f949576cde","labels":{"instanceId":"0067430fbd7af03cb17d92900b5f3305989a61b2bd445dd81108ccfd0293c2aeb5c985f7ae593a5d75291bf8faf2b546eff48eec5f9779a88bd23cf4a59c0f70bf36"},"logName":"projects/muni-production-f8e72/logs/run.googleapis.com%2Frequests","receiveTimestamp":"2022-05-06T14:30:51.000449640Z","resource":{"labels":{"configuration_name":"muni-front","location":"asia-northeast1","project_id":"muni-production-f8e72","revision_name":"muni-front-jq7fz","service_name":"muni-front"},"type":"cloud_run_revision"},"severity":"INFO","timestamp":"2022-05-06T14:30:50.996089Z","trace":"projects/muni-production-f8e72/traces/6a3316775efea286d92b448737cf54db"}
{"httpRequest":{"latency":"0.003768974s","protocol":"HTTP/1.1","remoteIp":"167.94.138.119","requestMethod":"GET","requestSize":"482","requestUrl":"https://228.42.241.35.bc.googleusercontent.com/","responseSize":"6077","serverIp":"35.241.42.228","status":200,"userAgent":"Mozilla/5.0 (compatible; CensysInspect/1.1; +https://about.censys.io/)"},"insertId":"62752d950008eea1df931ead","labels":{"instanceId":"0067430fbd7af03cb17d92900b5f3305989a61b2bd445dd81108ccfd0293c2aeb5c985f7ae593a5d75291bf8faf2b546eff48eec5f9779a88bd23cf4a59c0f70bf36"},"logName":"projects/muni-production-f8e72/logs/run.googleapis.com%2Frequests","receiveTimestamp":"2022-05-06T14:15:49.889897205Z","resource":{"labels":{"configuration_name":"muni-front","location":"asia-northeast1","project_id":"muni-production-f8e72","revision_name":"muni-front-jq7fz","service_name":"muni-front"},"type":"cloud_run_revision"},"severity":"INFO","timestamp":"2022-05-06T14:15:49.585377Z","trace":"projects/muni-production-f8e72/traces/ffafa0f2019d14344d81208e408790eb"}
{"httpRequest":{"latency":"0.004682309s","protocol":"HTTP/1.1","remoteIp":"167.94.138.119","requestMethod":"GET","requestSize":"483","requestUrl":"https://228.42.241.35.bc.googleusercontent.com/","responseSize":"6077","serverIp":"35.241.42.228","status":200,"userAgent":"Mozilla/5.0 (compatible; CensysInspect/1.1; +https://about.censys.io/)"},"insertId":"62752d950008dd5a73cc9efd","labels":{"instanceId":"0067430fbd7af03cb17d92900b5f3305989a61b2bd445dd81108ccfd0293c2aeb5c985f7ae593a5d75291bf8faf2b546eff48eec5f9779a88bd23cf4a59c0f70bf36"},"logName":"projects/muni-production-f8e72/logs/run.googleapis.com%2Frequests","receiveTimestamp":"2022-05-06T14:15:49.889897205Z","resource":{"labels":{"configuration_name":"muni-front","location":"asia-northeast1","project_id":"muni-production-f8e72","revision_name":"muni-front-jq7fz","service_name":"muni-front"},"type":"cloud_run_revision"},"severity":"INFO","timestamp":"2022-05-06T14:15:49.580954Z","trace":"projects/muni-production-f8e72/traces/13926c38c4660a99975ca73e58cd42ee"}
{"httpRequest":{"latency":"0.003352085s","protocol":"HTTP/1.1","remoteIp":"167.94.138.119","requestMethod":"GET","requestSize":"335","requestUrl":"https://35.241.42.228/","responseSize":"35263","serverIp":"35.241.42.228","status":200},"insertId":"62752d9500086ed282299a6f","labels":{"instanceId":"0067430fbd7af03cb17d92900b5f3305989a61b2bd445dd81108ccfd0293c2aeb5c985f7ae593a5d75291bf8faf2b546eff48eec5f9779a88bd23cf4a59c0f70bf36"},"logName":"projects/muni-production-f8e72/logs/run.googleapis.com%2Frequests","receiveTimestamp":"2022-05-06T14:15:49.555886939Z","resource":{"labels":{"configuration_name":"muni-front","location":"asia-northeast1","project_id":"muni-production-f8e72","revision_name":"muni-front-jq7fz","service_name":"muni-front"},"type":"cloud_run_revision"},"severity":"INFO","timestamp":"2022-05-06T14:15:49.552658Z","trace":"projects/muni-production-f8e72/traces/9fb50ec2fddb63b4fb9399b9e765a5c5"}
{"httpRequest":{"latency":"0.003852382s","protocol":"HTTP/1.1","referer":"https://muni.ink/user/sabayaki","remoteIp":"66.249.64.84","requestMethod":"GET","requestSize":"749","requestUrl":"https://muni.ink/_next/static/chunks/pages/signup-7e9bea30669149d6.js","responseSize":"2511","serverIp":"35.241.42.228","status":200,"userAgent":"Mozilla/5.0 (Linux; Android 6.0.1; Nexus 5X Build/MMB29P) AppleWebKit/537.36 (KHTML, like Gecko) Chrome/100.0.4896.127 Mobile Safari/537.36 (compatible; Googlebot/2.1; +http://www.google.com/bot.html)"},"insertId":"62752c73000e1bdd1b127996","labels":{"instanceId":"0067430fbd7af03cb17d92900b5f3305989a61b2bd445dd81108ccfd0293c2aeb5c985f7ae593a5d75291bf8faf2b546eff48eec5f9779a88bd23cf4a59c0f70bf36"},"logName":"projects/muni-production-f8e72/logs/run.googleapis.com%2Frequests","receiveTimestamp":"2022-05-06T14:11:00.096868175Z","resource":{"labels":{"configuration_name":"muni-front","location":"asia-northeast1","project_id":"muni-production-f8e72","revision_name":"muni-front-jq7fz","service_name":"muni-front"},"type":"cloud_run_revision"},"severity":"INFO","timestamp":"2022-05-06T14:10:59.924637Z","trace":"projects/muni-production-f8e72/traces/bbd9c066394311da6d423d4fbbaac88c"}
{"httpRequest":{"latency":"0.004214936s","protocol":"HTTP/1.1","referer":"https://muni.ink/user/sabayaki","remoteIp":"66.249.64.84","requestMethod":"GET","requestSize":"749","requestUrl":"https://muni.ink/_next/static/chunks/pages/signin-f2391a0824390239.js","responseSize":"2160","serverIp":"35.241.42.228","status":200,"userAgent":"Mozilla/5.0 (Linux; Android 6.0.1; Nexus 5X Build/MMB29P) AppleWebKit/537.36 (KHTML, like Gecko) Chrome/100.0.4896.127 Mobile Safari/537.36 (compatible; Googlebot/2.1; +http://www.google.com/bot.html)"},"insertId":"62752c730006da8776d9dddc","labels":{"instanceId":"0067430fbd7af03cb17d92900b5f3305989a61b2bd445dd81108ccfd0293c2aeb5c985f7ae593a5d75291bf8faf2b546eff48eec5f9779a88bd23cf4a59c0f70bf36"},"logName":"projects/muni-production-f8e72/logs/run.googleapis.com%2Frequests","receiveTimestamp":"2022-05-06T14:10:59.762220175Z","resource":{"labels":{"configuration_name":"muni-front","location":"asia-northeast1","project_id":"muni-production-f8e72","revision_name":"muni-front-jq7fz","service_name":"muni-front"},"type":"cloud_run_revision"},"severity":"INFO","timestamp":"2022-05-06T14:10:59.449159Z","trace":"projects/muni-production-f8e72/traces/d996ee62d6bc5db31a444f758b1143a3"}
{"httpRequest":{"latency":"0.003913032s","protocol":"HTTP/1.1","referer":"https://muni.ink/user/sabayaki","remoteIp":"66.249.64.84","requestMethod":"GET","requestSize":"748","requestUrl":"https://muni.ink/_next/static/chunks/pages/terms-f9f82daa1816b7c0.js","responseSize":"2708","serverIp":"35.241.42.228","status":200,"userAgent":"Mozilla/5.0 (Linux; Android 6.0.1; Nexus 5X Build/MMB29P) AppleWebKit/537.36 (KHTML, like Gecko) Chrome/100.0.4896.127 Mobile Safari/537.36 (compatible; Googlebot/2.1; +http://www.google.com/bot.html)"},"insertId":"62752c720007ac0c10cd4d03","labels":{"instanceId":"0067430fbd7af03cb17d92900b5f3305989a61b2bd445dd81108ccfd0293c2aeb5c985f7ae593a5d75291bf8faf2b546eff48eec5f9779a88bd23cf4a59c0f70bf36"},"logName":"projects/muni-production-f8e72/logs/run.googleapis.com%2Frequests","receiveTimestamp":"2022-05-06T14:10:58.763603105Z","resource":{"labels":{"configuration_name":"muni-front","location":"asia-northeast1","project_id":"muni-production-f8e72","revision_name":"muni-front-jq7fz","service_name":"muni-front"},"type":"cloud_run_revision"},"severity":"INFO","timestamp":"2022-05-06T14:10:58.502796Z","trace":"projects/muni-production-f8e72/traces/21fb5538b54cd410e1b04cf506fa0df7"}
{"httpRequest":{"latency":"0.009886739s","protocol":"HTTP/1.1","referer":"https://muni.ink/user/sabayaki","remoteIp":"66.249.64.84","requestMethod":"GET","requestSize":"740","requestUrl":"https://muni.ink/_next/static/chunks/527-a55f040697cf18f0.js","responseSize":"4650","serverIp":"35.241.42.228","status":200,"userAgent":"Mozilla/5.0 (Linux; Android 6.0.1; Nexus 5X Build/MMB29P) AppleWebKit/537.36 (KHTML, like Gecko) Chrome/100.0.4896.127 Mobile Safari/537.36 (compatible; Googlebot/2.1; +http://www.google.com/bot.html)"},"insertId":"62752c720001717cf389bd38","labels":{"instanceId":"0067430fbd7af03cb17d92900b5f3305989a61b2bd445dd81108ccfd0293c2aeb5c985f7ae593a5d75291bf8faf2b546eff48eec5f9779a88bd23cf4a59c0f70bf36"},"logName":"projects/muni-production-f8e72/logs/run.googleapis.com%2Frequests","receiveTimestamp":"2022-05-06T14:10:58.097574112Z","resource":{"labels":{"configuration_name":"muni-front","location":"asia-northeast1","project_id":"muni-production-f8e72","revision_name":"muni-front-jq7fz","service_name":"muni-front"},"type":"cloud_run_revision"},"severity":"INFO","timestamp":"2022-05-06T14:10:58.094588Z","trace":"projects/muni-production-f8e72/traces/56f885b8b16b0b0a2c2f5833b9e57b98"}
{"httpRequest":{"latency":"0.197006203s","protocol":"HTTP/1.1","referer":"https://muni.ink/","remoteIp":"66.249.64.222","requestMethod":"POST","requestSize":"664","requestUrl":"https://api.muni.ink/user","responseSize":"975","serverIp":"35.241.42.228","status":200,"userAgent":"Mozilla/5.0 (Linux; Android 6.0.1; Nexus 5X Build/MMB29P) AppleWebKit/537.36 (KHTML, like Gecko) Chrome/100.0.4896.127 Mobile Safari/537.36 (compatible; Googlebot/2.1; +http://www.google.com/bot.html)"},"insertId":"62752c71000bd73cd19fe2cd","labels":{"instanceId":"0067430fbdf8497301732486903449ce1ad928680c0f0325f15430c7bed22be2f601789463027844e3f1a908a21bd50a24d6eb57beb97b1070da88a46d5bf9dc8679"},"logName":"projects/muni-production-f8e72/logs/run.googleapis.com%2Frequests","receiveTimestamp":"2022-05-06T14:10:58.011786482Z","resource":{"labels":{"configuration_name":"muni-back","location":"asia-northeast1","project_id":"muni-production-f8e72","revision_name":"muni-back-hpgtt","service_name":"muni-back"},"type":"cloud_run_revision"},"severity":"INFO","timestamp":"2022-05-06T14:10:57.775996Z","trace":"projects/muni-production-f8e72/traces/07308317f85900edf9218057682fefe4"}
{"insertId":"62752c71000bd1cd8e41ddfc","jsonPayload":{"accountId":"sabayaki","ident":"SUCCESS_TO_FIND","level":"INFO","message":"User found.","method":"UserAPI","timestamp":"2022-5-6 14:10:57"},"labels":{"instanceId":"0067430fbdf8497301732486903449ce1ad928680c0f0325f15430c7bed22be2f601789463027844e3f1a908a21bd50a24d6eb57beb97b1070da88a46d5bf9dc8679"},"logName":"projects/muni-production-f8e72/logs/run.googleapis.com%2Fstdout","receiveTimestamp":"2022-05-06T14:10:57.918022440Z","resource":{"labels":{"configuration_name":"muni-back","location":"asia-northeast1","project_id":"muni-production-f8e72","revision_name":"muni-back-hpgtt","service_name":"muni-back"},"type":"cloud_run_revision"},"timestamp":"2022-05-06T14:10:57.774605Z"}
{"insertId":"62752c71000bd1b8fd651d1c","jsonPayload":{"ident":"FETCH_USER","level":"INFO","message":"Complete fetching user data.","method":"UserAPI","timestamp":"2022-5-6 14:10:57"},"labels":{"instanceId":"0067430fbdf8497301732486903449ce1ad928680c0f0325f15430c7bed22be2f601789463027844e3f1a908a21bd50a24d6eb57beb97b1070da88a46d5bf9dc8679"},"logName":"projects/muni-production-f8e72/logs/run.googleapis.com%2Fstdout","receiveTimestamp":"2022-05-06T14:10:57.918022440Z","resource":{"labels":{"configuration_name":"muni-back","location":"asia-northeast1","project_id":"muni-production-f8e72","revision_name":"muni-back-hpgtt","service_name":"muni-back"},"type":"cloud_run_revision"},"timestamp":"2022-05-06T14:10:57.774584Z"}
{"insertId":"62752c71000a9b8296bd3d73","jsonPayload":{"accountId":"sabayaki","ident":"FILTERING_WORKS","level":"INFO","message":"Search works link to the user.","method":"UserAPI","timestamp":"2022-5-6 14:10:57"},"labels":{"instanceId":"0067430fbdf8497301732486903449ce1ad928680c0f0325f15430c7bed22be2f601789463027844e3f1a908a21bd50a24d6eb57beb97b1070da88a46d5bf9dc8679"},"logName":"projects/muni-production-f8e72/logs/run.googleapis.com%2Fstdout","receiveTimestamp":"2022-05-06T14:10:57.918022440Z","resource":{"labels":{"configuration_name":"muni-back","location":"asia-northeast1","project_id":"muni-production-f8e72","revision_name":"muni-back-hpgtt","service_name":"muni-back"},"type":"cloud_run_revision"},"timestamp":"2022-05-06T14:10:57.695170Z"}
{"insertId":"62752c710008e336b0643ca7","jsonPayload":{"ident":"RECIEVE","level":"INFO","message":"Recieve the work post request.","method":"UserAPI","timestamp":"2022-5-6 14:10:57"},"labels":{"instanceId":"0067430fbdf8497301732486903449ce1ad928680c0f0325f15430c7bed22be2f601789463027844e3f1a908a21bd50a24d6eb57beb97b1070da88a46d5bf9dc8679"},"logName":"projects/muni-production-f8e72/logs/run.googleapis.com%2Fstdout","receiveTimestamp":"2022-05-06T14:10:57.584868951Z","resource":{"labels":{"configuration_name":"muni-back","location":"asia-northeast1","project_id":"muni-production-f8e72","revision_name":"muni-back-hpgtt","service_name":"muni-back"},"type":"cloud_run_revision"},"timestamp":"2022-05-06T14:10:57.582454Z"}
{"httpRequest":{"latency":"0.002779632s","protocol":"HTTP/1.1","referer":"https://muni.ink/","remoteIp":"66.249.64.220","requestMethod":"OPTIONS","requestSize":"673","requestUrl":"https://api.muni.ink/user","responseSize":"853","serverIp":"35.241.42.228","status":204,"userAgent":"Mozilla/5.0 (Linux; Android 6.0.1; Nexus 5X Build/MMB29P) AppleWebKit/537.36 (KHTML, like Gecko) Chrome/100.0.4896.127 Mobile Safari/537.36 (compatible; Googlebot/2.1; +http://www.google.com/bot.html)"},"insertId":"62752c7000052609fa65f4dd","labels":{"instanceId":"0067430fbdf8497301732486903449ce1ad928680c0f0325f15430c7bed22be2f601789463027844e3f1a908a21bd50a24d6eb57beb97b1070da88a46d5bf9dc8679"},"logName":"projects/muni-production-f8e72/logs/run.googleapis.com%2Frequests","receiveTimestamp":"2022-05-06T14:10:56.340621209Z","resource":{"labels":{"configuration_name":"muni-back","location":"asia-northeast1","project_id":"muni-production-f8e72","revision_name":"muni-back-hpgtt","service_name":"muni-back"},"type":"cloud_run_revision"},"severity":"INFO","timestamp":"2022-05-06T14:10:56.337417Z","trace":"projects/muni-production-f8e72/traces/e9144efb530ed5efa47b16c1f44f6161"}
{"httpRequest":{"latency":"0.004731303s","protocol":"HTTP/1.1","referer":"https://35.241.42.228:443/solr/","remoteIp":"23.251.102.74","requestMethod":"GET","requestSize":"531","requestUrl":"https://35.241.42.228/solr","responseSize":"1950","serverIp":"35.241.42.228","status":404,"userAgent":"Mozilla/5.0 (Windows NT 10.0; Win64; x64) AppleWebKit/537.36 (KHTML, like Gecko) Chrome/60.0.3112.113 Safari/537.36"},"insertId":"62752af900059b377a3d2a7c","labels":{"instanceId":"0067430fbd7af03cb17d92900b5f3305989a61b2bd445dd81108ccfd0293c2aeb5c985f7ae593a5d75291bf8faf2b546eff48eec5f9779a88bd23cf4a59c0f70bf36"},"logName":"projects/muni-production-f8e72/logs/run.googleapis.com%2Frequests","receiveTimestamp":"2022-05-06T14:04:41.563067085Z","resource":{"labels":{"configuration_name":"muni-front","location":"asia-northeast1","project_id":"muni-production-f8e72","revision_name":"muni-front-jq7fz","service_name":"muni-front"},"type":"cloud_run_revision"},"severity":"WARNING","timestamp":"2022-05-06T14:04:41.367415Z","trace":"projects/muni-production-f8e72/traces/d1cccc3ed9ef8edf21c9cdc18f82e3ae"}
{"httpRequest":{"latency":"0.003218839s","protocol":"HTTP/1.1","referer":"http://35.241.42.228/solr/#/","remoteIp":"23.251.102.74","requestMethod":"GET","requestSize":"530","requestUrl":"https://35.241.42.228/solr/","responseSize":"663","serverIp":"35.241.42.228","status":308,"userAgent":"Mozilla/5.0 (Windows NT 10.0; Win64; x64) AppleWebKit/537.36 (KHTML, like Gecko) Chrome/60.0.3112.113 Safari/537.36"},"insertId":"62752af90003773ff1c30596","labels":{"instanceId":"0067430fbd7af03cb17d92900b5f3305989a61b2bd445dd81108ccfd0293c2aeb5c985f7ae593a5d75291bf8faf2b546eff48eec5f9779a88bd23cf4a59c0f70bf36"},"logName":"projects/muni-production-f8e72/logs/run.googleapis.com%2Frequests","receiveTimestamp":"2022-05-06T14:04:41.231346429Z","resource":{"labels":{"configuration_name":"muni-front","location":"asia-northeast1","project_id":"muni-production-f8e72","revision_name":"muni-front-jq7fz","service_name":"muni-front"},"type":"cloud_run_revision"},"severity":"INFO","timestamp":"2022-05-06T14:04:41.227135Z","trace":"projects/muni-production-f8e72/traces/51df9705b9c76bbc9c9b1be8abbec517"}
{"httpRequest":{"latency":"0.003735308s","protocol":"HTTP/1.1","referer":"https://muni.ink/painting/DYDDQS5dqkVnzxOihY2a","remoteIp":"66.249.64.86","requestMethod":"GET","requestSize":"651","requestUrl":"https://muni.ink/_next/static/css/64a820a89e70212f.css","responseSize":"1514","serverIp":"35.241.42.228","status":200,"userAgent":"Mozilla/5.0 AppleWebKit/537.36 (KHTML, like Gecko; compatible; Googlebot/2.1; +http://www.google.com/bot.html) Chrome/100.0.4896.127 Safari/537.36"},"insertId":"6275259c0003d1489a93dfdc","labels":{"instanceId":"0067430fbd7af03cb17d92900b5f3305989a61b2bd445dd81108ccfd0293c2aeb5c985f7ae593a5d75291bf8faf2b546eff48eec5f9779a88bd23cf4a59c0f70bf36"},"logName":"projects/muni-production-f8e72/logs/run.googleapis.com%2Frequests","receiveTimestamp":"2022-05-06T13:41:48.458263303Z","resource":{"labels":{"configuration_name":"muni-front","location":"asia-northeast1","project_id":"muni-production-f8e72","revision_name":"muni-front-jq7fz","service_name":"muni-front"},"type":"cloud_run_revision"},"severity":"INFO","timestamp":"2022-05-06T13:41:48.250184Z","trace":"projects/muni-production-f8e72/traces/cddfc627d18a557bfc30bb1bff212165"}
{"httpRequest":{"latency":"0.003513774s","protocol":"HTTP/1.1","referer":"https://muni.ink/painting/DYDDQS5dqkVnzxOihY2a","remoteIp":"66.249.64.86","requestMethod":"GET","requestSize":"651","requestUrl":"https://muni.ink/_next/static/css/57e2d6d4dd596d1c.css","responseSize":"1701","serverIp":"35.241.42.228","status":200,"userAgent":"Mozilla/5.0 AppleWebKit/537.36 (KHTML, like Gecko; compatible; Googlebot/2.1; +http://www.google.com/bot.html) Chrome/100.0.4896.127 Safari/537.36"},"insertId":"6275259b000c080714079566","labels":{"instanceId":"0067430fbd7af03cb17d92900b5f3305989a61b2bd445dd81108ccfd0293c2aeb5c985f7ae593a5d75291bf8faf2b546eff48eec5f9779a88bd23cf4a59c0f70bf36"},"logName":"projects/muni-production-f8e72/logs/run.googleapis.com%2Frequests","receiveTimestamp":"2022-05-06T13:41:47.792780842Z","resource":{"labels":{"configuration_name":"muni-front","location":"asia-northeast1","project_id":"muni-production-f8e72","revision_name":"muni-front-jq7fz","service_name":"muni-front"},"type":"cloud_run_revision"},"severity":"INFO","timestamp":"2022-05-06T13:41:47.788487Z","trace":"projects/muni-production-f8e72/traces/a927fe25d5e07533b0512d32a196e5ef"}
{"httpRequest":{"latency":"0.141069779s","protocol":"HTTP/1.1","referer":"https://muni.ink/","remoteIp":"121.85.177.153","requestMethod":"POST","requestSize":"652","requestUrl":"https://api.muni.ink/recent","responseSize":"12342","serverIp":"35.241.42.228","status":200,"userAgent":"Mozilla/5.0 (iPhone; CPU iPhone OS 15_4_1 like Mac OS X) AppleWebKit/605.1.15 (KHTML, like Gecko) Version/15.4 Mobile/15E148 Safari/604.1"},"insertId":"6275251e0007c118d198329f","labels":{"instanceId":"0067430fbdf8497301732486903449ce1ad928680c0f0325f15430c7bed22be2f601789463027844e3f1a908a21bd50a24d6eb57beb97b1070da88a46d5bf9dc8679"},"logName":"projects/muni-production-f8e72/logs/run.googleapis.com%2Frequests","receiveTimestamp":"2022-05-06T13:39:42.633419562Z","resource":{"labels":{"configuration_name":"muni-back","location":"asia-northeast1","project_id":"muni-production-f8e72","revision_name":"muni-back-hpgtt","service_name":"muni-back"},"type":"cloud_run_revision"},"severity":"INFO","timestamp":"2022-05-06T13:39:42.508184Z","trace":"projects/muni-production-f8e72/traces/af963dee14c9fca2d271be904c1921e3"}
{"insertId":"6275251e0007baee4b015015","jsonPayload":{"ident":"FETCH_SUCCESS","level":"INFO","message":"Success to fetch.","method":"RecentPostAPI","timestamp":"2022-5-6 13:39:42"},"labels":{"instanceId":"0067430fbdf8497301732486903449ce1ad928680c0f0325f15430c7bed22be2f601789463027844e3f1a908a21bd50a24d6eb57beb97b1070da88a46d5bf9dc8679"},"logName":"projects/muni-production-f8e72/logs/run.googleapis.com%2Fstdout","receiveTimestamp":"2022-05-06T13:39:42.657952851Z","resource":{"labels":{"configuration_name":"muni-back","location":"asia-northeast1","project_id":"muni-production-f8e72","revision_name":"muni-back-hpgtt","service_name":"muni-back"},"type":"cloud_run_revision"},"timestamp":"2022-05-06T13:39:42.506606Z"}
{"insertId":"6275251e0005a06b0be49385","jsonPayload":{"ident":"RECIEVE","level":"INFO","message":"Recieve the recent posted works request.","method":"RecentPostAPI","timestamp":"2022-5-6 13:39:42"},"labels":{"instanceId":"0067430fbdf8497301732486903449ce1ad928680c0f0325f15430c7bed22be2f601789463027844e3f1a908a21bd50a24d6eb57beb97b1070da88a46d5bf9dc8679"},"logName":"projects/muni-production-f8e72/logs/run.googleapis.com%2Fstdout","receiveTimestamp":"2022-05-06T13:39:42.657952851Z","resource":{"labels":{"configuration_name":"muni-back","location":"asia-northeast1","project_id":"muni-production-f8e72","revision_name":"muni-back-hpgtt","service_name":"muni-back"},"type":"cloud_run_revision"},"timestamp":"2022-05-06T13:39:42.368747Z"}
{"httpRequest":{"latency":"0.292233769s","protocol":"HTTP/1.1","referer":"https://muni.ink/","remoteIp":"121.85.177.153","requestMethod":"POST","requestSize":"653","requestUrl":"https://api.muni.ink/recent","responseSize":"12342","serverIp":"35.241.42.228","status":200,"userAgent":"Mozilla/5.0 (iPhone; CPU iPhone OS 15_4_1 like Mac OS X) AppleWebKit/605.1.15 (KHTML, like Gecko) Version/15.4 Mobile/15E148 Safari/604.1"},"insertId":"6275251c00044bd0f39dda8f","labels":{"instanceId":"0067430fbdf8497301732486903449ce1ad928680c0f0325f15430c7bed22be2f601789463027844e3f1a908a21bd50a24d6eb57beb97b1070da88a46d5bf9dc8679"},"logName":"projects/muni-production-f8e72/logs/run.googleapis.com%2Frequests","receiveTimestamp":"2022-05-06T13:39:40.304116178Z","resource":{"labels":{"configuration_name":"muni-back","location":"asia-northeast1","project_id":"muni-production-f8e72","revision_name":"muni-back-hpgtt","service_name":"muni-back"},"type":"cloud_run_revision"},"severity":"INFO","timestamp":"2022-05-06T13:39:40.281552Z","trace":"projects/muni-production-f8e72/traces/8455cc3462545f9e4e3f35be0fceb472"}
{"insertId":"6275251c00044111fe119ef6","jsonPayload":{"ident":"FETCH_SUCCESS","level":"INFO","message":"Success to fetch.","method":"RecentPostAPI","timestamp":"2022-5-6 13:39:40"},"labels":{"instanceId":"0067430fbdf8497301732486903449ce1ad928680c0f0325f15430c7bed22be2f601789463027844e3f1a908a21bd50a24d6eb57beb97b1070da88a46d5bf9dc8679"},"logName":"projects/muni-production-f8e72/logs/run.googleapis.com%2Fstdout","receiveTimestamp":"2022-05-06T13:39:40.327485955Z","resource":{"labels":{"configuration_name":"muni-back","location":"asia-northeast1","project_id":"muni-production-f8e72","revision_name":"muni-back-hpgtt","service_name":"muni-back"},"type":"cloud_run_revision"},"timestamp":"2022-05-06T13:39:40.278801Z"}
{"insertId":"6275251b000f1ee5dbf0516a","jsonPayload":{"ident":"RECIEVE","level":"INFO","message":"Recieve the recent posted works request.","method":"RecentPostAPI","timestamp":"2022-5-6 13:39:39"},"labels":{"instanceId":"0067430fbdf8497301732486903449ce1ad928680c0f0325f15430c7bed22be2f601789463027844e3f1a908a21bd50a24d6eb57beb97b1070da88a46d5bf9dc8679"},"logName":"projects/muni-production-f8e72/logs/run.googleapis.com%2Fstdout","receiveTimestamp":"2022-05-06T13:39:39.992127763Z","resource":{"labels":{"configuration_name":"muni-back","location":"asia-northeast1","project_id":"muni-production-f8e72","revision_name":"muni-back-hpgtt","service_name":"muni-back"},"type":"cloud_run_revision"},"timestamp":"2022-05-06T13:39:39.990949Z"}
{"httpRequest":{"latency":"0.002740193s","protocol":"HTTP/1.1","referer":"https://muni.ink/","remoteIp":"121.85.177.153","requestMethod":"OPTIONS","requestSize":"693","requestUrl":"https://api.muni.ink/recent","responseSize":"853","serverIp":"35.241.42.228","status":204,"userAgent":"Mozilla/5.0 (iPhone; CPU iPhone OS 15_4_1 like Mac OS X) AppleWebKit/605.1.15 (KHTML, like Gecko) Version/15.4 Mobile/15E148 Safari/604.1"},"insertId":"6275251b000ec600c44a562e","labels":{"instanceId":"0067430fbdf8497301732486903449ce1ad928680c0f0325f15430c7bed22be2f601789463027844e3f1a908a21bd50a24d6eb57beb97b1070da88a46d5bf9dc8679"},"logName":"projects/muni-production-f8e72/logs/run.googleapis.com%2Frequests","receiveTimestamp":"2022-05-06T13:39:39.972446507Z","resource":{"labels":{"configuration_name":"muni-back","location":"asia-northeast1","project_id":"muni-production-f8e72","revision_name":"muni-back-hpgtt","service_name":"muni-back"},"type":"cloud_run_revision"},"severity":"INFO","timestamp":"2022-05-06T13:39:39.968192Z","trace":"projects/muni-production-f8e72/traces/b0a59737be499430e6a8d2ce46d5ca13"}
{"httpRequest":{"latency":"0.347235364s","protocol":"HTTP/1.1","remoteIp":"66.249.64.84","requestMethod":"GET","requestSize":"491","requestUrl":"https://muni.ink/painting/bJ8EE5bXcfiYhyfhSvj3","responseSize":"5340","serverIp":"35.241.42.228","status":200,"userAgent":"Mozilla/5.0 (compatible; Googlebot/2.1; +http://www.google.com/bot.html)"},"insertId":"6275248d0000e011b26669c6","labels":{"instanceId":"0067430fbd7af03cb17d92900b5f3305989a61b2bd445dd81108ccfd0293c2aeb5c985f7ae593a5d75291bf8faf2b546eff48eec5f9779a88bd23cf4a59c0f70bf36"},"logName":"projects/muni-production-f8e72/logs/run.googleapis.com%2Frequests","receiveTimestamp":"2022-05-06T13:37:17.057910915Z","resource":{"labels":{"configuration_name":"muni-front","location":"asia-northeast1","project_id":"muni-production-f8e72","revision_name":"muni-front-jq7fz","service_name":"muni-front"},"type":"cloud_run_revision"},"severity":"INFO","timestamp":"2022-05-06T13:37:17.057361Z","trace":"projects/muni-production-f8e72/traces/29420e6243c864c33522bde08276db89"}
{"httpRequest":{"latency":"0.169158411s","protocol":"HTTP/1.1","remoteIp":"35.203.249.164","requestMethod":"POST","requestSize":"524","requestUrl":"https://api.muni.ink/workmeta","responseSize":"1314","serverIp":"35.241.42.228","status":200,"userAgent":"node-fetch/1.0 (+https://github.com/bitinn/node-fetch)"},"insertId":"6275248d0000a5fc00a798ce","labels":{"instanceId":"0067430fbdf8497301732486903449ce1ad928680c0f0325f15430c7bed22be2f601789463027844e3f1a908a21bd50a24d6eb57beb97b1070da88a46d5bf9dc8679"},"logName":"projects/muni-production-f8e72/logs/run.googleapis.com%2Frequests","receiveTimestamp":"2022-05-06T13:37:17.045111624Z","resource":{"labels":{"configuration_name":"muni-back","location":"asia-northeast1","project_id":"muni-production-f8e72","revision_name":"muni-back-hpgtt","service_name":"muni-back"},"type":"cloud_run_revision"},"severity":"INFO","timestamp":"2022-05-06T13:37:17.042492Z","trace":"projects/muni-production-f8e72/traces/3ec420a315bf3e7fa571a3451017348f"}
{"insertId":"6275248c000f11d72469c575","jsonPayload":{"ident":"SUCCESS_TO_FIND","level":"INFO","message":"Work found.","method":"WorkMetadataAPI","timestamp":"2022-5-6 13:37:16","workId":"bJ8EE5bXcfiYhyfhSvj3"},"labels":{"instanceId":"0067430fbdf8497301732486903449ce1ad928680c0f0325f15430c7bed22be2f601789463027844e3f1a908a21bd50a24d6eb57beb97b1070da88a46d5bf9dc8679"},"logName":"projects/muni-production-f8e72/logs/run.googleapis.com%2Fstdout","receiveTimestamp":"2022-05-06T13:37:17.211512136Z","resource":{"labels":{"configuration_name":"muni-back","location":"asia-northeast1","project_id":"muni-production-f8e72","revision_name":"muni-back-hpgtt","service_name":"muni-back"},"type":"cloud_run_revision"},"timestamp":"2022-05-06T13:37:16.987607Z"}
{"insertId":"6275248c000d59b87e098434","jsonPayload":{"ident":"RECIEVE","level":"INFO","message":"Recieve the work metadata request.","method":"WorkMetadataAPI","timestamp":"2022-5-6 13:37:16"},"labels":{"instanceId":"0067430fbdf8497301732486903449ce1ad928680c0f0325f15430c7bed22be2f601789463027844e3f1a908a21bd50a24d6eb57beb97b1070da88a46d5bf9dc8679"},"logName":"projects/muni-production-f8e72/logs/run.googleapis.com%2Fstdout","receiveTimestamp":"2022-05-06T13:37:16.877997984Z","resource":{"labels":{"configuration_name":"muni-back","location":"asia-northeast1","project_id":"muni-production-f8e72","revision_name":"muni-back-hpgtt","service_name":"muni-back"},"type":"cloud_run_revision"},"timestamp":"2022-05-06T13:37:16.874936Z"}
{"httpRequest":{"latency":"0.235159849s","protocol":"HTTP/1.1","referer":"https://muni.ink/","remoteIp":"1.75.6.91","requestMethod":"POST","requestSize":"860","requestUrl":"https://api.muni.ink/recent","responseSize":"12342","serverIp":"35.241.42.228","status":200,"userAgent":"Mozilla/5.0 (Linux; Android 11; SC-54A) AppleWebKit/537.36 (KHTML, like Gecko) Chrome/101.0.4951.41 Mobile Safari/537.36"},"insertId":"62752323000b355d63924409","labels":{"instanceId":"0067430fbdf8497301732486903449ce1ad928680c0f0325f15430c7bed22be2f601789463027844e3f1a908a21bd50a24d6eb57beb97b1070da88a46d5bf9dc8679"},"logName":"projects/muni-production-f8e72/logs/run.googleapis.com%2Frequests","receiveTimestamp":"2022-05-06T13:31:16.008066278Z","resource":{"labels":{"configuration_name":"muni-back","location":"asia-northeast1","project_id":"muni-production-f8e72","revision_name":"muni-back-hpgtt","service_name":"muni-back"},"type":"cloud_run_revision"},"severity":"INFO","timestamp":"2022-05-06T13:31:15.734557Z","trace":"projects/muni-production-f8e72/traces/312b4cbe0d125b04b325f929f2a967d3"}
{"insertId":"62752323000b2f112027787a","jsonPayload":{"ident":"FETCH_SUCCESS","level":"INFO","message":"Success to fetch.","method":"RecentPostAPI","timestamp":"2022-5-6 13:31:15"},"labels":{"instanceId":"0067430fbdf8497301732486903449ce1ad928680c0f0325f15430c7bed22be2f601789463027844e3f1a908a21bd50a24d6eb57beb97b1070da88a46d5bf9dc8679"},"logName":"projects/muni-production-f8e72/logs/run.googleapis.com%2Fstdout","receiveTimestamp":"2022-05-06T13:31:15.836174718Z","resource":{"labels":{"configuration_name":"muni-back","location":"asia-northeast1","project_id":"muni-production-f8e72","revision_name":"muni-back-hpgtt","service_name":"muni-back"},"type":"cloud_run_revision"},"timestamp":"2022-05-06T13:31:15.732945Z"}
{"insertId":"627523230007a532073d16c2","jsonPayload":{"ident":"RECIEVE","level":"INFO","message":"Recieve the recent posted works request.","method":"RecentPostAPI","timestamp":"2022-5-6 13:31:15"},"labels":{"instanceId":"0067430fbdf8497301732486903449ce1ad928680c0f0325f15430c7bed22be2f601789463027844e3f1a908a21bd50a24d6eb57beb97b1070da88a46d5bf9dc8679"},"logName":"projects/muni-production-f8e72/logs/run.googleapis.com%2Fstdout","receiveTimestamp":"2022-05-06T13:31:15.504445388Z","resource":{"labels":{"configuration_name":"muni-back","location":"asia-northeast1","project_id":"muni-production-f8e72","revision_name":"muni-back-hpgtt","service_name":"muni-back"},"type":"cloud_run_revision"},"timestamp":"2022-05-06T13:31:15.501042Z"}
{"httpRequest":{"latency":"0.002704446s","protocol":"HTTP/1.1","referer":"https://muni.ink/","remoteIp":"1.75.6.91","requestMethod":"OPTIONS","requestSize":"750","requestUrl":"https://api.muni.ink/recent","responseSize":"853","serverIp":"35.241.42.228","status":204,"userAgent":"Mozilla/5.0 (Linux; Android 11; SC-54A) AppleWebKit/537.36 (KHTML, like Gecko) Chrome/101.0.4951.41 Mobile Safari/537.36"},"insertId":"6275232300052ac3a3a0893d","labels":{"instanceId":"0067430fbdf8497301732486903449ce1ad928680c0f0325f15430c7bed22be2f601789463027844e3f1a908a21bd50a24d6eb57beb97b1070da88a46d5bf9dc8679"},"logName":"projects/muni-production-f8e72/logs/run.googleapis.com%2Frequests","receiveTimestamp":"2022-05-06T13:31:15.343760148Z","resource":{"labels":{"configuration_name":"muni-back","location":"asia-northeast1","project_id":"muni-production-f8e72","revision_name":"muni-back-hpgtt","service_name":"muni-back"},"type":"cloud_run_revision"},"severity":"INFO","timestamp":"2022-05-06T13:31:15.338627Z","trace":"projects/muni-production-f8e72/traces/d58c5cd609f81a8d4035042788dfe051"}
{"httpRequest":{"latency":"0.005001586s","protocol":"HTTP/1.1","referer":"https://muni.ink/?gclid=CjwKCAjwjtOTBhAvEiwASG4bCNgirew-pcnZ8KGhTV0zJebaHmrb-FijwUyxwuCmPA54Q3Reum_tcBoCzAoQAvD_BwE","remoteIp":"1.75.6.91","requestMethod":"GET","requestSize":"1107","requestUrl":"https://muni.ink/favicon.ico","responseSize":"722","serverIp":"35.241.42.228","status":304,"userAgent":"Mozilla/5.0 (Linux; Android 11; SC-54A) AppleWebKit/537.36 (KHTML, like Gecko) Chrome/101.0.4951.41 Mobile Safari/537.36"},"insertId":"6275232300041b5cc71deaea","labels":{"instanceId":"0067430fbd7af03cb17d92900b5f3305989a61b2bd445dd81108ccfd0293c2aeb5c985f7ae593a5d75291bf8faf2b546eff48eec5f9779a88bd23cf4a59c0f70bf36"},"logName":"projects/muni-production-f8e72/logs/run.googleapis.com%2Frequests","receiveTimestamp":"2022-05-06T13:31:15.317168322Z","resource":{"labels":{"configuration_name":"muni-front","location":"asia-northeast1","project_id":"muni-production-f8e72","revision_name":"muni-front-jq7fz","service_name":"muni-front"},"type":"cloud_run_revision"},"severity":"INFO","timestamp":"2022-05-06T13:31:15.269148Z","trace":"projects/muni-production-f8e72/traces/768534e6f0c3f88444e92e9d352b2f5c"}
{"httpRequest":{"latency":"0.005876065s","protocol":"HTTP/1.1","referer":"https://muni.ink/?gclid=CjwKCAjwjtOTBhAvEiwASG4bCNgirew-pcnZ8KGhTV0zJebaHmrb-FijwUyxwuCmPA54Q3Reum_tcBoCzAoQAvD_BwE","remoteIp":"1.75.6.91","requestMethod":"GET","requestSize":"1119","requestUrl":"https://muni.ink/_next/image?url=%2Flogo_horizontal.png&w=384&q=75","responseSize":"709","serverIp":"35.241.42.228","status":304,"userAgent":"Mozilla/5.0 (Linux; Android 11; SC-54A) AppleWebKit/537.36 (KHTML, like Gecko) Chrome/101.0.4951.41 Mobile Safari/537.36"},"insertId":"6275232300038431dfa78d08","labels":{"instanceId":"0067430fbd7af03cb17d92900b5f3305989a61b2bd445dd81108ccfd0293c2aeb5c985f7ae593a5d75291bf8faf2b546eff48eec5f9779a88bd23cf4a59c0f70bf36"},"logName":"projects/muni-production-f8e72/logs/run.googleapis.com%2Frequests","receiveTimestamp":"2022-05-06T13:31:15.317168322Z","resource":{"labels":{"configuration_name":"muni-front","location":"asia-northeast1","project_id":"muni-production-f8e72","revision_name":"muni-front-jq7fz","service_name":"muni-front"},"type":"cloud_run_revision"},"severity":"INFO","timestamp":"2022-05-06T13:31:15.230449Z","trace":"projects/muni-production-f8e72/traces/b1c932a50501d277efab84681ef57507"}
{"httpRequest":{"latency":"0.005223532s","protocol":"HTTP/1.1","referer":"https://muni.ink/?gclid=CjwKCAjwjtOTBhAvEiwASG4bCNgirew-pcnZ8KGhTV0zJebaHmrb-FijwUyxwuCmPA54Q3Reum_tcBoCzAoQAvD_BwE","remoteIp":"1.75.6.91","requestMethod":"GET","requestSize":"1116","requestUrl":"https://muni.ink/_next/image?url=%2Flogo_landing.png&w=384&q=75","responseSize":"709","serverIp":"35.241.42.228","status":304,"userAgent":"Mozilla/5.0 (Linux; Android 11; SC-54A) AppleWebKit/537.36 (KHTML, like Gecko) Chrome/101.0.4951.41 Mobile Safari/537.36"},"insertId":"6275232300038109b41b75d1","labels":{"instanceId":"0067430fbd7af03cb17d92900b5f3305989a61b2bd445dd81108ccfd0293c2aeb5c985f7ae593a5d75291bf8faf2b546eff48eec5f9779a88bd23cf4a59c0f70bf36"},"logName":"projects/muni-production-f8e72/logs/run.googleapis.com%2Frequests","receiveTimestamp":"2022-05-06T13:31:15.317168322Z","resource":{"labels":{"configuration_name":"muni-front","location":"asia-northeast1","project_id":"muni-production-f8e72","revision_name":"muni-front-jq7fz","service_name":"muni-front"},"type":"cloud_run_revision"},"severity":"INFO","timestamp":"2022-05-06T13:31:15.229641Z","trace":"projects/muni-production-f8e72/traces/95e7220ae5ed8cec3012b78352e81bee"}
{"httpRequest":{"latency":"0.004858597s","protocol":"HTTP/1.1","referer":"https://mantan-web.jp/","remoteIp":"1.75.6.91","requestMethod":"GET","requestSize":"1048","requestUrl":"https://muni.ink/?gclid=CjwKCAjwjtOTBhAvEiwASG4bCNgirew-pcnZ8KGhTV0zJebaHmrb-FijwUyxwuCmPA54Q3Reum_tcBoCzAoQAvD_BwE","responseSize":"6078","serverIp":"35.241.42.228","status":200,"userAgent":"Mozilla/5.0 (Linux; Android 11; SC-54A) AppleWebKit/537.36 (KHTML, like Gecko) Chrome/101.0.4951.41 Mobile Safari/537.36"},"insertId":"627523220004ca01e7e7d45b","labels":{"instanceId":"0067430fbd7af03cb17d92900b5f3305989a61b2bd445dd81108ccfd0293c2aeb5c985f7ae593a5d75291bf8faf2b546eff48eec5f9779a88bd23cf4a59c0f70bf36"},"logName":"projects/muni-production-f8e72/logs/run.googleapis.com%2Frequests","receiveTimestamp":"2022-05-06T13:31:14.317972731Z","resource":{"labels":{"configuration_name":"muni-front","location":"asia-northeast1","project_id":"muni-production-f8e72","revision_name":"muni-front-jq7fz","service_name":"muni-front"},"type":"cloud_run_revision"},"severity":"INFO","timestamp":"2022-05-06T13:31:14.313857Z","trace":"projects/muni-production-f8e72/traces/5ccc1bb52b4107d2c0b3867bad08061a"}
{"httpRequest":{"latency":"0.154259613s","protocol":"HTTP/1.1","referer":"https://muni.ink/","remoteIp":"210.131.44.183","requestMethod":"POST","requestSize":"894","requestUrl":"https://api.muni.ink/recent","responseSize":"12342","serverIp":"35.241.42.228","status":200,"userAgent":"Mozilla/5.0 (Linux; Android 11; SH-41A) AppleWebKit/537.36 (KHTML, like Gecko) Chrome/97.0.4692.98 Mobile Safari/537.36"},"insertId":"6275180b0003f1ca02703ed0","labels":{"instanceId":"0067430fbdf8497301732486903449ce1ad928680c0f0325f15430c7bed22be2f601789463027844e3f1a908a21bd50a24d6eb57beb97b1070da88a46d5bf9dc8679"},"logName":"projects/muni-production-f8e72/logs/run.googleapis.com%2Frequests","receiveTimestamp":"2022-05-06T12:43:55.526057486Z","resource":{"labels":{"configuration_name":"muni-back","location":"asia-northeast1","project_id":"muni-production-f8e72","revision_name":"muni-back-hpgtt","service_name":"muni-back"},"type":"cloud_run_revision"},"severity":"INFO","timestamp":"2022-05-06T12:43:55.258506Z","trace":"projects/muni-production-f8e72/traces/21c54d3e2ece0be9f1a6206b8b3df847"}
{"insertId":"6275180b0003eb6ae32d0da0","jsonPayload":{"ident":"FETCH_SUCCESS","level":"INFO","message":"Success to fetch.","method":"RecentPostAPI","timestamp":"2022-5-6 12:43:55"},"labels":{"instanceId":"0067430fbdf8497301732486903449ce1ad928680c0f0325f15430c7bed22be2f601789463027844e3f1a908a21bd50a24d6eb57beb97b1070da88a46d5bf9dc8679"},"logName":"projects/muni-production-f8e72/logs/run.googleapis.com%2Fstdout","receiveTimestamp":"2022-05-06T12:43:55.555826011Z","resource":{"labels":{"configuration_name":"muni-back","location":"asia-northeast1","project_id":"muni-production-f8e72","revision_name":"muni-back-hpgtt","service_name":"muni-back"},"type":"cloud_run_revision"},"timestamp":"2022-05-06T12:43:55.256874Z"}
{"httpRequest":{"latency":"0.004705539s","protocol":"HTTP/1.1","referer":"https://muni.ink/?gclid=CjwKCAjwjtOTBhAvEiwASG4bCH-oV_Z4rpeahEr44-fBpDFNHx4FNVJIYiexBc8X1INsp-DrF_OThxoCQAcQAvD_BwE","remoteIp":"210.131.44.183","requestMethod":"GET","requestSize":"1148","requestUrl":"https://muni.ink/_next/image?url=%2Flogo_landing.png&w=384&q=75","responseSize":"709","serverIp":"35.241.42.228","status":304,"userAgent":"Mozilla/5.0 (Linux; Android 11; SH-41A) AppleWebKit/537.36 (KHTML, like Gecko) Chrome/97.0.4692.98 Mobile Safari/537.36"},"insertId":"6275180b000286fe6374fe7d","labels":{"instanceId":"0067430fbd7af03cb17d92900b5f3305989a61b2bd445dd81108ccfd0293c2aeb5c985f7ae593a5d75291bf8faf2b546eff48eec5f9779a88bd23cf4a59c0f70bf36"},"logName":"projects/muni-production-f8e72/logs/run.googleapis.com%2Frequests","receiveTimestamp":"2022-05-06T12:43:55.328986053Z","resource":{"labels":{"configuration_name":"muni-front","location":"asia-northeast1","project_id":"muni-production-f8e72","revision_name":"muni-front-jq7fz","service_name":"muni-front"},"type":"cloud_run_revision"},"severity":"INFO","timestamp":"2022-05-06T12:43:55.165630Z","trace":"projects/muni-production-f8e72/traces/ca77db84548ad6cdb8cbb5689494f445"}
{"httpRequest":{"latency":"0.004215610s","protocol":"HTTP/1.1","referer":"https://muni.ink/?gclid=CjwKCAjwjtOTBhAvEiwASG4bCH-oV_Z4rpeahEr44-fBpDFNHx4FNVJIYiexBc8X1INsp-DrF_OThxoCQAcQAvD_BwE","remoteIp":"210.131.44.183","requestMethod":"GET","requestSize":"1153","requestUrl":"https://muni.ink/_next/image?url=%2Flogo_horizontal.png&w=384&q=75","responseSize":"709","serverIp":"35.241.42.228","status":304,"userAgent":"Mozilla/5.0 (Linux; Android 11; SH-41A) AppleWebKit/537.36 (KHTML, like Gecko) Chrome/97.0.4692.98 Mobile Safari/537.36"},"insertId":"6275180b000285b8fa5d30b3","labels":{"instanceId":"0067430fbd7af03cb17d92900b5f3305989a61b2bd445dd81108ccfd0293c2aeb5c985f7ae593a5d75291bf8faf2b546eff48eec5f9779a88bd23cf4a59c0f70bf36"},"logName":"projects/muni-production-f8e72/logs/run.googleapis.com%2Frequests","receiveTimestamp":"2022-05-06T12:43:55.328986053Z","resource":{"labels":{"configuration_name":"muni-front","location":"asia-northeast1","project_id":"muni-production-f8e72","revision_name":"muni-front-jq7fz","service_name":"muni-front"},"type":"cloud_run_revision"},"severity":"INFO","timestamp":"2022-05-06T12:43:55.165304Z","trace":"projects/muni-production-f8e72/traces/aa29f05b08d7f8e2a21398a6fdfda681"}
{"insertId":"6275180b00019caeb31f818c","jsonPayload":{"ident":"RECIEVE","level":"INFO","message":"Recieve the recent posted works request.","method":"RecentPostAPI","timestamp":"2022-5-6 12:43:55"},"labels":{"instanceId":"0067430fbdf8497301732486903449ce1ad928680c0f0325f15430c7bed22be2f601789463027844e3f1a908a21bd50a24d6eb57beb97b1070da88a46d5bf9dc8679"},"logName":"projects/muni-production-f8e72/logs/run.googleapis.com%2Fstdout","receiveTimestamp":"2022-05-06T12:43:55.226924828Z","resource":{"labels":{"configuration_name":"muni-back","location":"asia-northeast1","project_id":"muni-production-f8e72","revision_name":"muni-back-hpgtt","service_name":"muni-back"},"type":"cloud_run_revision"},"timestamp":"2022-05-06T12:43:55.105646Z"}
{"httpRequest":{"latency":"0.002294283s","protocol":"HTTP/1.1","referer":"https://muni.ink/","remoteIp":"210.131.44.183","requestMethod":"OPTIONS","requestSize":"784","requestUrl":"https://api.muni.ink/recent","responseSize":"853","serverIp":"35.241.42.228","status":204,"userAgent":"Mozilla/5.0 (Linux; Android 11; SH-41A) AppleWebKit/537.36 (KHTML, like Gecko) Chrome/97.0.4692.98 Mobile Safari/537.36"},"insertId":"6275180b000127c0176f0694","labels":{"instanceId":"0067430fbdf8497301732486903449ce1ad928680c0f0325f15430c7bed22be2f601789463027844e3f1a908a21bd50a24d6eb57beb97b1070da88a46d5bf9dc8679"},"logName":"projects/muni-production-f8e72/logs/run.googleapis.com%2Frequests","receiveTimestamp":"2022-05-06T12:43:55.192306667Z","resource":{"labels":{"configuration_name":"muni-back","location":"asia-northeast1","project_id":"muni-production-f8e72","revision_name":"muni-back-hpgtt","service_name":"muni-back"},"type":"cloud_run_revision"},"severity":"INFO","timestamp":"2022-05-06T12:43:55.075712Z","trace":"projects/muni-production-f8e72/traces/da8a2a294f20c10e1e50087007737d22"}
{"httpRequest":{"latency":"0.006119438s","protocol":"HTTP/1.1","referer":"https://www.google.com/","remoteIp":"210.131.44.183","requestMethod":"GET","requestSize":"1147","requestUrl":"https://muni.ink/?gclid=CjwKCAjwjtOTBhAvEiwASG4bCH-oV_Z4rpeahEr44-fBpDFNHx4FNVJIYiexBc8X1INsp-DrF_OThxoCQAcQAvD_BwE","responseSize":"6078","serverIp":"35.241.42.228","status":200,"userAgent":"Mozilla/5.0 (Linux; Android 11; SH-41A) AppleWebKit/537.36 (KHTML, like Gecko) Chrome/97.0.4692.98 Mobile Safari/537.36"},"insertId":"6275180a00075a51b6460efe","labels":{"instanceId":"0067430fbd7af03cb17d92900b5f3305989a61b2bd445dd81108ccfd0293c2aeb5c985f7ae593a5d75291bf8faf2b546eff48eec5f9779a88bd23cf4a59c0f70bf36"},"logName":"projects/muni-production-f8e72/logs/run.googleapis.com%2Frequests","receiveTimestamp":"2022-05-06T12:43:54.662881652Z","resource":{"labels":{"configuration_name":"muni-front","location":"asia-northeast1","project_id":"muni-production-f8e72","revision_name":"muni-front-jq7fz","service_name":"muni-front"},"type":"cloud_run_revision"},"severity":"INFO","timestamp":"2022-05-06T12:43:54.481873Z","trace":"projects/muni-production-f8e72/traces/d3d5b258622ab35a8e3cfa204480e366"}
{"httpRequest":{"latency":"0.225433699s","protocol":"HTTP/1.1","remoteIp":"66.249.64.84","requestMethod":"GET","requestSize":"490","requestUrl":"https://muni.ink/painting/DYDDQS5dqkVnzxOihY2a","responseSize":"5387","serverIp":"35.241.42.228","status":200,"userAgent":"Mozilla/5.0 (compatible; Googlebot/2.1; +http://www.google.com/bot.html)"},"insertId":"627517fe000a3f192088b7d5","labels":{"instanceId":"0067430fbd7af03cb17d92900b5f3305989a61b2bd445dd81108ccfd0293c2aeb5c985f7ae593a5d75291bf8faf2b546eff48eec5f9779a88bd23cf4a59c0f70bf36"},"logName":"projects/muni-production-f8e72/logs/run.googleapis.com%2Frequests","receiveTimestamp":"2022-05-06T12:43:42.675601701Z","resource":{"labels":{"configuration_name":"muni-front","location":"asia-northeast1","project_id":"muni-production-f8e72","revision_name":"muni-front-jq7fz","service_name":"muni-front"},"type":"cloud_run_revision"},"severity":"INFO","timestamp":"2022-05-06T12:43:42.671513Z","trace":"projects/muni-production-f8e72/traces/b86762d3651d032f2e71dc49b7f884a8"}
{"httpRequest":{"latency":"0.081992541s","protocol":"HTTP/1.1","remoteIp":"35.203.249.164","requestMethod":"POST","requestSize":"524","requestUrl":"https://api.muni.ink/workmeta","responseSize":"1351","serverIp":"35.241.42.228","status":200,"userAgent":"node-fetch/1.0 (+https://github.com/bitinn/node-fetch)"},"insertId":"627517fe0009ed53b50c06fd","labels":{"instanceId":"0067430fbdf8497301732486903449ce1ad928680c0f0325f15430c7bed22be2f601789463027844e3f1a908a21bd50a24d6eb57beb97b1070da88a46d5bf9dc8679"},"logName":"projects/muni-production-f8e72/logs/run.googleapis.com%2Frequests","receiveTimestamp":"2022-05-06T12:43:42.871415874Z","resource":{"labels":{"configuration_name":"muni-back","location":"asia-northeast1","project_id":"muni-production-f8e72","revision_name":"muni-back-hpgtt","service_name":"muni-back"},"type":"cloud_run_revision"},"severity":"INFO","timestamp":"2022-05-06T12:43:42.650579Z","trace":"projects/muni-production-f8e72/traces/14cf8cd07bc8c5e37077e5b035d43911"}
{"insertId":"627517fe00091c75d28add14","jsonPayload":{"ident":"SUCCESS_TO_FIND","level":"INFO","message":"Work found.","method":"WorkMetadataAPI","timestamp":"2022-5-6 12:43:42","workId":"DYDDQS5dqkVnzxOihY2a"},"labels":{"instanceId":"0067430fbdf8497301732486903449ce1ad928680c0f0325f15430c7bed22be2f601789463027844e3f1a908a21bd50a24d6eb57beb97b1070da88a46d5bf9dc8679"},"logName":"projects/muni-production-f8e72/logs/run.googleapis.com%2Fstdout","receiveTimestamp":"2022-05-06T12:43:42.902907463Z","resource":{"labels":{"configuration_name":"muni-back","location":"asia-northeast1","project_id":"muni-production-f8e72","revision_name":"muni-back-hpgtt","service_name":"muni-back"},"type":"cloud_run_revision"},"timestamp":"2022-05-06T12:43:42.597109Z"}
{"insertId":"627517fe0008b770bb045e61","jsonPayload":{"ident":"RECIEVE","level":"INFO","message":"Recieve the work metadata request.","method":"WorkMetadataAPI","timestamp":"2022-5-6 12:43:42"},"labels":{"instanceId":"0067430fbdf8497301732486903449ce1ad928680c0f0325f15430c7bed22be2f601789463027844e3f1a908a21bd50a24d6eb57beb97b1070da88a46d5bf9dc8679"},"logName":"projects/muni-production-f8e72/logs/run.googleapis.com%2Fstdout","receiveTimestamp":"2022-05-06T12:43:42.902907463Z","resource":{"labels":{"configuration_name":"muni-back","location":"asia-northeast1","project_id":"muni-production-f8e72","revision_name":"muni-back-hpgtt","service_name":"muni-back"},"type":"cloud_run_revision"},"timestamp":"2022-05-06T12:43:42.571248Z"}
{"httpRequest":{"latency":"0.180079623s","protocol":"HTTP/1.1","referer":"https://muni.ink/","remoteIp":"210.131.44.183","requestMethod":"POST","requestSize":"893","requestUrl":"https://api.muni.ink/recent","responseSize":"12342","serverIp":"35.241.42.228","status":200,"userAgent":"Mozilla/5.0 (Linux; Android 11; SH-41A) AppleWebKit/537.36 (KHTML, like Gecko) Chrome/97.0.4692.98 Mobile Safari/537.36"},"insertId":"627517ef0006840e128d0698","labels":{"instanceId":"0067430fbdf8497301732486903449ce1ad928680c0f0325f15430c7bed22be2f601789463027844e3f1a908a21bd50a24d6eb57beb97b1070da88a46d5bf9dc8679"},"logName":"projects/muni-production-f8e72/logs/run.googleapis.com%2Frequests","receiveTimestamp":"2022-05-06T12:43:27.553052768Z","resource":{"labels":{"configuration_name":"muni-back","location":"asia-northeast1","project_id":"muni-production-f8e72","revision_name":"muni-back-hpgtt","service_name":"muni-back"},"type":"cloud_run_revision"},"severity":"INFO","timestamp":"2022-05-06T12:43:27.427022Z","trace":"projects/muni-production-f8e72/traces/a6f55d88acc0f1fda275764d3dd06fed"}
{"insertId":"627517ef00067ce6eef4b48c","jsonPayload":{"ident":"FETCH_SUCCESS","level":"INFO","message":"Success to fetch.","method":"RecentPostAPI","timestamp":"2022-5-6 12:43:27"},"labels":{"instanceId":"0067430fbdf8497301732486903449ce1ad928680c0f0325f15430c7bed22be2f601789463027844e3f1a908a21bd50a24d6eb57beb97b1070da88a46d5bf9dc8679"},"logName":"projects/muni-production-f8e72/logs/run.googleapis.com%2Fstdout","receiveTimestamp":"2022-05-06T12:43:27.585178139Z","resource":{"labels":{"configuration_name":"muni-back","location":"asia-northeast1","project_id":"muni-production-f8e72","revision_name":"muni-back-hpgtt","service_name":"muni-back"},"type":"cloud_run_revision"},"timestamp":"2022-05-06T12:43:27.425190Z"}
{"insertId":"627517ef0003cb7842adbcec","jsonPayload":{"ident":"RECIEVE","level":"INFO","message":"Recieve the recent posted works request.","method":"RecentPostAPI","timestamp":"2022-5-6 12:43:27"},"labels":{"instanceId":"0067430fbdf8497301732486903449ce1ad928680c0f0325f15430c7bed22be2f601789463027844e3f1a908a21bd50a24d6eb57beb97b1070da88a46d5bf9dc8679"},"logName":"projects/muni-production-f8e72/logs/run.googleapis.com%2Fstdout","receiveTimestamp":"2022-05-06T12:43:27.251873705Z","resource":{"labels":{"configuration_name":"muni-back","location":"asia-northeast1","project_id":"muni-production-f8e72","revision_name":"muni-back-hpgtt","service_name":"muni-back"},"type":"cloud_run_revision"},"timestamp":"2022-05-06T12:43:27.248696Z"}
{"httpRequest":{"latency":"0.002981703s","protocol":"HTTP/1.1","referer":"https://muni.ink/","remoteIp":"210.131.44.183","requestMethod":"OPTIONS","requestSize":"786","requestUrl":"https://api.muni.ink/recent","responseSize":"853","serverIp":"35.241.42.228","status":204,"userAgent":"Mozilla/5.0 (Linux; Android 11; SH-41A) AppleWebKit/537.36 (KHTML, like Gecko) Chrome/97.0.4692.98 Mobile Safari/537.36"},"insertId":"627517ef00034fe2b1d2123a","labels":{"instanceId":"0067430fbdf8497301732486903449ce1ad928680c0f0325f15430c7bed22be2f601789463027844e3f1a908a21bd50a24d6eb57beb97b1070da88a46d5bf9dc8679"},"logName":"projects/muni-production-f8e72/logs/run.googleapis.com%2Frequests","receiveTimestamp":"2022-05-06T12:43:27.221227803Z","resource":{"labels":{"configuration_name":"muni-back","location":"asia-northeast1","project_id":"muni-production-f8e72","revision_name":"muni-back-hpgtt","service_name":"muni-back"},"type":"cloud_run_revision"},"severity":"INFO","timestamp":"2022-05-06T12:43:27.217058Z","trace":"projects/muni-production-f8e72/traces/01f0840d87c105c28020e5ffe7ba11eb"}
{"httpRequest":{"latency":"0.243991701s","protocol":"HTTP/1.1","referer":"https://muni.ink/","remoteIp":"210.131.44.183","requestMethod":"POST","requestSize":"893","requestUrl":"https://api.muni.ink/recent","responseSize":"12342","serverIp":"35.241.42.228","status":200,"userAgent":"Mozilla/5.0 (Linux; Android 11; SH-41A) AppleWebKit/537.36 (KHTML, like Gecko) Chrome/97.0.4692.98 Mobile Safari/537.36"},"insertId":"627517dc00014e188dea801c","labels":{"instanceId":"0067430fbdf8497301732486903449ce1ad928680c0f0325f15430c7bed22be2f601789463027844e3f1a908a21bd50a24d6eb57beb97b1070da88a46d5bf9dc8679"},"logName":"projects/muni-production-f8e72/logs/run.googleapis.com%2Frequests","receiveTimestamp":"2022-05-06T12:43:08.089054208Z","resource":{"labels":{"configuration_name":"muni-back","location":"asia-northeast1","project_id":"muni-production-f8e72","revision_name":"muni-back-hpgtt","service_name":"muni-back"},"type":"cloud_run_revision"},"severity":"INFO","timestamp":"2022-05-06T12:43:08.085528Z","trace":"projects/muni-production-f8e72/traces/e3ab35209afd6dcdd40d8dbcb3b5f3e5"}
{"insertId":"627517dc0001474d5893ab77","jsonPayload":{"ident":"FETCH_SUCCESS","level":"INFO","message":"Success to fetch.","method":"RecentPostAPI","timestamp":"2022-5-6 12:43:8"},"labels":{"instanceId":"0067430fbdf8497301732486903449ce1ad928680c0f0325f15430c7bed22be2f601789463027844e3f1a908a21bd50a24d6eb57beb97b1070da88a46d5bf9dc8679"},"logName":"projects/muni-production-f8e72/logs/run.googleapis.com%2Fstdout","receiveTimestamp":"2022-05-06T12:43:08.179820438Z","resource":{"labels":{"configuration_name":"muni-back","location":"asia-northeast1","project_id":"muni-production-f8e72","revision_name":"muni-back-hpgtt","service_name":"muni-back"},"type":"cloud_run_revision"},"timestamp":"2022-05-06T12:43:08.083789Z"}
{"insertId":"627517db000cddb9468e390f","jsonPayload":{"ident":"RECIEVE","level":"INFO","message":"Recieve the recent posted works request.","method":"RecentPostAPI","timestamp":"2022-5-6 12:43:7"},"labels":{"instanceId":"0067430fbdf8497301732486903449ce1ad928680c0f0325f15430c7bed22be2f601789463027844e3f1a908a21bd50a24d6eb57beb97b1070da88a46d5bf9dc8679"},"logName":"projects/muni-production-f8e72/logs/run.googleapis.com%2Fstdout","receiveTimestamp":"2022-05-06T12:43:07.847602114Z","resource":{"labels":{"configuration_name":"muni-back","location":"asia-northeast1","project_id":"muni-production-f8e72","revision_name":"muni-back-hpgtt","service_name":"muni-back"},"type":"cloud_run_revision"},"timestamp":"2022-05-06T12:43:07.843193Z"}
{"httpRequest":{"latency":"0.002658220s","protocol":"HTTP/1.1","referer":"https://muni.ink/?gclid=CjwKCAjwjtOTBhAvEiwASG4bCFcjNEy78zk1EgUgNEGGI5KIdIibhzWY_oCePsuwErKRyM0jPP29QxoC3hgQAvD_BwE","remoteIp":"210.131.44.183","requestMethod":"GET","requestSize":"1140","requestUrl":"https://muni.ink/favicon.ico","responseSize":"722","serverIp":"35.241.42.228","status":304,"userAgent":"Mozilla/5.0 (Linux; Android 11; SH-41A) AppleWebKit/537.36 (KHTML, like Gecko) Chrome/97.0.4692.98 Mobile Safari/537.36"},"insertId":"627517db000b8111f1f8d33f","labels":{"instanceId":"0067430fbd7af03cb17d92900b5f3305989a61b2bd445dd81108ccfd0293c2aeb5c985f7ae593a5d75291bf8faf2b546eff48eec5f9779a88bd23cf4a59c0f70bf36"},"logName":"projects/muni-production-f8e72/logs/run.googleapis.com%2Frequests","receiveTimestamp":"2022-05-06T12:43:07.824689301Z","resource":{"labels":{"configuration_name":"muni-front","location":"asia-northeast1","project_id":"muni-production-f8e72","revision_name":"muni-front-jq7fz","service_name":"muni-front"},"type":"cloud_run_revision"},"severity":"INFO","timestamp":"2022-05-06T12:43:07.753937Z","trace":"projects/muni-production-f8e72/traces/def30c54282d24a2d9e8c602d510c746"}
{"httpRequest":{"latency":"0.002855306s","protocol":"HTTP/1.1","referer":"https://muni.ink/","remoteIp":"210.131.44.183","requestMethod":"OPTIONS","requestSize":"785","requestUrl":"https://api.muni.ink/recent","responseSize":"853","serverIp":"35.241.42.228","status":204,"userAgent":"Mozilla/5.0 (Linux; Android 11; SH-41A) AppleWebKit/537.36 (KHTML, like Gecko) Chrome/97.0.4692.98 Mobile Safari/537.36"},"insertId":"627517db000b7b6581eee6fe","labels":{"instanceId":"0067430fbdf8497301732486903449ce1ad928680c0f0325f15430c7bed22be2f601789463027844e3f1a908a21bd50a24d6eb57beb97b1070da88a46d5bf9dc8679"},"logName":"projects/muni-production-f8e72/logs/run.googleapis.com%2Frequests","receiveTimestamp":"2022-05-06T12:43:07.756466135Z","resource":{"labels":{"configuration_name":"muni-back","location":"asia-northeast1","project_id":"muni-production-f8e72","revision_name":"muni-back-hpgtt","service_name":"muni-back"},"type":"cloud_run_revision"},"severity":"INFO","timestamp":"2022-05-06T12:43:07.752485Z","trace":"projects/muni-production-f8e72/traces/aeb3498d717faba63303e61fd510717a"}
{"httpRequest":{"latency":"0.002922960s","protocol":"HTTP/1.1","referer":"https://muni.ink/?gclid=CjwKCAjwjtOTBhAvEiwASG4bCFcjNEy78zk1EgUgNEGGI5KIdIibhzWY_oCePsuwErKRyM0jPP29QxoC3hgQAvD_BwE","remoteIp":"210.131.44.183","requestMethod":"GET","requestSize":"1150","requestUrl":"https://muni.ink/_next/image?url=%2Flogo_landing.png&w=384&q=75","responseSize":"709","serverIp":"35.241.42.228","status":304,"userAgent":"Mozilla/5.0 (Linux; Android 11; SH-41A) AppleWebKit/537.36 (KHTML, like Gecko) Chrome/97.0.4692.98 Mobile Safari/537.36"},"insertId":"627517db0009e589b13b10ad","labels":{"instanceId":"0067430fbd7af03cb17d92900b5f3305989a61b2bd445dd81108ccfd0293c2aeb5c985f7ae593a5d75291bf8faf2b546eff48eec5f9779a88bd23cf4a59c0f70bf36"},"logName":"projects/muni-production-f8e72/logs/run.googleapis.com%2Frequests","receiveTimestamp":"2022-05-06T12:43:07.824689301Z","resource":{"labels":{"configuration_name":"muni-front","location":"asia-northeast1","project_id":"muni-production-f8e72","revision_name":"muni-front-jq7fz","service_name":"muni-front"},"type":"cloud_run_revision"},"severity":"INFO","timestamp":"2022-05-06T12:43:07.648585Z","trace":"projects/muni-production-f8e72/traces/84322675c80b3755b169719af4a8e2d1"}
{"httpRequest":{"latency":"0.003416454s","protocol":"HTTP/1.1","referer":"https://muni.ink/?gclid=CjwKCAjwjtOTBhAvEiwASG4bCFcjNEy78zk1EgUgNEGGI5KIdIibhzWY_oCePsuwErKRyM0jPP29QxoC3hgQAvD_BwE","remoteIp":"210.131.44.183","requestMethod":"GET","requestSize":"1153","requestUrl":"https://muni.ink/_next/image?url=%2Flogo_horizontal.png&w=384&q=75","responseSize":"709","serverIp":"35.241.42.228","status":304,"userAgent":"Mozilla/5.0 (Linux; Android 11; SH-41A) AppleWebKit/537.36 (KHTML, like Gecko) Chrome/97.0.4692.98 Mobile Safari/537.36"},"insertId":"627517db0009db31e18d29f2","labels":{"instanceId":"0067430fbd7af03cb17d92900b5f3305989a61b2bd445dd81108ccfd0293c2aeb5c985f7ae593a5d75291bf8faf2b546eff48eec5f9779a88bd23cf4a59c0f70bf36"},"logName":"projects/muni-production-f8e72/logs/run.googleapis.com%2Frequests","receiveTimestamp":"2022-05-06T12:43:07.824689301Z","resource":{"labels":{"configuration_name":"muni-front","location":"asia-northeast1","project_id":"muni-production-f8e72","revision_name":"muni-front-jq7fz","service_name":"muni-front"},"type":"cloud_run_revision"},"severity":"INFO","timestamp":"2022-05-06T12:43:07.645937Z","trace":"projects/muni-production-f8e72/traces/3f30c077aa49222193cae556427d0dcd"}
{"httpRequest":{"latency":"0.003686499s","protocol":"HTTP/1.1","referer":"https://muni.ink/?gclid=CjwKCAjwjtOTBhAvEiwASG4bCFcjNEy78zk1EgUgNEGGI5KIdIibhzWY_oCePsuwErKRyM0jPP29QxoC3hgQAvD_BwE","remoteIp":"210.131.44.183","requestMethod":"GET","requestSize":"940","requestUrl":"https://muni.ink/_next/static/chunks/cb1608f2-f65392b0806bbbc8.js","responseSize":"1886","serverIp":"35.241.42.228","status":200,"userAgent":"Mozilla/5.0 (Linux; Android 11; SH-41A) AppleWebKit/537.36 (KHTML, like Gecko) Chrome/97.0.4692.98 Mobile Safari/537.36"},"insertId":"627517db000568b99abfc853","labels":{"instanceId":"0067430fbd7af03cb17d92900b5f3305989a61b2bd445dd81108ccfd0293c2aeb5c985f7ae593a5d75291bf8faf2b546eff48eec5f9779a88bd23cf4a59c0f70bf36"},"logName":"projects/muni-production-f8e72/logs/run.googleapis.com%2Frequests","receiveTimestamp":"2022-05-06T12:43:07.489845985Z","resource":{"labels":{"configuration_name":"muni-front","location":"asia-northeast1","project_id":"muni-production-f8e72","revision_name":"muni-front-jq7fz","service_name":"muni-front"},"type":"cloud_run_revision"},"severity":"INFO","timestamp":"2022-05-06T12:43:07.354489Z","trace":"projects/muni-production-f8e72/traces/df5508319a0d4498e5500f3e13968f86"}
{"httpRequest":{"latency":"0.005013170s","protocol":"HTTP/1.1","referer":"https://www.google.com/","remoteIp":"210.131.44.183","requestMethod":"GET","requestSize":"1057","requestUrl":"https://muni.ink/?gclid=CjwKCAjwjtOTBhAvEiwASG4bCFcjNEy78zk1EgUgNEGGI5KIdIibhzWY_oCePsuwErKRyM0jPP29QxoC3hgQAvD_BwE","responseSize":"6078","serverIp":"35.241.42.228","status":200,"userAgent":"Mozilla/5.0 (Linux; Android 11; SH-41A) AppleWebKit/537.36 (KHTML, like Gecko) Chrome/97.0.4692.98 Mobile Safari/537.36"},"insertId":"627517da000773e6b07eac04","labels":{"instanceId":"0067430fbd7af03cb17d92900b5f3305989a61b2bd445dd81108ccfd0293c2aeb5c985f7ae593a5d75291bf8faf2b546eff48eec5f9779a88bd23cf4a59c0f70bf36"},"logName":"projects/muni-production-f8e72/logs/run.googleapis.com%2Frequests","receiveTimestamp":"2022-05-06T12:43:06.493633150Z","resource":{"labels":{"configuration_name":"muni-front","location":"asia-northeast1","project_id":"muni-production-f8e72","revision_name":"muni-front-jq7fz","service_name":"muni-front"},"type":"cloud_run_revision"},"severity":"INFO","timestamp":"2022-05-06T12:43:06.488422Z","trace":"projects/muni-production-f8e72/traces/763bacc37b30e63650dd062679379711"}
{"httpRequest":{"latency":"0.004547409s","protocol":"HTTP/1.1","referer":"https://muni.ink/?gclid=CjwKCAjwjtOTBhAvEiwASG4bCLJ_CPrVkHk4fpMXfW9Q2HRxZ_7cp_NWSNg31bbkUZTiSKJe-TeU3xoCZskQAvD_BwE","remoteIp":"121.118.177.236","requestMethod":"GET","requestSize":"1129","requestUrl":"https://muni.ink/howtouse2_upload.svg","responseSize":"722","serverIp":"35.241.42.228","status":304,"userAgent":"Mozilla/5.0 (Linux; Android 12; SC-03L) AppleWebKit/537.36 (KHTML, like Gecko) Chrome/101.0.4951.41 Mobile Safari/537.36"},"insertId":"627513b2000beee437a38163","labels":{"instanceId":"0067430fbd7af03cb17d92900b5f3305989a61b2bd445dd81108ccfd0293c2aeb5c985f7ae593a5d75291bf8faf2b546eff48eec5f9779a88bd23cf4a59c0f70bf36"},"logName":"projects/muni-production-f8e72/logs/run.googleapis.com%2Frequests","receiveTimestamp":"2022-05-06T12:25:22.813333744Z","resource":{"labels":{"configuration_name":"muni-front","location":"asia-northeast1","project_id":"muni-production-f8e72","revision_name":"muni-front-jq7fz","service_name":"muni-front"},"type":"cloud_run_revision"},"severity":"INFO","timestamp":"2022-05-06T12:25:22.782052Z","trace":"projects/muni-production-f8e72/traces/605bf21468a8932b37be836fd07ce14b"}
{"httpRequest":{"latency":"0.002919715s","protocol":"HTTP/1.1","referer":"https://muni.ink/?gclid=CjwKCAjwjtOTBhAvEiwASG4bCLJ_CPrVkHk4fpMXfW9Q2HRxZ_7cp_NWSNg31bbkUZTiSKJe-TeU3xoCZskQAvD_BwE","remoteIp":"121.118.177.236","requestMethod":"GET","requestSize":"1128","requestUrl":"https://muni.ink/howtouse_arrow_v.svg","responseSize":"721","serverIp":"35.241.42.228","status":304,"userAgent":"Mozilla/5.0 (Linux; Android 12; SC-03L) AppleWebKit/537.36 (KHTML, like Gecko) Chrome/101.0.4951.41 Mobile Safari/537.36"},"insertId":"627513b200099854b13f2750","labels":{"instanceId":"0067430fbd7af03cb17d92900b5f3305989a61b2bd445dd81108ccfd0293c2aeb5c985f7ae593a5d75291bf8faf2b546eff48eec5f9779a88bd23cf4a59c0f70bf36"},"logName":"projects/muni-production-f8e72/logs/run.googleapis.com%2Frequests","receiveTimestamp":"2022-05-06T12:25:22.813333744Z","resource":{"labels":{"configuration_name":"muni-front","location":"asia-northeast1","project_id":"muni-production-f8e72","revision_name":"muni-front-jq7fz","service_name":"muni-front"},"type":"cloud_run_revision"},"severity":"INFO","timestamp":"2022-05-06T12:25:22.628820Z","trace":"projects/muni-production-f8e72/traces/d4ae977bca7bf1dcc51c40db4ce56a5d"}
{"httpRequest":{"latency":"0.083868440s","protocol":"HTTP/1.1","referer":"https://muni.ink/","remoteIp":"121.118.177.236","requestMethod":"POST","requestSize":"873","requestUrl":"https://api.muni.ink/recent","responseSize":"12341","serverIp":"35.241.42.228","status":200,"userAgent":"Mozilla/5.0 (Linux; Android 12; SC-03L) AppleWebKit/537.36 (KHTML, like Gecko) Chrome/101.0.4951.41 Mobile Safari/537.36"},"insertId":"627513b1000b1ee560210b06","labels":{"instanceId":"0067430fbdf8497301732486903449ce1ad928680c0f0325f15430c7bed22be2f601789463027844e3f1a908a21bd50a24d6eb57beb97b1070da88a46d5bf9dc8679"},"logName":"projects/muni-production-f8e72/logs/run.googleapis.com%2Frequests","receiveTimestamp":"2022-05-06T12:25:21.790315243Z","resource":{"labels":{"configuration_name":"muni-back","location":"asia-northeast1","project_id":"muni-production-f8e72","revision_name":"muni-back-hpgtt","service_name":"muni-back"},"type":"cloud_run_revision"},"severity":"INFO","timestamp":"2022-05-06T12:25:21.728805Z","trace":"projects/muni-production-f8e72/traces/3c04a41c032227a9ba3b31540833bf6d"}
{"insertId":"627513b1000b1756d2114940","jsonPayload":{"ident":"FETCH_SUCCESS","level":"INFO","message":"Success to fetch.","method":"RecentPostAPI","timestamp":"2022-5-6 12:25:21"},"labels":{"instanceId":"0067430fbdf8497301732486903449ce1ad928680c0f0325f15430c7bed22be2f601789463027844e3f1a908a21bd50a24d6eb57beb97b1070da88a46d5bf9dc8679"},"logName":"projects/muni-production-f8e72/logs/run.googleapis.com%2Fstdout","receiveTimestamp":"2022-05-06T12:25:21.815987885Z","resource":{"labels":{"configuration_name":"muni-back","location":"asia-northeast1","project_id":"muni-production-f8e72","revision_name":"muni-back-hpgtt","service_name":"muni-back"},"type":"cloud_run_revision"},"timestamp":"2022-05-06T12:25:21.726870Z"}
{"insertId":"627513b10009de4c93f0db6b","jsonPayload":{"ident":"RECIEVE","level":"INFO","message":"Recieve the recent posted works request.","method":"RecentPostAPI","timestamp":"2022-5-6 12:25:21"},"labels":{"instanceId":"0067430fbdf8497301732486903449ce1ad928680c0f0325f15430c7bed22be2f601789463027844e3f1a908a21bd50a24d6eb57beb97b1070da88a46d5bf9dc8679"},"logName":"projects/muni-production-f8e72/logs/run.googleapis.com%2Fstdout","receiveTimestamp":"2022-05-06T12:25:21.815987885Z","resource":{"labels":{"configuration_name":"muni-back","location":"asia-northeast1","project_id":"muni-production-f8e72","revision_name":"muni-back-hpgtt","service_name":"muni-back"},"type":"cloud_run_revision"},"timestamp":"2022-05-06T12:25:21.646732Z"}
{"httpRequest":{"latency":"0.002499016s","protocol":"HTTP/1.1","referer":"https://muni.ink/","remoteIp":"121.118.177.236","requestMethod":"OPTIONS","requestSize":"762","requestUrl":"https://api.muni.ink/recent","responseSize":"853","serverIp":"35.241.42.228","status":204,"userAgent":"Mozilla/5.0 (Linux; Android 12; SC-03L) AppleWebKit/537.36 (KHTML, like Gecko) Chrome/101.0.4951.41 Mobile Safari/537.36"},"insertId":"627513b100096f25fe3ce73b","labels":{"instanceId":"0067430fbdf8497301732486903449ce1ad928680c0f0325f15430c7bed22be2f601789463027844e3f1a908a21bd50a24d6eb57beb97b1070da88a46d5bf9dc8679"},"logName":"projects/muni-production-f8e72/logs/run.googleapis.com%2Frequests","receiveTimestamp":"2022-05-06T12:25:21.790315243Z","resource":{"labels":{"configuration_name":"muni-back","location":"asia-northeast1","project_id":"muni-production-f8e72","revision_name":"muni-back-hpgtt","service_name":"muni-back"},"type":"cloud_run_revision"},"severity":"INFO","timestamp":"2022-05-06T12:25:21.618277Z","trace":"projects/muni-production-f8e72/traces/bff10e93041c41f5278848b83a30e077"}
{"httpRequest":{"latency":"0.475000709s","protocol":"HTTP/1.1","referer":"https://muni.ink/","remoteIp":"121.118.177.236","requestMethod":"GET","requestSize":"964","requestUrl":"https://storage.muni.ink/work/e2fJgV2dvagYd5NSfQ01","responseSize":"486461","serverIp":"35.241.42.228","status":200,"userAgent":"Mozilla/5.0 (Linux; Android 12; SC-03L) AppleWebKit/537.36 (KHTML, like Gecko) Chrome/101.0.4951.41 Mobile Safari/537.36"},"insertId":"627513ad000df0f5081e8aa5","labels":{"instanceId":"0067430fbdf8497301732486903449ce1ad928680c0f0325f15430c7bed22be2f601789463027844e3f1a908a21bd50a24d6eb57beb97b1070da88a46d5bf9dc8679"},"logName":"projects/muni-production-f8e72/logs/run.googleapis.com%2Frequests","receiveTimestamp":"2022-05-06T12:25:18.125160941Z","resource":{"labels":{"configuration_name":"muni-back","location":"asia-northeast1","project_id":"muni-production-f8e72","revision_name":"muni-back-hpgtt","service_name":"muni-back"},"type":"cloud_run_revision"},"severity":"INFO","timestamp":"2022-05-06T12:25:17.913653Z","trace":"projects/muni-production-f8e72/traces/19bdbf709d71635f97dab12a13a111fc"}
{"insertId":"627513ad000de7f5f91e06ab","jsonPayload":{"ident":"COMPLETE","level":"INFO","message":"Success to fetch optimized image","method":"WorkAPI","timestamp":"2022-5-6 12:25:17","workId":"e2fJgV2dvagYd5NSfQ01"},"labels":{"instanceId":"0067430fbdf8497301732486903449ce1ad928680c0f0325f15430c7bed22be2f601789463027844e3f1a908a21bd50a24d6eb57beb97b1070da88a46d5bf9dc8679"},"logName":"projects/muni-production-f8e72/logs/run.googleapis.com%2Fstdout","receiveTimestamp":"2022-05-06T12:25:18.155621876Z","resource":{"labels":{"configuration_name":"muni-back","location":"asia-northeast1","project_id":"muni-production-f8e72","revision_name":"muni-back-hpgtt","service_name":"muni-back"},"type":"cloud_run_revision"},"timestamp":"2022-05-06T12:25:17.911349Z"}
{"insertId":"627513ad0006b6bc0032d4fe","jsonPayload":{"ident":"RECIEVED","level":"INFO","message":"Request recieved for e2fJgV2dvagYd5NSfQ01.","method":"WorkAPI","timestamp":"2022-5-6 12:25:17","workId":"e2fJgV2dvagYd5NSfQ01"},"labels":{"instanceId":"0067430fbdf8497301732486903449ce1ad928680c0f0325f15430c7bed22be2f601789463027844e3f1a908a21bd50a24d6eb57beb97b1070da88a46d5bf9dc8679"},"logName":"projects/muni-production-f8e72/logs/run.googleapis.com%2Fstdout","receiveTimestamp":"2022-05-06T12:25:17.487786483Z","resource":{"labels":{"configuration_name":"muni-back","location":"asia-northeast1","project_id":"muni-production-f8e72","revision_name":"muni-back-hpgtt","service_name":"muni-back"},"type":"cloud_run_revision"},"timestamp":"2022-05-06T12:25:17.439996Z"}
{"httpRequest":{"latency":"0.055709473s","protocol":"HTTP/1.1","referer":"https://muni.ink/?gclid=CjwKCAjwjtOTBhAvEiwASG4bCLJ_CPrVkHk4fpMXfW9Q2HRxZ_7cp_NWSNg31bbkUZTiSKJe-TeU3xoCZskQAvD_BwE","remoteIp":"121.118.177.236","requestMethod":"GET","requestSize":"1048","requestUrl":"https://muni.ink/_next/data/IVVvbvvWS4XaF0igaWv4S/painting/e2fJgV2dvagYd5NSfQ01.json?id=e2fJgV2dvagYd5NSfQ01","responseSize":"1293","serverIp":"35.241.42.228","status":200,"userAgent":"Mozilla/5.0 (Linux; Android 12; SC-03L) AppleWebKit/537.36 (KHTML, like Gecko) Chrome/101.0.4951.41 Mobile Safari/537.36"},"insertId":"627513ad000592beba207a8c","labels":{"instanceId":"0067430fbd7af03cb17d92900b5f3305989a61b2bd445dd81108ccfd0293c2aeb5c985f7ae593a5d75291bf8faf2b546eff48eec5f9779a88bd23cf4a59c0f70bf36"},"logName":"projects/muni-production-f8e72/logs/run.googleapis.com%2Frequests","receiveTimestamp":"2022-05-06T12:25:17.483652776Z","resource":{"labels":{"configuration_name":"muni-front","location":"asia-northeast1","project_id":"muni-production-f8e72","revision_name":"muni-front-jq7fz","service_name":"muni-front"},"type":"cloud_run_revision"},"severity":"INFO","timestamp":"2022-05-06T12:25:17.365246Z","trace":"projects/muni-production-f8e72/traces/8da5fafa0d805cec75a80573a6330208"}
{"httpRequest":{"latency":"0.043384237s","protocol":"HTTP/1.1","remoteIp":"35.203.249.164","requestMethod":"POST","requestSize":"525","requestUrl":"https://api.muni.ink/workmeta","responseSize":"1319","serverIp":"35.241.42.228","status":200,"userAgent":"node-fetch/1.0 (+https://github.com/bitinn/node-fetch)"},"insertId":"627513ad0005837a180a550b","labels":{"instanceId":"0067430fbdf8497301732486903449ce1ad928680c0f0325f15430c7bed22be2f601789463027844e3f1a908a21bd50a24d6eb57beb97b1070da88a46d5bf9dc8679"},"logName":"projects/muni-production-f8e72/logs/run.googleapis.com%2Frequests","receiveTimestamp":"2022-05-06T12:25:17.456565120Z","resource":{"labels":{"configuration_name":"muni-back","location":"asia-northeast1","project_id":"muni-production-f8e72","revision_name":"muni-back-hpgtt","service_name":"muni-back"},"type":"cloud_run_revision"},"severity":"INFO","timestamp":"2022-05-06T12:25:17.361338Z","trace":"projects/muni-production-f8e72/traces/8c726843ce76be93598f12aadaba9765"}
{"insertId":"627513ad000513e6cc6fb8f0","jsonPayload":{"ident":"SUCCESS_TO_FIND","level":"INFO","message":"Work found.","method":"WorkMetadataAPI","timestamp":"2022-5-6 12:25:17","workId":"e2fJgV2dvagYd5NSfQ01"},"labels":{"instanceId":"0067430fbdf8497301732486903449ce1ad928680c0f0325f15430c7bed22be2f601789463027844e3f1a908a21bd50a24d6eb57beb97b1070da88a46d5bf9dc8679"},"logName":"projects/muni-production-f8e72/logs/run.googleapis.com%2Fstdout","receiveTimestamp":"2022-05-06T12:25:17.487786483Z","resource":{"labels":{"configuration_name":"muni-back","location":"asia-northeast1","project_id":"muni-production-f8e72","revision_name":"muni-back-hpgtt","service_name":"muni-back"},"type":"cloud_run_revision"},"timestamp":"2022-05-06T12:25:17.332774Z"}
{"insertId":"627513ad0004e326882e776d","jsonPayload":{"ident":"RECIEVE","level":"INFO","message":"Recieve the work metadata request.","method":"WorkMetadataAPI","timestamp":"2022-5-6 12:25:17"},"labels":{"instanceId":"0067430fbdf8497301732486903449ce1ad928680c0f0325f15430c7bed22be2f601789463027844e3f1a908a21bd50a24d6eb57beb97b1070da88a46d5bf9dc8679"},"logName":"projects/muni-production-f8e72/logs/run.googleapis.com%2Fstdout","receiveTimestamp":"2022-05-06T12:25:17.487786483Z","resource":{"labels":{"configuration_name":"muni-back","location":"asia-northeast1","project_id":"muni-production-f8e72","revision_name":"muni-back-hpgtt","service_name":"muni-back"},"type":"cloud_run_revision"},"timestamp":"2022-05-06T12:25:17.320294Z"}
{"httpRequest":{"latency":"0.002480277s","protocol":"HTTP/1.1","referer":"https://muni.ink/?gclid=CjwKCAjwjtOTBhAvEiwASG4bCLJ_CPrVkHk4fpMXfW9Q2HRxZ_7cp_NWSNg31bbkUZTiSKJe-TeU3xoCZskQAvD_BwE","remoteIp":"121.118.177.236","requestMethod":"GET","requestSize":"1129","requestUrl":"https://muni.ink/howtouse1_signup.svg","responseSize":"722","serverIp":"35.241.42.228","status":304,"userAgent":"Mozilla/5.0 (Linux; Android 12; SC-03L) AppleWebKit/537.36 (KHTML, like Gecko) Chrome/101.0.4951.41 Mobile Safari/537.36"},"insertId":"627513aa000107abd3bd719a","labels":{"instanceId":"0067430fbd7af03cb17d92900b5f3305989a61b2bd445dd81108ccfd0293c2aeb5c985f7ae593a5d75291bf8faf2b546eff48eec5f9779a88bd23cf4a59c0f70bf36"},"logName":"projects/muni-production-f8e72/logs/run.googleapis.com%2Frequests","receiveTimestamp":"2022-05-06T12:25:14.155109743Z","resource":{"labels":{"configuration_name":"muni-front","location":"asia-northeast1","project_id":"muni-production-f8e72","revision_name":"muni-front-jq7fz","service_name":"muni-front"},"type":"cloud_run_revision"},"severity":"INFO","timestamp":"2022-05-06T12:25:14.067499Z","trace":"projects/muni-production-f8e72/traces/23cb6e28d408028fd3a2bbc4ed074298"}
{"httpRequest":{"latency":"0.188152560s","protocol":"HTTP/1.1","referer":"https://muni.ink/","remoteIp":"121.118.177.236","requestMethod":"POST","requestSize":"873","requestUrl":"https://api.muni.ink/recent","responseSize":"12342","serverIp":"35.241.42.228","status":200,"userAgent":"Mozilla/5.0 (Linux; Android 12; SC-03L) AppleWebKit/537.36 (KHTML, like Gecko) Chrome/101.0.4951.41 Mobile Safari/537.36"},"insertId":"627513a9000468e6dd834460","labels":{"instanceId":"0067430fbdf8497301732486903449ce1ad928680c0f0325f15430c7bed22be2f601789463027844e3f1a908a21bd50a24d6eb57beb97b1070da88a46d5bf9dc8679"},"logName":"projects/muni-production-f8e72/logs/run.googleapis.com%2Frequests","receiveTimestamp":"2022-05-06T12:25:13.462772372Z","resource":{"labels":{"configuration_name":"muni-back","location":"asia-northeast1","project_id":"muni-production-f8e72","revision_name":"muni-back-hpgtt","service_name":"muni-back"},"type":"cloud_run_revision"},"severity":"INFO","timestamp":"2022-05-06T12:25:13.288998Z","trace":"projects/muni-production-f8e72/traces/157bc1c8fc1d7da684ceb7ab7c7f2071"}
{"insertId":"627513a90004611e2f358f5a","jsonPayload":{"ident":"FETCH_SUCCESS","level":"INFO","message":"Success to fetch.","method":"RecentPostAPI","timestamp":"2022-5-6 12:25:13"},"labels":{"instanceId":"0067430fbdf8497301732486903449ce1ad928680c0f0325f15430c7bed22be2f601789463027844e3f1a908a21bd50a24d6eb57beb97b1070da88a46d5bf9dc8679"},"logName":"projects/muni-production-f8e72/logs/run.googleapis.com%2Fstdout","receiveTimestamp":"2022-05-06T12:25:13.491687250Z","resource":{"labels":{"configuration_name":"muni-back","location":"asia-northeast1","project_id":"muni-production-f8e72","revision_name":"muni-back-hpgtt","service_name":"muni-back"},"type":"cloud_run_revision"},"timestamp":"2022-05-06T12:25:13.287006Z"}
{"insertId":"627513a9000190072e93b789","jsonPayload":{"ident":"RECIEVE","level":"INFO","message":"Recieve the recent posted works request.","method":"RecentPostAPI","timestamp":"2022-5-6 12:25:13"},"labels":{"instanceId":"0067430fbdf8497301732486903449ce1ad928680c0f0325f15430c7bed22be2f601789463027844e3f1a908a21bd50a24d6eb57beb97b1070da88a46d5bf9dc8679"},"logName":"projects/muni-production-f8e72/logs/run.googleapis.com%2Fstdout","receiveTimestamp":"2022-05-06T12:25:13.159565104Z","resource":{"labels":{"configuration_name":"muni-back","location":"asia-northeast1","project_id":"muni-production-f8e72","revision_name":"muni-back-hpgtt","service_name":"muni-back"},"type":"cloud_run_revision"},"timestamp":"2022-05-06T12:25:13.102407Z"}
{"httpRequest":{"latency":"0.002525589s","protocol":"HTTP/1.1","referer":"https://muni.ink/","remoteIp":"121.118.177.236","requestMethod":"OPTIONS","requestSize":"762","requestUrl":"https://api.muni.ink/recent","responseSize":"853","serverIp":"35.241.42.228","status":204,"userAgent":"Mozilla/5.0 (Linux; Android 12; SC-03L) AppleWebKit/537.36 (KHTML, like Gecko) Chrome/101.0.4951.41 Mobile Safari/537.36"},"insertId":"627513a90000ed2de63f1f9f","labels":{"instanceId":"0067430fbdf8497301732486903449ce1ad928680c0f0325f15430c7bed22be2f601789463027844e3f1a908a21bd50a24d6eb57beb97b1070da88a46d5bf9dc8679"},"logName":"projects/muni-production-f8e72/logs/run.googleapis.com%2Frequests","receiveTimestamp":"2022-05-06T12:25:13.129428280Z","resource":{"labels":{"configuration_name":"muni-back","location":"asia-northeast1","project_id":"muni-production-f8e72","revision_name":"muni-back-hpgtt","service_name":"muni-back"},"type":"cloud_run_revision"},"severity":"INFO","timestamp":"2022-05-06T12:25:13.060717Z","trace":"projects/muni-production-f8e72/traces/931645563b1c9e326104068d63b06214"}
{"httpRequest":{"latency":"0.473073076s","protocol":"HTTP/1.1","referer":"https://muni.ink/","remoteIp":"121.118.177.236","requestMethod":"GET","requestSize":"963","requestUrl":"https://storage.muni.ink/work/TLZWOyoQvXDfZOIa8wW5","responseSize":"117227","serverIp":"35.241.42.228","status":200,"userAgent":"Mozilla/5.0 (Linux; Android 12; SC-03L) AppleWebKit/537.36 (KHTML, like Gecko) Chrome/101.0.4951.41 Mobile Safari/537.36"},"insertId":"627513a600028551eb6f504e","labels":{"instanceId":"0067430fbdf8497301732486903449ce1ad928680c0f0325f15430c7bed22be2f601789463027844e3f1a908a21bd50a24d6eb57beb97b1070da88a46d5bf9dc8679"},"logName":"projects/muni-production-f8e72/logs/run.googleapis.com%2Frequests","receiveTimestamp":"2022-05-06T12:25:10.466345734Z","resource":{"labels":{"configuration_name":"muni-back","location":"asia-northeast1","project_id":"muni-production-f8e72","revision_name":"muni-back-hpgtt","service_name":"muni-back"},"type":"cloud_run_revision"},"severity":"INFO","timestamp":"2022-05-06T12:25:10.165201Z","trace":"projects/muni-production-f8e72/traces/978bf370793c77b5359b9393033de9a1"}
{"insertId":"627513a600027dbc33a6e928","jsonPayload":{"ident":"COMPLETE","level":"INFO","message":"Success to fetch optimized image","method":"WorkAPI","timestamp":"2022-5-6 12:25:10","workId":"TLZWOyoQvXDfZOIa8wW5"},"labels":{"instanceId":"0067430fbdf8497301732486903449ce1ad928680c0f0325f15430c7bed22be2f601789463027844e3f1a908a21bd50a24d6eb57beb97b1070da88a46d5bf9dc8679"},"logName":"projects/muni-production-f8e72/logs/run.googleapis.com%2Fstdout","receiveTimestamp":"2022-05-06T12:25:10.493387498Z","resource":{"labels":{"configuration_name":"muni-back","location":"asia-northeast1","project_id":"muni-production-f8e72","revision_name":"muni-back-hpgtt","service_name":"muni-back"},"type":"cloud_run_revision"},"timestamp":"2022-05-06T12:25:10.163260Z"}
{"insertId":"627513a5000a943282c7aa3f","jsonPayload":{"ident":"RECIEVED","level":"INFO","message":"Request recieved for TLZWOyoQvXDfZOIa8wW5.","method":"WorkAPI","timestamp":"2022-5-6 12:25:9","workId":"TLZWOyoQvXDfZOIa8wW5"},"labels":{"instanceId":"0067430fbdf8497301732486903449ce1ad928680c0f0325f15430c7bed22be2f601789463027844e3f1a908a21bd50a24d6eb57beb97b1070da88a46d5bf9dc8679"},"logName":"projects/muni-production-f8e72/logs/run.googleapis.com%2Fstdout","receiveTimestamp":"2022-05-06T12:25:09.828954179Z","resource":{"labels":{"configuration_name":"muni-back","location":"asia-northeast1","project_id":"muni-production-f8e72","revision_name":"muni-back-hpgtt","service_name":"muni-back"},"type":"cloud_run_revision"},"timestamp":"2022-05-06T12:25:09.693298Z"}
{"httpRequest":{"latency":"0.070821168s","protocol":"HTTP/1.1","referer":"https://muni.ink/?gclid=CjwKCAjwjtOTBhAvEiwASG4bCLJ_CPrVkHk4fpMXfW9Q2HRxZ_7cp_NWSNg31bbkUZTiSKJe-TeU3xoCZskQAvD_BwE","remoteIp":"121.118.177.236","requestMethod":"GET","requestSize":"1050","requestUrl":"https://muni.ink/_next/data/IVVvbvvWS4XaF0igaWv4S/painting/TLZWOyoQvXDfZOIa8wW5.json?id=TLZWOyoQvXDfZOIa8wW5","responseSize":"1400","serverIp":"35.241.42.228","status":200,"userAgent":"Mozilla/5.0 (Linux; Android 12; SC-03L) AppleWebKit/537.36 (KHTML, like Gecko) Chrome/101.0.4951.41 Mobile Safari/537.36"},"insertId":"627513a500097cc783830884","labels":{"instanceId":"0067430fbd7af03cb17d92900b5f3305989a61b2bd445dd81108ccfd0293c2aeb5c985f7ae593a5d75291bf8faf2b546eff48eec5f9779a88bd23cf4a59c0f70bf36"},"logName":"projects/muni-production-f8e72/logs/run.googleapis.com%2Frequests","receiveTimestamp":"2022-05-06T12:25:09.826388945Z","resource":{"labels":{"configuration_name":"muni-front","location":"asia-northeast1","project_id":"muni-production-f8e72","revision_name":"muni-front-jq7fz","service_name":"muni-front"},"type":"cloud_run_revision"},"severity":"INFO","timestamp":"2022-05-06T12:25:09.621767Z","trace":"projects/muni-production-f8e72/traces/3f365deb7473a41cecdbcea1b5e442ca"}
{"httpRequest":{"latency":"0.058772306s","protocol":"HTTP/1.1","remoteIp":"35.203.249.164","requestMethod":"POST","requestSize":"524","requestUrl":"https://api.muni.ink/workmeta","responseSize":"1426","serverIp":"35.241.42.228","status":200,"userAgent":"node-fetch/1.0 (+https://github.com/bitinn/node-fetch)"},"insertId":"627513a500096e7a1c3b0bd1","labels":{"instanceId":"0067430fbdf8497301732486903449ce1ad928680c0f0325f15430c7bed22be2f601789463027844e3f1a908a21bd50a24d6eb57beb97b1070da88a46d5bf9dc8679"},"logName":"projects/muni-production-f8e72/logs/run.googleapis.com%2Frequests","receiveTimestamp":"2022-05-06T12:25:09.797233706Z","resource":{"labels":{"configuration_name":"muni-back","location":"asia-northeast1","project_id":"muni-production-f8e72","revision_name":"muni-back-hpgtt","service_name":"muni-back"},"type":"cloud_run_revision"},"severity":"INFO","timestamp":"2022-05-06T12:25:09.618106Z","trace":"projects/muni-production-f8e72/traces/90d79908e764e95b5caa2024eb23df42"}
{"insertId":"627513a50008d865c4269ced","jsonPayload":{"ident":"SUCCESS_TO_FIND","level":"INFO","message":"Work found.","method":"WorkMetadataAPI","timestamp":"2022-5-6 12:25:9","workId":"TLZWOyoQvXDfZOIa8wW5"},"labels":{"instanceId":"0067430fbdf8497301732486903449ce1ad928680c0f0325f15430c7bed22be2f601789463027844e3f1a908a21bd50a24d6eb57beb97b1070da88a46d5bf9dc8679"},"logName":"projects/muni-production-f8e72/logs/run.googleapis.com%2Fstdout","receiveTimestamp":"2022-05-06T12:25:09.828954179Z","resource":{"labels":{"configuration_name":"muni-back","location":"asia-northeast1","project_id":"muni-production-f8e72","revision_name":"muni-back-hpgtt","service_name":"muni-back"},"type":"cloud_run_revision"},"timestamp":"2022-05-06T12:25:09.579685Z"}
{"insertId":"627513a500088eeb5d3d028a","jsonPayload":{"ident":"RECIEVE","level":"INFO","message":"Recieve the work metadata request.","method":"WorkMetadataAPI","timestamp":"2022-5-6 12:25:9"},"labels":{"instanceId":"0067430fbdf8497301732486903449ce1ad928680c0f0325f15430c7bed22be2f601789463027844e3f1a908a21bd50a24d6eb57beb97b1070da88a46d5bf9dc8679"},"logName":"projects/muni-production-f8e72/logs/run.googleapis.com%2Fstdout","receiveTimestamp":"2022-05-06T12:25:09.828954179Z","resource":{"labels":{"configuration_name":"muni-back","location":"asia-northeast1","project_id":"muni-production-f8e72","revision_name":"muni-back-hpgtt","service_name":"muni-back"},"type":"cloud_run_revision"},"timestamp":"2022-05-06T12:25:09.560875Z"}
{"httpRequest":{"latency":"0.113041081s","protocol":"HTTP/1.1","referer":"https://muni.ink/","remoteIp":"121.118.177.236","requestMethod":"POST","requestSize":"873","requestUrl":"https://api.muni.ink/recent","responseSize":"12342","serverIp":"35.241.42.228","status":200,"userAgent":"Mozilla/5.0 (Linux; Android 12; SC-03L) AppleWebKit/537.36 (KHTML, like Gecko) Chrome/101.0.4951.41 Mobile Safari/537.36"},"insertId":"627513a3000cf11c09dc331f","labels":{"instanceId":"0067430fbdf8497301732486903449ce1ad928680c0f0325f15430c7bed22be2f601789463027844e3f1a908a21bd50a24d6eb57beb97b1070da88a46d5bf9dc8679"},"logName":"projects/muni-production-f8e72/logs/run.googleapis.com%2Frequests","receiveTimestamp":"2022-05-06T12:25:08.132484895Z","resource":{"labels":{"configuration_name":"muni-back","location":"asia-northeast1","project_id":"muni-production-f8e72","revision_name":"muni-back-hpgtt","service_name":"muni-back"},"type":"cloud_run_revision"},"severity":"INFO","timestamp":"2022-05-06T12:25:07.848156Z","trace":"projects/muni-production-f8e72/traces/ca246f7de439eccb7cad91e6e60bf01a"}
{"insertId":"627513a3000ce9c1fca7d12a","jsonPayload":{"ident":"FETCH_SUCCESS","level":"INFO","message":"Success to fetch.","method":"RecentPostAPI","timestamp":"2022-5-6 12:25:7"},"labels":{"instanceId":"0067430fbdf8497301732486903449ce1ad928680c0f0325f15430c7bed22be2f601789463027844e3f1a908a21bd50a24d6eb57beb97b1070da88a46d5bf9dc8679"},"logName":"projects/muni-production-f8e72/logs/run.googleapis.com%2Fstdout","receiveTimestamp":"2022-05-06T12:25:08.163781318Z","resource":{"labels":{"configuration_name":"muni-back","location":"asia-northeast1","project_id":"muni-production-f8e72","revision_name":"muni-back-hpgtt","service_name":"muni-back"},"type":"cloud_run_revision"},"timestamp":"2022-05-06T12:25:07.846273Z"}
{"insertId":"627513a3000b3e29e2aeb48c","jsonPayload":{"ident":"RECIEVE","level":"INFO","message":"Recieve the recent posted works request.","method":"RecentPostAPI","timestamp":"2022-5-6 12:25:7"},"labels":{"instanceId":"0067430fbdf8497301732486903449ce1ad928680c0f0325f15430c7bed22be2f601789463027844e3f1a908a21bd50a24d6eb57beb97b1070da88a46d5bf9dc8679"},"logName":"projects/muni-production-f8e72/logs/run.googleapis.com%2Fstdout","receiveTimestamp":"2022-05-06T12:25:07.830590269Z","resource":{"labels":{"configuration_name":"muni-back","location":"asia-northeast1","project_id":"muni-production-f8e72","revision_name":"muni-back-hpgtt","service_name":"muni-back"},"type":"cloud_run_revision"},"timestamp":"2022-05-06T12:25:07.736809Z"}
{"httpRequest":{"latency":"0.002354939s","protocol":"HTTP/1.1","referer":"https://muni.ink/","remoteIp":"121.118.177.236","requestMethod":"OPTIONS","requestSize":"762","requestUrl":"https://api.muni.ink/recent","responseSize":"853","serverIp":"35.241.42.228","status":204,"userAgent":"Mozilla/5.0 (Linux; Android 12; SC-03L) AppleWebKit/537.36 (KHTML, like Gecko) Chrome/101.0.4951.41 Mobile Safari/537.36"},"insertId":"627513a3000ad5b72a53ea4e","labels":{"instanceId":"0067430fbdf8497301732486903449ce1ad928680c0f0325f15430c7bed22be2f601789463027844e3f1a908a21bd50a24d6eb57beb97b1070da88a46d5bf9dc8679"},"logName":"projects/muni-production-f8e72/logs/run.googleapis.com%2Frequests","receiveTimestamp":"2022-05-06T12:25:07.799629275Z","resource":{"labels":{"configuration_name":"muni-back","location":"asia-northeast1","project_id":"muni-production-f8e72","revision_name":"muni-back-hpgtt","service_name":"muni-back"},"type":"cloud_run_revision"},"severity":"INFO","timestamp":"2022-05-06T12:25:07.710071Z","trace":"projects/muni-production-f8e72/traces/a5151a4839e236521515d358bb36dc67"}
{"httpRequest":{"latency":"0.506296177s","protocol":"HTTP/1.1","referer":"https://muni.ink/","remoteIp":"121.118.177.236","requestMethod":"GET","requestSize":"964","requestUrl":"https://storage.muni.ink/work/5qWs1G0SDjL2nZQVXPti","responseSize":"223753","serverIp":"35.241.42.228","status":200,"userAgent":"Mozilla/5.0 (Linux; Android 12; SC-03L) AppleWebKit/537.36 (KHTML, like Gecko) Chrome/101.0.4951.41 Mobile Safari/537.36"},"insertId":"627513a000010ee83dbe9c60","labels":{"instanceId":"0067430fbdf8497301732486903449ce1ad928680c0f0325f15430c7bed22be2f601789463027844e3f1a908a21bd50a24d6eb57beb97b1070da88a46d5bf9dc8679"},"logName":"projects/muni-production-f8e72/logs/run.googleapis.com%2Frequests","receiveTimestamp":"2022-05-06T12:25:04.135804590Z","resource":{"labels":{"configuration_name":"muni-back","location":"asia-northeast1","project_id":"muni-production-f8e72","revision_name":"muni-back-hpgtt","service_name":"muni-back"},"type":"cloud_run_revision"},"severity":"INFO","timestamp":"2022-05-06T12:25:04.069352Z","trace":"projects/muni-production-f8e72/traces/ea3ecae2eac5b58fd6a2c36dd899e94d"}
{"insertId":"627513a000010744cae22d4a","jsonPayload":{"ident":"COMPLETE","level":"INFO","message":"Success to fetch optimized image","method":"WorkAPI","timestamp":"2022-5-6 12:25:4","workId":"5qWs1G0SDjL2nZQVXPti"},"labels":{"instanceId":"0067430fbdf8497301732486903449ce1ad928680c0f0325f15430c7bed22be2f601789463027844e3f1a908a21bd50a24d6eb57beb97b1070da88a46d5bf9dc8679"},"logName":"projects/muni-production-f8e72/logs/run.googleapis.com%2Fstdout","receiveTimestamp":"2022-05-06T12:25:04.167270776Z","resource":{"labels":{"configuration_name":"muni-back","location":"asia-northeast1","project_id":"muni-production-f8e72","revision_name":"muni-back-hpgtt","service_name":"muni-back"},"type":"cloud_run_revision"},"timestamp":"2022-05-06T12:25:04.067396Z"}
{"insertId":"6275139f00089ca72d4d3e19","jsonPayload":{"ident":"RECIEVED","level":"INFO","message":"Request recieved for 5qWs1G0SDjL2nZQVXPti.","method":"WorkAPI","timestamp":"2022-5-6 12:25:3","workId":"5qWs1G0SDjL2nZQVXPti"},"labels":{"instanceId":"0067430fbdf8497301732486903449ce1ad928680c0f0325f15430c7bed22be2f601789463027844e3f1a908a21bd50a24d6eb57beb97b1070da88a46d5bf9dc8679"},"logName":"projects/muni-production-f8e72/logs/run.googleapis.com%2Fstdout","receiveTimestamp":"2022-05-06T12:25:03.837261543Z","resource":{"labels":{"configuration_name":"muni-back","location":"asia-northeast1","project_id":"muni-production-f8e72","revision_name":"muni-back-hpgtt","service_name":"muni-back"},"type":"cloud_run_revision"},"timestamp":"2022-05-06T12:25:03.564391Z"}
{"httpRequest":{"latency":"0.069168439s","protocol":"HTTP/1.1","referer":"https://muni.ink/?gclid=CjwKCAjwjtOTBhAvEiwASG4bCLJ_CPrVkHk4fpMXfW9Q2HRxZ_7cp_NWSNg31bbkUZTiSKJe-TeU3xoCZskQAvD_BwE","remoteIp":"121.118.177.236","requestMethod":"GET","requestSize":"1049","requestUrl":"https://muni.ink/_next/data/IVVvbvvWS4XaF0igaWv4S/painting/5qWs1G0SDjL2nZQVXPti.json?id=5qWs1G0SDjL2nZQVXPti","responseSize":"1288","serverIp":"35.241.42.228","status":200,"userAgent":"Mozilla/5.0 (Linux; Android 12; SC-03L) AppleWebKit/537.36 (KHTML, like Gecko) Chrome/101.0.4951.41 Mobile Safari/537.36"},"insertId":"6275139f0007912e14605ca2","labels":{"instanceId":"0067430fbd7af03cb17d92900b5f3305989a61b2bd445dd81108ccfd0293c2aeb5c985f7ae593a5d75291bf8faf2b546eff48eec5f9779a88bd23cf4a59c0f70bf36"},"logName":"projects/muni-production-f8e72/logs/run.googleapis.com%2Frequests","receiveTimestamp":"2022-05-06T12:25:03.498973752Z","resource":{"labels":{"configuration_name":"muni-front","location":"asia-northeast1","project_id":"muni-production-f8e72","revision_name":"muni-front-jq7fz","service_name":"muni-front"},"type":"cloud_run_revision"},"severity":"INFO","timestamp":"2022-05-06T12:25:03.495918Z","trace":"projects/muni-production-f8e72/traces/09ece19bf6efa371eca995214c6e0a45"}
{"httpRequest":{"latency":"0.056481432s","protocol":"HTTP/1.1","remoteIp":"35.203.249.164","requestMethod":"POST","requestSize":"524","requestUrl":"https://api.muni.ink/workmeta","responseSize":"1314","serverIp":"35.241.42.228","status":200,"userAgent":"node-fetch/1.0 (+https://github.com/bitinn/node-fetch)"},"insertId":"6275139f000781ba4cf90111","labels":{"instanceId":"0067430fbdf8497301732486903449ce1ad928680c0f0325f15430c7bed22be2f601789463027844e3f1a908a21bd50a24d6eb57beb97b1070da88a46d5bf9dc8679"},"logName":"projects/muni-production-f8e72/logs/run.googleapis.com%2Frequests","receiveTimestamp":"2022-05-06T12:25:03.804853772Z","resource":{"labels":{"configuration_name":"muni-back","location":"asia-northeast1","project_id":"muni-production-f8e72","revision_name":"muni-back-hpgtt","service_name":"muni-back"},"type":"cloud_run_revision"},"severity":"INFO","timestamp":"2022-05-06T12:25:03.491962Z","trace":"projects/muni-production-f8e72/traces/4d653fb3e60c65eeadd9efc3182bead9"}
{"insertId":"6275139f0006fcb791827222","jsonPayload":{"ident":"SUCCESS_TO_FIND","level":"INFO","message":"Work found.","method":"WorkMetadataAPI","timestamp":"2022-5-6 12:25:3","workId":"5qWs1G0SDjL2nZQVXPti"},"labels":{"instanceId":"0067430fbdf8497301732486903449ce1ad928680c0f0325f15430c7bed22be2f601789463027844e3f1a908a21bd50a24d6eb57beb97b1070da88a46d5bf9dc8679"},"logName":"projects/muni-production-f8e72/logs/run.googleapis.com%2Fstdout","receiveTimestamp":"2022-05-06T12:25:03.500399593Z","resource":{"labels":{"configuration_name":"muni-back","location":"asia-northeast1","project_id":"muni-production-f8e72","revision_name":"muni-back-hpgtt","service_name":"muni-back"},"type":"cloud_run_revision"},"timestamp":"2022-05-06T12:25:03.457911Z"}
{"insertId":"6275139f0006abcfbaedd1c2","jsonPayload":{"ident":"RECIEVE","level":"INFO","message":"Recieve the work metadata request.","method":"WorkMetadataAPI","timestamp":"2022-5-6 12:25:3"},"labels":{"instanceId":"0067430fbdf8497301732486903449ce1ad928680c0f0325f15430c7bed22be2f601789463027844e3f1a908a21bd50a24d6eb57beb97b1070da88a46d5bf9dc8679"},"logName":"projects/muni-production-f8e72/logs/run.googleapis.com%2Fstdout","receiveTimestamp":"2022-05-06T12:25:03.500399593Z","resource":{"labels":{"configuration_name":"muni-back","location":"asia-northeast1","project_id":"muni-production-f8e72","revision_name":"muni-back-hpgtt","service_name":"muni-back"},"type":"cloud_run_revision"},"timestamp":"2022-05-06T12:25:03.437199Z"}
{"httpRequest":{"latency":"0.373226279s","protocol":"HTTP/1.1","referer":"https://muni.ink/","remoteIp":"121.118.177.236","requestMethod":"GET","requestSize":"979","requestUrl":"https://storage.muni.ink/work/KrbBlZcwb2i9dEu7llWh?thumbnail=true","responseSize":"17230","serverIp":"35.241.42.228","status":200,"userAgent":"Mozilla/5.0 (Linux; Android 12; SC-03L) AppleWebKit/537.36 (KHTML, like Gecko) Chrome/101.0.4951.41 Mobile Safari/537.36"},"insertId":"6275139b000e520ea9c4fc2b","labels":{"instanceId":"0067430fbdf8497301732486903449ce1ad928680c0f0325f15430c7bed22be2f601789463027844e3f1a908a21bd50a24d6eb57beb97b1070da88a46d5bf9dc8679"},"logName":"projects/muni-production-f8e72/logs/run.googleapis.com%2Frequests","receiveTimestamp":"2022-05-06T12:25:00.143197796Z","resource":{"labels":{"configuration_name":"muni-back","location":"asia-northeast1","project_id":"muni-production-f8e72","revision_name":"muni-back-hpgtt","service_name":"muni-back"},"type":"cloud_run_revision"},"severity":"INFO","timestamp":"2022-05-06T12:24:59.938510Z","trace":"projects/muni-production-f8e72/traces/d5ddecdf9b73291a01e88d60dcdf8c1a"}
{"insertId":"6275139b000e4c1c6875eece","jsonPayload":{"ident":"COMPLETE","level":"INFO","message":"Success to fetch optimized image","method":"WorkAPI","timestamp":"2022-5-6 12:24:59","workId":"KrbBlZcwb2i9dEu7llWh"},"labels":{"instanceId":"0067430fbdf8497301732486903449ce1ad928680c0f0325f15430c7bed22be2f601789463027844e3f1a908a21bd50a24d6eb57beb97b1070da88a46d5bf9dc8679"},"logName":"projects/muni-production-f8e72/logs/run.googleapis.com%2Fstdout","receiveTimestamp":"2022-05-06T12:25:00.169982380Z","resource":{"labels":{"configuration_name":"muni-back","location":"asia-northeast1","project_id":"muni-production-f8e72","revision_name":"muni-back-hpgtt","service_name":"muni-back"},"type":"cloud_run_revision"},"timestamp":"2022-05-06T12:24:59.936988Z"}
{"insertId":"6275139b0008a5f4f3621f33","jsonPayload":{"ident":"RECIEVED","level":"INFO","message":"Request recieved for KrbBlZcwb2i9dEu7llWh.","method":"WorkAPI","timestamp":"2022-5-6 12:24:59","workId":"KrbBlZcwb2i9dEu7llWh"},"labels":{"instanceId":"0067430fbdf8497301732486903449ce1ad928680c0f0325f15430c7bed22be2f601789463027844e3f1a908a21bd50a24d6eb57beb97b1070da88a46d5bf9dc8679"},"logName":"projects/muni-production-f8e72/logs/run.googleapis.com%2Fstdout","receiveTimestamp":"2022-05-06T12:24:59.838637890Z","resource":{"labels":{"configuration_name":"muni-back","location":"asia-northeast1","project_id":"muni-production-f8e72","revision_name":"muni-back-hpgtt","service_name":"muni-back"},"type":"cloud_run_revision"},"timestamp":"2022-05-06T12:24:59.566772Z"}
{"httpRequest":{"latency":"0.168618408s","protocol":"HTTP/1.1","referer":"https://muni.ink/","remoteIp":"121.118.177.236","requestMethod":"POST","requestSize":"872","requestUrl":"https://api.muni.ink/recent","responseSize":"12342","serverIp":"35.241.42.228","status":200,"userAgent":"Mozilla/5.0 (Linux; Android 12; SC-03L) AppleWebKit/537.36 (KHTML, like Gecko) Chrome/101.0.4951.41 Mobile Safari/537.36"},"insertId":"6275139800052ee172a0328c","labels":{"instanceId":"0067430fbdf8497301732486903449ce1ad928680c0f0325f15430c7bed22be2f601789463027844e3f1a908a21bd50a24d6eb57beb97b1070da88a46d5bf9dc8679"},"logName":"projects/muni-production-f8e72/logs/run.googleapis.com%2Frequests","receiveTimestamp":"2022-05-06T12:24:56.479015671Z","resource":{"labels":{"configuration_name":"muni-back","location":"asia-northeast1","project_id":"muni-production-f8e72","revision_name":"muni-back-hpgtt","service_name":"muni-back"},"type":"cloud_run_revision"},"severity":"INFO","timestamp":"2022-05-06T12:24:56.339681Z","trace":"projects/muni-production-f8e72/traces/8e5e2f469634bd6f0d8bf660e2808569"}
{"insertId":"6275139800052851d24a9b69","jsonPayload":{"ident":"FETCH_SUCCESS","level":"INFO","message":"Success to fetch.","method":"RecentPostAPI","timestamp":"2022-5-6 12:24:56"},"labels":{"instanceId":"0067430fbdf8497301732486903449ce1ad928680c0f0325f15430c7bed22be2f601789463027844e3f1a908a21bd50a24d6eb57beb97b1070da88a46d5bf9dc8679"},"logName":"projects/muni-production-f8e72/logs/run.googleapis.com%2Fstdout","receiveTimestamp":"2022-05-06T12:24:56.506161703Z","resource":{"labels":{"configuration_name":"muni-back","location":"asia-northeast1","project_id":"muni-production-f8e72","revision_name":"muni-back-hpgtt","service_name":"muni-back"},"type":"cloud_run_revision"},"timestamp":"2022-05-06T12:24:56.338001Z"}
{"insertId":"627513980002a22521a0696c","jsonPayload":{"ident":"RECIEVE","level":"INFO","message":"Recieve the recent posted works request.","method":"RecentPostAPI","timestamp":"2022-5-6 12:24:56"},"labels":{"instanceId":"0067430fbdf8497301732486903449ce1ad928680c0f0325f15430c7bed22be2f601789463027844e3f1a908a21bd50a24d6eb57beb97b1070da88a46d5bf9dc8679"},"logName":"projects/muni-production-f8e72/logs/run.googleapis.com%2Fstdout","receiveTimestamp":"2022-05-06T12:24:56.176078555Z","resource":{"labels":{"configuration_name":"muni-back","location":"asia-northeast1","project_id":"muni-production-f8e72","revision_name":"muni-back-hpgtt","service_name":"muni-back"},"type":"cloud_run_revision"},"timestamp":"2022-05-06T12:24:56.172581Z"}
{"httpRequest":{"latency":"0.002502140s","protocol":"HTTP/1.1","referer":"https://muni.ink/","remoteIp":"121.118.177.236","requestMethod":"OPTIONS","requestSize":"763","requestUrl":"https://api.muni.ink/recent","responseSize":"853","serverIp":"35.241.42.228","status":204,"userAgent":"Mozilla/5.0 (Linux; Android 12; SC-03L) AppleWebKit/537.36 (KHTML, like Gecko) Chrome/101.0.4951.41 Mobile Safari/537.36"},"insertId":"6275139800022e3e2b0a17de","labels":{"instanceId":"0067430fbdf8497301732486903449ce1ad928680c0f0325f15430c7bed22be2f601789463027844e3f1a908a21bd50a24d6eb57beb97b1070da88a46d5bf9dc8679"},"logName":"projects/muni-production-f8e72/logs/run.googleapis.com%2Frequests","receiveTimestamp":"2022-05-06T12:24:56.148272475Z","resource":{"labels":{"configuration_name":"muni-back","location":"asia-northeast1","project_id":"muni-production-f8e72","revision_name":"muni-back-hpgtt","service_name":"muni-back"},"type":"cloud_run_revision"},"severity":"INFO","timestamp":"2022-05-06T12:24:56.142910Z","trace":"projects/muni-production-f8e72/traces/7e3b94a6a1b371cb5cf7ed0f80a5a3f1"}
{"httpRequest":{"latency":"0.602248851s","protocol":"HTTP/1.1","referer":"https://muni.ink/","remoteIp":"121.118.177.236","requestMethod":"GET","requestSize":"963","requestUrl":"https://storage.muni.ink/work/uMlcXcuMjV5nXjUAP7kj","responseSize":"1284154","serverIp":"35.241.42.228","status":200,"userAgent":"Mozilla/5.0 (Linux; Android 12; SC-03L) AppleWebKit/537.36 (KHTML, like Gecko) Chrome/101.0.4951.41 Mobile Safari/537.36"},"insertId":"62751388000654c69461f37b","labels":{"instanceId":"0067430fbdf8497301732486903449ce1ad928680c0f0325f15430c7bed22be2f601789463027844e3f1a908a21bd50a24d6eb57beb97b1070da88a46d5bf9dc8679"},"logName":"projects/muni-production-f8e72/logs/run.googleapis.com%2Frequests","receiveTimestamp":"2022-05-06T12:24:40.573359648Z","resource":{"labels":{"configuration_name":"muni-back","location":"asia-northeast1","project_id":"muni-production-f8e72","revision_name":"muni-back-hpgtt","service_name":"muni-back"},"type":"cloud_run_revision"},"severity":"INFO","timestamp":"2022-05-06T12:24:40.414918Z","trace":"projects/muni-production-f8e72/traces/9485b4f3c6974545a19f85e2ba6696b3"}
{"insertId":"62751388000642e9a7df9d0b","jsonPayload":{"ident":"COMPLETE","level":"INFO","message":"Success to fetch optimized image","method":"WorkAPI","timestamp":"2022-5-6 12:24:40","workId":"uMlcXcuMjV5nXjUAP7kj"},"labels":{"instanceId":"0067430fbdf8497301732486903449ce1ad928680c0f0325f15430c7bed22be2f601789463027844e3f1a908a21bd50a24d6eb57beb97b1070da88a46d5bf9dc8679"},"logName":"projects/muni-production-f8e72/logs/run.googleapis.com%2Fstdout","receiveTimestamp":"2022-05-06T12:24:40.626879455Z","resource":{"labels":{"configuration_name":"muni-back","location":"asia-northeast1","project_id":"muni-production-f8e72","revision_name":"muni-back-hpgtt","service_name":"muni-back"},"type":"cloud_run_revision"},"timestamp":"2022-05-06T12:24:40.410345Z"}
{"insertId":"62751387000c6b92af1c69f2","jsonPayload":{"ident":"RECIEVED","level":"INFO","message":"Request recieved for uMlcXcuMjV5nXjUAP7kj.","method":"WorkAPI","timestamp":"2022-5-6 12:24:39","workId":"uMlcXcuMjV5nXjUAP7kj"},"labels":{"instanceId":"0067430fbdf8497301732486903449ce1ad928680c0f0325f15430c7bed22be2f601789463027844e3f1a908a21bd50a24d6eb57beb97b1070da88a46d5bf9dc8679"},"logName":"projects/muni-production-f8e72/logs/run.googleapis.com%2Fstdout","receiveTimestamp":"2022-05-06T12:24:39.959080956Z","resource":{"labels":{"configuration_name":"muni-back","location":"asia-northeast1","project_id":"muni-production-f8e72","revision_name":"muni-back-hpgtt","service_name":"muni-back"},"type":"cloud_run_revision"},"timestamp":"2022-05-06T12:24:39.813970Z"}
{"httpRequest":{"latency":"0.070640362s","protocol":"HTTP/1.1","referer":"https://muni.ink/?gclid=CjwKCAjwjtOTBhAvEiwASG4bCLJ_CPrVkHk4fpMXfW9Q2HRxZ_7cp_NWSNg31bbkUZTiSKJe-TeU3xoCZskQAvD_BwE","remoteIp":"121.118.177.236","requestMethod":"GET","requestSize":"1049","requestUrl":"https://muni.ink/_next/data/IVVvbvvWS4XaF0igaWv4S/painting/uMlcXcuMjV5nXjUAP7kj.json?id=uMlcXcuMjV5nXjUAP7kj","responseSize":"1406","serverIp":"35.241.42.228","status":200,"userAgent":"Mozilla/5.0 (Linux; Android 12; SC-03L) AppleWebKit/537.36 (KHTML, like Gecko) Chrome/101.0.4951.41 Mobile Safari/537.36"},"insertId":"62751387000b5244646483c8","labels":{"instanceId":"0067430fbd7af03cb17d92900b5f3305989a61b2bd445dd81108ccfd0293c2aeb5c985f7ae593a5d75291bf8faf2b546eff48eec5f9779a88bd23cf4a59c0f70bf36"},"logName":"projects/muni-production-f8e72/logs/run.googleapis.com%2Frequests","receiveTimestamp":"2022-05-06T12:24:39.845974574Z","resource":{"labels":{"configuration_name":"muni-front","location":"asia-northeast1","project_id":"muni-production-f8e72","revision_name":"muni-front-jq7fz","service_name":"muni-front"},"type":"cloud_run_revision"},"severity":"INFO","timestamp":"2022-05-06T12:24:39.741956Z","trace":"projects/muni-production-f8e72/traces/c19db1433ef7fc2c2d486eb6310d0bd0"}
{"httpRequest":{"latency":"0.056556920s","protocol":"HTTP/1.1","remoteIp":"35.203.249.164","requestMethod":"POST","requestSize":"525","requestUrl":"https://api.muni.ink/workmeta","responseSize":"1432","serverIp":"35.241.42.228","status":200,"userAgent":"node-fetch/1.0 (+https://github.com/bitinn/node-fetch)"},"insertId":"62751387000b426ac9005c78","labels":{"instanceId":"0067430fbdf8497301732486903449ce1ad928680c0f0325f15430c7bed22be2f601789463027844e3f1a908a21bd50a24d6eb57beb97b1070da88a46d5bf9dc8679"},"logName":"projects/muni-production-f8e72/logs/run.googleapis.com%2Frequests","receiveTimestamp":"2022-05-06T12:24:39.906370703Z","resource":{"labels":{"configuration_name":"muni-back","location":"asia-northeast1","project_id":"muni-production-f8e72","revision_name":"muni-back-hpgtt","service_name":"muni-back"},"type":"cloud_run_revision"},"severity":"INFO","timestamp":"2022-05-06T12:24:39.737898Z","trace":"projects/muni-production-f8e72/traces/91427481ad9e865f1b6c51bad133882e"}
{"insertId":"62751387000aa770d8484acb","jsonPayload":{"ident":"SUCCESS_TO_FIND","level":"INFO","message":"Work found.","method":"WorkMetadataAPI","timestamp":"2022-5-6 12:24:39","workId":"uMlcXcuMjV5nXjUAP7kj"},"labels":{"instanceId":"0067430fbdf8497301732486903449ce1ad928680c0f0325f15430c7bed22be2f601789463027844e3f1a908a21bd50a24d6eb57beb97b1070da88a46d5bf9dc8679"},"logName":"projects/muni-production-f8e72/logs/run.googleapis.com%2Fstdout","receiveTimestamp":"2022-05-06T12:24:39.959080956Z","resource":{"labels":{"configuration_name":"muni-back","location":"asia-northeast1","project_id":"muni-production-f8e72","revision_name":"muni-back-hpgtt","service_name":"muni-back"},"type":"cloud_run_revision"},"timestamp":"2022-05-06T12:24:39.698224Z"}
{"insertId":"62751387000a6ba5ec33f5a5","jsonPayload":{"ident":"RECIEVE","level":"INFO","message":"Recieve the work metadata request.","method":"WorkMetadataAPI","timestamp":"2022-5-6 12:24:39"},"labels":{"instanceId":"0067430fbdf8497301732486903449ce1ad928680c0f0325f15430c7bed22be2f601789463027844e3f1a908a21bd50a24d6eb57beb97b1070da88a46d5bf9dc8679"},"logName":"projects/muni-production-f8e72/logs/run.googleapis.com%2Fstdout","receiveTimestamp":"2022-05-06T12:24:39.959080956Z","resource":{"labels":{"configuration_name":"muni-back","location":"asia-northeast1","project_id":"muni-production-f8e72","revision_name":"muni-back-hpgtt","service_name":"muni-back"},"type":"cloud_run_revision"},"timestamp":"2022-05-06T12:24:39.682917Z"}
{"httpRequest":{"latency":"0.124451835s","protocol":"HTTP/1.1","referer":"https://muni.ink/","remoteIp":"121.118.177.236","requestMethod":"POST","requestSize":"872","requestUrl":"https://api.muni.ink/recent","responseSize":"12342","serverIp":"35.241.42.228","status":200,"userAgent":"Mozilla/5.0 (Linux; Android 12; SC-03L) AppleWebKit/537.36 (KHTML, like Gecko) Chrome/101.0.4951.41 Mobile Safari/537.36"},"insertId":"62751380000c6c06fa919c5f","labels":{"instanceId":"0067430fbdf8497301732486903449ce1ad928680c0f0325f15430c7bed22be2f601789463027844e3f1a908a21bd50a24d6eb57beb97b1070da88a46d5bf9dc8679"},"logName":"projects/muni-production-f8e72/logs/run.googleapis.com%2Frequests","receiveTimestamp":"2022-05-06T12:24:32.913130844Z","resource":{"labels":{"configuration_name":"muni-back","location":"asia-northeast1","project_id":"muni-production-f8e72","revision_name":"muni-back-hpgtt","service_name":"muni-back"},"type":"cloud_run_revision"},"severity":"INFO","timestamp":"2022-05-06T12:24:32.814086Z","trace":"projects/muni-production-f8e72/traces/b758d4ced95f3429ba3e0c85c32211e9"}
{"insertId":"62751380000c6519b5804e75","jsonPayload":{"ident":"FETCH_SUCCESS","level":"INFO","message":"Success to fetch.","method":"RecentPostAPI","timestamp":"2022-5-6 12:24:32"},"labels":{"instanceId":"0067430fbdf8497301732486903449ce1ad928680c0f0325f15430c7bed22be2f601789463027844e3f1a908a21bd50a24d6eb57beb97b1070da88a46d5bf9dc8679"},"logName":"projects/muni-production-f8e72/logs/run.googleapis.com%2Fstdout","receiveTimestamp":"2022-05-06T12:24:32.968237833Z","resource":{"labels":{"configuration_name":"muni-back","location":"asia-northeast1","project_id":"muni-production-f8e72","revision_name":"muni-back-hpgtt","service_name":"muni-back"},"type":"cloud_run_revision"},"timestamp":"2022-05-06T12:24:32.812313Z"}
{"insertId":"62751380000a8e080a5056a1","jsonPayload":{"ident":"RECIEVE","level":"INFO","message":"Recieve the recent posted works request.","method":"RecentPostAPI","timestamp":"2022-5-6 12:24:32"},"labels":{"instanceId":"0067430fbdf8497301732486903449ce1ad928680c0f0325f15430c7bed22be2f601789463027844e3f1a908a21bd50a24d6eb57beb97b1070da88a46d5bf9dc8679"},"logName":"projects/muni-production-f8e72/logs/run.googleapis.com%2Fstdout","receiveTimestamp":"2022-05-06T12:24:32.968237833Z","resource":{"labels":{"configuration_name":"muni-back","location":"asia-northeast1","project_id":"muni-production-f8e72","revision_name":"muni-back-hpgtt","service_name":"muni-back"},"type":"cloud_run_revision"},"timestamp":"2022-05-06T12:24:32.691720Z"}
{"httpRequest":{"latency":"0.002308129s","protocol":"HTTP/1.1","referer":"https://muni.ink/","remoteIp":"121.118.177.236","requestMethod":"OPTIONS","requestSize":"762","requestUrl":"https://api.muni.ink/recent","responseSize":"853","serverIp":"35.241.42.228","status":204,"userAgent":"Mozilla/5.0 (Linux; Android 12; SC-03L) AppleWebKit/537.36 (KHTML, like Gecko) Chrome/101.0.4951.41 Mobile Safari/537.36"},"insertId":"62751380000a29a92e5df7b0","labels":{"instanceId":"0067430fbdf8497301732486903449ce1ad928680c0f0325f15430c7bed22be2f601789463027844e3f1a908a21bd50a24d6eb57beb97b1070da88a46d5bf9dc8679"},"logName":"projects/muni-production-f8e72/logs/run.googleapis.com%2Frequests","receiveTimestamp":"2022-05-06T12:24:32.913130844Z","resource":{"labels":{"configuration_name":"muni-back","location":"asia-northeast1","project_id":"muni-production-f8e72","revision_name":"muni-back-hpgtt","service_name":"muni-back"},"type":"cloud_run_revision"},"severity":"INFO","timestamp":"2022-05-06T12:24:32.666025Z","trace":"projects/muni-production-f8e72/traces/569a59c52dac2c9e39cdf1644187f9e0"}
{"httpRequest":{"latency":"0.654963840s","protocol":"HTTP/1.1","referer":"https://muni.ink/","remoteIp":"121.118.177.236","requestMethod":"GET","requestSize":"963","requestUrl":"https://storage.muni.ink/work/Pvp0SEse2xFu4vEYWRA3","responseSize":"1380452","serverIp":"35.241.42.228","status":200,"userAgent":"Mozilla/5.0 (Linux; Android 12; SC-03L) AppleWebKit/537.36 (KHTML, like Gecko) Chrome/101.0.4951.41 Mobile Safari/537.36"},"insertId":"6275137b0008fa73dbd4f3c6","labels":{"instanceId":"0067430fbdf8497301732486903449ce1ad928680c0f0325f15430c7bed22be2f601789463027844e3f1a908a21bd50a24d6eb57beb97b1070da88a46d5bf9dc8679"},"logName":"projects/muni-production-f8e72/logs/run.googleapis.com%2Frequests","receiveTimestamp":"2022-05-06T12:24:27.917786728Z","resource":{"labels":{"configuration_name":"muni-back","location":"asia-northeast1","project_id":"muni-production-f8e72","revision_name":"muni-back-hpgtt","service_name":"muni-back"},"type":"cloud_run_revision"},"severity":"INFO","timestamp":"2022-05-06T12:24:27.588403Z","trace":"projects/muni-production-f8e72/traces/6020cf0a42345a47a86b4aa8d4cd1c6c"}
{"insertId":"6275137b0008a1f6e0292d83","jsonPayload":{"ident":"COMPLETE","level":"INFO","message":"Success to fetch optimized image","method":"WorkAPI","timestamp":"2022-5-6 12:24:27","workId":"Pvp0SEse2xFu4vEYWRA3"},"labels":{"instanceId":"0067430fbdf8497301732486903449ce1ad928680c0f0325f15430c7bed22be2f601789463027844e3f1a908a21bd50a24d6eb57beb97b1070da88a46d5bf9dc8679"},"logName":"projects/muni-production-f8e72/logs/run.googleapis.com%2Fstdout","receiveTimestamp":"2022-05-06T12:24:27.640821526Z","resource":{"labels":{"configuration_name":"muni-back","location":"asia-northeast1","project_id":"muni-production-f8e72","revision_name":"muni-back-hpgtt","service_name":"muni-back"},"type":"cloud_run_revision"},"timestamp":"2022-05-06T12:24:27.565750Z"}
{"insertId":"6275137a000e43c066885b1b","jsonPayload":{"ident":"RECIEVED","level":"INFO","message":"Request recieved for Pvp0SEse2xFu4vEYWRA3.","method":"WorkAPI","timestamp":"2022-5-6 12:24:26","workId":"Pvp0SEse2xFu4vEYWRA3"},"labels":{"instanceId":"0067430fbdf8497301732486903449ce1ad928680c0f0325f15430c7bed22be2f601789463027844e3f1a908a21bd50a24d6eb57beb97b1070da88a46d5bf9dc8679"},"logName":"projects/muni-production-f8e72/logs/run.googleapis.com%2Fstdout","receiveTimestamp":"2022-05-06T12:24:26.974729190Z","resource":{"labels":{"configuration_name":"muni-back","location":"asia-northeast1","project_id":"muni-production-f8e72","revision_name":"muni-back-hpgtt","service_name":"muni-back"},"type":"cloud_run_revision"},"timestamp":"2022-05-06T12:24:26.934848Z"}
{"httpRequest":{"latency":"0.096464877s","protocol":"HTTP/1.1","referer":"https://muni.ink/?gclid=CjwKCAjwjtOTBhAvEiwASG4bCLJ_CPrVkHk4fpMXfW9Q2HRxZ_7cp_NWSNg31bbkUZTiSKJe-TeU3xoCZskQAvD_BwE","remoteIp":"121.118.177.236","requestMethod":"GET","requestSize":"1050","requestUrl":"https://muni.ink/_next/data/IVVvbvvWS4XaF0igaWv4S/painting/Pvp0SEse2xFu4vEYWRA3.json?id=Pvp0SEse2xFu4vEYWRA3","responseSize":"1416","serverIp":"35.241.42.228","status":200,"userAgent":"Mozilla/5.0 (Linux; Android 12; SC-03L) AppleWebKit/537.36 (KHTML, like Gecko) Chrome/101.0.4951.41 Mobile Safari/537.36"},"insertId":"6275137a000d0efcf0eb9417","labels":{"instanceId":"0067430fbd7af03cb17d92900b5f3305989a61b2bd445dd81108ccfd0293c2aeb5c985f7ae593a5d75291bf8faf2b546eff48eec5f9779a88bd23cf4a59c0f70bf36"},"logName":"projects/muni-production-f8e72/logs/run.googleapis.com%2Frequests","receiveTimestamp":"2022-05-06T12:24:26.858473738Z","resource":{"labels":{"configuration_name":"muni-front","location":"asia-northeast1","project_id":"muni-production-f8e72","revision_name":"muni-front-jq7fz","service_name":"muni-front"},"type":"cloud_run_revision"},"severity":"INFO","timestamp":"2022-05-06T12:24:26.855804Z","trace":"projects/muni-production-f8e72/traces/5d124cd693ec4d61fbec8c48a0293a41"}
{"httpRequest":{"latency":"0.078237323s","protocol":"HTTP/1.1","remoteIp":"35.203.249.164","requestMethod":"POST","requestSize":"524","requestUrl":"https://api.muni.ink/workmeta","responseSize":"1442","serverIp":"35.241.42.228","status":200,"userAgent":"node-fetch/1.0 (+https://github.com/bitinn/node-fetch)"},"insertId":"6275137a000ce74c1a0544e0","labels":{"instanceId":"0067430fbdf8497301732486903449ce1ad928680c0f0325f15430c7bed22be2f601789463027844e3f1a908a21bd50a24d6eb57beb97b1070da88a46d5bf9dc8679"},"logName":"projects/muni-production-f8e72/logs/run.googleapis.com%2Frequests","receiveTimestamp":"2022-05-06T12:24:26.918032246Z","resource":{"labels":{"configuration_name":"muni-back","location":"asia-northeast1","project_id":"muni-production-f8e72","revision_name":"muni-back-hpgtt","service_name":"muni-back"},"type":"cloud_run_revision"},"severity":"INFO","timestamp":"2022-05-06T12:24:26.845644Z","trace":"projects/muni-production-f8e72/traces/df0047dce29600b274a8934a51235811"}
{"insertId":"6275137a000c26847461969d","jsonPayload":{"ident":"SUCCESS_TO_FIND","level":"INFO","message":"Work found.","method":"WorkMetadataAPI","timestamp":"2022-5-6 12:24:26","workId":"Pvp0SEse2xFu4vEYWRA3"},"labels":{"instanceId":"0067430fbdf8497301732486903449ce1ad928680c0f0325f15430c7bed22be2f601789463027844e3f1a908a21bd50a24d6eb57beb97b1070da88a46d5bf9dc8679"},"logName":"projects/muni-production-f8e72/logs/run.googleapis.com%2Fstdout","receiveTimestamp":"2022-05-06T12:24:26.974729190Z","resource":{"labels":{"configuration_name":"muni-back","location":"asia-northeast1","project_id":"muni-production-f8e72","revision_name":"muni-back-hpgtt","service_name":"muni-back"},"type":"cloud_run_revision"},"timestamp":"2022-05-06T12:24:26.796292Z"}
{"insertId":"6275137a000bbc3fb1b5e320","jsonPayload":{"ident":"RECIEVE","level":"INFO","message":"Recieve the work metadata request.","method":"WorkMetadataAPI","timestamp":"2022-5-6 12:24:26"},"labels":{"instanceId":"0067430fbdf8497301732486903449ce1ad928680c0f0325f15430c7bed22be2f601789463027844e3f1a908a21bd50a24d6eb57beb97b1070da88a46d5bf9dc8679"},"logName":"projects/muni-production-f8e72/logs/run.googleapis.com%2Fstdout","receiveTimestamp":"2022-05-06T12:24:26.974729190Z","resource":{"labels":{"configuration_name":"muni-back","location":"asia-northeast1","project_id":"muni-production-f8e72","revision_name":"muni-back-hpgtt","service_name":"muni-back"},"type":"cloud_run_revision"},"timestamp":"2022-05-06T12:24:26.769087Z"}
{"httpRequest":{"latency":"0.149570695s","protocol":"HTTP/1.1","referer":"https://muni.ink/","remoteIp":"121.118.177.236","requestMethod":"POST","requestSize":"872","requestUrl":"https://api.muni.ink/recent","responseSize":"12342","serverIp":"35.241.42.228","status":200,"userAgent":"Mozilla/5.0 (Linux; Android 12; SC-03L) AppleWebKit/537.36 (KHTML, like Gecko) Chrome/101.0.4951.41 Mobile Safari/537.36"},"insertId":"6275137500023e053fced5ce","labels":{"instanceId":"0067430fbdf8497301732486903449ce1ad928680c0f0325f15430c7bed22be2f601789463027844e3f1a908a21bd50a24d6eb57beb97b1070da88a46d5bf9dc8679"},"logName":"projects/muni-production-f8e72/logs/run.googleapis.com%2Frequests","receiveTimestamp":"2022-05-06T12:24:21.257158633Z","resource":{"labels":{"configuration_name":"muni-back","location":"asia-northeast1","project_id":"muni-production-f8e72","revision_name":"muni-back-hpgtt","service_name":"muni-back"},"type":"cloud_run_revision"},"severity":"INFO","timestamp":"2022-05-06T12:24:21.146949Z","trace":"projects/muni-production-f8e72/traces/81e884df1861564d3c13937b79c09bbe"}
{"insertId":"62751375000236f945c3f113","jsonPayload":{"ident":"FETCH_SUCCESS","level":"INFO","message":"Success to fetch.","method":"RecentPostAPI","timestamp":"2022-5-6 12:24:21"},"labels":{"instanceId":"0067430fbdf8497301732486903449ce1ad928680c0f0325f15430c7bed22be2f601789463027844e3f1a908a21bd50a24d6eb57beb97b1070da88a46d5bf9dc8679"},"logName":"projects/muni-production-f8e72/logs/run.googleapis.com%2Fstdout","receiveTimestamp":"2022-05-06T12:24:21.313926122Z","resource":{"labels":{"configuration_name":"muni-back","location":"asia-northeast1","project_id":"muni-production-f8e72","revision_name":"muni-back-hpgtt","service_name":"muni-back"},"type":"cloud_run_revision"},"timestamp":"2022-05-06T12:24:21.145145Z"}
{"insertId":"62751374000f3e5e0cd8a03b","jsonPayload":{"ident":"RECIEVE","level":"INFO","message":"Recieve the recent posted works request.","method":"RecentPostAPI","timestamp":"2022-5-6 12:24:20"},"labels":{"instanceId":"0067430fbdf8497301732486903449ce1ad928680c0f0325f15430c7bed22be2f601789463027844e3f1a908a21bd50a24d6eb57beb97b1070da88a46d5bf9dc8679"},"logName":"projects/muni-production-f8e72/logs/run.googleapis.com%2Fstdout","receiveTimestamp":"2022-05-06T12:24:21.313926122Z","resource":{"labels":{"configuration_name":"muni-back","location":"asia-northeast1","project_id":"muni-production-f8e72","revision_name":"muni-back-hpgtt","service_name":"muni-back"},"type":"cloud_run_revision"},"timestamp":"2022-05-06T12:24:20.999006Z"}
{"httpRequest":{"latency":"0.002332854s","protocol":"HTTP/1.1","referer":"https://muni.ink/","remoteIp":"121.118.177.236","requestMethod":"OPTIONS","requestSize":"761","requestUrl":"https://api.muni.ink/recent","responseSize":"853","serverIp":"35.241.42.228","status":204,"userAgent":"Mozilla/5.0 (Linux; Android 12; SC-03L) AppleWebKit/537.36 (KHTML, like Gecko) Chrome/101.0.4951.41 Mobile Safari/537.36"},"insertId":"62751374000e985e9e07ea30","labels":{"instanceId":"0067430fbdf8497301732486903449ce1ad928680c0f0325f15430c7bed22be2f601789463027844e3f1a908a21bd50a24d6eb57beb97b1070da88a46d5bf9dc8679"},"logName":"projects/muni-production-f8e72/logs/run.googleapis.com%2Frequests","receiveTimestamp":"2022-05-06T12:24:21.257158633Z","resource":{"labels":{"configuration_name":"muni-back","location":"asia-northeast1","project_id":"muni-production-f8e72","revision_name":"muni-back-hpgtt","service_name":"muni-back"},"type":"cloud_run_revision"},"severity":"INFO","timestamp":"2022-05-06T12:24:20.956510Z","trace":"projects/muni-production-f8e72/traces/f3f1dad451c27123b1613f867d200bf4"}
{"httpRequest":{"latency":"0.440501811s","protocol":"HTTP/1.1","referer":"https://muni.ink/","remoteIp":"121.118.177.236","requestMethod":"GET","requestSize":"963","requestUrl":"https://storage.muni.ink/work/DYDDQS5dqkVnzxOihY2a","responseSize":"74148","serverIp":"35.241.42.228","status":200,"userAgent":"Mozilla/5.0 (Linux; Android 12; SC-03L) AppleWebKit/537.36 (KHTML, like Gecko) Chrome/101.0.4951.41 Mobile Safari/537.36"},"insertId":"6275136e0004fc1dc2d412fb","labels":{"instanceId":"0067430fbdf8497301732486903449ce1ad928680c0f0325f15430c7bed22be2f601789463027844e3f1a908a21bd50a24d6eb57beb97b1070da88a46d5bf9dc8679"},"logName":"projects/muni-production-f8e72/logs/run.googleapis.com%2Frequests","receiveTimestamp":"2022-05-06T12:24:14.596289626Z","resource":{"labels":{"configuration_name":"muni-back","location":"asia-northeast1","project_id":"muni-production-f8e72","revision_name":"muni-back-hpgtt","service_name":"muni-back"},"type":"cloud_run_revision"},"severity":"INFO","timestamp":"2022-05-06T12:24:14.326685Z","trace":"projects/muni-production-f8e72/traces/b250d7a83ff57b4b758ac56fbf54f69f"}
{"insertId":"6275136e0004f5dbb310507a","jsonPayload":{"ident":"COMPLETE","level":"INFO","message":"Success to fetch optimized image","method":"WorkAPI","timestamp":"2022-5-6 12:24:14","workId":"DYDDQS5dqkVnzxOihY2a"},"labels":{"instanceId":"0067430fbdf8497301732486903449ce1ad928680c0f0325f15430c7bed22be2f601789463027844e3f1a908a21bd50a24d6eb57beb97b1070da88a46d5bf9dc8679"},"logName":"projects/muni-production-f8e72/logs/run.googleapis.com%2Fstdout","receiveTimestamp":"2022-05-06T12:24:14.652053740Z","resource":{"labels":{"configuration_name":"muni-back","location":"asia-northeast1","project_id":"muni-production-f8e72","revision_name":"muni-back-hpgtt","service_name":"muni-back"},"type":"cloud_run_revision"},"timestamp":"2022-05-06T12:24:14.325083Z"}
{"insertId":"6275136d000d8b47de4bdd69","jsonPayload":{"ident":"RECIEVED","level":"INFO","message":"Request recieved for DYDDQS5dqkVnzxOihY2a.","method":"WorkAPI","timestamp":"2022-5-6 12:24:13","workId":"DYDDQS5dqkVnzxOihY2a"},"labels":{"instanceId":"0067430fbdf8497301732486903449ce1ad928680c0f0325f15430c7bed22be2f601789463027844e3f1a908a21bd50a24d6eb57beb97b1070da88a46d5bf9dc8679"},"logName":"projects/muni-production-f8e72/logs/run.googleapis.com%2Fstdout","receiveTimestamp":"2022-05-06T12:24:13.986528904Z","resource":{"labels":{"configuration_name":"muni-back","location":"asia-northeast1","project_id":"muni-production-f8e72","revision_name":"muni-back-hpgtt","service_name":"muni-back"},"type":"cloud_run_revision"},"timestamp":"2022-05-06T12:24:13.887623Z"}
{"httpRequest":{"latency":"0.079215841s","protocol":"HTTP/1.1","referer":"https://muni.ink/?gclid=CjwKCAjwjtOTBhAvEiwASG4bCLJ_CPrVkHk4fpMXfW9Q2HRxZ_7cp_NWSNg31bbkUZTiSKJe-TeU3xoCZskQAvD_BwE","remoteIp":"121.118.177.236","requestMethod":"GET","requestSize":"1050","requestUrl":"https://muni.ink/_next/data/IVVvbvvWS4XaF0igaWv4S/painting/DYDDQS5dqkVnzxOihY2a.json?id=DYDDQS5dqkVnzxOihY2a","responseSize":"1325","serverIp":"35.241.42.228","status":200,"userAgent":"Mozilla/5.0 (Linux; Android 12; SC-03L) AppleWebKit/537.36 (KHTML, like Gecko) Chrome/101.0.4951.41 Mobile Safari/537.36"},"insertId":"6275136d000c229986a3ecfc","labels":{"instanceId":"0067430fbd7af03cb17d92900b5f3305989a61b2bd445dd81108ccfd0293c2aeb5c985f7ae593a5d75291bf8faf2b546eff48eec5f9779a88bd23cf4a59c0f70bf36"},"logName":"projects/muni-production-f8e72/logs/run.googleapis.com%2Frequests","receiveTimestamp":"2022-05-06T12:24:13.797510339Z","resource":{"labels":{"configuration_name":"muni-front","location":"asia-northeast1","project_id":"muni-production-f8e72","revision_name":"muni-front-jq7fz","service_name":"muni-front"},"type":"cloud_run_revision"},"severity":"INFO","timestamp":"2022-05-06T12:24:13.795289Z","trace":"projects/muni-production-f8e72/traces/67031bf9eb313aec494d74b7cb3486db"}
{"httpRequest":{"latency":"0.058641464s","protocol":"HTTP/1.1","remoteIp":"35.203.249.164","requestMethod":"POST","requestSize":"525","requestUrl":"https://api.muni.ink/workmeta","responseSize":"1351","serverIp":"35.241.42.228","status":200,"userAgent":"node-fetch/1.0 (+https://github.com/bitinn/node-fetch)"},"insertId":"6275136d000c11ef471d3aa6","labels":{"instanceId":"0067430fbdf8497301732486903449ce1ad928680c0f0325f15430c7bed22be2f601789463027844e3f1a908a21bd50a24d6eb57beb97b1070da88a46d5bf9dc8679"},"logName":"projects/muni-production-f8e72/logs/run.googleapis.com%2Frequests","receiveTimestamp":"2022-05-06T12:24:13.929065608Z","resource":{"labels":{"configuration_name":"muni-back","location":"asia-northeast1","project_id":"muni-production-f8e72","revision_name":"muni-back-hpgtt","service_name":"muni-back"},"type":"cloud_run_revision"},"severity":"INFO","timestamp":"2022-05-06T12:24:13.791023Z","trace":"projects/muni-production-f8e72/traces/c6edc1b9bd7666bab775cae37b378bce"}
{"insertId":"6275136d000b849306e9da1b","jsonPayload":{"ident":"SUCCESS_TO_FIND","level":"INFO","message":"Work found.","method":"WorkMetadataAPI","timestamp":"2022-5-6 12:24:13","workId":"DYDDQS5dqkVnzxOihY2a"},"labels":{"instanceId":"0067430fbdf8497301732486903449ce1ad928680c0f0325f15430c7bed22be2f601789463027844e3f1a908a21bd50a24d6eb57beb97b1070da88a46d5bf9dc8679"},"logName":"projects/muni-production-f8e72/logs/run.googleapis.com%2Fstdout","receiveTimestamp":"2022-05-06T12:24:13.986528904Z","resource":{"labels":{"configuration_name":"muni-back","location":"asia-northeast1","project_id":"muni-production-f8e72","revision_name":"muni-back-hpgtt","service_name":"muni-back"},"type":"cloud_run_revision"},"timestamp":"2022-05-06T12:24:13.754835Z"}
{"insertId":"6275136d000b33e0083b37a9","jsonPayload":{"ident":"RECIEVE","level":"INFO","message":"Recieve the work metadata request.","method":"WorkMetadataAPI","timestamp":"2022-5-6 12:24:13"},"labels":{"instanceId":"0067430fbdf8497301732486903449ce1ad928680c0f0325f15430c7bed22be2f601789463027844e3f1a908a21bd50a24d6eb57beb97b1070da88a46d5bf9dc8679"},"logName":"projects/muni-production-f8e72/logs/run.googleapis.com%2Fstdout","receiveTimestamp":"2022-05-06T12:24:13.986528904Z","resource":{"labels":{"configuration_name":"muni-back","location":"asia-northeast1","project_id":"muni-production-f8e72","revision_name":"muni-back-hpgtt","service_name":"muni-back"},"type":"cloud_run_revision"},"timestamp":"2022-05-06T12:24:13.734176Z"}
{"httpRequest":{"latency":"0.176708910s","protocol":"HTTP/1.1","referer":"https://muni.ink/","remoteIp":"121.118.177.236","requestMethod":"POST","requestSize":"873","requestUrl":"https://api.muni.ink/recent","responseSize":"12342","serverIp":"35.241.42.228","status":200,"userAgent":"Mozilla/5.0 (Linux; Android 12; SC-03L) AppleWebKit/537.36 (KHTML, like Gecko) Chrome/101.0.4951.41 Mobile Safari/537.36"},"insertId":"627513690000a14822aa4b70","labels":{"instanceId":"0067430fbdf8497301732486903449ce1ad928680c0f0325f15430c7bed22be2f601789463027844e3f1a908a21bd50a24d6eb57beb97b1070da88a46d5bf9dc8679"},"logName":"projects/muni-production-f8e72/logs/run.googleapis.com%2Frequests","receiveTimestamp":"2022-05-06T12:24:09.269775706Z","resource":{"labels":{"configuration_name":"muni-back","location":"asia-northeast1","project_id":"muni-production-f8e72","revision_name":"muni-back-hpgtt","service_name":"muni-back"},"type":"cloud_run_revision"},"severity":"INFO","timestamp":"2022-05-06T12:24:09.041288Z","trace":"projects/muni-production-f8e72/traces/e3bac3ed3ea51de15efc9337c12075fd"}
{"insertId":"6275136900009964116f4a5c","jsonPayload":{"ident":"FETCH_SUCCESS","level":"INFO","message":"Success to fetch.","method":"RecentPostAPI","timestamp":"2022-5-6 12:24:9"},"labels":{"instanceId":"0067430fbdf8497301732486903449ce1ad928680c0f0325f15430c7bed22be2f601789463027844e3f1a908a21bd50a24d6eb57beb97b1070da88a46d5bf9dc8679"},"logName":"projects/muni-production-f8e72/logs/run.googleapis.com%2Fstdout","receiveTimestamp":"2022-05-06T12:24:09.324185691Z","resource":{"labels":{"configuration_name":"muni-back","location":"asia-northeast1","project_id":"muni-production-f8e72","revision_name":"muni-back-hpgtt","service_name":"muni-back"},"type":"cloud_run_revision"},"timestamp":"2022-05-06T12:24:09.039268Z"}
{"insertId":"62751368000d37d0982e9ee1","jsonPayload":{"ident":"RECIEVE","level":"INFO","message":"Recieve the recent posted works request.","method":"RecentPostAPI","timestamp":"2022-5-6 12:24:8"},"labels":{"instanceId":"0067430fbdf8497301732486903449ce1ad928680c0f0325f15430c7bed22be2f601789463027844e3f1a908a21bd50a24d6eb57beb97b1070da88a46d5bf9dc8679"},"logName":"projects/muni-production-f8e72/logs/run.googleapis.com%2Fstdout","receiveTimestamp":"2022-05-06T12:24:08.990496898Z","resource":{"labels":{"configuration_name":"muni-back","location":"asia-northeast1","project_id":"muni-production-f8e72","revision_name":"muni-back-hpgtt","service_name":"muni-back"},"type":"cloud_run_revision"},"timestamp":"2022-05-06T12:24:08.866256Z"}
{"httpRequest":{"latency":"0.002595460s","protocol":"HTTP/1.1","referer":"https://muni.ink/","remoteIp":"121.118.177.236","requestMethod":"OPTIONS","requestSize":"763","requestUrl":"https://api.muni.ink/recent","responseSize":"853","serverIp":"35.241.42.228","status":204,"userAgent":"Mozilla/5.0 (Linux; Android 12; SC-03L) AppleWebKit/537.36 (KHTML, like Gecko) Chrome/101.0.4951.41 Mobile Safari/537.36"},"insertId":"62751368000cc04555627a4b","labels":{"instanceId":"0067430fbdf8497301732486903449ce1ad928680c0f0325f15430c7bed22be2f601789463027844e3f1a908a21bd50a24d6eb57beb97b1070da88a46d5bf9dc8679"},"logName":"projects/muni-production-f8e72/logs/run.googleapis.com%2Frequests","receiveTimestamp":"2022-05-06T12:24:08.935020366Z","resource":{"labels":{"configuration_name":"muni-back","location":"asia-northeast1","project_id":"muni-production-f8e72","revision_name":"muni-back-hpgtt","service_name":"muni-back"},"type":"cloud_run_revision"},"severity":"INFO","timestamp":"2022-05-06T12:24:08.835653Z","trace":"projects/muni-production-f8e72/traces/5ee9643739249d2bc678c8ab95914fb2"}
{"httpRequest":{"latency":"0.600815546s","protocol":"HTTP/1.1","referer":"https://muni.ink/","remoteIp":"121.118.177.236","requestMethod":"GET","requestSize":"964","requestUrl":"https://storage.muni.ink/work/jZND7AXfHHrzfvwPTCVy","responseSize":"494651","serverIp":"35.241.42.228","status":200,"userAgent":"Mozilla/5.0 (Linux; Android 12; SC-03L) AppleWebKit/537.36 (KHTML, like Gecko) Chrome/101.0.4951.41 Mobile Safari/537.36"},"insertId":"62751360000746069eb30f5f","labels":{"instanceId":"0067430fbdf8497301732486903449ce1ad928680c0f0325f15430c7bed22be2f601789463027844e3f1a908a21bd50a24d6eb57beb97b1070da88a46d5bf9dc8679"},"logName":"projects/muni-production-f8e72/logs/run.googleapis.com%2Frequests","receiveTimestamp":"2022-05-06T12:24:00.611744050Z","resource":{"labels":{"configuration_name":"muni-back","location":"asia-northeast1","project_id":"muni-production-f8e72","revision_name":"muni-back-hpgtt","service_name":"muni-back"},"type":"cloud_run_revision"},"severity":"INFO","timestamp":"2022-05-06T12:24:00.476678Z","trace":"projects/muni-production-f8e72/traces/491561cfe43af6f7736227df9f34a525"}
{"insertId":"6275136000073c30129ad3fd","jsonPayload":{"ident":"COMPLETE","level":"INFO","message":"Success to fetch optimized image","method":"WorkAPI","timestamp":"2022-5-6 12:24:0","workId":"jZND7AXfHHrzfvwPTCVy"},"labels":{"instanceId":"0067430fbdf8497301732486903449ce1ad928680c0f0325f15430c7bed22be2f601789463027844e3f1a908a21bd50a24d6eb57beb97b1070da88a46d5bf9dc8679"},"logName":"projects/muni-production-f8e72/logs/run.googleapis.com%2Fstdout","receiveTimestamp":"2022-05-06T12:24:00.667679059Z","resource":{"labels":{"configuration_name":"muni-back","location":"asia-northeast1","project_id":"muni-production-f8e72","revision_name":"muni-back-hpgtt","service_name":"muni-back"},"type":"cloud_run_revision"},"timestamp":"2022-05-06T12:24:00.474160Z"}
{"httpRequest":{"latency":"0.003042056s","protocol":"HTTP/1.1","referer":"https://muni.ink/painting/jZND7AXfHHrzfvwPTCVy","remoteIp":"121.118.177.236","requestMethod":"GET","requestSize":"926","requestUrl":"https://muni.ink/_next/static/css/57e2d6d4dd596d1c.css","responseSize":"1701","serverIp":"35.241.42.228","status":200,"userAgent":"Mozilla/5.0 (Linux; Android 12; SC-03L) AppleWebKit/537.36 (KHTML, like Gecko) Chrome/101.0.4951.41 Mobile Safari/537.36"},"insertId":"6275135f000e697cc3814738","labels":{"instanceId":"0067430fbd7af03cb17d92900b5f3305989a61b2bd445dd81108ccfd0293c2aeb5c985f7ae593a5d75291bf8faf2b546eff48eec5f9779a88bd23cf4a59c0f70bf36"},"logName":"projects/muni-production-f8e72/logs/run.googleapis.com%2Frequests","receiveTimestamp":"2022-05-06T12:24:00.095962524Z","resource":{"labels":{"configuration_name":"muni-front","location":"asia-northeast1","project_id":"muni-production-f8e72","revision_name":"muni-front-jq7fz","service_name":"muni-front"},"type":"cloud_run_revision"},"severity":"INFO","timestamp":"2022-05-06T12:23:59.944508Z","trace":"projects/muni-production-f8e72/traces/34927955671bdec7c11a2b60b79ba60e"}
{"httpRequest":{"latency":"0.004347576s","protocol":"HTTP/1.1","referer":"https://muni.ink/painting/jZND7AXfHHrzfvwPTCVy","remoteIp":"121.118.177.236","requestMethod":"GET","requestSize":"1015","requestUrl":"https://muni.ink/_next/static/chunks/pages/user/%5Bid%5D-40de660f43da0b89.js","responseSize":"3662","serverIp":"35.241.42.228","status":200,"userAgent":"Mozilla/5.0 (Linux; Android 12; SC-03L) AppleWebKit/537.36 (KHTML, like Gecko) Chrome/101.0.4951.41 Mobile Safari/537.36"},"insertId":"6275135f000d751d738337a3","labels":{"instanceId":"0067430fbd7af03cb17d92900b5f3305989a61b2bd445dd81108ccfd0293c2aeb5c985f7ae593a5d75291bf8faf2b546eff48eec5f9779a88bd23cf4a59c0f70bf36"},"logName":"projects/muni-production-f8e72/logs/run.googleapis.com%2Frequests","receiveTimestamp":"2022-05-06T12:24:00.095962524Z","resource":{"labels":{"configuration_name":"muni-front","location":"asia-northeast1","project_id":"muni-production-f8e72","revision_name":"muni-front-jq7fz","service_name":"muni-front"},"type":"cloud_run_revision"},"severity":"INFO","timestamp":"2022-05-06T12:23:59.881949Z","trace":"projects/muni-production-f8e72/traces/ce519cf3d3ee4066c352cf5c917a70de"}
{"insertId":"6275135f000d628336581b09","jsonPayload":{"ident":"RECIEVED","level":"INFO","message":"Request recieved for jZND7AXfHHrzfvwPTCVy.","method":"WorkAPI","timestamp":"2022-5-6 12:23:59","workId":"jZND7AXfHHrzfvwPTCVy"},"labels":{"instanceId":"0067430fbdf8497301732486903449ce1ad928680c0f0325f15430c7bed22be2f601789463027844e3f1a908a21bd50a24d6eb57beb97b1070da88a46d5bf9dc8679"},"logName":"projects/muni-production-f8e72/logs/run.googleapis.com%2Fstdout","receiveTimestamp":"2022-05-06T12:24:00.000680532Z","resource":{"labels":{"configuration_name":"muni-back","location":"asia-northeast1","project_id":"muni-production-f8e72","revision_name":"muni-back-hpgtt","service_name":"muni-back"},"type":"cloud_run_revision"},"timestamp":"2022-05-06T12:23:59.877187Z"}
{"httpRequest":{"latency":"0.262158506s","protocol":"HTTP/1.1","referer":"https://muni.ink/?gclid=CjwKCAjwjtOTBhAvEiwASG4bCLJ_CPrVkHk4fpMXfW9Q2HRxZ_7cp_NWSNg31bbkUZTiSKJe-TeU3xoCZskQAvD_BwE","remoteIp":"121.118.177.236","requestMethod":"GET","requestSize":"1049","requestUrl":"https://muni.ink/_next/data/IVVvbvvWS4XaF0igaWv4S/painting/jZND7AXfHHrzfvwPTCVy.json?id=jZND7AXfHHrzfvwPTCVy","responseSize":"1279","serverIp":"35.241.42.228","status":200,"userAgent":"Mozilla/5.0 (Linux; Android 12; SC-03L) AppleWebKit/537.36 (KHTML, like Gecko) Chrome/101.0.4951.41 Mobile Safari/537.36"},"insertId":"6275135f000c1473d5874b66","labels":{"instanceId":"0067430fbd7af03cb17d92900b5f3305989a61b2bd445dd81108ccfd0293c2aeb5c985f7ae593a5d75291bf8faf2b546eff48eec5f9779a88bd23cf4a59c0f70bf36"},"logName":"projects/muni-production-f8e72/logs/run.googleapis.com%2Frequests","receiveTimestamp":"2022-05-06T12:24:00.095962524Z","resource":{"labels":{"configuration_name":"muni-front","location":"asia-northeast1","project_id":"muni-production-f8e72","revision_name":"muni-front-jq7fz","service_name":"muni-front"},"type":"cloud_run_revision"},"severity":"INFO","timestamp":"2022-05-06T12:23:59.791667Z","trace":"projects/muni-production-f8e72/traces/178a0ef9c519cd3ad31b31e80189fb37"}
{"httpRequest":{"latency":"0.086391059s","protocol":"HTTP/1.1","remoteIp":"35.203.249.164","requestMethod":"POST","requestSize":"524","requestUrl":"https://api.muni.ink/workmeta","responseSize":"1304","serverIp":"35.241.42.228","status":200,"userAgent":"node-fetch/1.0 (+https://github.com/bitinn/node-fetch)"},"insertId":"6275135f000c025408bc3648","labels":{"instanceId":"0067430fbdf8497301732486903449ce1ad928680c0f0325f15430c7bed22be2f601789463027844e3f1a908a21bd50a24d6eb57beb97b1070da88a46d5bf9dc8679"},"logName":"projects/muni-production-f8e72/logs/run.googleapis.com%2Frequests","receiveTimestamp":"2022-05-06T12:23:59.945007002Z","resource":{"labels":{"configuration_name":"muni-back","location":"asia-northeast1","project_id":"muni-production-f8e72","revision_name":"muni-back-hpgtt","service_name":"muni-back"},"type":"cloud_run_revision"},"severity":"INFO","timestamp":"2022-05-06T12:23:59.787028Z","trace":"projects/muni-production-f8e72/traces/b07a1459bdad877cd046486fc7ba142e"}
{"insertId":"6275135f000b1f0bae12b9d0","jsonPayload":{"ident":"SUCCESS_TO_FIND","level":"INFO","message":"Work found.","method":"WorkMetadataAPI","timestamp":"2022-5-6 12:23:59","workId":"jZND7AXfHHrzfvwPTCVy"},"labels":{"instanceId":"0067430fbdf8497301732486903449ce1ad928680c0f0325f15430c7bed22be2f601789463027844e3f1a908a21bd50a24d6eb57beb97b1070da88a46d5bf9dc8679"},"logName":"projects/muni-production-f8e72/logs/run.googleapis.com%2Fstdout","receiveTimestamp":"2022-05-06T12:24:00.000680532Z","resource":{"labels":{"configuration_name":"muni-back","location":"asia-northeast1","project_id":"muni-production-f8e72","revision_name":"muni-back-hpgtt","service_name":"muni-back"},"type":"cloud_run_revision"},"timestamp":"2022-05-06T12:23:59.728843Z"}
{"insertId":"6275135f000ab7430b3f4a99","jsonPayload":{"ident":"RECIEVE","level":"INFO","message":"Recieve the work metadata request.","method":"WorkMetadataAPI","timestamp":"2022-5-6 12:23:59"},"labels":{"instanceId":"0067430fbdf8497301732486903449ce1ad928680c0f0325f15430c7bed22be2f601789463027844e3f1a908a21bd50a24d6eb57beb97b1070da88a46d5bf9dc8679"},"logName":"projects/muni-production-f8e72/logs/run.googleapis.com%2Fstdout","receiveTimestamp":"2022-05-06T12:24:00.000680532Z","resource":{"labels":{"configuration_name":"muni-back","location":"asia-northeast1","project_id":"muni-production-f8e72","revision_name":"muni-back-hpgtt","service_name":"muni-back"},"type":"cloud_run_revision"},"timestamp":"2022-05-06T12:23:59.702275Z"}
{"httpRequest":{"latency":"0.544141769s","protocol":"HTTP/1.1","referer":"https://muni.ink/","remoteIp":"121.118.177.236","requestMethod":"GET","requestSize":"978","requestUrl":"https://storage.muni.ink/work/jZND7AXfHHrzfvwPTCVy?thumbnail=true","responseSize":"35292","serverIp":"35.241.42.228","status":200,"userAgent":"Mozilla/5.0 (Linux; Android 12; SC-03L) AppleWebKit/537.36 (KHTML, like Gecko) Chrome/101.0.4951.41 Mobile Safari/537.36"},"insertId":"6275135a000d42e0cb0c9055","labels":{"instanceId":"0067430fbdf8497301732486903449ce1ad928680c0f0325f15430c7bed22be2f601789463027844e3f1a908a21bd50a24d6eb57beb97b1070da88a46d5bf9dc8679"},"logName":"projects/muni-production-f8e72/logs/run.googleapis.com%2Frequests","receiveTimestamp":"2022-05-06T12:23:54.949654429Z","resource":{"labels":{"configuration_name":"muni-back","location":"asia-northeast1","project_id":"muni-production-f8e72","revision_name":"muni-back-hpgtt","service_name":"muni-back"},"type":"cloud_run_revision"},"severity":"INFO","timestamp":"2022-05-06T12:23:54.869088Z","trace":"projects/muni-production-f8e72/traces/7b237d944edd560f5d79e9180f988364"}
{"insertId":"6275135a000d3ce63b667fb6","jsonPayload":{"ident":"COMPLETE","level":"INFO","message":"Success to fetch optimized image","method":"WorkAPI","timestamp":"2022-5-6 12:23:54","workId":"jZND7AXfHHrzfvwPTCVy"},"labels":{"instanceId":"0067430fbdf8497301732486903449ce1ad928680c0f0325f15430c7bed22be2f601789463027844e3f1a908a21bd50a24d6eb57beb97b1070da88a46d5bf9dc8679"},"logName":"projects/muni-production-f8e72/logs/run.googleapis.com%2Fstdout","receiveTimestamp":"2022-05-06T12:23:55.005726609Z","resource":{"labels":{"configuration_name":"muni-back","location":"asia-northeast1","project_id":"muni-production-f8e72","revision_name":"muni-back-hpgtt","service_name":"muni-back"},"type":"cloud_run_revision"},"timestamp":"2022-05-06T12:23:54.867558Z"}
{"httpRequest":{"latency":"0.536176719s","protocol":"HTTP/1.1","referer":"https://muni.ink/","remoteIp":"121.118.177.236","requestMethod":"GET","requestSize":"979","requestUrl":"https://storage.muni.ink/work/DYDDQS5dqkVnzxOihY2a?thumbnail=true","responseSize":"10874","serverIp":"35.241.42.228","status":200,"userAgent":"Mozilla/5.0 (Linux; Android 12; SC-03L) AppleWebKit/537.36 (KHTML, like Gecko) Chrome/101.0.4951.41 Mobile Safari/537.36"},"insertId":"6275135a000d250954a3a541","labels":{"instanceId":"0067430fbdf8497301732486903449ce1ad928680c0f0325f15430c7bed22be2f601789463027844e3f1a908a21bd50a24d6eb57beb97b1070da88a46d5bf9dc8679"},"logName":"projects/muni-production-f8e72/logs/run.googleapis.com%2Frequests","receiveTimestamp":"2022-05-06T12:23:54.949654429Z","resource":{"labels":{"configuration_name":"muni-back","location":"asia-northeast1","project_id":"muni-production-f8e72","revision_name":"muni-back-hpgtt","service_name":"muni-back"},"type":"cloud_run_revision"},"severity":"INFO","timestamp":"2022-05-06T12:23:54.861449Z","trace":"projects/muni-production-f8e72/traces/e30ab90b3478cf84ad12029da4b6e126"}
{"insertId":"6275135a000d1ed7af196dfb","jsonPayload":{"ident":"COMPLETE","level":"INFO","message":"Success to fetch optimized image","method":"WorkAPI","timestamp":"2022-5-6 12:23:54","workId":"DYDDQS5dqkVnzxOihY2a"},"labels":{"instanceId":"0067430fbdf8497301732486903449ce1ad928680c0f0325f15430c7bed22be2f601789463027844e3f1a908a21bd50a24d6eb57beb97b1070da88a46d5bf9dc8679"},"logName":"projects/muni-production-f8e72/logs/run.googleapis.com%2Fstdout","receiveTimestamp":"2022-05-06T12:23:55.005726609Z","resource":{"labels":{"configuration_name":"muni-back","location":"asia-northeast1","project_id":"muni-production-f8e72","revision_name":"muni-back-hpgtt","service_name":"muni-back"},"type":"cloud_run_revision"},"timestamp":"2022-05-06T12:23:54.859863Z"}
{"insertId":"6275135a00050c16ef419db7","jsonPayload":{"ident":"RECIEVED","level":"INFO","message":"Request recieved for DYDDQS5dqkVnzxOihY2a.","method":"WorkAPI","timestamp":"2022-5-6 12:23:54","workId":"DYDDQS5dqkVnzxOihY2a"},"labels":{"instanceId":"0067430fbdf8497301732486903449ce1ad928680c0f0325f15430c7bed22be2f601789463027844e3f1a908a21bd50a24d6eb57beb97b1070da88a46d5bf9dc8679"},"logName":"projects/muni-production-f8e72/logs/run.googleapis.com%2Fstdout","receiveTimestamp":"2022-05-06T12:23:54.338241191Z","resource":{"labels":{"configuration_name":"muni-back","location":"asia-northeast1","project_id":"muni-production-f8e72","revision_name":"muni-back-hpgtt","service_name":"muni-back"},"type":"cloud_run_revision"},"timestamp":"2022-05-06T12:23:54.330774Z"}
{"insertId":"6275135a0004fbea0e729490","jsonPayload":{"ident":"RECIEVED","level":"INFO","message":"Request recieved for jZND7AXfHHrzfvwPTCVy.","method":"WorkAPI","timestamp":"2022-5-6 12:23:54","workId":"jZND7AXfHHrzfvwPTCVy"},"labels":{"instanceId":"0067430fbdf8497301732486903449ce1ad928680c0f0325f15430c7bed22be2f601789463027844e3f1a908a21bd50a24d6eb57beb97b1070da88a46d5bf9dc8679"},"logName":"projects/muni-production-f8e72/logs/run.googleapis.com%2Fstdout","receiveTimestamp":"2022-05-06T12:23:54.338241191Z","resource":{"labels":{"configuration_name":"muni-back","location":"asia-northeast1","project_id":"muni-production-f8e72","revision_name":"muni-back-hpgtt","service_name":"muni-back"},"type":"cloud_run_revision"},"timestamp":"2022-05-06T12:23:54.326634Z"}
{"httpRequest":{"latency":"0.262838465s","protocol":"HTTP/1.1","referer":"https://muni.ink/","remoteIp":"121.118.177.236","requestMethod":"POST","requestSize":"872","requestUrl":"https://api.muni.ink/recent","responseSize":"12342","serverIp":"35.241.42.228","status":200,"userAgent":"Mozilla/5.0 (Linux; Android 12; SC-03L) AppleWebKit/537.36 (KHTML, like Gecko) Chrome/101.0.4951.41 Mobile Safari/537.36"},"insertId":"6275135800040d98de96feb5","labels":{"instanceId":"0067430fbdf8497301732486903449ce1ad928680c0f0325f15430c7bed22be2f601789463027844e3f1a908a21bd50a24d6eb57beb97b1070da88a46d5bf9dc8679"},"logName":"projects/muni-production-f8e72/logs/run.googleapis.com%2Frequests","receiveTimestamp":"2022-05-06T12:23:52.283437446Z","resource":{"labels":{"configuration_name":"muni-back","location":"asia-northeast1","project_id":"muni-production-f8e72","revision_name":"muni-back-hpgtt","service_name":"muni-back"},"type":"cloud_run_revision"},"severity":"INFO","timestamp":"2022-05-06T12:23:52.265624Z","trace":"projects/muni-production-f8e72/traces/9a1ac9fb2b59eddfdd72a554c9eeeaaf"}
{"insertId":"627513580004073996c64227","jsonPayload":{"ident":"FETCH_SUCCESS","level":"INFO","message":"Success to fetch.","method":"RecentPostAPI","timestamp":"2022-5-6 12:23:52"},"labels":{"instanceId":"0067430fbdf8497301732486903449ce1ad928680c0f0325f15430c7bed22be2f601789463027844e3f1a908a21bd50a24d6eb57beb97b1070da88a46d5bf9dc8679"},"logName":"projects/muni-production-f8e72/logs/run.googleapis.com%2Fstdout","receiveTimestamp":"2022-05-06T12:23:52.339530734Z","resource":{"labels":{"configuration_name":"muni-back","location":"asia-northeast1","project_id":"muni-production-f8e72","revision_name":"muni-back-hpgtt","service_name":"muni-back"},"type":"cloud_run_revision"},"timestamp":"2022-05-06T12:23:52.263993Z"}
{"httpRequest":{"latency":"0.003016919s","protocol":"HTTP/1.1","referer":"https://muni.ink/?gclid=CjwKCAjwjtOTBhAvEiwASG4bCLJ_CPrVkHk4fpMXfW9Q2HRxZ_7cp_NWSNg31bbkUZTiSKJe-TeU3xoCZskQAvD_BwE","remoteIp":"121.118.177.236","requestMethod":"GET","requestSize":"1121","requestUrl":"https://muni.ink/favicon.ico","responseSize":"722","serverIp":"35.241.42.228","status":304,"userAgent":"Mozilla/5.0 (Linux; Android 12; SC-03L) AppleWebKit/537.36 (KHTML, like Gecko) Chrome/101.0.4951.41 Mobile Safari/537.36"},"insertId":"62751358000082dfd254d49c","labels":{"instanceId":"0067430fbd7af03cb17d92900b5f3305989a61b2bd445dd81108ccfd0293c2aeb5c985f7ae593a5d75291bf8faf2b546eff48eec5f9779a88bd23cf4a59c0f70bf36"},"logName":"projects/muni-production-f8e72/logs/run.googleapis.com%2Frequests","receiveTimestamp":"2022-05-06T12:23:52.103549381Z","resource":{"labels":{"configuration_name":"muni-front","location":"asia-northeast1","project_id":"muni-production-f8e72","revision_name":"muni-front-jq7fz","service_name":"muni-front"},"type":"cloud_run_revision"},"severity":"INFO","timestamp":"2022-05-06T12:23:52.033503Z","trace":"projects/muni-production-f8e72/traces/c21d66b6ce2ffff4a95a0bf957179914"}
{"insertId":"62751358000011f25aa02249","jsonPayload":{"ident":"RECIEVE","level":"INFO","message":"Recieve the recent posted works request.","method":"RecentPostAPI","timestamp":"2022-5-6 12:23:52"},"labels":{"instanceId":"0067430fbdf8497301732486903449ce1ad928680c0f0325f15430c7bed22be2f601789463027844e3f1a908a21bd50a24d6eb57beb97b1070da88a46d5bf9dc8679"},"logName":"projects/muni-production-f8e72/logs/run.googleapis.com%2Fstdout","receiveTimestamp":"2022-05-06T12:23:52.008872979Z","resource":{"labels":{"configuration_name":"muni-back","location":"asia-northeast1","project_id":"muni-production-f8e72","revision_name":"muni-back-hpgtt","service_name":"muni-back"},"type":"cloud_run_revision"},"timestamp":"2022-05-06T12:23:52.004594Z"}
{"httpRequest":{"latency":"0.002444798s","protocol":"HTTP/1.1","referer":"https://muni.ink/","remoteIp":"121.118.177.236","requestMethod":"OPTIONS","requestSize":"763","requestUrl":"https://api.muni.ink/recent","responseSize":"853","serverIp":"35.241.42.228","status":204,"userAgent":"Mozilla/5.0 (Linux; Android 12; SC-03L) AppleWebKit/537.36 (KHTML, like Gecko) Chrome/101.0.4951.41 Mobile Safari/537.36"},"insertId":"62751357000e7be229b44af7","labels":{"instanceId":"0067430fbdf8497301732486903449ce1ad928680c0f0325f15430c7bed22be2f601789463027844e3f1a908a21bd50a24d6eb57beb97b1070da88a46d5bf9dc8679"},"logName":"projects/muni-production-f8e72/logs/run.googleapis.com%2Frequests","receiveTimestamp":"2022-05-06T12:23:51.953801366Z","resource":{"labels":{"configuration_name":"muni-back","location":"asia-northeast1","project_id":"muni-production-f8e72","revision_name":"muni-back-hpgtt","service_name":"muni-back"},"type":"cloud_run_revision"},"severity":"INFO","timestamp":"2022-05-06T12:23:51.949218Z","trace":"projects/muni-production-f8e72/traces/4c2b27db3a6fe5a2fca9feef99018b36"}
{"httpRequest":{"latency":"0.025585509s","protocol":"HTTP/1.1","referer":"https://muni.ink/?gclid=CjwKCAjwjtOTBhAvEiwASG4bCLJ_CPrVkHk4fpMXfW9Q2HRxZ_7cp_NWSNg31bbkUZTiSKJe-TeU3xoCZskQAvD_BwE","remoteIp":"121.118.177.236","requestMethod":"GET","requestSize":"1042","requestUrl":"https://muni.ink/_next/image?url=%2Flogo_horizontal.png&w=384&q=75","responseSize":"710","serverIp":"35.241.42.228","status":304,"userAgent":"Mozilla/5.0 (Linux; Android 12; SC-03L) AppleWebKit/537.36 (KHTML, like Gecko) Chrome/101.0.4951.41 Mobile Safari/537.36"},"insertId":"62751357000d8c60f6075ac5","labels":{"instanceId":"0067430fbd7af03cb17d92900b5f3305989a61b2bd445dd81108ccfd0293c2aeb5c985f7ae593a5d75291bf8faf2b546eff48eec5f9779a88bd23cf4a59c0f70bf36"},"logName":"projects/muni-production-f8e72/logs/run.googleapis.com%2Frequests","receiveTimestamp":"2022-05-06T12:23:52.103549381Z","resource":{"labels":{"configuration_name":"muni-front","location":"asia-northeast1","project_id":"muni-production-f8e72","revision_name":"muni-front-jq7fz","service_name":"muni-front"},"type":"cloud_run_revision"},"severity":"INFO","timestamp":"2022-05-06T12:23:51.887904Z","trace":"projects/muni-production-f8e72/traces/3f18f01a817da6e0928491935be357aa"}
{"httpRequest":{"latency":"0.008974362s","protocol":"HTTP/1.1","referer":"https://muni.ink/?gclid=CjwKCAjwjtOTBhAvEiwASG4bCLJ_CPrVkHk4fpMXfW9Q2HRxZ_7cp_NWSNg31bbkUZTiSKJe-TeU3xoCZskQAvD_BwE","remoteIp":"121.118.177.236","requestMethod":"GET","requestSize":"1039","requestUrl":"https://muni.ink/_next/image?url=%2Flogo_landing.png&w=384&q=75","responseSize":"709","serverIp":"35.241.42.228","status":304,"userAgent":"Mozilla/5.0 (Linux; Android 12; SC-03L) AppleWebKit/537.36 (KHTML, like Gecko) Chrome/101.0.4951.41 Mobile Safari/537.36"},"insertId":"62751357000d42be829f4d56","labels":{"instanceId":"0067430fbd7af03cb17d92900b5f3305989a61b2bd445dd81108ccfd0293c2aeb5c985f7ae593a5d75291bf8faf2b546eff48eec5f9779a88bd23cf4a59c0f70bf36"},"logName":"projects/muni-production-f8e72/logs/run.googleapis.com%2Frequests","receiveTimestamp":"2022-05-06T12:23:52.103549381Z","resource":{"labels":{"configuration_name":"muni-front","location":"asia-northeast1","project_id":"muni-production-f8e72","revision_name":"muni-front-jq7fz","service_name":"muni-front"},"type":"cloud_run_revision"},"severity":"INFO","timestamp":"2022-05-06T12:23:51.869054Z","trace":"projects/muni-production-f8e72/traces/f53ef48664937be369f46f92760541ba"}
{"httpRequest":{"latency":"0.004726647s","protocol":"HTTP/1.1","referer":"https://www.google.com/","remoteIp":"121.118.177.236","requestMethod":"GET","requestSize":"1035","requestUrl":"https://muni.ink/?gclid=CjwKCAjwjtOTBhAvEiwASG4bCLJ_CPrVkHk4fpMXfW9Q2HRxZ_7cp_NWSNg31bbkUZTiSKJe-TeU3xoCZskQAvD_BwE","responseSize":"6078","serverIp":"35.241.42.228","status":200,"userAgent":"Mozilla/5.0 (Linux; Android 12; SC-03L) AppleWebKit/537.36 (KHTML, like Gecko) Chrome/101.0.4951.41 Mobile Safari/537.36"},"insertId":"627513570006a39b78b546d0","labels":{"instanceId":"0067430fbd7af03cb17d92900b5f3305989a61b2bd445dd81108ccfd0293c2aeb5c985f7ae593a5d75291bf8faf2b546eff48eec5f9779a88bd23cf4a59c0f70bf36"},"logName":"projects/muni-production-f8e72/logs/run.googleapis.com%2Frequests","receiveTimestamp":"2022-05-06T12:23:51.440267092Z","resource":{"labels":{"configuration_name":"muni-front","location":"asia-northeast1","project_id":"muni-production-f8e72","revision_name":"muni-front-jq7fz","service_name":"muni-front"},"type":"cloud_run_revision"},"severity":"INFO","timestamp":"2022-05-06T12:23:51.435099Z","trace":"projects/muni-production-f8e72/traces/566afece0a832979ad0c6533597b3127"}
{"httpRequest":{"latency":"0.004100707s","protocol":"HTTP/1.1","referer":"https://35.241.42.228/solr/#/","remoteIp":"162.221.192.26","requestMethod":"GET","requestSize":"530","requestUrl":"https://35.241.42.228/solr","responseSize":"1950","serverIp":"35.241.42.228","status":404,"userAgent":"Mozilla/5.0 (Windows NT 10.0; Win64; x64) AppleWebKit/537.36 (KHTML, like Gecko) Chrome/60.0.3112.113 Safari/537.36"},"insertId":"627512bc0003361127d8c789","labels":{"instanceId":"0067430fbd7af03cb17d92900b5f3305989a61b2bd445dd81108ccfd0293c2aeb5c985f7ae593a5d75291bf8faf2b546eff48eec5f9779a88bd23cf4a59c0f70bf36"},"logName":"projects/muni-production-f8e72/logs/run.googleapis.com%2Frequests","receiveTimestamp":"2022-05-06T12:21:16.521767751Z","resource":{"labels":{"configuration_name":"muni-front","location":"asia-northeast1","project_id":"muni-production-f8e72","revision_name":"muni-front-jq7fz","service_name":"muni-front"},"type":"cloud_run_revision"},"severity":"WARNING","timestamp":"2022-05-06T12:21:16.210449Z","trace":"projects/muni-production-f8e72/traces/0262f3d82f6133f7a56c13c0df486784"}
{"httpRequest":{"latency":"0.018760813s","protocol":"HTTP/1.1","remoteIp":"162.221.192.26","requestMethod":"GET","requestSize":"492","requestUrl":"https://35.241.42.228/solr/","responseSize":"664","serverIp":"35.241.42.228","status":308,"userAgent":"Mozilla/5.0 (Windows NT 10.0; Win64; x64) AppleWebKit/537.36 (KHTML, like Gecko) Chrome/60.0.3112.113 Safari/537.36"},"insertId":"627512bb000cf7b5be125766","labels":{"instanceId":"0067430fbd7af03cb17d92900b5f3305989a61b2bd445dd81108ccfd0293c2aeb5c985f7ae593a5d75291bf8faf2b546eff48eec5f9779a88bd23cf4a59c0f70bf36"},"logName":"projects/muni-production-f8e72/logs/run.googleapis.com%2Frequests","receiveTimestamp":"2022-05-06T12:21:15.853841556Z","resource":{"labels":{"configuration_name":"muni-front","location":"asia-northeast1","project_id":"muni-production-f8e72","revision_name":"muni-front-jq7fz","service_name":"muni-front"},"type":"cloud_run_revision"},"severity":"INFO","timestamp":"2022-05-06T12:21:15.849845Z","trace":"projects/muni-production-f8e72/traces/dd414ba6c4b86a0e4bf38552dbe66417"}
{"httpRequest":{"latency":"0.277178366s","protocol":"HTTP/1.1","referer":"https://muni.ink/","remoteIp":"112.69.147.18","requestMethod":"POST","requestSize":"868","requestUrl":"https://api.muni.ink/recent","responseSize":"12342","serverIp":"35.241.42.228","status":200,"userAgent":"Mozilla/5.0 (Linux; Android 11; MP02) AppleWebKit/537.36 (KHTML, like Gecko) Chrome/101.0.4951.41 Mobile Safari/537.36"},"insertId":"627511a0000ac92ae7fc94f3","labels":{"instanceId":"0067430fbdf8497301732486903449ce1ad928680c0f0325f15430c7bed22be2f601789463027844e3f1a908a21bd50a24d6eb57beb97b1070da88a46d5bf9dc8679"},"logName":"projects/muni-production-f8e72/logs/run.googleapis.com%2Frequests","receiveTimestamp":"2022-05-06T12:16:33.027720811Z","resource":{"labels":{"configuration_name":"muni-back","location":"asia-northeast1","project_id":"muni-production-f8e72","revision_name":"muni-back-hpgtt","service_name":"muni-back"},"type":"cloud_run_revision"},"severity":"INFO","timestamp":"2022-05-06T12:16:32.706858Z","trace":"projects/muni-production-f8e72/traces/a4865b7b58872ddb2647e5eff79e4b82"}
{"insertId":"627511a0000ac228d16ebf2a","jsonPayload":{"ident":"FETCH_SUCCESS","level":"INFO","message":"Success to fetch.","method":"RecentPostAPI","timestamp":"2022-5-6 12:16:32"},"labels":{"instanceId":"0067430fbdf8497301732486903449ce1ad928680c0f0325f15430c7bed22be2f601789463027844e3f1a908a21bd50a24d6eb57beb97b1070da88a46d5bf9dc8679"},"logName":"projects/muni-production-f8e72/logs/run.googleapis.com%2Fstdout","receiveTimestamp":"2022-05-06T12:16:32.766995388Z","resource":{"labels":{"configuration_name":"muni-back","location":"asia-northeast1","project_id":"muni-production-f8e72","revision_name":"muni-back-hpgtt","service_name":"muni-back"},"type":"cloud_run_revision"},"timestamp":"2022-05-06T12:16:32.705064Z"}
{"httpRequest":{"latency":"0.005065097s","protocol":"HTTP/1.1","referer":"https://muni.ink/?gclid=CjwKCAjwjtOTBhAvEiwASG4bCAvXeRnQsfuyOMbxWqSLYuWS4gT3P1dZQEbZEO7868gDlyMuFavPUxoCr5MQAvD_BwE","remoteIp":"112.69.147.18","requestMethod":"GET","requestSize":"1114","requestUrl":"https://muni.ink/favicon.ico","responseSize":"722","serverIp":"35.241.42.228","status":304,"userAgent":"Mozilla/5.0 (Linux; Android 11; MP02) AppleWebKit/537.36 (KHTML, like Gecko) Chrome/101.0.4951.41 Mobile Safari/537.36"},"insertId":"627511a000092a0c41659010","labels":{"instanceId":"0067430fbd7af03cb17d92900b5f3305989a61b2bd445dd81108ccfd0293c2aeb5c985f7ae593a5d75291bf8faf2b546eff48eec5f9779a88bd23cf4a59c0f70bf36"},"logName":"projects/muni-production-f8e72/logs/run.googleapis.com%2Frequests","receiveTimestamp":"2022-05-06T12:16:32.608120651Z","resource":{"labels":{"configuration_name":"muni-front","location":"asia-northeast1","project_id":"muni-production-f8e72","revision_name":"muni-front-jq7fz","service_name":"muni-front"},"type":"cloud_run_revision"},"severity":"INFO","timestamp":"2022-05-06T12:16:32.600588Z","trace":"projects/muni-production-f8e72/traces/9a36b2f20ebe039623cf3f7a8f445187"}
{"insertId":"627511a00006953025effa35","jsonPayload":{"ident":"RECIEVE","level":"INFO","message":"Recieve the recent posted works request.","method":"RecentPostAPI","timestamp":"2022-5-6 12:16:32"},"labels":{"instanceId":"0067430fbdf8497301732486903449ce1ad928680c0f0325f15430c7bed22be2f601789463027844e3f1a908a21bd50a24d6eb57beb97b1070da88a46d5bf9dc8679"},"logName":"projects/muni-production-f8e72/logs/run.googleapis.com%2Fstdout","receiveTimestamp":"2022-05-06T12:16:32.434077560Z","resource":{"labels":{"configuration_name":"muni-back","location":"asia-northeast1","project_id":"muni-production-f8e72","revision_name":"muni-back-hpgtt","service_name":"muni-back"},"type":"cloud_run_revision"},"timestamp":"2022-05-06T12:16:32.431408Z"}
{"httpRequest":{"latency":"0.002589467s","protocol":"HTTP/1.1","referer":"https://muni.ink/","remoteIp":"112.69.147.18","requestMethod":"OPTIONS","requestSize":"758","requestUrl":"https://api.muni.ink/recent","responseSize":"853","serverIp":"35.241.42.228","status":204,"userAgent":"Mozilla/5.0 (Linux; Android 11; MP02) AppleWebKit/537.36 (KHTML, like Gecko) Chrome/101.0.4951.41 Mobile Safari/537.36"},"insertId":"627511a000057ab3c1c188fb","labels":{"instanceId":"0067430fbdf8497301732486903449ce1ad928680c0f0325f15430c7bed22be2f601789463027844e3f1a908a21bd50a24d6eb57beb97b1070da88a46d5bf9dc8679"},"logName":"projects/muni-production-f8e72/logs/run.googleapis.com%2Frequests","receiveTimestamp":"2022-05-06T12:16:32.361476615Z","resource":{"labels":{"configuration_name":"muni-back","location":"asia-northeast1","project_id":"muni-production-f8e72","revision_name":"muni-back-hpgtt","service_name":"muni-back"},"type":"cloud_run_revision"},"severity":"INFO","timestamp":"2022-05-06T12:16:32.359091Z","trace":"projects/muni-production-f8e72/traces/5bed5f3aa8b6d404e7da6c943c58d461"}
{"httpRequest":{"latency":"0.004213665s","protocol":"HTTP/1.1","referer":"https://muni.ink/?gclid=CjwKCAjwjtOTBhAvEiwASG4bCAvXeRnQsfuyOMbxWqSLYuWS4gT3P1dZQEbZEO7868gDlyMuFavPUxoCr5MQAvD_BwE","remoteIp":"112.69.147.18","requestMethod":"GET","requestSize":"1034","requestUrl":"https://muni.ink/_next/image?url=%2Flogo_landing.png&w=384&q=75","responseSize":"709","serverIp":"35.241.42.228","status":304,"userAgent":"Mozilla/5.0 (Linux; Android 11; MP02) AppleWebKit/537.36 (KHTML, like Gecko) Chrome/101.0.4951.41 Mobile Safari/537.36"},"insertId":"627511a0000437de453aa529","labels":{"instanceId":"0067430fbd7af03cb17d92900b5f3305989a61b2bd445dd81108ccfd0293c2aeb5c985f7ae593a5d75291bf8faf2b546eff48eec5f9779a88bd23cf4a59c0f70bf36"},"logName":"projects/muni-production-f8e72/logs/run.googleapis.com%2Frequests","receiveTimestamp":"2022-05-06T12:16:32.608120651Z","resource":{"labels":{"configuration_name":"muni-front","location":"asia-northeast1","project_id":"muni-production-f8e72","revision_name":"muni-front-jq7fz","service_name":"muni-front"},"type":"cloud_run_revision"},"severity":"INFO","timestamp":"2022-05-06T12:16:32.276446Z","trace":"projects/muni-production-f8e72/traces/8db0fed7584a87bf2c7cacac6e398fa1"}
{"httpRequest":{"latency":"0.003437249s","protocol":"HTTP/1.1","referer":"https://muni.ink/?gclid=CjwKCAjwjtOTBhAvEiwASG4bCAvXeRnQsfuyOMbxWqSLYuWS4gT3P1dZQEbZEO7868gDlyMuFavPUxoCr5MQAvD_BwE","remoteIp":"112.69.147.18","requestMethod":"GET","requestSize":"1037","requestUrl":"https://muni.ink/_next/image?url=%2Flogo_horizontal.png&w=384&q=75","responseSize":"709","serverIp":"35.241.42.228","status":304,"userAgent":"Mozilla/5.0 (Linux; Android 11; MP02) AppleWebKit/537.36 (KHTML, like Gecko) Chrome/101.0.4951.41 Mobile Safari/537.36"},"insertId":"627511a0000429a6550c15c4","labels":{"instanceId":"0067430fbd7af03cb17d92900b5f3305989a61b2bd445dd81108ccfd0293c2aeb5c985f7ae593a5d75291bf8faf2b546eff48eec5f9779a88bd23cf4a59c0f70bf36"},"logName":"projects/muni-production-f8e72/logs/run.googleapis.com%2Frequests","receiveTimestamp":"2022-05-06T12:16:32.608120651Z","resource":{"labels":{"configuration_name":"muni-front","location":"asia-northeast1","project_id":"muni-production-f8e72","revision_name":"muni-front-jq7fz","service_name":"muni-front"},"type":"cloud_run_revision"},"severity":"INFO","timestamp":"2022-05-06T12:16:32.272806Z","trace":"projects/muni-production-f8e72/traces/3d4ea55f41cecefb30eec1bc893ecc82"}
{"httpRequest":{"latency":"0.002999709s","protocol":"HTTP/1.1","referer":"https://muni.ink/?gclid=CjwKCAjwjtOTBhAvEiwASG4bCAvXeRnQsfuyOMbxWqSLYuWS4gT3P1dZQEbZEO7868gDlyMuFavPUxoCr5MQAvD_BwE","remoteIp":"112.69.147.18","requestMethod":"GET","requestSize":"916","requestUrl":"https://muni.ink/_next/static/IVVvbvvWS4XaF0igaWv4S/_ssgManifest.js","responseSize":"962","serverIp":"35.241.42.228","status":200,"userAgent":"Mozilla/5.0 (Linux; Android 11; MP02) AppleWebKit/537.36 (KHTML, like Gecko) Chrome/101.0.4951.41 Mobile Safari/537.36"},"insertId":"6275119f000cbf51ec5fa5c8","labels":{"instanceId":"0067430fbd7af03cb17d92900b5f3305989a61b2bd445dd81108ccfd0293c2aeb5c985f7ae593a5d75291bf8faf2b546eff48eec5f9779a88bd23cf4a59c0f70bf36"},"logName":"projects/muni-production-f8e72/logs/run.googleapis.com%2Frequests","receiveTimestamp":"2022-05-06T12:16:31.941067756Z","resource":{"labels":{"configuration_name":"muni-front","location":"asia-northeast1","project_id":"muni-production-f8e72","revision_name":"muni-front-jq7fz","service_name":"muni-front"},"type":"cloud_run_revision"},"severity":"INFO","timestamp":"2022-05-06T12:16:31.835409Z","trace":"projects/muni-production-f8e72/traces/117457d7945dd80d1f1dfb7fcb3e559e"}
{"httpRequest":{"latency":"0.005104931s","protocol":"HTTP/1.1","referer":"https://www.google.com/","remoteIp":"112.69.147.18","requestMethod":"GET","requestSize":"1055","requestUrl":"https://muni.ink/?gclid=CjwKCAjwjtOTBhAvEiwASG4bCAvXeRnQsfuyOMbxWqSLYuWS4gT3P1dZQEbZEO7868gDlyMuFavPUxoCr5MQAvD_BwE","responseSize":"6078","serverIp":"35.241.42.228","status":200,"userAgent":"Mozilla/5.0 (Linux; Android 11; MP02) AppleWebKit/537.36 (KHTML, like Gecko) Chrome/101.0.4951.41 Mobile Safari/537.36"},"insertId":"6275119f00042a4d963b6419","labels":{"instanceId":"0067430fbd7af03cb17d92900b5f3305989a61b2bd445dd81108ccfd0293c2aeb5c985f7ae593a5d75291bf8faf2b546eff48eec5f9779a88bd23cf4a59c0f70bf36"},"logName":"projects/muni-production-f8e72/logs/run.googleapis.com%2Frequests","receiveTimestamp":"2022-05-06T12:16:31.276152371Z","resource":{"labels":{"configuration_name":"muni-front","location":"asia-northeast1","project_id":"muni-production-f8e72","revision_name":"muni-front-jq7fz","service_name":"muni-front"},"type":"cloud_run_revision"},"severity":"INFO","timestamp":"2022-05-06T12:16:31.272973Z","trace":"projects/muni-production-f8e72/traces/b2be7fea06270480e9f4fc58111dcb03"}
{"httpRequest":{"latency":"0.003590740s","protocol":"HTTP/1.1","remoteIp":"35.161.30.82","requestMethod":"GET","requestSize":"476","requestUrl":"https://muni.ink/","responseSize":"35263","serverIp":"35.241.42.228","status":200,"userAgent":"Mozilla/5.0 (Windows NT 6.1; Win64; x64) AppleWebKit/537.36 (KHTML, like Gecko) Chrome/72.0.3626.109 Safari/537.36"},"insertId":"627511380005679aa06d48c6","labels":{"instanceId":"0067430fbd7af03cb17d92900b5f3305989a61b2bd445dd81108ccfd0293c2aeb5c985f7ae593a5d75291bf8faf2b546eff48eec5f9779a88bd23cf4a59c0f70bf36"},"logName":"projects/muni-production-f8e72/logs/run.googleapis.com%2Frequests","receiveTimestamp":"2022-05-06T12:14:48.359373077Z","resource":{"labels":{"configuration_name":"muni-front","location":"asia-northeast1","project_id":"muni-production-f8e72","revision_name":"muni-front-jq7fz","service_name":"muni-front"},"type":"cloud_run_revision"},"severity":"INFO","timestamp":"2022-05-06T12:14:48.354202Z","trace":"projects/muni-production-f8e72/traces/6fa80173944e2ee25b6dba86e10e2de2"}
{"httpRequest":{"latency":"0.005898600s","protocol":"HTTP/1.1","remoteIp":"213.226.123.30","requestMethod":"GET","requestSize":"494","requestUrl":"https://35.241.42.228/?XDEBUG_SESSION_START=phpstorm","responseSize":"6077","serverIp":"35.241.42.228","status":200,"userAgent":"Mozilla/5.0 (Windows NT 10.0; Win64; x64) AppleWebKit/537.36 (KHTML, like Gecko) Chrome/78.0.3904.108 Safari/537.36"},"insertId":"62750d9500013de5feb67c7e","labels":{"instanceId":"0067430fbd7af03cb17d92900b5f3305989a61b2bd445dd81108ccfd0293c2aeb5c985f7ae593a5d75291bf8faf2b546eff48eec5f9779a88bd23cf4a59c0f70bf36"},"logName":"projects/muni-production-f8e72/logs/run.googleapis.com%2Frequests","receiveTimestamp":"2022-05-06T11:59:17.083718454Z","resource":{"labels":{"configuration_name":"muni-front","location":"asia-northeast1","project_id":"muni-production-f8e72","revision_name":"muni-front-jq7fz","service_name":"muni-front"},"type":"cloud_run_revision"},"severity":"INFO","timestamp":"2022-05-06T11:59:17.081381Z","trace":"projects/muni-production-f8e72/traces/f2757d9bd217770103188228063dd5e6"}
{"httpRequest":{"latency":"0.003925970s","protocol":"HTTP/1.1","remoteIp":"54.245.219.252","requestMethod":"GET","requestSize":"506","requestUrl":"https://muni.ink/","responseSize":"35263","serverIp":"35.241.42.228","status":200,"userAgent":"Mozilla/5.0 (Linux; Android 4.0.4; Galaxy Nexus Build/IMM76B) AppleWebKit/535.19 (KHTML, like Gecko) Chrome/18.0.1025.133 Mobile Safari/535.19"},"insertId":"62750ce6000535f8318bed43","labels":{"instanceId":"0067430fbd7af03cb17d92900b5f3305989a61b2bd445dd81108ccfd0293c2aeb5c985f7ae593a5d75291bf8faf2b546eff48eec5f9779a88bd23cf4a59c0f70bf36"},"logName":"projects/muni-production-f8e72/logs/run.googleapis.com%2Frequests","receiveTimestamp":"2022-05-06T11:56:22.344770664Z","resource":{"labels":{"configuration_name":"muni-front","location":"asia-northeast1","project_id":"muni-production-f8e72","revision_name":"muni-front-jq7fz","service_name":"muni-front"},"type":"cloud_run_revision"},"severity":"INFO","timestamp":"2022-05-06T11:56:22.341496Z","trace":"projects/muni-production-f8e72/traces/ceb6e3bf00fbdf4d010dd20bd1baf95f"}
{"httpRequest":{"latency":"0.002946928s","protocol":"HTTP/1.1","referer":"https://muni.ink/painting/K9kCjzti2G92vd3aR3xH","remoteIp":"66.249.64.86","requestMethod":"GET","requestSize":"651","requestUrl":"https://muni.ink/_next/static/css/57e2d6d4dd596d1c.css","responseSize":"1701","serverIp":"35.241.42.228","status":200,"userAgent":"Mozilla/5.0 AppleWebKit/537.36 (KHTML, like Gecko; compatible; Googlebot/2.1; +http://www.google.com/bot.html) Chrome/100.0.4896.127 Safari/537.36"},"insertId":"62750c82000f0e52a9a6efb0","labels":{"instanceId":"0067430fbd7af03cb17d92900b5f3305989a61b2bd445dd81108ccfd0293c2aeb5c985f7ae593a5d75291bf8faf2b546eff48eec5f9779a88bd23cf4a59c0f70bf36"},"logName":"projects/muni-production-f8e72/logs/run.googleapis.com%2Frequests","receiveTimestamp":"2022-05-06T11:54:43.249499637Z","resource":{"labels":{"configuration_name":"muni-front","location":"asia-northeast1","project_id":"muni-production-f8e72","revision_name":"muni-front-jq7fz","service_name":"muni-front"},"type":"cloud_run_revision"},"severity":"INFO","timestamp":"2022-05-06T11:54:42.986706Z","trace":"projects/muni-production-f8e72/traces/c029eaaec5aba24ab55b8d9ef2239344"}
{"httpRequest":{"latency":"0.004269314s","protocol":"HTTP/1.1","referer":"https://muni.ink/painting/K9kCjzti2G92vd3aR3xH","remoteIp":"66.249.64.86","requestMethod":"GET","requestSize":"718","requestUrl":"https://muni.ink/_next/static/chunks/pages/user/%5Bid%5D-40de660f43da0b89.js","responseSize":"3661","serverIp":"35.241.42.228","status":200,"userAgent":"Mozilla/5.0 AppleWebKit/537.36 (KHTML, like Gecko; compatible; Googlebot/2.1; +http://www.google.com/bot.html) Chrome/100.0.4896.127 Safari/537.36"},"insertId":"62750c820008b5df6c06a5e5","labels":{"instanceId":"0067430fbd7af03cb17d92900b5f3305989a61b2bd445dd81108ccfd0293c2aeb5c985f7ae593a5d75291bf8faf2b546eff48eec5f9779a88bd23cf4a59c0f70bf36"},"logName":"projects/muni-production-f8e72/logs/run.googleapis.com%2Frequests","receiveTimestamp":"2022-05-06T11:54:42.583216581Z","resource":{"labels":{"configuration_name":"muni-front","location":"asia-northeast1","project_id":"muni-production-f8e72","revision_name":"muni-front-jq7fz","service_name":"muni-front"},"type":"cloud_run_revision"},"severity":"INFO","timestamp":"2022-05-06T11:54:42.570847Z","trace":"projects/muni-production-f8e72/traces/ab0405e572d423c811a0867110282de7"}
{"httpRequest":{"latency":"0.005457106s","protocol":"HTTP/1.1","referer":"https://muni.ink/painting/K9kCjzti2G92vd3aR3xH","remoteIp":"66.249.64.86","requestMethod":"GET","requestSize":"702","requestUrl":"https://muni.ink/_next/static/chunks/628-b8825c0c7ba71b31.js","responseSize":"5034","serverIp":"35.241.42.228","status":200,"userAgent":"Mozilla/5.0 AppleWebKit/537.36 (KHTML, like Gecko; compatible; Googlebot/2.1; +http://www.google.com/bot.html) Chrome/100.0.4896.127 Safari/537.36"},"insertId":"62750c810008de9f6ee91f6f","labels":{"instanceId":"0067430fbd7af03cb17d92900b5f3305989a61b2bd445dd81108ccfd0293c2aeb5c985f7ae593a5d75291bf8faf2b546eff48eec5f9779a88bd23cf4a59c0f70bf36"},"logName":"projects/muni-production-f8e72/logs/run.googleapis.com%2Frequests","receiveTimestamp":"2022-05-06T11:54:41.585705962Z","resource":{"labels":{"configuration_name":"muni-front","location":"asia-northeast1","project_id":"muni-production-f8e72","revision_name":"muni-front-jq7fz","service_name":"muni-front"},"type":"cloud_run_revision"},"severity":"INFO","timestamp":"2022-05-06T11:54:41.581279Z","trace":"projects/muni-production-f8e72/traces/a649a701340f343a0a2a379ca0f011bc"}
{"httpRequest":{"latency":"0.005314487s","protocol":"HTTP/1.1","remoteIp":"66.249.64.84","requestMethod":"GET","requestSize":"473","requestUrl":"https://muni.ink/user/kabecan","responseSize":"3852","serverIp":"35.241.42.228","status":200,"userAgent":"Mozilla/5.0 (compatible; Googlebot/2.1; +http://www.google.com/bot.html)"},"insertId":"62750b7000029337ea808433","labels":{"instanceId":"0067430fbd7af03cb17d92900b5f3305989a61b2bd445dd81108ccfd0293c2aeb5c985f7ae593a5d75291bf8faf2b546eff48eec5f9779a88bd23cf4a59c0f70bf36"},"logName":"projects/muni-production-f8e72/logs/run.googleapis.com%2Frequests","receiveTimestamp":"2022-05-06T11:50:08.171804552Z","resource":{"labels":{"configuration_name":"muni-front","location":"asia-northeast1","project_id":"muni-production-f8e72","revision_name":"muni-front-jq7fz","service_name":"muni-front"},"type":"cloud_run_revision"},"severity":"INFO","timestamp":"2022-05-06T11:50:08.168759Z","trace":"projects/muni-production-f8e72/traces/04cebfaefd118920300da2a59928e27f"}
{"httpRequest":{"latency":"0.007799946s","protocol":"HTTP/1.1","remoteIp":"47.243.233.244","requestMethod":"POST","requestSize":"457","requestUrl":"https://35.241.42.228/","responseSize":"2028","serverIp":"35.241.42.228","status":405,"userAgent":"Go-http-client/1.1"},"insertId":"627507700008a1b04a90641d","labels":{"instanceId":"0067430fbd7af03cb17d92900b5f3305989a61b2bd445dd81108ccfd0293c2aeb5c985f7ae593a5d75291bf8faf2b546eff48eec5f9779a88bd23cf4a59c0f70bf36"},"logName":"projects/muni-production-f8e72/logs/run.googleapis.com%2Frequests","receiveTimestamp":"2022-05-06T11:33:04.884495119Z","resource":{"labels":{"configuration_name":"muni-front","location":"asia-northeast1","project_id":"muni-production-f8e72","revision_name":"muni-front-jq7fz","service_name":"muni-front"},"type":"cloud_run_revision"},"severity":"WARNING","timestamp":"2022-05-06T11:33:04.565680Z","trace":"projects/muni-production-f8e72/traces/45e26d973902b1bdeb37341b44c0e1d6"}
{"httpRequest":{"latency":"0.007225780s","protocol":"HTTP/1.1","remoteIp":"47.243.233.244","requestMethod":"POST","requestSize":"457","requestUrl":"https://35.241.42.228/","responseSize":"2028","serverIp":"35.241.42.228","status":405,"userAgent":"Go-http-client/1.1"},"insertId":"6275077000020d8ce3804d98","labels":{"instanceId":"0067430fbd7af03cb17d92900b5f3305989a61b2bd445dd81108ccfd0293c2aeb5c985f7ae593a5d75291bf8faf2b546eff48eec5f9779a88bd23cf4a59c0f70bf36"},"logName":"projects/muni-production-f8e72/logs/run.googleapis.com%2Frequests","receiveTimestamp":"2022-05-06T11:33:04.219422606Z","resource":{"labels":{"configuration_name":"muni-front","location":"asia-northeast1","project_id":"muni-production-f8e72","revision_name":"muni-front-jq7fz","service_name":"muni-front"},"type":"cloud_run_revision"},"severity":"WARNING","timestamp":"2022-05-06T11:33:04.134540Z","trace":"projects/muni-production-f8e72/traces/2009d4bce19a97164366c151fce32ec5"}
{"httpRequest":{"latency":"0.004852756s","protocol":"HTTP/1.1","remoteIp":"47.243.233.244","requestMethod":"GET","requestSize":"455","requestUrl":"https://35.241.42.228/?dns=q80BAAABAAAAAAAAA3d3dwdleGFtcGxlA2NvbQAAAQAB","responseSize":"6077","serverIp":"35.241.42.228","status":200,"userAgent":"Go-http-client/1.1"},"insertId":"6275076e000b88bb114be2eb","labels":{"instanceId":"0067430fbd7af03cb17d92900b5f3305989a61b2bd445dd81108ccfd0293c2aeb5c985f7ae593a5d75291bf8faf2b546eff48eec5f9779a88bd23cf4a59c0f70bf36"},"logName":"projects/muni-production-f8e72/logs/run.googleapis.com%2Frequests","receiveTimestamp":"2022-05-06T11:33:02.887246665Z","resource":{"labels":{"configuration_name":"muni-front","location":"asia-northeast1","project_id":"muni-production-f8e72","revision_name":"muni-front-jq7fz","service_name":"muni-front"},"type":"cloud_run_revision"},"severity":"INFO","timestamp":"2022-05-06T11:33:02.755899Z","trace":"projects/muni-production-f8e72/traces/ccad1b7076cc560215b779de0622721d"}
{"httpRequest":{"latency":"0.004104691s","protocol":"HTTP/1.1","remoteIp":"47.243.233.244","requestMethod":"POST","requestSize":"464","requestUrl":"https://35.241.42.228/resolve","responseSize":"1950","serverIp":"35.241.42.228","status":404,"userAgent":"Go-http-client/1.1"},"insertId":"6275076e000853a838a82cb4","labels":{"instanceId":"0067430fbd7af03cb17d92900b5f3305989a61b2bd445dd81108ccfd0293c2aeb5c985f7ae593a5d75291bf8faf2b546eff48eec5f9779a88bd23cf4a59c0f70bf36"},"logName":"projects/muni-production-f8e72/logs/run.googleapis.com%2Frequests","receiveTimestamp":"2022-05-06T11:33:02.554615036Z","resource":{"labels":{"configuration_name":"muni-front","location":"asia-northeast1","project_id":"muni-production-f8e72","revision_name":"muni-front-jq7fz","service_name":"muni-front"},"type":"cloud_run_revision"},"severity":"WARNING","timestamp":"2022-05-06T11:33:02.545704Z","trace":"projects/muni-production-f8e72/traces/20dbaeeb0990d0187830f27174a01509"}
{"httpRequest":{"latency":"0.003923049s","protocol":"HTTP/1.1","remoteIp":"47.243.233.244","requestMethod":"POST","requestSize":"464","requestUrl":"https://35.241.42.228/resolve","responseSize":"1950","serverIp":"35.241.42.228","status":404,"userAgent":"Go-http-client/1.1"},"insertId":"6275076e0006897927c52e41","labels":{"instanceId":"0067430fbd7af03cb17d92900b5f3305989a61b2bd445dd81108ccfd0293c2aeb5c985f7ae593a5d75291bf8faf2b546eff48eec5f9779a88bd23cf4a59c0f70bf36"},"logName":"projects/muni-production-f8e72/logs/run.googleapis.com%2Frequests","receiveTimestamp":"2022-05-06T11:33:02.554615036Z","resource":{"labels":{"configuration_name":"muni-front","location":"asia-northeast1","project_id":"muni-production-f8e72","revision_name":"muni-front-jq7fz","service_name":"muni-front"},"type":"cloud_run_revision"},"severity":"WARNING","timestamp":"2022-05-06T11:33:02.428409Z","trace":"projects/muni-production-f8e72/traces/d8d097c6e952321cd5daa4d176b36141"}
{"httpRequest":{"latency":"0.003772820s","protocol":"HTTP/1.1","remoteIp":"47.243.233.244","requestMethod":"GET","requestSize":"462","requestUrl":"https://35.241.42.228/resolve?dns=q80BAAABAAAAAAAAA3d3dwdleGFtcGxlA2NvbQAAAQAB","responseSize":"1950","serverIp":"35.241.42.228","status":404,"userAgent":"Go-http-client/1.1"},"insertId":"6275076e0004eb11ab99774b","labels":{"instanceId":"0067430fbd7af03cb17d92900b5f3305989a61b2bd445dd81108ccfd0293c2aeb5c985f7ae593a5d75291bf8faf2b546eff48eec5f9779a88bd23cf4a59c0f70bf36"},"logName":"projects/muni-production-f8e72/logs/run.googleapis.com%2Frequests","receiveTimestamp":"2022-05-06T11:33:02.554615036Z","resource":{"labels":{"configuration_name":"muni-front","location":"asia-northeast1","project_id":"muni-production-f8e72","revision_name":"muni-front-jq7fz","service_name":"muni-front"},"type":"cloud_run_revision"},"severity":"WARNING","timestamp":"2022-05-06T11:33:02.322321Z","trace":"projects/muni-production-f8e72/traces/5e040ff0295bf662a2ad03fba2b9d3d2"}
{"httpRequest":{"latency":"0.003991015s","protocol":"HTTP/1.1","remoteIp":"47.243.233.244","requestMethod":"GET","requestSize":"462","requestUrl":"https://35.241.42.228/resolve?dns=q80BAAABAAAAAAAAA3d3dwdleGFtcGxlA2NvbQAAAQAB","responseSize":"1950","serverIp":"35.241.42.228","status":404,"userAgent":"Go-http-client/1.1"},"insertId":"6275076e00036a97de8e6be3","labels":{"instanceId":"0067430fbd7af03cb17d92900b5f3305989a61b2bd445dd81108ccfd0293c2aeb5c985f7ae593a5d75291bf8faf2b546eff48eec5f9779a88bd23cf4a59c0f70bf36"},"logName":"projects/muni-production-f8e72/logs/run.googleapis.com%2Frequests","receiveTimestamp":"2022-05-06T11:33:02.554615036Z","resource":{"labels":{"configuration_name":"muni-front","location":"asia-northeast1","project_id":"muni-production-f8e72","revision_name":"muni-front-jq7fz","service_name":"muni-front"},"type":"cloud_run_revision"},"severity":"WARNING","timestamp":"2022-05-06T11:33:02.223895Z","trace":"projects/muni-production-f8e72/traces/239746e115465a6f9c08e984171f9a70"}
{"httpRequest":{"latency":"0.005346870s","protocol":"HTTP/1.1","remoteIp":"47.243.233.244","requestMethod":"POST","requestSize":"461","requestUrl":"https://35.241.42.228/query","responseSize":"1950","serverIp":"35.241.42.228","status":404,"userAgent":"Go-http-client/1.1"},"insertId":"6275076d000efc92838abbf0","labels":{"instanceId":"0067430fbd7af03cb17d92900b5f3305989a61b2bd445dd81108ccfd0293c2aeb5c985f7ae593a5d75291bf8faf2b546eff48eec5f9779a88bd23cf4a59c0f70bf36"},"logName":"projects/muni-production-f8e72/logs/run.googleapis.com%2Frequests","receiveTimestamp":"2022-05-06T11:33:02.219986355Z","resource":{"labels":{"configuration_name":"muni-front","location":"asia-northeast1","project_id":"muni-production-f8e72","revision_name":"muni-front-jq7fz","service_name":"muni-front"},"type":"cloud_run_revision"},"severity":"WARNING","timestamp":"2022-05-06T11:33:01.982162Z","trace":"projects/muni-production-f8e72/traces/e3e16507a5c006388e4bd9b0a217f155"}
{"httpRequest":{"latency":"0.003886731s","protocol":"HTTP/1.1","remoteIp":"47.243.233.244","requestMethod":"POST","requestSize":"461","requestUrl":"https://35.241.42.228/query","responseSize":"1950","serverIp":"35.241.42.228","status":404,"userAgent":"Go-http-client/1.1"},"insertId":"6275076d000b5af6e558a06c","labels":{"instanceId":"0067430fbd7af03cb17d92900b5f3305989a61b2bd445dd81108ccfd0293c2aeb5c985f7ae593a5d75291bf8faf2b546eff48eec5f9779a88bd23cf4a59c0f70bf36"},"logName":"projects/muni-production-f8e72/logs/run.googleapis.com%2Frequests","receiveTimestamp":"2022-05-06T11:33:01.888998953Z","resource":{"labels":{"configuration_name":"muni-front","location":"asia-northeast1","project_id":"muni-production-f8e72","revision_name":"muni-front-jq7fz","service_name":"muni-front"},"type":"cloud_run_revision"},"severity":"WARNING","timestamp":"2022-05-06T11:33:01.744182Z","trace":"projects/muni-production-f8e72/traces/04911af02b918d43f71e5b0ac25fe30b"}
{"httpRequest":{"latency":"0.003821788s","protocol":"HTTP/1.1","remoteIp":"47.243.233.244","requestMethod":"GET","requestSize":"460","requestUrl":"https://35.241.42.228/query?dns=q80BAAABAAAAAAAAA3d3dwdleGFtcGxlA2NvbQAAAQAB","responseSize":"1950","serverIp":"35.241.42.228","status":404,"userAgent":"Go-http-client/1.1"},"insertId":"6275076d0009892e754e3d64","labels":{"instanceId":"0067430fbd7af03cb17d92900b5f3305989a61b2bd445dd81108ccfd0293c2aeb5c985f7ae593a5d75291bf8faf2b546eff48eec5f9779a88bd23cf4a59c0f70bf36"},"logName":"projects/muni-production-f8e72/logs/run.googleapis.com%2Frequests","receiveTimestamp":"2022-05-06T11:33:01.888998953Z","resource":{"labels":{"configuration_name":"muni-front","location":"asia-northeast1","project_id":"muni-production-f8e72","revision_name":"muni-front-jq7fz","service_name":"muni-front"},"type":"cloud_run_revision"},"severity":"WARNING","timestamp":"2022-05-06T11:33:01.624942Z","trace":"projects/muni-production-f8e72/traces/68d0c38649e057c2d1f3cd92326841fc"}
{"httpRequest":{"latency":"0.004954238s","protocol":"HTTP/1.1","remoteIp":"47.243.233.244","requestMethod":"GET","requestSize":"461","requestUrl":"https://35.241.42.228/query?dns=q80BAAABAAAAAAAAA3d3dwdleGFtcGxlA2NvbQAAAQAB","responseSize":"1950","serverIp":"35.241.42.228","status":404,"userAgent":"Go-http-client/1.1"},"insertId":"6275076d0006e29dc1b2e8ce","labels":{"instanceId":"0067430fbd7af03cb17d92900b5f3305989a61b2bd445dd81108ccfd0293c2aeb5c985f7ae593a5d75291bf8faf2b546eff48eec5f9779a88bd23cf4a59c0f70bf36"},"logName":"projects/muni-production-f8e72/logs/run.googleapis.com%2Frequests","receiveTimestamp":"2022-05-06T11:33:01.554351049Z","resource":{"labels":{"configuration_name":"muni-front","location":"asia-northeast1","project_id":"muni-production-f8e72","revision_name":"muni-front-jq7fz","service_name":"muni-front"},"type":"cloud_run_revision"},"severity":"WARNING","timestamp":"2022-05-06T11:33:01.451229Z","trace":"projects/muni-production-f8e72/traces/7ccdecaf83a5f97a5cefd4741790e9c9"}
{"httpRequest":{"latency":"0.004090867s","protocol":"HTTP/1.1","remoteIp":"47.243.233.244","requestMethod":"POST","requestSize":"466","requestUrl":"https://35.241.42.228/dns-query","responseSize":"1950","serverIp":"35.241.42.228","status":404,"userAgent":"Go-http-client/1.1"},"insertId":"6275076d0004663d7b235d69","labels":{"instanceId":"0067430fbd7af03cb17d92900b5f3305989a61b2bd445dd81108ccfd0293c2aeb5c985f7ae593a5d75291bf8faf2b546eff48eec5f9779a88bd23cf4a59c0f70bf36"},"logName":"projects/muni-production-f8e72/logs/run.googleapis.com%2Frequests","receiveTimestamp":"2022-05-06T11:33:01.554351049Z","resource":{"labels":{"configuration_name":"muni-front","location":"asia-northeast1","project_id":"muni-production-f8e72","revision_name":"muni-front-jq7fz","service_name":"muni-front"},"type":"cloud_run_revision"},"severity":"WARNING","timestamp":"2022-05-06T11:33:01.288317Z","trace":"projects/muni-production-f8e72/traces/5a5a1c44c7808e28ba6fa592590377ae"}
{"httpRequest":{"latency":"0.003782894s","protocol":"HTTP/1.1","remoteIp":"47.243.233.244","requestMethod":"POST","requestSize":"466","requestUrl":"https://35.241.42.228/dns-query","responseSize":"1950","serverIp":"35.241.42.228","status":404,"userAgent":"Go-http-client/1.1"},"insertId":"6275076d00023aea22cf103e","labels":{"instanceId":"0067430fbd7af03cb17d92900b5f3305989a61b2bd445dd81108ccfd0293c2aeb5c985f7ae593a5d75291bf8faf2b546eff48eec5f9779a88bd23cf4a59c0f70bf36"},"logName":"projects/muni-production-f8e72/logs/run.googleapis.com%2Frequests","receiveTimestamp":"2022-05-06T11:33:01.221100093Z","resource":{"labels":{"configuration_name":"muni-front","location":"asia-northeast1","project_id":"muni-production-f8e72","revision_name":"muni-front-jq7fz","service_name":"muni-front"},"type":"cloud_run_revision"},"severity":"WARNING","timestamp":"2022-05-06T11:33:01.146154Z","trace":"projects/muni-production-f8e72/traces/33385bd68a695bac176a78835dde69ad"}
{"httpRequest":{"latency":"0.003895173s","protocol":"HTTP/1.1","remoteIp":"47.243.233.244","requestMethod":"GET","requestSize":"464","requestUrl":"https://35.241.42.228/dns-query?dns=q80BAAABAAAAAAAAA3d3dwdleGFtcGxlA2NvbQAAAQAB","responseSize":"1950","serverIp":"35.241.42.228","status":404,"userAgent":"Go-http-client/1.1"},"insertId":"6275076c000f14fae9aa4ecf","labels":{"instanceId":"0067430fbd7af03cb17d92900b5f3305989a61b2bd445dd81108ccfd0293c2aeb5c985f7ae593a5d75291bf8faf2b546eff48eec5f9779a88bd23cf4a59c0f70bf36"},"logName":"projects/muni-production-f8e72/logs/run.googleapis.com%2Frequests","receiveTimestamp":"2022-05-06T11:33:01.221100093Z","resource":{"labels":{"configuration_name":"muni-front","location":"asia-northeast1","project_id":"muni-production-f8e72","revision_name":"muni-front-jq7fz","service_name":"muni-front"},"type":"cloud_run_revision"},"severity":"WARNING","timestamp":"2022-05-06T11:33:00.988410Z","trace":"projects/muni-production-f8e72/traces/c446f3165315502d01a71c010f480871"}
{"httpRequest":{"latency":"0.004656864s","protocol":"HTTP/1.1","remoteIp":"47.243.233.244","requestMethod":"GET","requestSize":"465","requestUrl":"https://35.241.42.228/dns-query?dns=q80BAAABAAAAAAAAA3d3dwdleGFtcGxlA2NvbQAAAQAB","responseSize":"1950","serverIp":"35.241.42.228","status":404,"userAgent":"Go-http-client/1.1"},"insertId":"6275076c00086e2bbb66127d","labels":{"instanceId":"0067430fbd7af03cb17d92900b5f3305989a61b2bd445dd81108ccfd0293c2aeb5c985f7ae593a5d75291bf8faf2b546eff48eec5f9779a88bd23cf4a59c0f70bf36"},"logName":"projects/muni-production-f8e72/logs/run.googleapis.com%2Frequests","receiveTimestamp":"2022-05-06T11:33:00.556798932Z","resource":{"labels":{"configuration_name":"muni-front","location":"asia-northeast1","project_id":"muni-production-f8e72","revision_name":"muni-front-jq7fz","service_name":"muni-front"},"type":"cloud_run_revision"},"severity":"WARNING","timestamp":"2022-05-06T11:33:00.552491Z","trace":"projects/muni-production-f8e72/traces/e9422b1291b3e91df45fb95f4604a354"}
{"httpRequest":{"latency":"0.003031452s","protocol":"HTTP/1.1","referer":"https://muni.ink/user/Nelu0822","remoteIp":"66.249.64.84","requestMethod":"GET","requestSize":"635","requestUrl":"https://muni.ink/_next/static/css/c68c0af69704dac3.css","responseSize":"1277","serverIp":"35.241.42.228","status":200,"userAgent":"Mozilla/5.0 AppleWebKit/537.36 (KHTML, like Gecko; compatible; Googlebot/2.1; +http://www.google.com/bot.html) Chrome/100.0.4896.127 Safari/537.36"},"insertId":"627505d1000be4e580b9f308","labels":{"instanceId":"0067430fbd7af03cb17d92900b5f3305989a61b2bd445dd81108ccfd0293c2aeb5c985f7ae593a5d75291bf8faf2b546eff48eec5f9779a88bd23cf4a59c0f70bf36"},"logName":"projects/muni-production-f8e72/logs/run.googleapis.com%2Frequests","receiveTimestamp":"2022-05-06T11:26:10.061338247Z","resource":{"labels":{"configuration_name":"muni-front","location":"asia-northeast1","project_id":"muni-production-f8e72","revision_name":"muni-front-jq7fz","service_name":"muni-front"},"type":"cloud_run_revision"},"severity":"INFO","timestamp":"2022-05-06T11:26:09.779493Z","trace":"projects/muni-production-f8e72/traces/fd101c34c23e5f814398618c6cf7d93c"}
{"httpRequest":{"latency":"0.003108538s","protocol":"HTTP/1.1","referer":"https://muni.ink/user/Nelu0822","remoteIp":"66.249.64.84","requestMethod":"GET","requestSize":"635","requestUrl":"https://muni.ink/_next/static/css/c6dcc336f107c1ab.css","responseSize":"1198","serverIp":"35.241.42.228","status":200,"userAgent":"Mozilla/5.0 AppleWebKit/537.36 (KHTML, like Gecko; compatible; Googlebot/2.1; +http://www.google.com/bot.html) Chrome/100.0.4896.127 Safari/537.36"},"insertId":"627505d10004694372cadb79","labels":{"instanceId":"0067430fbd7af03cb17d92900b5f3305989a61b2bd445dd81108ccfd0293c2aeb5c985f7ae593a5d75291bf8faf2b546eff48eec5f9779a88bd23cf4a59c0f70bf36"},"logName":"projects/muni-production-f8e72/logs/run.googleapis.com%2Frequests","receiveTimestamp":"2022-05-06T11:26:09.394695214Z","resource":{"labels":{"configuration_name":"muni-front","location":"asia-northeast1","project_id":"muni-production-f8e72","revision_name":"muni-front-jq7fz","service_name":"muni-front"},"type":"cloud_run_revision"},"severity":"INFO","timestamp":"2022-05-06T11:26:09.289091Z","trace":"projects/muni-production-f8e72/traces/813d3ae3f0e5f8f38a91b12690550d5f"}
{"httpRequest":{"latency":"0.005136918s","protocol":"HTTP/1.1","referer":"https://muni.ink/user/Nelu0822","remoteIp":"66.249.64.84","requestMethod":"GET","requestSize":"634","requestUrl":"https://muni.ink/_next/static/css/64a820a89e70212f.css","responseSize":"1514","serverIp":"35.241.42.228","status":200,"userAgent":"Mozilla/5.0 AppleWebKit/537.36 (KHTML, like Gecko; compatible; Googlebot/2.1; +http://www.google.com/bot.html) Chrome/100.0.4896.127 Safari/537.36"},"insertId":"627505d0000c53bd36dd8dfe","labels":{"instanceId":"0067430fbd7af03cb17d92900b5f3305989a61b2bd445dd81108ccfd0293c2aeb5c985f7ae593a5d75291bf8faf2b546eff48eec5f9779a88bd23cf4a59c0f70bf36"},"logName":"projects/muni-production-f8e72/logs/run.googleapis.com%2Frequests","receiveTimestamp":"2022-05-06T11:26:09.061916738Z","resource":{"labels":{"configuration_name":"muni-front","location":"asia-northeast1","project_id":"muni-production-f8e72","revision_name":"muni-front-jq7fz","service_name":"muni-front"},"type":"cloud_run_revision"},"severity":"INFO","timestamp":"2022-05-06T11:26:08.807869Z","trace":"projects/muni-production-f8e72/traces/81b6e9270df90a549e4af6643752a829"}
{"httpRequest":{"latency":"0.004466628s","protocol":"HTTP/1.1","referer":"https://muni.ink/user/Nelu0822","remoteIp":"66.249.64.85","requestMethod":"GET","requestSize":"693","requestUrl":"https://muni.ink/_next/static/chunks/pages/index-65694bb50f9c6c5b.js","responseSize":"6186","serverIp":"35.241.42.228","status":200,"userAgent":"Mozilla/5.0 AppleWebKit/537.36 (KHTML, like Gecko; compatible; Googlebot/2.1; +http://www.google.com/bot.html) Chrome/100.0.4896.127 Safari/537.36"},"insertId":"627505cf000cc1de0088ba13","labels":{"instanceId":"0067430fbd7af03cb17d92900b5f3305989a61b2bd445dd81108ccfd0293c2aeb5c985f7ae593a5d75291bf8faf2b546eff48eec5f9779a88bd23cf4a59c0f70bf36"},"logName":"projects/muni-production-f8e72/logs/run.googleapis.com%2Frequests","receiveTimestamp":"2022-05-06T11:26:08.063073907Z","resource":{"labels":{"configuration_name":"muni-front","location":"asia-northeast1","project_id":"muni-production-f8e72","revision_name":"muni-front-jq7fz","service_name":"muni-front"},"type":"cloud_run_revision"},"severity":"INFO","timestamp":"2022-05-06T11:26:07.836062Z","trace":"projects/muni-production-f8e72/traces/a9fbb372c86eb245d772c8aa0227c6db"}
{"httpRequest":{"latency":"0.005039432s","protocol":"HTTP/1.1","referer":"https://muni.ink/user/Nelu0822","remoteIp":"66.249.64.85","requestMethod":"GET","requestSize":"685","requestUrl":"https://muni.ink/_next/static/chunks/512-ebe36cd4932e0284.js","responseSize":"6846","serverIp":"35.241.42.228","status":200,"userAgent":"Mozilla/5.0 AppleWebKit/537.36 (KHTML, like Gecko; compatible; Googlebot/2.1; +http://www.google.com/bot.html) Chrome/100.0.4896.127 Safari/537.36"},"insertId":"627505cf00056bc1b0044078","labels":{"instanceId":"0067430fbd7af03cb17d92900b5f3305989a61b2bd445dd81108ccfd0293c2aeb5c985f7ae593a5d75291bf8faf2b546eff48eec5f9779a88bd23cf4a59c0f70bf36"},"logName":"projects/muni-production-f8e72/logs/run.googleapis.com%2Frequests","receiveTimestamp":"2022-05-06T11:26:07.396769981Z","resource":{"labels":{"configuration_name":"muni-front","location":"asia-northeast1","project_id":"muni-production-f8e72","revision_name":"muni-front-jq7fz","service_name":"muni-front"},"type":"cloud_run_revision"},"severity":"INFO","timestamp":"2022-05-06T11:26:07.355265Z","trace":"projects/muni-production-f8e72/traces/6e03ebaead9ae6d469859b55b5d2408d"}
{"httpRequest":{"latency":"0.002681633s","protocol":"HTTP/1.1","referer":"https://muni.ink/user/Nelu0822","remoteIp":"66.249.64.85","requestMethod":"GET","requestSize":"641","requestUrl":"https://muni.ink/_next/data/IVVvbvvWS4XaF0igaWv4S/index.json","responseSize":"969","serverIp":"35.241.42.228","status":200,"userAgent":"Mozilla/5.0 AppleWebKit/537.36 (KHTML, like Gecko; compatible; Googlebot/2.1; +http://www.google.com/bot.html) Chrome/100.0.4896.127 Safari/537.36"},"insertId":"627505ce000d3e99e9903100","labels":{"instanceId":"0067430fbd7af03cb17d92900b5f3305989a61b2bd445dd81108ccfd0293c2aeb5c985f7ae593a5d75291bf8faf2b546eff48eec5f9779a88bd23cf4a59c0f70bf36"},"logName":"projects/muni-production-f8e72/logs/run.googleapis.com%2Frequests","receiveTimestamp":"2022-05-06T11:26:07.063795391Z","resource":{"labels":{"configuration_name":"muni-front","location":"asia-northeast1","project_id":"muni-production-f8e72","revision_name":"muni-front-jq7fz","service_name":"muni-front"},"type":"cloud_run_revision"},"severity":"INFO","timestamp":"2022-05-06T11:26:06.867993Z","trace":"projects/muni-production-f8e72/traces/b7ffd7b5564c0c8f4a7ae1ba66f98971"}
{"httpRequest":{"latency":"0.004598647s","protocol":"HTTP/1.1","referer":"https://muni.ink/user/Nelu0822","remoteIp":"66.249.64.85","requestMethod":"GET","requestSize":"694","requestUrl":"https://muni.ink/_next/static/chunks/pages/terms-f9f82daa1816b7c0.js","responseSize":"2708","serverIp":"35.241.42.228","status":200,"userAgent":"Mozilla/5.0 AppleWebKit/537.36 (KHTML, like Gecko; compatible; Googlebot/2.1; +http://www.google.com/bot.html) Chrome/100.0.4896.127 Safari/537.36"},"insertId":"627505ce0005e9f18c414d4d","labels":{"instanceId":"0067430fbd7af03cb17d92900b5f3305989a61b2bd445dd81108ccfd0293c2aeb5c985f7ae593a5d75291bf8faf2b546eff48eec5f9779a88bd23cf4a59c0f70bf36"},"logName":"projects/muni-production-f8e72/logs/run.googleapis.com%2Frequests","receiveTimestamp":"2022-05-06T11:26:06.397120799Z","resource":{"labels":{"configuration_name":"muni-front","location":"asia-northeast1","project_id":"muni-production-f8e72","revision_name":"muni-front-jq7fz","service_name":"muni-front"},"type":"cloud_run_revision"},"severity":"INFO","timestamp":"2022-05-06T11:26:06.387569Z","trace":"projects/muni-production-f8e72/traces/4f717d9cd73f94524511fc071c6190ff"}
{"httpRequest":{"latency":"0.004184003s","protocol":"HTTP/1.1","referer":"https://muni.ink/user/Nelu0822","remoteIp":"66.249.64.85","requestMethod":"GET","requestSize":"686","requestUrl":"https://muni.ink/_next/static/chunks/527-a55f040697cf18f0.js","responseSize":"4650","serverIp":"35.241.42.228","status":200,"userAgent":"Mozilla/5.0 AppleWebKit/537.36 (KHTML, like Gecko; compatible; Googlebot/2.1; +http://www.google.com/bot.html) Chrome/100.0.4896.127 Safari/537.36"},"insertId":"627505cd000dd4bf0de0757e","labels":{"instanceId":"0067430fbd7af03cb17d92900b5f3305989a61b2bd445dd81108ccfd0293c2aeb5c985f7ae593a5d75291bf8faf2b546eff48eec5f9779a88bd23cf4a59c0f70bf36"},"logName":"projects/muni-production-f8e72/logs/run.googleapis.com%2Frequests","receiveTimestamp":"2022-05-06T11:26:06.062905282Z","resource":{"labels":{"configuration_name":"muni-front","location":"asia-northeast1","project_id":"muni-production-f8e72","revision_name":"muni-front-jq7fz","service_name":"muni-front"},"type":"cloud_run_revision"},"severity":"INFO","timestamp":"2022-05-06T11:26:05.906431Z","trace":"projects/muni-production-f8e72/traces/845cd3a4da39acdfe123e725e37e36b5"}
{"httpRequest":{"latency":"0.003967681s","protocol":"HTTP/1.1","referer":"https://muni.ink/user/Nelu0822","remoteIp":"66.249.64.84","requestMethod":"GET","requestSize":"695","requestUrl":"https://muni.ink/_next/static/chunks/pages/signin-f2391a0824390239.js","responseSize":"2160","serverIp":"35.241.42.228","status":200,"userAgent":"Mozilla/5.0 AppleWebKit/537.36 (KHTML, like Gecko; compatible; Googlebot/2.1; +http://www.google.com/bot.html) Chrome/100.0.4896.127 Safari/537.36"},"insertId":"627505cd0006861d4095ea0c","labels":{"instanceId":"0067430fbd7af03cb17d92900b5f3305989a61b2bd445dd81108ccfd0293c2aeb5c985f7ae593a5d75291bf8faf2b546eff48eec5f9779a88bd23cf4a59c0f70bf36"},"logName":"projects/muni-production-f8e72/logs/run.googleapis.com%2Frequests","receiveTimestamp":"2022-05-06T11:26:05.731506106Z","resource":{"labels":{"configuration_name":"muni-front","location":"asia-northeast1","project_id":"muni-production-f8e72","revision_name":"muni-front-jq7fz","service_name":"muni-front"},"type":"cloud_run_revision"},"severity":"INFO","timestamp":"2022-05-06T11:26:05.427549Z","trace":"projects/muni-production-f8e72/traces/1b3fa9e1587bfdfb4b7ba607abdb1bf5"}
{"httpRequest":{"latency":"0.004499449s","protocol":"HTTP/1.1","referer":"https://muni.ink/user/Nelu0822","remoteIp":"66.249.64.85","requestMethod":"GET","requestSize":"705","requestUrl":"https://muni.ink/_next/static/chunks/pages/painting/%5Bid%5D-0717d1d64b35381e.js","responseSize":"4422","serverIp":"35.241.42.228","status":200,"userAgent":"Mozilla/5.0 AppleWebKit/537.36 (KHTML, like Gecko; compatible; Googlebot/2.1; +http://www.google.com/bot.html) Chrome/100.0.4896.127 Safari/537.36"},"insertId":"627505cc000e81db76bda6d5","labels":{"instanceId":"0067430fbd7af03cb17d92900b5f3305989a61b2bd445dd81108ccfd0293c2aeb5c985f7ae593a5d75291bf8faf2b546eff48eec5f9779a88bd23cf4a59c0f70bf36"},"logName":"projects/muni-production-f8e72/logs/run.googleapis.com%2Frequests","receiveTimestamp":"2022-05-06T11:26:05.066537489Z","resource":{"labels":{"configuration_name":"muni-front","location":"asia-northeast1","project_id":"muni-production-f8e72","revision_name":"muni-front-jq7fz","service_name":"muni-front"},"type":"cloud_run_revision"},"severity":"INFO","timestamp":"2022-05-06T11:26:04.950747Z","trace":"projects/muni-production-f8e72/traces/a42e74a9a4df497566a7a75d0f2b4aa7"}
{"httpRequest":{"latency":"0.003835938s","protocol":"HTTP/1.1","referer":"https://muni.ink/user/Nelu0822","remoteIp":"66.249.64.85","requestMethod":"GET","requestSize":"694","requestUrl":"https://muni.ink/_next/static/chunks/pages/signup-7e9bea30669149d6.js","responseSize":"2511","serverIp":"35.241.42.228","status":200,"userAgent":"Mozilla/5.0 AppleWebKit/537.36 (KHTML, like Gecko; compatible; Googlebot/2.1; +http://www.google.com/bot.html) Chrome/100.0.4896.127 Safari/537.36"},"insertId":"627505cc0007335e95daac1c","labels":{"instanceId":"0067430fbd7af03cb17d92900b5f3305989a61b2bd445dd81108ccfd0293c2aeb5c985f7ae593a5d75291bf8faf2b546eff48eec5f9779a88bd23cf4a59c0f70bf36"},"logName":"projects/muni-production-f8e72/logs/run.googleapis.com%2Frequests","receiveTimestamp":"2022-05-06T11:26:04.734262199Z","resource":{"labels":{"configuration_name":"muni-front","location":"asia-northeast1","project_id":"muni-production-f8e72","revision_name":"muni-front-jq7fz","service_name":"muni-front"},"type":"cloud_run_revision"},"severity":"INFO","timestamp":"2022-05-06T11:26:04.471902Z","trace":"projects/muni-production-f8e72/traces/fb37822e4a6bce45a91d75a8cb645deb"}
{"httpRequest":{"latency":"0.004024572s","protocol":"HTTP/1.1","referer":"https://muni.ink/user/Nelu0822","remoteIp":"66.249.64.86","requestMethod":"GET","requestSize":"693","requestUrl":"https://muni.ink/_next/static/chunks/pages/post-60154fe58d315991.js","responseSize":"4247","serverIp":"35.241.42.228","status":200,"userAgent":"Mozilla/5.0 AppleWebKit/537.36 (KHTML, like Gecko; compatible; Googlebot/2.1; +http://www.google.com/bot.html) Chrome/100.0.4896.127 Safari/537.36"},"insertId":"627505cb000f26742c9df926","labels":{"instanceId":"0067430fbd7af03cb17d92900b5f3305989a61b2bd445dd81108ccfd0293c2aeb5c985f7ae593a5d75291bf8faf2b546eff48eec5f9779a88bd23cf4a59c0f70bf36"},"logName":"projects/muni-production-f8e72/logs/run.googleapis.com%2Frequests","receiveTimestamp":"2022-05-06T11:26:04.067077108Z","resource":{"labels":{"configuration_name":"muni-front","location":"asia-northeast1","project_id":"muni-production-f8e72","revision_name":"muni-front-jq7fz","service_name":"muni-front"},"type":"cloud_run_revision"},"severity":"INFO","timestamp":"2022-05-06T11:26:03.992884Z","trace":"projects/muni-production-f8e72/traces/85b58a446e000eeb78fd35cd7adbfc76"}
{"httpRequest":{"latency":"0.004066672s","protocol":"HTTP/1.1","referer":"https://muni.ink/user/Nelu0822","remoteIp":"66.249.64.85","requestMethod":"GET","requestSize":"641","requestUrl":"https://muni.ink/_next/data/IVVvbvvWS4XaF0igaWv4S/terms.json","responseSize":"4061","serverIp":"35.241.42.228","status":200,"userAgent":"Mozilla/5.0 AppleWebKit/537.36 (KHTML, like Gecko; compatible; Googlebot/2.1; +http://www.google.com/bot.html) Chrome/100.0.4896.127 Safari/537.36"},"insertId":"627505cb0008c4025117a3d1","labels":{"instanceId":"0067430fbd7af03cb17d92900b5f3305989a61b2bd445dd81108ccfd0293c2aeb5c985f7ae593a5d75291bf8faf2b546eff48eec5f9779a88bd23cf4a59c0f70bf36"},"logName":"projects/muni-production-f8e72/logs/run.googleapis.com%2Frequests","receiveTimestamp":"2022-05-06T11:26:03.734562758Z","resource":{"labels":{"configuration_name":"muni-front","location":"asia-northeast1","project_id":"muni-production-f8e72","revision_name":"muni-front-jq7fz","service_name":"muni-front"},"type":"cloud_run_revision"},"severity":"INFO","timestamp":"2022-05-06T11:26:03.574466Z","trace":"projects/muni-production-f8e72/traces/39c5f34d743e356a6c5ffdd236051a5e"}
{"httpRequest":{"latency":"0.194367338s","protocol":"HTTP/1.1","referer":"https://muni.ink/","remoteIp":"66.249.64.220","requestMethod":"POST","requestSize":"610","requestUrl":"https://api.muni.ink/user","responseSize":"2655","serverIp":"35.241.42.228","status":200,"userAgent":"Mozilla/5.0 AppleWebKit/537.36 (KHTML, like Gecko; compatible; Googlebot/2.1; +http://www.google.com/bot.html) Chrome/100.0.4896.127 Safari/537.36"},"insertId":"627505cb00024bfd5d8057c3","labels":{"instanceId":"0067430fbdf8497301732486903449ce1ad928680c0f0325f15430c7bed22be2f601789463027844e3f1a908a21bd50a24d6eb57beb97b1070da88a46d5bf9dc8679"},"logName":"projects/muni-production-f8e72/logs/run.googleapis.com%2Frequests","receiveTimestamp":"2022-05-06T11:26:03.381936613Z","resource":{"labels":{"configuration_name":"muni-back","location":"asia-northeast1","project_id":"muni-production-f8e72","revision_name":"muni-back-hpgtt","service_name":"muni-back"},"type":"cloud_run_revision"},"severity":"INFO","timestamp":"2022-05-06T11:26:03.150525Z","trace":"projects/muni-production-f8e72/traces/a5017e09426afdbd1511d00170aa0475"}
{"insertId":"627505cb00024613fecf2332","jsonPayload":{"accountId":"Nelu0822","ident":"SUCCESS_TO_FIND","level":"INFO","message":"User found.","method":"UserAPI","timestamp":"2022-5-6 11:26:3"},"labels":{"instanceId":"0067430fbdf8497301732486903449ce1ad928680c0f0325f15430c7bed22be2f601789463027844e3f1a908a21bd50a24d6eb57beb97b1070da88a46d5bf9dc8679"},"logName":"projects/muni-production-f8e72/logs/run.googleapis.com%2Fstdout","receiveTimestamp":"2022-05-06T11:26:03.294727752Z","resource":{"labels":{"configuration_name":"muni-back","location":"asia-northeast1","project_id":"muni-production-f8e72","revision_name":"muni-back-hpgtt","service_name":"muni-back"},"type":"cloud_run_revision"},"timestamp":"2022-05-06T11:26:03.149011Z"}
{"insertId":"627505cb00024600f55d8079","jsonPayload":{"ident":"FETCH_USER","level":"INFO","message":"Complete fetching user data.","method":"UserAPI","timestamp":"2022-5-6 11:26:3"},"labels":{"instanceId":"0067430fbdf8497301732486903449ce1ad928680c0f0325f15430c7bed22be2f601789463027844e3f1a908a21bd50a24d6eb57beb97b1070da88a46d5bf9dc8679"},"logName":"projects/muni-production-f8e72/logs/run.googleapis.com%2Fstdout","receiveTimestamp":"2022-05-06T11:26:03.294727752Z","resource":{"labels":{"configuration_name":"muni-back","location":"asia-northeast1","project_id":"muni-production-f8e72","revision_name":"muni-back-hpgtt","service_name":"muni-back"},"type":"cloud_run_revision"},"timestamp":"2022-05-06T11:26:03.148992Z"}
{"insertId":"627505cb000115d0ea799d72","jsonPayload":{"accountId":"Nelu0822","ident":"FILTERING_WORKS","level":"INFO","message":"Search works link to the user.","method":"UserAPI","timestamp":"2022-5-6 11:26:3"},"labels":{"instanceId":"0067430fbdf8497301732486903449ce1ad928680c0f0325f15430c7bed22be2f601789463027844e3f1a908a21bd50a24d6eb57beb97b1070da88a46d5bf9dc8679"},"logName":"projects/muni-production-f8e72/logs/run.googleapis.com%2Fstdout","receiveTimestamp":"2022-05-06T11:26:03.294727752Z","resource":{"labels":{"configuration_name":"muni-back","location":"asia-northeast1","project_id":"muni-production-f8e72","revision_name":"muni-back-hpgtt","service_name":"muni-back"},"type":"cloud_run_revision"},"timestamp":"2022-05-06T11:26:03.071120Z"}
{"insertId":"627505ca000e9d2637181b33","jsonPayload":{"ident":"RECIEVE","level":"INFO","message":"Recieve the work post request.","method":"UserAPI","timestamp":"2022-5-6 11:26:2"},"labels":{"instanceId":"0067430fbdf8497301732486903449ce1ad928680c0f0325f15430c7bed22be2f601789463027844e3f1a908a21bd50a24d6eb57beb97b1070da88a46d5bf9dc8679"},"logName":"projects/muni-production-f8e72/logs/run.googleapis.com%2Fstdout","receiveTimestamp":"2022-05-06T11:26:02.961682632Z","resource":{"labels":{"configuration_name":"muni-back","location":"asia-northeast1","project_id":"muni-production-f8e72","revision_name":"muni-back-hpgtt","service_name":"muni-back"},"type":"cloud_run_revision"},"timestamp":"2022-05-06T11:26:02.957734Z"}
{"httpRequest":{"latency":"0.002339929s","protocol":"HTTP/1.1","referer":"https://muni.ink/","remoteIp":"66.249.64.218","requestMethod":"OPTIONS","requestSize":"619","requestUrl":"https://api.muni.ink/user","responseSize":"853","serverIp":"35.241.42.228","status":204,"userAgent":"Mozilla/5.0 AppleWebKit/537.36 (KHTML, like Gecko; compatible; Googlebot/2.1; +http://www.google.com/bot.html) Chrome/100.0.4896.127 Safari/537.36"},"insertId":"627505ca00085cb720330285","labels":{"instanceId":"0067430fbdf8497301732486903449ce1ad928680c0f0325f15430c7bed22be2f601789463027844e3f1a908a21bd50a24d6eb57beb97b1070da88a46d5bf9dc8679"},"logName":"projects/muni-production-f8e72/logs/run.googleapis.com%2Frequests","receiveTimestamp":"2022-05-06T11:26:02.716529329Z","resource":{"labels":{"configuration_name":"muni-back","location":"asia-northeast1","project_id":"muni-production-f8e72","revision_name":"muni-back-hpgtt","service_name":"muni-back"},"type":"cloud_run_revision"},"severity":"INFO","timestamp":"2022-05-06T11:26:02.548023Z","trace":"projects/muni-production-f8e72/traces/3f00bf87f926e7257c5fdf5d1bb2fc05"}
{"httpRequest":{"latency":"0.003297057s","protocol":"HTTP/1.1","remoteIp":"66.249.64.222","requestMethod":"GET","requestSize":"374","requestUrl":"https://api.muni.ink/robots.txt","responseSize":"956","serverIp":"35.241.42.228","status":404,"userAgent":"Mozilla/5.0 (compatible; Googlebot/2.1; +http://www.google.com/bot.html)"},"insertId":"627505ca0005cc7c0c90b109","labels":{"instanceId":"0067430fbdf8497301732486903449ce1ad928680c0f0325f15430c7bed22be2f601789463027844e3f1a908a21bd50a24d6eb57beb97b1070da88a46d5bf9dc8679"},"logName":"projects/muni-production-f8e72/logs/run.googleapis.com%2Frequests","receiveTimestamp":"2022-05-06T11:26:02.383129959Z","resource":{"labels":{"configuration_name":"muni-back","location":"asia-northeast1","project_id":"muni-production-f8e72","revision_name":"muni-back-hpgtt","service_name":"muni-back"},"type":"cloud_run_revision"},"severity":"WARNING","timestamp":"2022-05-06T11:26:02.380028Z","trace":"projects/muni-production-f8e72/traces/bfe5b9418a59175e2bfe04e5e7d106db"}
{"httpRequest":{"latency":"0.004994274s","protocol":"HTTP/1.1","referer":"https://muni.ink/user/Nelu0822","remoteIp":"66.249.64.84","requestMethod":"GET","requestSize":"555","requestUrl":"https://muni.ink/_next/static/chunks/webpack-434fefa8f39d8fbc.js","responseSize":"1757","serverIp":"35.241.42.228","status":200,"userAgent":"Mozilla/5.0 AppleWebKit/537.36 (KHTML, like Gecko; compatible; Googlebot/2.1; +http://www.google.com/bot.html) Chrome/100.0.4896.127 Safari/537.36"},"insertId":"627505c9000dceb87e218a91","labels":{"instanceId":"0067430fbd7af03cb17d92900b5f3305989a61b2bd445dd81108ccfd0293c2aeb5c985f7ae593a5d75291bf8faf2b546eff48eec5f9779a88bd23cf4a59c0f70bf36"},"logName":"projects/muni-production-f8e72/logs/run.googleapis.com%2Frequests","receiveTimestamp":"2022-05-06T11:26:02.070233131Z","resource":{"labels":{"configuration_name":"muni-front","location":"asia-northeast1","project_id":"muni-production-f8e72","revision_name":"muni-front-jq7fz","service_name":"muni-front"},"type":"cloud_run_revision"},"severity":"INFO","timestamp":"2022-05-06T11:26:01.904888Z","trace":"projects/muni-production-f8e72/traces/5364d34ae912fe6bc788934cf249aeed"}
{"httpRequest":{"latency":"0.003043699s","protocol":"HTTP/1.1","referer":"https://muni.ink/user/Nelu0822","remoteIp":"66.249.64.86","requestMethod":"GET","requestSize":"564","requestUrl":"https://muni.ink/_next/static/IVVvbvvWS4XaF0igaWv4S/_middlewareManifest.js","responseSize":"925","serverIp":"35.241.42.228","status":200,"userAgent":"Mozilla/5.0 AppleWebKit/537.36 (KHTML, like Gecko; compatible; Googlebot/2.1; +http://www.google.com/bot.html) Chrome/100.0.4896.127 Safari/537.36"},"insertId":"627505c8000db2eff4f0c79a","labels":{"instanceId":"0067430fbd7af03cb17d92900b5f3305989a61b2bd445dd81108ccfd0293c2aeb5c985f7ae593a5d75291bf8faf2b546eff48eec5f9779a88bd23cf4a59c0f70bf36"},"logName":"projects/muni-production-f8e72/logs/run.googleapis.com%2Frequests","receiveTimestamp":"2022-05-06T11:26:01.071134847Z","resource":{"labels":{"configuration_name":"muni-front","location":"asia-northeast1","project_id":"muni-production-f8e72","revision_name":"muni-front-jq7fz","service_name":"muni-front"},"type":"cloud_run_revision"},"severity":"INFO","timestamp":"2022-05-06T11:26:00.897775Z","trace":"projects/muni-production-f8e72/traces/7c781ecf03be3a1353199ea4f27f77fe"}
{"httpRequest":{"latency":"0.004750776s","protocol":"HTTP/1.1","remoteIp":"66.249.64.86","requestMethod":"GET","requestSize":"366","requestUrl":"https://muni.ink/robots.txt","responseSize":"1950","serverIp":"35.241.42.228","status":404,"userAgent":"Mozilla/5.0 (compatible; Googlebot/2.1; +http://www.google.com/bot.html)"},"insertId":"627505c8000b3210aa251d5e","labels":{"instanceId":"0067430fbd7af03cb17d92900b5f3305989a61b2bd445dd81108ccfd0293c2aeb5c985f7ae593a5d75291bf8faf2b546eff48eec5f9779a88bd23cf4a59c0f70bf36"},"logName":"projects/muni-production-f8e72/logs/run.googleapis.com%2Frequests","receiveTimestamp":"2022-05-06T11:26:00.737904671Z","resource":{"labels":{"configuration_name":"muni-front","location":"asia-northeast1","project_id":"muni-production-f8e72","revision_name":"muni-front-jq7fz","service_name":"muni-front"},"type":"cloud_run_revision"},"severity":"WARNING","timestamp":"2022-05-06T11:26:00.733712Z","trace":"projects/muni-production-f8e72/traces/5792d35f5a6fecf28160fd94676517f7"}
{"httpRequest":{"latency":"0.004268280s","protocol":"HTTP/1.1","remoteIp":"179.43.134.183","requestMethod":"GET","requestSize":"591","requestUrl":"https://35.241.42.228/.git/config","responseSize":"1950","serverIp":"35.241.42.228","status":404,"userAgent":"Mozilla/5.0 (Windows NT 10.0; Win64; x64) AppleWebKit/537.36 (KHTML, like Gecko) Chrome/99.0.4844.51 Safari/537.36"},"insertId":"627504ff0005346a83e9d999","labels":{"instanceId":"0067430fbd7af03cb17d92900b5f3305989a61b2bd445dd81108ccfd0293c2aeb5c985f7ae593a5d75291bf8faf2b546eff48eec5f9779a88bd23cf4a59c0f70bf36"},"logName":"projects/muni-production-f8e72/logs/run.googleapis.com%2Frequests","receiveTimestamp":"2022-05-06T11:22:39.421983712Z","resource":{"labels":{"configuration_name":"muni-front","location":"asia-northeast1","project_id":"muni-production-f8e72","revision_name":"muni-front-jq7fz","service_name":"muni-front"},"type":"cloud_run_revision"},"severity":"WARNING","timestamp":"2022-05-06T11:22:39.341098Z","trace":"projects/muni-production-f8e72/traces/7a7a4076791cd3efb861c785b49679f1"}
{"httpRequest":{"latency":"0.004966054s","protocol":"HTTP/1.1","remoteIp":"179.43.134.183","requestMethod":"GET","requestSize":"581","requestUrl":"https://35.241.42.228/","responseSize":"6077","serverIp":"35.241.42.228","status":200,"userAgent":"Mozilla/5.0 (Windows NT 10.0; Win64; x64) AppleWebKit/537.36 (KHTML, like Gecko) Chrome/99.0.4844.51 Safari/537.36"},"insertId":"627504fe000b7e3802f25175","labels":{"instanceId":"0067430fbd7af03cb17d92900b5f3305989a61b2bd445dd81108ccfd0293c2aeb5c985f7ae593a5d75291bf8faf2b546eff48eec5f9779a88bd23cf4a59c0f70bf36"},"logName":"projects/muni-production-f8e72/logs/run.googleapis.com%2Frequests","receiveTimestamp":"2022-05-06T11:22:38.756230055Z","resource":{"labels":{"configuration_name":"muni-front","location":"asia-northeast1","project_id":"muni-production-f8e72","revision_name":"muni-front-jq7fz","service_name":"muni-front"},"type":"cloud_run_revision"},"severity":"INFO","timestamp":"2022-05-06T11:22:38.753208Z","trace":"projects/muni-production-f8e72/traces/55a9ea9f9bf436d44ffba1662475959b"}
{"httpRequest":{"latency":"0.002373682s","protocol":"HTTP/1.1","remoteIp":"60.153.200.46","requestMethod":"GET","requestSize":"540","requestUrl":"https://muni.ink/favicon.ico","responseSize":"721","serverIp":"35.241.42.228","status":304,"userAgent":"MobileSafari/8613.1.17.0.8 CFNetwork/1331.0.7 Darwin/21.4.0"},"insertId":"6275035e0007d728b94fc9cf","labels":{"instanceId":"0067430fbd7af03cb17d92900b5f3305989a61b2bd445dd81108ccfd0293c2aeb5c985f7ae593a5d75291bf8faf2b546eff48eec5f9779a88bd23cf4a59c0f70bf36"},"logName":"projects/muni-production-f8e72/logs/run.googleapis.com%2Frequests","receiveTimestamp":"2022-05-06T11:15:42.628507929Z","resource":{"labels":{"configuration_name":"muni-front","location":"asia-northeast1","project_id":"muni-production-f8e72","revision_name":"muni-front-jq7fz","service_name":"muni-front"},"type":"cloud_run_revision"},"severity":"INFO","timestamp":"2022-05-06T11:15:42.513832Z","trace":"projects/muni-production-f8e72/traces/3e2df58b7e08b037ed6e6032f151b42b"}
{"httpRequest":{"latency":"0.006295871s","protocol":"HTTP/1.1","remoteIp":"60.153.200.46","requestMethod":"GET","requestSize":"462","requestUrl":"https://muni.ink/apple-touch-icon.png","responseSize":"1950","serverIp":"35.241.42.228","status":404,"userAgent":"MobileSafari/8613.1.17.0.8 CFNetwork/1331.0.7 Darwin/21.4.0"},"insertId":"6275035e00076ff15a65bc2d","labels":{"instanceId":"0067430fbd7af03cb17d92900b5f3305989a61b2bd445dd81108ccfd0293c2aeb5c985f7ae593a5d75291bf8faf2b546eff48eec5f9779a88bd23cf4a59c0f70bf36"},"logName":"projects/muni-production-f8e72/logs/run.googleapis.com%2Frequests","receiveTimestamp":"2022-05-06T11:15:42.628507929Z","resource":{"labels":{"configuration_name":"muni-front","location":"asia-northeast1","project_id":"muni-production-f8e72","revision_name":"muni-front-jq7fz","service_name":"muni-front"},"type":"cloud_run_revision"},"severity":"WARNING","timestamp":"2022-05-06T11:15:42.487409Z","trace":"projects/muni-production-f8e72/traces/b20173824cdeb8b6016b208668833c5e"}
{"httpRequest":{"latency":"0.008267051s","protocol":"HTTP/1.1","remoteIp":"60.153.200.46","requestMethod":"GET","requestSize":"473","requestUrl":"https://muni.ink/apple-touch-icon-precomposed.png","responseSize":"1950","serverIp":"35.241.42.228","status":404,"userAgent":"MobileSafari/8613.1.17.0.8 CFNetwork/1331.0.7 Darwin/21.4.0"},"insertId":"6275035e0006fb513633148e","labels":{"instanceId":"0067430fbd7af03cb17d92900b5f3305989a61b2bd445dd81108ccfd0293c2aeb5c985f7ae593a5d75291bf8faf2b546eff48eec5f9779a88bd23cf4a59c0f70bf36"},"logName":"projects/muni-production-f8e72/logs/run.googleapis.com%2Frequests","receiveTimestamp":"2022-05-06T11:15:42.628507929Z","resource":{"labels":{"configuration_name":"muni-front","location":"asia-northeast1","project_id":"muni-production-f8e72","revision_name":"muni-front-jq7fz","service_name":"muni-front"},"type":"cloud_run_revision"},"severity":"WARNING","timestamp":"2022-05-06T11:15:42.457553Z","trace":"projects/muni-production-f8e72/traces/0a0321cf6596e6a2352c31293ac61ac0"}
{"httpRequest":{"latency":"0.003718741s","protocol":"HTTP/1.1","remoteIp":"60.153.200.46","requestMethod":"GET","requestSize":"470","requestUrl":"https://muni.ink/apple-touch-icon-120x120.png","responseSize":"1950","serverIp":"35.241.42.228","status":404,"userAgent":"MobileSafari/8613.1.17.0.8 CFNetwork/1331.0.7 Darwin/21.4.0"},"insertId":"6275035e00067d29759f7923","labels":{"instanceId":"0067430fbd7af03cb17d92900b5f3305989a61b2bd445dd81108ccfd0293c2aeb5c985f7ae593a5d75291bf8faf2b546eff48eec5f9779a88bd23cf4a59c0f70bf36"},"logName":"projects/muni-production-f8e72/logs/run.googleapis.com%2Frequests","receiveTimestamp":"2022-05-06T11:15:42.628507929Z","resource":{"labels":{"configuration_name":"muni-front","location":"asia-northeast1","project_id":"muni-production-f8e72","revision_name":"muni-front-jq7fz","service_name":"muni-front"},"type":"cloud_run_revision"},"severity":"WARNING","timestamp":"2022-05-06T11:15:42.425257Z","trace":"projects/muni-production-f8e72/traces/7f0874ea5346ed6df15ac3c85d6bd644"}
{"httpRequest":{"latency":"0.003905990s","protocol":"HTTP/1.1","remoteIp":"60.153.200.46","requestMethod":"GET","requestSize":"480","requestUrl":"https://muni.ink/apple-touch-icon-120x120-precomposed.png","responseSize":"1950","serverIp":"35.241.42.228","status":404,"userAgent":"MobileSafari/8613.1.17.0.8 CFNetwork/1331.0.7 Darwin/21.4.0"},"insertId":"6275035e00060fe1776ac0e6","labels":{"instanceId":"0067430fbd7af03cb17d92900b5f3305989a61b2bd445dd81108ccfd0293c2aeb5c985f7ae593a5d75291bf8faf2b546eff48eec5f9779a88bd23cf4a59c0f70bf36"},"logName":"projects/muni-production-f8e72/logs/run.googleapis.com%2Frequests","receiveTimestamp":"2022-05-06T11:15:42.628507929Z","resource":{"labels":{"configuration_name":"muni-front","location":"asia-northeast1","project_id":"muni-production-f8e72","revision_name":"muni-front-jq7fz","service_name":"muni-front"},"type":"cloud_run_revision"},"severity":"WARNING","timestamp":"2022-05-06T11:15:42.397281Z","trace":"projects/muni-production-f8e72/traces/63334f0764eb2fdf231dbf33b7d891ee"}
{"httpRequest":{"latency":"0.005632709s","protocol":"HTTP/1.1","remoteIp":"60.153.200.46","requestMethod":"GET","requestSize":"610","requestUrl":"https://muni.ink/","responseSize":"6077","serverIp":"35.241.42.228","status":200,"userAgent":"Mozilla/5.0 (iPhone; CPU iPhone OS 15_4_1 like Mac OS X) AppleWebKit/605.1.15 (KHTML, like Gecko) Version/15.4 Mobile/15E148 Safari/604.1"},"insertId":"6275035e000475c88ec35114","labels":{"instanceId":"0067430fbd7af03cb17d92900b5f3305989a61b2bd445dd81108ccfd0293c2aeb5c985f7ae593a5d75291bf8faf2b546eff48eec5f9779a88bd23cf4a59c0f70bf36"},"logName":"projects/muni-production-f8e72/logs/run.googleapis.com%2Frequests","receiveTimestamp":"2022-05-06T11:15:42.296316482Z","resource":{"labels":{"configuration_name":"muni-front","location":"asia-northeast1","project_id":"muni-production-f8e72","revision_name":"muni-front-jq7fz","service_name":"muni-front"},"type":"cloud_run_revision"},"severity":"INFO","timestamp":"2022-05-06T11:15:42.292296Z","trace":"projects/muni-production-f8e72/traces/ede553c76421ff8f85727153203801f9"}
{"httpRequest":{"latency":"0.003714872s","protocol":"HTTP/1.1","referer":"https://muni.ink/?gclid=EAIaIQobChMIsovT4ovI9wIVAgpcCh22uA7vEAEYASAAEgKRgvD_BwE","remoteIp":"122.131.96.66","requestMethod":"GET","requestSize":"869","requestUrl":"https://muni.ink/_next/image?url=%2Flogo_landing.png&w=384&q=75","responseSize":"708","serverIp":"35.241.42.228","status":304,"userAgent":"Mozilla/5.0 (iPhone; CPU iPhone OS 12_5_5 like Mac OS X) AppleWebKit/605.1.15 (KHTML, like Gecko) Version/12.1.2 Mobile/15E148 Safari/604.1"},"insertId":"6274fefe000d39a52fcfc593","labels":{"instanceId":"0067430fbd7af03cb17d92900b5f3305989a61b2bd445dd81108ccfd0293c2aeb5c985f7ae593a5d75291bf8faf2b546eff48eec5f9779a88bd23cf4a59c0f70bf36"},"logName":"projects/muni-production-f8e72/logs/run.googleapis.com%2Frequests","receiveTimestamp":"2022-05-06T10:57:03.188971159Z","resource":{"labels":{"configuration_name":"muni-front","location":"asia-northeast1","project_id":"muni-production-f8e72","revision_name":"muni-front-jq7fz","service_name":"muni-front"},"type":"cloud_run_revision"},"severity":"INFO","timestamp":"2022-05-06T10:57:02.866725Z","trace":"projects/muni-production-f8e72/traces/2b471951c254388f32dc1729542224f5"}
{"httpRequest":{"latency":"0.003676787s","protocol":"HTTP/1.1","referer":"https://muni.ink/?gclid=EAIaIQobChMIsovT4ovI9wIVAgpcCh22uA7vEAEYASAAEgKRgvD_BwE","remoteIp":"122.131.96.66","requestMethod":"GET","requestSize":"873","requestUrl":"https://muni.ink/_next/image?url=%2Flogo_horizontal.png&w=384&q=75","responseSize":"708","serverIp":"35.241.42.228","status":304,"userAgent":"Mozilla/5.0 (iPhone; CPU iPhone OS 12_5_5 like Mac OS X) AppleWebKit/605.1.15 (KHTML, like Gecko) Version/12.1.2 Mobile/15E148 Safari/604.1"},"insertId":"6274fefe0007eb10ccb870f9","labels":{"instanceId":"0067430fbd7af03cb17d92900b5f3305989a61b2bd445dd81108ccfd0293c2aeb5c985f7ae593a5d75291bf8faf2b546eff48eec5f9779a88bd23cf4a59c0f70bf36"},"logName":"projects/muni-production-f8e72/logs/run.googleapis.com%2Frequests","receiveTimestamp":"2022-05-06T10:57:02.519512833Z","resource":{"labels":{"configuration_name":"muni-front","location":"asia-northeast1","project_id":"muni-production-f8e72","revision_name":"muni-front-jq7fz","service_name":"muni-front"},"type":"cloud_run_revision"},"severity":"INFO","timestamp":"2022-05-06T10:57:02.518928Z","trace":"projects/muni-production-f8e72/traces/b53daae5c8cb84e5d021bbcd2b44a056"}
{"httpRequest":{"latency":"0.148593040s","protocol":"HTTP/1.1","referer":"https://muni.ink/?gclid=EAIaIQobChMIsovT4ovI9wIVAgpcCh22uA7vEAEYASAAEgKRgvD_BwE","remoteIp":"122.131.96.66","requestMethod":"POST","requestSize":"718","requestUrl":"https://api.muni.ink/recent","responseSize":"12342","serverIp":"35.241.42.228","status":200,"userAgent":"Mozilla/5.0 (iPhone; CPU iPhone OS 12_5_5 like Mac OS X) AppleWebKit/605.1.15 (KHTML, like Gecko) Version/12.1.2 Mobile/15E148 Safari/604.1"},"insertId":"6274fefd000d84ae9dd0a281","labels":{"instanceId":"0067430fbdf8497301732486903449ce1ad928680c0f0325f15430c7bed22be2f601789463027844e3f1a908a21bd50a24d6eb57beb97b1070da88a46d5bf9dc8679"},"logName":"projects/muni-production-f8e72/logs/run.googleapis.com%2Frequests","receiveTimestamp":"2022-05-06T10:57:01.986770753Z","resource":{"labels":{"configuration_name":"muni-back","location":"asia-northeast1","project_id":"muni-production-f8e72","revision_name":"muni-back-hpgtt","service_name":"muni-back"},"type":"cloud_run_revision"},"severity":"INFO","timestamp":"2022-05-06T10:57:01.885934Z","trace":"projects/muni-production-f8e72/traces/60db3b2dc7a91339ed1b8d72f3a1146b"}
{"insertId":"6274fefd000d7e368c73efed","jsonPayload":{"ident":"FETCH_SUCCESS","level":"INFO","message":"Success to fetch.","method":"RecentPostAPI","timestamp":"2022-5-6 10:57:1"},"labels":{"instanceId":"0067430fbdf8497301732486903449ce1ad928680c0f0325f15430c7bed22be2f601789463027844e3f1a908a21bd50a24d6eb57beb97b1070da88a46d5bf9dc8679"},"logName":"projects/muni-production-f8e72/logs/run.googleapis.com%2Fstdout","receiveTimestamp":"2022-05-06T10:57:02.074824605Z","resource":{"labels":{"configuration_name":"muni-back","location":"asia-northeast1","project_id":"muni-production-f8e72","revision_name":"muni-back-hpgtt","service_name":"muni-back"},"type":"cloud_run_revision"},"timestamp":"2022-05-06T10:57:01.884278Z"}
{"insertId":"6274fefd000b469ccb5bbaba","jsonPayload":{"ident":"RECIEVE","level":"INFO","message":"Recieve the recent posted works request.","method":"RecentPostAPI","timestamp":"2022-5-6 10:57:1"},"labels":{"instanceId":"0067430fbdf8497301732486903449ce1ad928680c0f0325f15430c7bed22be2f601789463027844e3f1a908a21bd50a24d6eb57beb97b1070da88a46d5bf9dc8679"},"logName":"projects/muni-production-f8e72/logs/run.googleapis.com%2Fstdout","receiveTimestamp":"2022-05-06T10:57:01.742117732Z","resource":{"labels":{"configuration_name":"muni-back","location":"asia-northeast1","project_id":"muni-production-f8e72","revision_name":"muni-back-hpgtt","service_name":"muni-back"},"type":"cloud_run_revision"},"timestamp":"2022-05-06T10:57:01.738972Z"}
{"httpRequest":{"latency":"0.002564624s","protocol":"HTTP/1.1","referer":"https://muni.ink/?gclid=EAIaIQobChMIsovT4ovI9wIVAgpcCh22uA7vEAEYASAAEgKRgvD_BwE","remoteIp":"122.131.96.66","requestMethod":"OPTIONS","requestSize":"760","requestUrl":"https://api.muni.ink/recent","responseSize":"853","serverIp":"35.241.42.228","status":204,"userAgent":"Mozilla/5.0 (iPhone; CPU iPhone OS 12_5_5 like Mac OS X) AppleWebKit/605.1.15 (KHTML, like Gecko) Version/12.1.2 Mobile/15E148 Safari/604.1"},"insertId":"6274fefd0009ee2da78828c7","labels":{"instanceId":"0067430fbdf8497301732486903449ce1ad928680c0f0325f15430c7bed22be2f601789463027844e3f1a908a21bd50a24d6eb57beb97b1070da88a46d5bf9dc8679"},"logName":"projects/muni-production-f8e72/logs/run.googleapis.com%2Frequests","receiveTimestamp":"2022-05-06T10:57:01.654759521Z","resource":{"labels":{"configuration_name":"muni-back","location":"asia-northeast1","project_id":"muni-production-f8e72","revision_name":"muni-back-hpgtt","service_name":"muni-back"},"type":"cloud_run_revision"},"severity":"INFO","timestamp":"2022-05-06T10:57:01.650797Z","trace":"projects/muni-production-f8e72/traces/77948a85f87fc5cf7c2ec1bf12794b2f"}
{"httpRequest":{"latency":"0.311223362s","protocol":"HTTP/1.1","remoteIp":"66.249.64.84","requestMethod":"GET","requestSize":"491","requestUrl":"https://muni.ink/painting/K9kCjzti2G92vd3aR3xH","responseSize":"5356","serverIp":"35.241.42.228","status":200,"userAgent":"Mozilla/5.0 (compatible; Googlebot/2.1; +http://www.google.com/bot.html)"},"insertId":"6274fee20002efb35d48b06f","labels":{"instanceId":"0067430fbd7af03cb17d92900b5f3305989a61b2bd445dd81108ccfd0293c2aeb5c985f7ae593a5d75291bf8faf2b546eff48eec5f9779a88bd23cf4a59c0f70bf36"},"logName":"projects/muni-production-f8e72/logs/run.googleapis.com%2Frequests","receiveTimestamp":"2022-05-06T10:56:34.195273077Z","resource":{"labels":{"configuration_name":"muni-front","location":"asia-northeast1","project_id":"muni-production-f8e72","revision_name":"muni-front-jq7fz","service_name":"muni-front"},"type":"cloud_run_revision"},"severity":"INFO","timestamp":"2022-05-06T10:56:34.192435Z","trace":"projects/muni-production-f8e72/traces/e228f1a9988856b90af32a4167f98a7a"}
{"httpRequest":{"latency":"0.171870017s","protocol":"HTTP/1.1","remoteIp":"35.203.249.164","requestMethod":"POST","requestSize":"523","requestUrl":"https://api.muni.ink/workmeta","responseSize":"1309","serverIp":"35.241.42.228","status":200,"userAgent":"node-fetch/1.0 (+https://github.com/bitinn/node-fetch)"},"insertId":"6274fee20002b38cffcc5969","labels":{"instanceId":"0067430fbdf8497301732486903449ce1ad928680c0f0325f15430c7bed22be2f601789463027844e3f1a908a21bd50a24d6eb57beb97b1070da88a46d5bf9dc8679"},"logName":"projects/muni-production-f8e72/logs/run.googleapis.com%2Frequests","receiveTimestamp":"2022-05-06T10:56:34.179348004Z","resource":{"labels":{"configuration_name":"muni-back","location":"asia-northeast1","project_id":"muni-production-f8e72","revision_name":"muni-back-hpgtt","service_name":"muni-back"},"type":"cloud_run_revision"},"severity":"INFO","timestamp":"2022-05-06T10:56:34.177036Z","trace":"projects/muni-production-f8e72/traces/5f9d1f6a9c8736c91fcbfb4fb0d4d7c6"}
{"insertId":"6274fee20001db542a5026be","jsonPayload":{"ident":"SUCCESS_TO_FIND","level":"INFO","message":"Work found.","method":"WorkMetadataAPI","timestamp":"2022-5-6 10:56:34","workId":"K9kCjzti2G92vd3aR3xH"},"labels":{"instanceId":"0067430fbdf8497301732486903449ce1ad928680c0f0325f15430c7bed22be2f601789463027844e3f1a908a21bd50a24d6eb57beb97b1070da88a46d5bf9dc8679"},"logName":"projects/muni-production-f8e72/logs/run.googleapis.com%2Fstdout","receiveTimestamp":"2022-05-06T10:56:34.344732523Z","resource":{"labels":{"configuration_name":"muni-back","location":"asia-northeast1","project_id":"muni-production-f8e72","revision_name":"muni-back-hpgtt","service_name":"muni-back"},"type":"cloud_run_revision"},"timestamp":"2022-05-06T10:56:34.121684Z"}
{"insertId":"6274fee200001f74d5d1b89a","jsonPayload":{"ident":"RECIEVE","level":"INFO","message":"Recieve the work metadata request.","method":"WorkMetadataAPI","timestamp":"2022-5-6 10:56:34"},"labels":{"instanceId":"0067430fbdf8497301732486903449ce1ad928680c0f0325f15430c7bed22be2f601789463027844e3f1a908a21bd50a24d6eb57beb97b1070da88a46d5bf9dc8679"},"logName":"projects/muni-production-f8e72/logs/run.googleapis.com%2Fstdout","receiveTimestamp":"2022-05-06T10:56:34.011283800Z","resource":{"labels":{"configuration_name":"muni-back","location":"asia-northeast1","project_id":"muni-production-f8e72","revision_name":"muni-back-hpgtt","service_name":"muni-back"},"type":"cloud_run_revision"},"timestamp":"2022-05-06T10:56:34.008052Z"}
{"httpRequest":{"latency":"0.006777729s","protocol":"HTTP/1.1","remoteIp":"213.226.123.30","requestMethod":"GET","requestSize":"576","requestUrl":"https://35.241.42.228/index.php?s=/Index/\\think\\app/invokefunction&function=call_user_func_array&vars[0]=md5&vars[1][]=HelloThinkPHP21","responseSize":"1950","serverIp":"35.241.42.228","status":404,"userAgent":"Mozilla/5.0 (Windows NT 10.0; Win64; x64) AppleWebKit/537.36 (KHTML, like Gecko) Chrome/78.0.3904.108 Safari/537.36"},"insertId":"6274fcb10003beabffc496f9","labels":{"instanceId":"0067430fbd7af03cb17d92900b5f3305989a61b2bd445dd81108ccfd0293c2aeb5c985f7ae593a5d75291bf8faf2b546eff48eec5f9779a88bd23cf4a59c0f70bf36"},"logName":"projects/muni-production-f8e72/logs/run.googleapis.com%2Frequests","receiveTimestamp":"2022-05-06T10:47:13.248577906Z","resource":{"labels":{"configuration_name":"muni-front","location":"asia-northeast1","project_id":"muni-production-f8e72","revision_name":"muni-front-jq7fz","service_name":"muni-front"},"type":"cloud_run_revision"},"severity":"WARNING","timestamp":"2022-05-06T10:47:13.245419Z","trace":"projects/muni-production-f8e72/traces/a06b5d03b49634595b29b21bccf3faab"}
{"httpRequest":{"latency":"0.196522532s","protocol":"HTTP/1.1","referer":"https://muni.ink/","remoteIp":"133.106.56.150","requestMethod":"POST","requestSize":"882","requestUrl":"https://api.muni.ink/recent","responseSize":"12342","serverIp":"35.241.42.228","status":200,"userAgent":"Mozilla/5.0 (Linux; Android 11; HD1910) AppleWebKit/537.36 (KHTML, like Gecko) Chrome/101.0.4951.41 Mobile Safari/537.36"},"insertId":"6274fb7f0004c6b24d94f39a","labels":{"instanceId":"0067430fbdf8497301732486903449ce1ad928680c0f0325f15430c7bed22be2f601789463027844e3f1a908a21bd50a24d6eb57beb97b1070da88a46d5bf9dc8679"},"logName":"projects/muni-production-f8e72/logs/run.googleapis.com%2Frequests","receiveTimestamp":"2022-05-06T10:42:07.607406609Z","resource":{"labels":{"configuration_name":"muni-back","location":"asia-northeast1","project_id":"muni-production-f8e72","revision_name":"muni-back-hpgtt","service_name":"muni-back"},"type":"cloud_run_revision"},"severity":"INFO","timestamp":"2022-05-06T10:42:07.313010Z","trace":"projects/muni-production-f8e72/traces/33562838ec135c02ec4a5a04dc16f7c4"}
{"insertId":"6274fb7f0004bf460f68c104","jsonPayload":{"ident":"FETCH_SUCCESS","level":"INFO","message":"Success to fetch.","method":"RecentPostAPI","timestamp":"2022-5-6 10:42:7"},"labels":{"instanceId":"0067430fbdf8497301732486903449ce1ad928680c0f0325f15430c7bed22be2f601789463027844e3f1a908a21bd50a24d6eb57beb97b1070da88a46d5bf9dc8679"},"logName":"projects/muni-production-f8e72/logs/run.googleapis.com%2Fstdout","receiveTimestamp":"2022-05-06T10:42:07.456300018Z","resource":{"labels":{"configuration_name":"muni-back","location":"asia-northeast1","project_id":"muni-production-f8e72","revision_name":"muni-back-hpgtt","service_name":"muni-back"},"type":"cloud_run_revision"},"timestamp":"2022-05-06T10:42:07.311110Z"}
{"insertId":"6274fb7f0001cd2eb75aeef2","jsonPayload":{"ident":"RECIEVE","level":"INFO","message":"Recieve the recent posted works request.","method":"RecentPostAPI","timestamp":"2022-5-6 10:42:7"},"labels":{"instanceId":"0067430fbdf8497301732486903449ce1ad928680c0f0325f15430c7bed22be2f601789463027844e3f1a908a21bd50a24d6eb57beb97b1070da88a46d5bf9dc8679"},"logName":"projects/muni-production-f8e72/logs/run.googleapis.com%2Fstdout","receiveTimestamp":"2022-05-06T10:42:07.120587538Z","resource":{"labels":{"configuration_name":"muni-back","location":"asia-northeast1","project_id":"muni-production-f8e72","revision_name":"muni-back-hpgtt","service_name":"muni-back"},"type":"cloud_run_revision"},"timestamp":"2022-05-06T10:42:07.118062Z"}
{"httpRequest":{"latency":"0.002564378s","protocol":"HTTP/1.1","referer":"https://muni.ink/","remoteIp":"133.106.56.150","requestMethod":"OPTIONS","requestSize":"771","requestUrl":"https://api.muni.ink/recent","responseSize":"853","serverIp":"35.241.42.228","status":204,"userAgent":"Mozilla/5.0 (Linux; Android 11; HD1910) AppleWebKit/537.36 (KHTML, like Gecko) Chrome/101.0.4951.41 Mobile Safari/537.36"},"insertId":"6274fb7e000e4fd4855071b1","labels":{"instanceId":"0067430fbdf8497301732486903449ce1ad928680c0f0325f15430c7bed22be2f601789463027844e3f1a908a21bd50a24d6eb57beb97b1070da88a46d5bf9dc8679"},"logName":"projects/muni-production-f8e72/logs/run.googleapis.com%2Frequests","receiveTimestamp":"2022-05-06T10:42:06.940643255Z","resource":{"labels":{"configuration_name":"muni-back","location":"asia-northeast1","project_id":"muni-production-f8e72","revision_name":"muni-back-hpgtt","service_name":"muni-back"},"type":"cloud_run_revision"},"severity":"INFO","timestamp":"2022-05-06T10:42:06.937940Z","trace":"projects/muni-production-f8e72/traces/ecefc2dd491b1051b28ca56d9fe4ba2b"}
{"httpRequest":{"latency":"0.002805896s","protocol":"HTTP/1.1","referer":"https://muni.ink/?gclid=CjwKCAjwjtOTBhAvEiwASG4bCE5pbhbe85msV5Dcy7b84WR_Y7l7yvyCy3DIJSRfpUzA9qEX-9RzUxoCF8MQAvD_BwE","remoteIp":"133.106.56.150","requestMethod":"GET","requestSize":"1128","requestUrl":"https://muni.ink/favicon.ico","responseSize":"722","serverIp":"35.241.42.228","status":304,"userAgent":"Mozilla/5.0 (Linux; Android 11; HD1910) AppleWebKit/537.36 (KHTML, like Gecko) Chrome/101.0.4951.41 Mobile Safari/537.36"},"insertId":"6274fb7e000930c9f1dbf742","labels":{"instanceId":"0067430fbd7af03cb17d92900b5f3305989a61b2bd445dd81108ccfd0293c2aeb5c985f7ae593a5d75291bf8faf2b546eff48eec5f9779a88bd23cf4a59c0f70bf36"},"logName":"projects/muni-production-f8e72/logs/run.googleapis.com%2Frequests","receiveTimestamp":"2022-05-06T10:42:06.653435356Z","resource":{"labels":{"configuration_name":"muni-front","location":"asia-northeast1","project_id":"muni-production-f8e72","revision_name":"muni-front-jq7fz","service_name":"muni-front"},"type":"cloud_run_revision"},"severity":"INFO","timestamp":"2022-05-06T10:42:06.602313Z","trace":"projects/muni-production-f8e72/traces/d8c4822c9d30d92be064537a538c23fc"}
{"httpRequest":{"latency":"0.004269596s","protocol":"HTTP/1.1","referer":"https://muni.ink/?gclid=CjwKCAjwjtOTBhAvEiwASG4bCE5pbhbe85msV5Dcy7b84WR_Y7l7yvyCy3DIJSRfpUzA9qEX-9RzUxoCF8MQAvD_BwE","remoteIp":"133.106.56.150","requestMethod":"GET","requestSize":"1141","requestUrl":"https://muni.ink/_next/image?url=%2Flogo_horizontal.png&w=384&q=75","responseSize":"709","serverIp":"35.241.42.228","status":304,"userAgent":"Mozilla/5.0 (Linux; Android 11; HD1910) AppleWebKit/537.36 (KHTML, like Gecko) Chrome/101.0.4951.41 Mobile Safari/537.36"},"insertId":"6274fb7e000897adb394f3b8","labels":{"instanceId":"0067430fbd7af03cb17d92900b5f3305989a61b2bd445dd81108ccfd0293c2aeb5c985f7ae593a5d75291bf8faf2b546eff48eec5f9779a88bd23cf4a59c0f70bf36"},"logName":"projects/muni-production-f8e72/logs/run.googleapis.com%2Frequests","receiveTimestamp":"2022-05-06T10:42:06.653435356Z","resource":{"labels":{"configuration_name":"muni-front","location":"asia-northeast1","project_id":"muni-production-f8e72","revision_name":"muni-front-jq7fz","service_name":"muni-front"},"type":"cloud_run_revision"},"severity":"INFO","timestamp":"2022-05-06T10:42:06.563117Z","trace":"projects/muni-production-f8e72/traces/270d2ad782b9db37f52e6036a5b64d1c"}
{"httpRequest":{"latency":"0.004160088s","protocol":"HTTP/1.1","referer":"https://muni.ink/?gclid=CjwKCAjwjtOTBhAvEiwASG4bCE5pbhbe85msV5Dcy7b84WR_Y7l7yvyCy3DIJSRfpUzA9qEX-9RzUxoCF8MQAvD_BwE","remoteIp":"133.106.56.150","requestMethod":"GET","requestSize":"1135","requestUrl":"https://muni.ink/_next/image?url=%2Flogo_landing.png&w=384&q=75","responseSize":"709","serverIp":"35.241.42.228","status":304,"userAgent":"Mozilla/5.0 (Linux; Android 11; HD1910) AppleWebKit/537.36 (KHTML, like Gecko) Chrome/101.0.4951.41 Mobile Safari/537.36"},"insertId":"6274fb7e00089384dd0bee0d","labels":{"instanceId":"0067430fbd7af03cb17d92900b5f3305989a61b2bd445dd81108ccfd0293c2aeb5c985f7ae593a5d75291bf8faf2b546eff48eec5f9779a88bd23cf4a59c0f70bf36"},"logName":"projects/muni-production-f8e72/logs/run.googleapis.com%2Frequests","receiveTimestamp":"2022-05-06T10:42:06.653435356Z","resource":{"labels":{"configuration_name":"muni-front","location":"asia-northeast1","project_id":"muni-production-f8e72","revision_name":"muni-front-jq7fz","service_name":"muni-front"},"type":"cloud_run_revision"},"severity":"INFO","timestamp":"2022-05-06T10:42:06.562052Z","trace":"projects/muni-production-f8e72/traces/c3fb2b89e440449bb68e6aa6a66966d1"}
{"httpRequest":{"latency":"0.013771768s","protocol":"HTTP/1.1","referer":"https://www.google.com/","remoteIp":"133.106.56.150","requestMethod":"GET","requestSize":"1044","requestUrl":"https://muni.ink/?gclid=CjwKCAjwjtOTBhAvEiwASG4bCE5pbhbe85msV5Dcy7b84WR_Y7l7yvyCy3DIJSRfpUzA9qEX-9RzUxoCF8MQAvD_BwE","responseSize":"6079","serverIp":"35.241.42.228","status":200,"userAgent":"Mozilla/5.0 (Linux; Android 11; HD1910) AppleWebKit/537.36 (KHTML, like Gecko) Chrome/101.0.4951.41 Mobile Safari/537.36"},"insertId":"6274fb7d000f053aa47a404e","labels":{"instanceId":"0067430fbd7af03cb17d92900b5f3305989a61b2bd445dd81108ccfd0293c2aeb5c985f7ae593a5d75291bf8faf2b546eff48eec5f9779a88bd23cf4a59c0f70bf36"},"logName":"projects/muni-production-f8e72/logs/run.googleapis.com%2Frequests","receiveTimestamp":"2022-05-06T10:42:05.985483583Z","resource":{"labels":{"configuration_name":"muni-front","location":"asia-northeast1","project_id":"muni-production-f8e72","revision_name":"muni-front-jq7fz","service_name":"muni-front"},"type":"cloud_run_revision"},"severity":"INFO","timestamp":"2022-05-06T10:42:05.984378Z","trace":"projects/muni-production-f8e72/traces/e00586de8ab04d5d7083b0a3e56edd49"}
{"httpRequest":{"latency":"0.651702112s","protocol":"HTTP/1.1","referer":"https://muni.ink/","remoteIp":"106.139.165.216","requestMethod":"GET","requestSize":"751","requestUrl":"https://storage.muni.ink/work/6euuuWHUUVHqKXy95FgJ","responseSize":"511373","serverIp":"35.241.42.228","status":200,"userAgent":"Mozilla/5.0 (iPhone; CPU iPhone OS 15_3_1 like Mac OS X) AppleWebKit/605.1.15 (KHTML, like Gecko) Version/15.3 Mobile/15E148 Safari/604.1"},"insertId":"6274fb420004cd9dc59912cc","labels":{"instanceId":"0067430fbdf8497301732486903449ce1ad928680c0f0325f15430c7bed22be2f601789463027844e3f1a908a21bd50a24d6eb57beb97b1070da88a46d5bf9dc8679"},"logName":"projects/muni-production-f8e72/logs/run.googleapis.com%2Frequests","receiveTimestamp":"2022-05-06T10:41:06.347776839Z","resource":{"labels":{"configuration_name":"muni-back","location":"asia-northeast1","project_id":"muni-production-f8e72","revision_name":"muni-back-hpgtt","service_name":"muni-back"},"type":"cloud_run_revision"},"severity":"INFO","timestamp":"2022-05-06T10:41:06.314781Z","trace":"projects/muni-production-f8e72/traces/513e215a4c7611b174f6d8f9d08dc23f"}
{"insertId":"6274fb420004c316894c70bb","jsonPayload":{"ident":"COMPLETE","level":"INFO","message":"Success to fetch optimized image","method":"WorkAPI","timestamp":"2022-5-6 10:41:6","workId":"6euuuWHUUVHqKXy95FgJ"},"labels":{"instanceId":"0067430fbdf8497301732486903449ce1ad928680c0f0325f15430c7bed22be2f601789463027844e3f1a908a21bd50a24d6eb57beb97b1070da88a46d5bf9dc8679"},"logName":"projects/muni-production-f8e72/logs/run.googleapis.com%2Fstdout","receiveTimestamp":"2022-05-06T10:41:06.365015529Z","resource":{"labels":{"configuration_name":"muni-back","location":"asia-northeast1","project_id":"muni-production-f8e72","revision_name":"muni-back-hpgtt","service_name":"muni-back"},"type":"cloud_run_revision"},"timestamp":"2022-05-06T10:41:06.312086Z"}
{"insertId":"6274fb41000a23d74d60462d","jsonPayload":{"ident":"RECIEVED","level":"INFO","message":"Request recieved for 6euuuWHUUVHqKXy95FgJ.","method":"WorkAPI","timestamp":"2022-5-6 10:41:5","workId":"6euuuWHUUVHqKXy95FgJ"},"labels":{"instanceId":"0067430fbdf8497301732486903449ce1ad928680c0f0325f15430c7bed22be2f601789463027844e3f1a908a21bd50a24d6eb57beb97b1070da88a46d5bf9dc8679"},"logName":"projects/muni-production-f8e72/logs/run.googleapis.com%2Fstdout","receiveTimestamp":"2022-05-06T10:41:05.699653167Z","resource":{"labels":{"configuration_name":"muni-back","location":"asia-northeast1","project_id":"muni-production-f8e72","revision_name":"muni-back-hpgtt","service_name":"muni-back"},"type":"cloud_run_revision"},"timestamp":"2022-05-06T10:41:05.664535Z"}
{"httpRequest":{"latency":"0.246604135s","protocol":"HTTP/1.1","referer":"https://muni.ink/user/yanocc","remoteIp":"106.139.165.216","requestMethod":"GET","requestSize":"742","requestUrl":"https://muni.ink/_next/data/IVVvbvvWS4XaF0igaWv4S/painting/6euuuWHUUVHqKXy95FgJ.json?id=6euuuWHUUVHqKXy95FgJ","responseSize":"1365","serverIp":"35.241.42.228","status":200,"userAgent":"Mozilla/5.0 (iPhone; CPU iPhone OS 15_3_1 like Mac OS X) AppleWebKit/605.1.15 (KHTML, like Gecko) Version/15.3 Mobile/15E148 Safari/604.1"},"insertId":"6274fb410008f75dd074276b","labels":{"instanceId":"0067430fbd7af03cb17d92900b5f3305989a61b2bd445dd81108ccfd0293c2aeb5c985f7ae593a5d75291bf8faf2b546eff48eec5f9779a88bd23cf4a59c0f70bf36"},"logName":"projects/muni-production-f8e72/logs/run.googleapis.com%2Frequests","receiveTimestamp":"2022-05-06T10:41:05.793237862Z","resource":{"labels":{"configuration_name":"muni-front","location":"asia-northeast1","project_id":"muni-production-f8e72","revision_name":"muni-front-jq7fz","service_name":"muni-front"},"type":"cloud_run_revision"},"severity":"INFO","timestamp":"2022-05-06T10:41:05.587613Z","trace":"projects/muni-production-f8e72/traces/935f9cbab8e78420a950d173ec0f5cf7"}
{"httpRequest":{"latency":"0.085096560s","protocol":"HTTP/1.1","remoteIp":"35.203.249.164","requestMethod":"POST","requestSize":"524","requestUrl":"https://api.muni.ink/workmeta","responseSize":"1391","serverIp":"35.241.42.228","status":200,"userAgent":"node-fetch/1.0 (+https://github.com/bitinn/node-fetch)"},"insertId":"6274fb410008e5671892cb1c","labels":{"instanceId":"0067430fbdf8497301732486903449ce1ad928680c0f0325f15430c7bed22be2f601789463027844e3f1a908a21bd50a24d6eb57beb97b1070da88a46d5bf9dc8679"},"logName":"projects/muni-production-f8e72/logs/run.googleapis.com%2Frequests","receiveTimestamp":"2022-05-06T10:41:05.681265258Z","resource":{"labels":{"configuration_name":"muni-back","location":"asia-northeast1","project_id":"muni-production-f8e72","revision_name":"muni-back-hpgtt","service_name":"muni-back"},"type":"cloud_run_revision"},"severity":"INFO","timestamp":"2022-05-06T10:41:05.583015Z","trace":"projects/muni-production-f8e72/traces/8ce89f82d04f7f291715c8373506a82d"}
{"insertId":"6274fb41000802575a532ee6","jsonPayload":{"ident":"SUCCESS_TO_FIND","level":"INFO","message":"Work found.","method":"WorkMetadataAPI","timestamp":"2022-5-6 10:41:5","workId":"6euuuWHUUVHqKXy95FgJ"},"labels":{"instanceId":"0067430fbdf8497301732486903449ce1ad928680c0f0325f15430c7bed22be2f601789463027844e3f1a908a21bd50a24d6eb57beb97b1070da88a46d5bf9dc8679"},"logName":"projects/muni-production-f8e72/logs/run.googleapis.com%2Fstdout","receiveTimestamp":"2022-05-06T10:41:05.699653167Z","resource":{"labels":{"configuration_name":"muni-back","location":"asia-northeast1","project_id":"muni-production-f8e72","revision_name":"muni-back-hpgtt","service_name":"muni-back"},"type":"cloud_run_revision"},"timestamp":"2022-05-06T10:41:05.524887Z"}
{"insertId":"6274fb4100079f566efb342e","jsonPayload":{"ident":"RECIEVE","level":"INFO","message":"Recieve the work metadata request.","method":"WorkMetadataAPI","timestamp":"2022-5-6 10:41:5"},"labels":{"instanceId":"0067430fbdf8497301732486903449ce1ad928680c0f0325f15430c7bed22be2f601789463027844e3f1a908a21bd50a24d6eb57beb97b1070da88a46d5bf9dc8679"},"logName":"projects/muni-production-f8e72/logs/run.googleapis.com%2Fstdout","receiveTimestamp":"2022-05-06T10:41:05.699653167Z","resource":{"labels":{"configuration_name":"muni-back","location":"asia-northeast1","project_id":"muni-production-f8e72","revision_name":"muni-back-hpgtt","service_name":"muni-back"},"type":"cloud_run_revision"},"timestamp":"2022-05-06T10:41:05.499542Z"}
{"httpRequest":{"latency":"0.003250107s","protocol":"HTTP/1.1","remoteIp":"106.139.165.216","requestMethod":"GET","requestSize":"509","requestUrl":"https://muni.ink/apple-touch-icon.png","responseSize":"655","serverIp":"35.241.42.228","status":304,"userAgent":"MobileSafari/8612.4.9.0.4 CFNetwork/1329 Darwin/21.3.0"},"insertId":"6274fb3e000037faf218800a","labels":{"instanceId":"0067430fbd7af03cb17d92900b5f3305989a61b2bd445dd81108ccfd0293c2aeb5c985f7ae593a5d75291bf8faf2b546eff48eec5f9779a88bd23cf4a59c0f70bf36"},"logName":"projects/muni-production-f8e72/logs/run.googleapis.com%2Frequests","receiveTimestamp":"2022-05-06T10:41:02.131331243Z","resource":{"labels":{"configuration_name":"muni-front","location":"asia-northeast1","project_id":"muni-production-f8e72","revision_name":"muni-front-jq7fz","service_name":"muni-front"},"type":"cloud_run_revision"},"severity":"INFO","timestamp":"2022-05-06T10:41:02.014330Z","trace":"projects/muni-production-f8e72/traces/13c0c12d810f5b1ac226e9a26e34e44b"}
{"httpRequest":{"latency":"0.005017123s","protocol":"HTTP/1.1","referer":"https://muni.ink/user/yanocc","remoteIp":"106.139.165.216","requestMethod":"GET","requestSize":"749","requestUrl":"https://muni.ink/favicon.ico","responseSize":"721","serverIp":"35.241.42.228","status":304,"userAgent":"Mozilla/5.0 (iPhone; CPU iPhone OS 15_3_1 like Mac OS X) AppleWebKit/605.1.15 (KHTML, like Gecko) Version/15.3 Mobile/15E148 Safari/604.1"},"insertId":"6274fb3e00001933caf5cce0","labels":{"instanceId":"0067430fbd7af03cb17d92900b5f3305989a61b2bd445dd81108ccfd0293c2aeb5c985f7ae593a5d75291bf8faf2b546eff48eec5f9779a88bd23cf4a59c0f70bf36"},"logName":"projects/muni-production-f8e72/logs/run.googleapis.com%2Frequests","receiveTimestamp":"2022-05-06T10:41:02.131331243Z","resource":{"labels":{"configuration_name":"muni-front","location":"asia-northeast1","project_id":"muni-production-f8e72","revision_name":"muni-front-jq7fz","service_name":"muni-front"},"type":"cloud_run_revision"},"severity":"INFO","timestamp":"2022-05-06T10:41:02.006451Z","trace":"projects/muni-production-f8e72/traces/8a751cdd6d08c1ae6ea3d69ce02db768"}
{"httpRequest":{"latency":"0.011463897s","protocol":"HTTP/1.1","remoteIp":"106.139.165.216","requestMethod":"GET","requestSize":"460","requestUrl":"https://muni.ink/apple-touch-icon.png","responseSize":"1951","serverIp":"35.241.42.228","status":404,"userAgent":"MobileSafari/8612.4.9.0.4 CFNetwork/1329 Darwin/21.3.0"},"insertId":"6274fb3d000f306176a1e615","labels":{"instanceId":"0067430fbd7af03cb17d92900b5f3305989a61b2bd445dd81108ccfd0293c2aeb5c985f7ae593a5d75291bf8faf2b546eff48eec5f9779a88bd23cf4a59c0f70bf36"},"logName":"projects/muni-production-f8e72/logs/run.googleapis.com%2Frequests","receiveTimestamp":"2022-05-06T10:41:02.131331243Z","resource":{"labels":{"configuration_name":"muni-front","location":"asia-northeast1","project_id":"muni-production-f8e72","revision_name":"muni-front-jq7fz","service_name":"muni-front"},"type":"cloud_run_revision"},"severity":"WARNING","timestamp":"2022-05-06T10:41:01.995425Z","trace":"projects/muni-production-f8e72/traces/87f497203c5a72b81016323c5c2dbd96"}
{"httpRequest":{"latency":"0.013977784s","protocol":"HTTP/1.1","remoteIp":"106.139.165.216","requestMethod":"GET","requestSize":"467","requestUrl":"https://muni.ink/apple-touch-icon-120x120.png","responseSize":"1951","serverIp":"35.241.42.228","status":404,"userAgent":"MobileSafari/8612.4.9.0.4 CFNetwork/1329 Darwin/21.3.0"},"insertId":"6274fb3d000ecb875aebd6dd","labels":{"instanceId":"0067430fbd7af03cb17d92900b5f3305989a61b2bd445dd81108ccfd0293c2aeb5c985f7ae593a5d75291bf8faf2b546eff48eec5f9779a88bd23cf4a59c0f70bf36"},"logName":"projects/muni-production-f8e72/logs/run.googleapis.com%2Frequests","receiveTimestamp":"2022-05-06T10:41:02.131331243Z","resource":{"labels":{"configuration_name":"muni-front","location":"asia-northeast1","project_id":"muni-production-f8e72","revision_name":"muni-front-jq7fz","service_name":"muni-front"},"type":"cloud_run_revision"},"severity":"WARNING","timestamp":"2022-05-06T10:41:01.969607Z","trace":"projects/muni-production-f8e72/traces/3faf385e7e78bb3c73ad1e47d23a4364"}
{"httpRequest":{"latency":"0.006084801s","protocol":"HTTP/1.1","remoteIp":"106.139.165.216","requestMethod":"GET","requestSize":"480","requestUrl":"https://muni.ink/apple-touch-icon-120x120-precomposed.png","responseSize":"1950","serverIp":"35.241.42.228","status":404,"userAgent":"MobileSafari/8612.4.9.0.4 CFNetwork/1329 Darwin/21.3.0"},"insertId":"6274fb3d000e56d94b5f7d45","labels":{"instanceId":"0067430fbd7af03cb17d92900b5f3305989a61b2bd445dd81108ccfd0293c2aeb5c985f7ae593a5d75291bf8faf2b546eff48eec5f9779a88bd23cf4a59c0f70bf36"},"logName":"projects/muni-production-f8e72/logs/run.googleapis.com%2Frequests","receiveTimestamp":"2022-05-06T10:41:02.131331243Z","resource":{"labels":{"configuration_name":"muni-front","location":"asia-northeast1","project_id":"muni-production-f8e72","revision_name":"muni-front-jq7fz","service_name":"muni-front"},"type":"cloud_run_revision"},"severity":"WARNING","timestamp":"2022-05-06T10:41:01.939737Z","trace":"projects/muni-production-f8e72/traces/8c44f5b9ad838cf2d244975eee686d3f"}
{"httpRequest":{"latency":"0.222718258s","protocol":"HTTP/1.1","referer":"https://muni.ink/","remoteIp":"106.139.165.216","requestMethod":"POST","requestSize":"664","requestUrl":"https://api.muni.ink/user","responseSize":"2997","serverIp":"35.241.42.228","status":200,"userAgent":"Mozilla/5.0 (iPhone; CPU iPhone OS 15_3_1 like Mac OS X) AppleWebKit/605.1.15 (KHTML, like Gecko) Version/15.3 Mobile/15E148 Safari/604.1"},"insertId":"6274fb3d0008faa6c46b0605","labels":{"instanceId":"0067430fbdf8497301732486903449ce1ad928680c0f0325f15430c7bed22be2f601789463027844e3f1a908a21bd50a24d6eb57beb97b1070da88a46d5bf9dc8679"},"logName":"projects/muni-production-f8e72/logs/run.googleapis.com%2Frequests","receiveTimestamp":"2022-05-06T10:41:01.684790558Z","resource":{"labels":{"configuration_name":"muni-back","location":"asia-northeast1","project_id":"muni-production-f8e72","revision_name":"muni-back-hpgtt","service_name":"muni-back"},"type":"cloud_run_revision"},"severity":"INFO","timestamp":"2022-05-06T10:41:01.588454Z","trace":"projects/muni-production-f8e72/traces/c72056df52bbc7d5ad42a3e2f33bc349"}
{"insertId":"6274fb3d0008f422bb92100a","jsonPayload":{"accountId":"yanocc","ident":"SUCCESS_TO_FIND","level":"INFO","message":"User found.","method":"UserAPI","timestamp":"2022-5-6 10:41:1"},"labels":{"instanceId":"0067430fbdf8497301732486903449ce1ad928680c0f0325f15430c7bed22be2f601789463027844e3f1a908a21bd50a24d6eb57beb97b1070da88a46d5bf9dc8679"},"logName":"projects/muni-production-f8e72/logs/run.googleapis.com%2Fstdout","receiveTimestamp":"2022-05-06T10:41:01.703261180Z","resource":{"labels":{"configuration_name":"muni-back","location":"asia-northeast1","project_id":"muni-production-f8e72","revision_name":"muni-back-hpgtt","service_name":"muni-back"},"type":"cloud_run_revision"},"timestamp":"2022-05-06T10:41:01.586786Z"}
{"insertId":"6274fb3d0008f40e340ab76f","jsonPayload":{"ident":"FETCH_USER","level":"INFO","message":"Complete fetching user data.","method":"UserAPI","timestamp":"2022-5-6 10:41:1"},"labels":{"instanceId":"0067430fbdf8497301732486903449ce1ad928680c0f0325f15430c7bed22be2f601789463027844e3f1a908a21bd50a24d6eb57beb97b1070da88a46d5bf9dc8679"},"logName":"projects/muni-production-f8e72/logs/run.googleapis.com%2Fstdout","receiveTimestamp":"2022-05-06T10:41:01.703261180Z","resource":{"labels":{"configuration_name":"muni-back","location":"asia-northeast1","project_id":"muni-production-f8e72","revision_name":"muni-back-hpgtt","service_name":"muni-back"},"type":"cloud_run_revision"},"timestamp":"2022-05-06T10:41:01.586766Z"}
{"insertId":"6274fb3d000757e1d1197786","jsonPayload":{"accountId":"yanocc","ident":"FILTERING_WORKS","level":"INFO","message":"Search works link to the user.","method":"UserAPI","timestamp":"2022-5-6 10:41:1"},"labels":{"instanceId":"0067430fbdf8497301732486903449ce1ad928680c0f0325f15430c7bed22be2f601789463027844e3f1a908a21bd50a24d6eb57beb97b1070da88a46d5bf9dc8679"},"logName":"projects/muni-production-f8e72/logs/run.googleapis.com%2Fstdout","receiveTimestamp":"2022-05-06T10:41:01.703261180Z","resource":{"labels":{"configuration_name":"muni-back","location":"asia-northeast1","project_id":"muni-production-f8e72","revision_name":"muni-back-hpgtt","service_name":"muni-back"},"type":"cloud_run_revision"},"timestamp":"2022-05-06T10:41:01.481249Z"}
{"insertId":"6274fb3d000599e679298416","jsonPayload":{"ident":"RECIEVE","level":"INFO","message":"Recieve the work post request.","method":"UserAPI","timestamp":"2022-5-6 10:41:1"},"labels":{"instanceId":"0067430fbdf8497301732486903449ce1ad928680c0f0325f15430c7bed22be2f601789463027844e3f1a908a21bd50a24d6eb57beb97b1070da88a46d5bf9dc8679"},"logName":"projects/muni-production-f8e72/logs/run.googleapis.com%2Fstdout","receiveTimestamp":"2022-05-06T10:41:01.369614550Z","resource":{"labels":{"configuration_name":"muni-back","location":"asia-northeast1","project_id":"muni-production-f8e72","revision_name":"muni-back-hpgtt","service_name":"muni-back"},"type":"cloud_run_revision"},"timestamp":"2022-05-06T10:41:01.367078Z"}
{"httpRequest":{"latency":"0.002631440s","protocol":"HTTP/1.1","referer":"https://muni.ink/","remoteIp":"106.139.165.216","requestMethod":"OPTIONS","requestSize":"695","requestUrl":"https://api.muni.ink/user","responseSize":"853","serverIp":"35.241.42.228","status":204,"userAgent":"Mozilla/5.0 (iPhone; CPU iPhone OS 15_3_1 like Mac OS X) AppleWebKit/605.1.15 (KHTML, like Gecko) Version/15.3 Mobile/15E148 Safari/604.1"},"insertId":"6274fb3d0005529301636ff2","labels":{"instanceId":"0067430fbdf8497301732486903449ce1ad928680c0f0325f15430c7bed22be2f601789463027844e3f1a908a21bd50a24d6eb57beb97b1070da88a46d5bf9dc8679"},"logName":"projects/muni-production-f8e72/logs/run.googleapis.com%2Frequests","receiveTimestamp":"2022-05-06T10:41:01.353336719Z","resource":{"labels":{"configuration_name":"muni-back","location":"asia-northeast1","project_id":"muni-production-f8e72","revision_name":"muni-back-hpgtt","service_name":"muni-back"},"type":"cloud_run_revision"},"severity":"INFO","timestamp":"2022-05-06T10:41:01.348819Z","trace":"projects/muni-production-f8e72/traces/888c87e26a0460d284b0f4a0cf79b7b8"}
{"httpRequest":{"latency":"0.003679264s","protocol":"HTTP/1.1","referer":"https://muni.ink/user/yanocc","remoteIp":"106.139.165.216","requestMethod":"GET","requestSize":"830","requestUrl":"https://muni.ink/_next/image?url=%2Flogo_horizontal.png&w=384&q=75","responseSize":"708","serverIp":"35.241.42.228","status":304,"userAgent":"Mozilla/5.0 (iPhone; CPU iPhone OS 15_3_1 like Mac OS X) AppleWebKit/605.1.15 (KHTML, like Gecko) Version/15.3 Mobile/15E148 Safari/604.1"},"insertId":"6274fb3d0002b92a29ded603","labels":{"instanceId":"0067430fbd7af03cb17d92900b5f3305989a61b2bd445dd81108ccfd0293c2aeb5c985f7ae593a5d75291bf8faf2b546eff48eec5f9779a88bd23cf4a59c0f70bf36"},"logName":"projects/muni-production-f8e72/logs/run.googleapis.com%2Frequests","receiveTimestamp":"2022-05-06T10:41:01.463978766Z","resource":{"labels":{"configuration_name":"muni-front","location":"asia-northeast1","project_id":"muni-production-f8e72","revision_name":"muni-front-jq7fz","service_name":"muni-front"},"type":"cloud_run_revision"},"severity":"INFO","timestamp":"2022-05-06T10:41:01.178474Z","trace":"projects/muni-production-f8e72/traces/7fea5f3d15087491f3e4843422356024"}
{"httpRequest":{"latency":"0.003973924s","protocol":"HTTP/1.1","referer":"https://muni.ink/user/yanocc","remoteIp":"106.139.165.216","requestMethod":"GET","requestSize":"609","requestUrl":"https://muni.ink/_next/static/chunks/cb1608f2-f65392b0806bbbc8.js","responseSize":"1886","serverIp":"35.241.42.228","status":200,"userAgent":"Mozilla/5.0 (iPhone; CPU iPhone OS 15_3_1 like Mac OS X) AppleWebKit/605.1.15 (KHTML, like Gecko) Version/15.3 Mobile/15E148 Safari/604.1"},"insertId":"6274fb3d0000f4a1842079d4","labels":{"instanceId":"0067430fbd7af03cb17d92900b5f3305989a61b2bd445dd81108ccfd0293c2aeb5c985f7ae593a5d75291bf8faf2b546eff48eec5f9779a88bd23cf4a59c0f70bf36"},"logName":"projects/muni-production-f8e72/logs/run.googleapis.com%2Frequests","receiveTimestamp":"2022-05-06T10:41:01.132437746Z","resource":{"labels":{"configuration_name":"muni-front","location":"asia-northeast1","project_id":"muni-production-f8e72","revision_name":"muni-front-jq7fz","service_name":"muni-front"},"type":"cloud_run_revision"},"severity":"INFO","timestamp":"2022-05-06T10:41:01.062625Z","trace":"projects/muni-production-f8e72/traces/d59ac9d50f3006ca013aa43bc979fc4b"}
{"httpRequest":{"latency":"0.005372237s","protocol":"HTTP/1.1","remoteIp":"106.139.165.216","requestMethod":"GET","requestSize":"593","requestUrl":"https://muni.ink/user/yanocc","responseSize":"3852","serverIp":"35.241.42.228","status":200,"userAgent":"Mozilla/5.0 (iPhone; CPU iPhone OS 15_3_1 like Mac OS X) AppleWebKit/605.1.15 (KHTML, like Gecko) Version/15.3 Mobile/15E148 Safari/604.1"},"insertId":"6274fb3c000c20fa14d015a0","labels":{"instanceId":"0067430fbd7af03cb17d92900b5f3305989a61b2bd445dd81108ccfd0293c2aeb5c985f7ae593a5d75291bf8faf2b546eff48eec5f9779a88bd23cf4a59c0f70bf36"},"logName":"projects/muni-production-f8e72/logs/run.googleapis.com%2Frequests","receiveTimestamp":"2022-05-06T10:41:00.797815920Z","resource":{"labels":{"configuration_name":"muni-front","location":"asia-northeast1","project_id":"muni-production-f8e72","revision_name":"muni-front-jq7fz","service_name":"muni-front"},"type":"cloud_run_revision"},"severity":"INFO","timestamp":"2022-05-06T10:41:00.794874Z","trace":"projects/muni-production-f8e72/traces/237310215a74896c5de3854d4d7f68b7"}
{"httpRequest":{"latency":"0.002763811s","protocol":"HTTP/1.1","referer":"https://muni.ink/?gclid=CjwKCAjwjtOTBhAvEiwASG4bCH3HXJFHH5VkorPDCpY0dO5D8JT5qsn4HmJOUkcX9Ib8Fi1RIBiK-hoCLOMQAvD_BwE","remoteIp":"116.65.58.173","requestMethod":"GET","requestSize":"1016","requestUrl":"https://muni.ink/favicon.ico","responseSize":"722","serverIp":"35.241.42.228","status":304,"userAgent":"Mozilla/5.0 (Linux; Android 12; SCG09) AppleWebKit/537.36 (KHTML, like Gecko) SamsungBrowser/16.2 Chrome/92.0.4515.166 Mobile Safari/537.36"},"insertId":"6274f4a40003fd298ca459ff","labels":{"instanceId":"0067430fbd7af03cb17d92900b5f3305989a61b2bd445dd81108ccfd0293c2aeb5c985f7ae593a5d75291bf8faf2b546eff48eec5f9779a88bd23cf4a59c0f70bf36"},"logName":"projects/muni-production-f8e72/logs/run.googleapis.com%2Frequests","receiveTimestamp":"2022-05-06T10:12:52.522768238Z","resource":{"labels":{"configuration_name":"muni-front","location":"asia-northeast1","project_id":"muni-production-f8e72","revision_name":"muni-front-jq7fz","service_name":"muni-front"},"type":"cloud_run_revision"},"severity":"INFO","timestamp":"2022-05-06T10:12:52.261417Z","trace":"projects/muni-production-f8e72/traces/82ad3bac8f057b341c3e2d3b56a53ae5"}
{"httpRequest":{"latency":"0.231853932s","protocol":"HTTP/1.1","referer":"https://muni.ink/","remoteIp":"116.65.58.173","requestMethod":"POST","requestSize":"769","requestUrl":"https://api.muni.ink/recent","responseSize":"12342","serverIp":"35.241.42.228","status":200,"userAgent":"Mozilla/5.0 (Linux; Android 12; SCG09) AppleWebKit/537.36 (KHTML, like Gecko) SamsungBrowser/16.2 Chrome/92.0.4515.166 Mobile Safari/537.36"},"insertId":"6274f4a2000603b955cae427","labels":{"instanceId":"0067430fbdf8497301732486903449ce1ad928680c0f0325f15430c7bed22be2f601789463027844e3f1a908a21bd50a24d6eb57beb97b1070da88a46d5bf9dc8679"},"logName":"projects/muni-production-f8e72/logs/run.googleapis.com%2Frequests","receiveTimestamp":"2022-05-06T10:12:50.470761961Z","resource":{"labels":{"configuration_name":"muni-back","location":"asia-northeast1","project_id":"muni-production-f8e72","revision_name":"muni-back-hpgtt","service_name":"muni-back"},"type":"cloud_run_revision"},"severity":"INFO","timestamp":"2022-05-06T10:12:50.394169Z","trace":"projects/muni-production-f8e72/traces/ed14f13cb921f3c71355f9acc9441a83"}
{"insertId":"6274f4a20005fcac3f5b2da3","jsonPayload":{"ident":"FETCH_SUCCESS","level":"INFO","message":"Success to fetch.","method":"RecentPostAPI","timestamp":"2022-5-6 10:12:50"},"labels":{"instanceId":"0067430fbdf8497301732486903449ce1ad928680c0f0325f15430c7bed22be2f601789463027844e3f1a908a21bd50a24d6eb57beb97b1070da88a46d5bf9dc8679"},"logName":"projects/muni-production-f8e72/logs/run.googleapis.com%2Fstdout","receiveTimestamp":"2022-05-06T10:12:50.499476267Z","resource":{"labels":{"configuration_name":"muni-back","location":"asia-northeast1","project_id":"muni-production-f8e72","revision_name":"muni-back-hpgtt","service_name":"muni-back"},"type":"cloud_run_revision"},"timestamp":"2022-05-06T10:12:50.392364Z"}
{"insertId":"6274f4a20002805d79156d53","jsonPayload":{"ident":"RECIEVE","level":"INFO","message":"Recieve the recent posted works request.","method":"RecentPostAPI","timestamp":"2022-5-6 10:12:50"},"labels":{"instanceId":"0067430fbdf8497301732486903449ce1ad928680c0f0325f15430c7bed22be2f601789463027844e3f1a908a21bd50a24d6eb57beb97b1070da88a46d5bf9dc8679"},"logName":"projects/muni-production-f8e72/logs/run.googleapis.com%2Fstdout","receiveTimestamp":"2022-05-06T10:12:50.165147005Z","resource":{"labels":{"configuration_name":"muni-back","location":"asia-northeast1","project_id":"muni-production-f8e72","revision_name":"muni-back-hpgtt","service_name":"muni-back"},"type":"cloud_run_revision"},"timestamp":"2022-05-06T10:12:50.163933Z"}
{"httpRequest":{"latency":"0.002801371s","protocol":"HTTP/1.1","referer":"https://muni.ink/","remoteIp":"116.65.58.173","requestMethod":"OPTIONS","requestSize":"782","requestUrl":"https://api.muni.ink/recent","responseSize":"853","serverIp":"35.241.42.228","status":204,"userAgent":"Mozilla/5.0 (Linux; Android 12; SCG09) AppleWebKit/537.36 (KHTML, like Gecko) SamsungBrowser/16.2 Chrome/92.0.4515.166 Mobile Safari/537.36"},"insertId":"6274f4a200020f6c86c50f95","labels":{"instanceId":"0067430fbdf8497301732486903449ce1ad928680c0f0325f15430c7bed22be2f601789463027844e3f1a908a21bd50a24d6eb57beb97b1070da88a46d5bf9dc8679"},"logName":"projects/muni-production-f8e72/logs/run.googleapis.com%2Frequests","receiveTimestamp":"2022-05-06T10:12:50.137481302Z","resource":{"labels":{"configuration_name":"muni-back","location":"asia-northeast1","project_id":"muni-production-f8e72","revision_name":"muni-back-hpgtt","service_name":"muni-back"},"type":"cloud_run_revision"},"severity":"INFO","timestamp":"2022-05-06T10:12:50.135020Z","trace":"projects/muni-production-f8e72/traces/51cdc84501a6c9067bdf00a41d725c3a"}
{"httpRequest":{"latency":"0.006140683s","protocol":"HTTP/1.1","referer":"https://muni.ink/?gclid=CjwKCAjwjtOTBhAvEiwASG4bCH3HXJFHH5VkorPDCpY0dO5D8JT5qsn4HmJOUkcX9Ib8Fi1RIBiK-hoCLOMQAvD_BwE","remoteIp":"116.65.58.173","requestMethod":"GET","requestSize":"935","requestUrl":"https://muni.ink/_next/image?url=%2Flogo_landing.png&w=384&q=75","responseSize":"708","serverIp":"35.241.42.228","status":304,"userAgent":"Mozilla/5.0 (Linux; Android 12; SCG09) AppleWebKit/537.36 (KHTML, like Gecko) SamsungBrowser/16.2 Chrome/92.0.4515.166 Mobile Safari/537.36"},"insertId":"6274f4a1000e5953fa98fd9c","labels":{"instanceId":"0067430fbd7af03cb17d92900b5f3305989a61b2bd445dd81108ccfd0293c2aeb5c985f7ae593a5d75291bf8faf2b546eff48eec5f9779a88bd23cf4a59c0f70bf36"},"logName":"projects/muni-production-f8e72/logs/run.googleapis.com%2Frequests","receiveTimestamp":"2022-05-06T10:12:50.192926160Z","resource":{"labels":{"configuration_name":"muni-front","location":"asia-northeast1","project_id":"muni-production-f8e72","revision_name":"muni-front-jq7fz","service_name":"muni-front"},"type":"cloud_run_revision"},"severity":"INFO","timestamp":"2022-05-06T10:12:49.940371Z","trace":"projects/muni-production-f8e72/traces/c4dfad34eaffa5e4a0a9f314304301a8"}
{"httpRequest":{"latency":"0.006048752s","protocol":"HTTP/1.1","referer":"https://muni.ink/?gclid=CjwKCAjwjtOTBhAvEiwASG4bCH3HXJFHH5VkorPDCpY0dO5D8JT5qsn4HmJOUkcX9Ib8Fi1RIBiK-hoCLOMQAvD_BwE","remoteIp":"116.65.58.173","requestMethod":"GET","requestSize":"938","requestUrl":"https://muni.ink/_next/image?url=%2Flogo_horizontal.png&w=384&q=75","responseSize":"708","serverIp":"35.241.42.228","status":304,"userAgent":"Mozilla/5.0 (Linux; Android 12; SCG09) AppleWebKit/537.36 (KHTML, like Gecko) SamsungBrowser/16.2 Chrome/92.0.4515.166 Mobile Safari/537.36"},"insertId":"6274f4a1000e562c5a76ae13","labels":{"instanceId":"0067430fbd7af03cb17d92900b5f3305989a61b2bd445dd81108ccfd0293c2aeb5c985f7ae593a5d75291bf8faf2b546eff48eec5f9779a88bd23cf4a59c0f70bf36"},"logName":"projects/muni-production-f8e72/logs/run.googleapis.com%2Frequests","receiveTimestamp":"2022-05-06T10:12:50.192926160Z","resource":{"labels":{"configuration_name":"muni-front","location":"asia-northeast1","project_id":"muni-production-f8e72","revision_name":"muni-front-jq7fz","service_name":"muni-front"},"type":"cloud_run_revision"},"severity":"INFO","timestamp":"2022-05-06T10:12:49.939564Z","trace":"projects/muni-production-f8e72/traces/1d39cee73cc3d634254340a3839fc3dd"}
{"httpRequest":{"latency":"0.005316283s","protocol":"HTTP/1.1","remoteIp":"116.65.58.173","requestMethod":"GET","requestSize":"880","requestUrl":"https://muni.ink/?gclid=CjwKCAjwjtOTBhAvEiwASG4bCH3HXJFHH5VkorPDCpY0dO5D8JT5qsn4HmJOUkcX9Ib8Fi1RIBiK-hoCLOMQAvD_BwE","responseSize":"6077","serverIp":"35.241.42.228","status":200,"userAgent":"Mozilla/5.0 (Linux; Android 12; SCG09) AppleWebKit/537.36 (KHTML, like Gecko) SamsungBrowser/16.2 Chrome/92.0.4515.166 Mobile Safari/537.36"},"insertId":"6274f4a10007f959773a5241","labels":{"instanceId":"0067430fbd7af03cb17d92900b5f3305989a61b2bd445dd81108ccfd0293c2aeb5c985f7ae593a5d75291bf8faf2b546eff48eec5f9779a88bd23cf4a59c0f70bf36"},"logName":"projects/muni-production-f8e72/logs/run.googleapis.com%2Frequests","receiveTimestamp":"2022-05-06T10:12:49.527127303Z","resource":{"labels":{"configuration_name":"muni-front","location":"asia-northeast1","project_id":"muni-production-f8e72","revision_name":"muni-front-jq7fz","service_name":"muni-front"},"type":"cloud_run_revision"},"severity":"INFO","timestamp":"2022-05-06T10:12:49.522585Z","trace":"projects/muni-production-f8e72/traces/2acd819fc02533affe096dd4050d8426"}
{"httpRequest":{"latency":"0.004265628s","protocol":"HTTP/1.1","remoteIp":"51.222.253.9","requestMethod":"GET","requestSize":"450","requestUrl":"https://muni.ink/robots.txt","responseSize":"1950","serverIp":"35.241.42.228","status":404,"userAgent":"Mozilla/5.0 (compatible; AhrefsBot/7.0; +http://ahrefs.com/robot/)"},"insertId":"6274f2c4000ccec4ba31ca8a","labels":{"instanceId":"0067430fbd7af03cb17d92900b5f3305989a61b2bd445dd81108ccfd0293c2aeb5c985f7ae593a5d75291bf8faf2b546eff48eec5f9779a88bd23cf4a59c0f70bf36"},"logName":"projects/muni-production-f8e72/logs/run.googleapis.com%2Frequests","receiveTimestamp":"2022-05-06T10:04:52.844101502Z","resource":{"labels":{"configuration_name":"muni-front","location":"asia-northeast1","project_id":"muni-production-f8e72","revision_name":"muni-front-jq7fz","service_name":"muni-front"},"type":"cloud_run_revision"},"severity":"WARNING","timestamp":"2022-05-06T10:04:52.839364Z","trace":"projects/muni-production-f8e72/traces/c75c0b47ffe3ff53978630041a2fc585"}
{"httpRequest":{"latency":"0.006737215s","protocol":"HTTP/1.1","referer":"https://muni.ink/painting/MQqOxPo6g5YbBcH2qWFG","remoteIp":"66.249.64.84","requestMethod":"GET","requestSize":"704","requestUrl":"https://muni.ink/_next/static/css/57e2d6d4dd596d1c.css","responseSize":"1701","serverIp":"35.241.42.228","status":200,"userAgent":"Mozilla/5.0 (Linux; Android 6.0.1; Nexus 5X Build/MMB29P) AppleWebKit/537.36 (KHTML, like Gecko) Chrome/100.0.4896.127 Mobile Safari/537.36 (compatible; Googlebot/2.1; +http://www.google.com/bot.html)"},"insertId":"6274f25e0006fee42266caa1","labels":{"instanceId":"0067430fbd7af03cb17d92900b5f3305989a61b2bd445dd81108ccfd0293c2aeb5c985f7ae593a5d75291bf8faf2b546eff48eec5f9779a88bd23cf4a59c0f70bf36"},"logName":"projects/muni-production-f8e72/logs/run.googleapis.com%2Frequests","receiveTimestamp":"2022-05-06T10:03:10.552408795Z","resource":{"labels":{"configuration_name":"muni-front","location":"asia-northeast1","project_id":"muni-production-f8e72","revision_name":"muni-front-jq7fz","service_name":"muni-front"},"type":"cloud_run_revision"},"severity":"INFO","timestamp":"2022-05-06T10:03:10.458468Z","trace":"projects/muni-production-f8e72/traces/5626963603201f18c28b88c69cc8f589"}
{"httpRequest":{"latency":"0.003798465s","protocol":"HTTP/1.1","referer":"https://muni.ink/painting/MQqOxPo6g5YbBcH2qWFG","remoteIp":"66.249.64.84","requestMethod":"GET","requestSize":"772","requestUrl":"https://muni.ink/_next/static/chunks/pages/user/%5Bid%5D-40de660f43da0b89.js","responseSize":"3661","serverIp":"35.241.42.228","status":200,"userAgent":"Mozilla/5.0 (Linux; Android 6.0.1; Nexus 5X Build/MMB29P) AppleWebKit/537.36 (KHTML, like Gecko) Chrome/100.0.4896.127 Mobile Safari/537.36 (compatible; Googlebot/2.1; +http://www.google.com/bot.html)"},"insertId":"6274f25c000c6951ac750e72","labels":{"instanceId":"0067430fbd7af03cb17d92900b5f3305989a61b2bd445dd81108ccfd0293c2aeb5c985f7ae593a5d75291bf8faf2b546eff48eec5f9779a88bd23cf4a59c0f70bf36"},"logName":"projects/muni-production-f8e72/logs/run.googleapis.com%2Frequests","receiveTimestamp":"2022-05-06T10:03:08.886811784Z","resource":{"labels":{"configuration_name":"muni-front","location":"asia-northeast1","project_id":"muni-production-f8e72","revision_name":"muni-front-jq7fz","service_name":"muni-front"},"type":"cloud_run_revision"},"severity":"INFO","timestamp":"2022-05-06T10:03:08.813393Z","trace":"projects/muni-production-f8e72/traces/080872d32d04c3cb5b08858091e273ed"}
{"httpRequest":{"latency":"0.003811637s","protocol":"HTTP/1.1","referer":"https://muni.ink/painting/MQqOxPo6g5YbBcH2qWFG","remoteIp":"66.249.64.84","requestMethod":"GET","requestSize":"635","requestUrl":"https://muni.ink/_next/static/IVVvbvvWS4XaF0igaWv4S/_middlewareManifest.js","responseSize":"925","serverIp":"35.241.42.228","status":200,"userAgent":"Mozilla/5.0 (Linux; Android 6.0.1; Nexus 5X Build/MMB29P) AppleWebKit/537.36 (KHTML, like Gecko) Chrome/100.0.4896.127 Mobile Safari/537.36 (compatible; Googlebot/2.1; +http://www.google.com/bot.html)"},"insertId":"6274f257000b06cd6ed52043","labels":{"instanceId":"0067430fbd7af03cb17d92900b5f3305989a61b2bd445dd81108ccfd0293c2aeb5c985f7ae593a5d75291bf8faf2b546eff48eec5f9779a88bd23cf4a59c0f70bf36"},"logName":"projects/muni-production-f8e72/logs/run.googleapis.com%2Frequests","receiveTimestamp":"2022-05-06T10:03:03.892330382Z","resource":{"labels":{"configuration_name":"muni-front","location":"asia-northeast1","project_id":"muni-production-f8e72","revision_name":"muni-front-jq7fz","service_name":"muni-front"},"type":"cloud_run_revision"},"severity":"INFO","timestamp":"2022-05-06T10:03:03.722637Z","trace":"projects/muni-production-f8e72/traces/00e60834fef62f8e1459712a2b5956e3"}
{"httpRequest":{"latency":"0.005408432s","protocol":"HTTP/1.1","referer":"https://muni.ink/painting/MQqOxPo6g5YbBcH2qWFG","remoteIp":"66.249.64.85","requestMethod":"GET","requestSize":"630","requestUrl":"https://muni.ink/_next/static/css/0328b678563a780a.css","responseSize":"1296","serverIp":"35.241.42.228","status":200,"userAgent":"Mozilla/5.0 (Linux; Android 6.0.1; Nexus 5X Build/MMB29P) AppleWebKit/537.36 (KHTML, like Gecko) Chrome/100.0.4896.127 Mobile Safari/537.36 (compatible; Googlebot/2.1; +http://www.google.com/bot.html)"},"insertId":"6274f2570003f1b49cf23465","labels":{"instanceId":"0067430fbd7af03cb17d92900b5f3305989a61b2bd445dd81108ccfd0293c2aeb5c985f7ae593a5d75291bf8faf2b546eff48eec5f9779a88bd23cf4a59c0f70bf36"},"logName":"projects/muni-production-f8e72/logs/run.googleapis.com%2Frequests","receiveTimestamp":"2022-05-06T10:03:03.559201722Z","resource":{"labels":{"configuration_name":"muni-front","location":"asia-northeast1","project_id":"muni-production-f8e72","revision_name":"muni-front-jq7fz","service_name":"muni-front"},"type":"cloud_run_revision"},"severity":"INFO","timestamp":"2022-05-06T10:03:03.258484Z","trace":"projects/muni-production-f8e72/traces/3eede9b3418a00387b13276fb80f0965"}
{"httpRequest":{"latency":"0.331561599s","protocol":"HTTP/1.1","remoteIp":"66.249.64.86","requestMethod":"GET","requestSize":"707","requestUrl":"https://muni.ink/painting/MQqOxPo6g5YbBcH2qWFG","responseSize":"5355","serverIp":"35.241.42.228","status":200,"userAgent":"Mozilla/5.0 (Linux; Android 6.0.1; Nexus 5X Build/MMB29P) AppleWebKit/537.36 (KHTML, like Gecko) Chrome/100.0.4896.127 Mobile Safari/537.36 (compatible; Googlebot/2.1; +http://www.google.com/bot.html)"},"insertId":"6274f253000da0996ea46242","labels":{"instanceId":"0067430fbd7af03cb17d92900b5f3305989a61b2bd445dd81108ccfd0293c2aeb5c985f7ae593a5d75291bf8faf2b546eff48eec5f9779a88bd23cf4a59c0f70bf36"},"logName":"projects/muni-production-f8e72/logs/run.googleapis.com%2Frequests","receiveTimestamp":"2022-05-06T10:02:59.895998017Z","resource":{"labels":{"configuration_name":"muni-front","location":"asia-northeast1","project_id":"muni-production-f8e72","revision_name":"muni-front-jq7fz","service_name":"muni-front"},"type":"cloud_run_revision"},"severity":"INFO","timestamp":"2022-05-06T10:02:59.893081Z","trace":"projects/muni-production-f8e72/traces/95bc8e6ff610ef1f843d0f45b8d5a1f7"}
{"httpRequest":{"latency":"0.171956641s","protocol":"HTTP/1.1","remoteIp":"35.203.249.164","requestMethod":"POST","requestSize":"525","requestUrl":"https://api.muni.ink/workmeta","responseSize":"1333","serverIp":"35.241.42.228","status":200,"userAgent":"node-fetch/1.0 (+https://github.com/bitinn/node-fetch)"},"insertId":"6274f253000d50163228c02b","labels":{"instanceId":"0067430fbdf8497301732486903449ce1ad928680c0f0325f15430c7bed22be2f601789463027844e3f1a908a21bd50a24d6eb57beb97b1070da88a46d5bf9dc8679"},"logName":"projects/muni-production-f8e72/logs/run.googleapis.com%2Frequests","receiveTimestamp":"2022-05-06T10:02:59.875627660Z","resource":{"labels":{"configuration_name":"muni-back","location":"asia-northeast1","project_id":"muni-production-f8e72","revision_name":"muni-back-hpgtt","service_name":"muni-back"},"type":"cloud_run_revision"},"severity":"INFO","timestamp":"2022-05-06T10:02:59.872470Z","trace":"projects/muni-production-f8e72/traces/3220999e6d8eed99cf6c11d6ab5a09dd"}
{"insertId":"6274f253000c6fc86cc485b4","jsonPayload":{"ident":"SUCCESS_TO_FIND","level":"INFO","message":"Work found.","method":"WorkMetadataAPI","timestamp":"2022-5-6 10:2:59","workId":"MQqOxPo6g5YbBcH2qWFG"},"labels":{"instanceId":"0067430fbdf8497301732486903449ce1ad928680c0f0325f15430c7bed22be2f601789463027844e3f1a908a21bd50a24d6eb57beb97b1070da88a46d5bf9dc8679"},"logName":"projects/muni-production-f8e72/logs/run.googleapis.com%2Fstdout","receiveTimestamp":"2022-05-06T10:03:00.038481832Z","resource":{"labels":{"configuration_name":"muni-back","location":"asia-northeast1","project_id":"muni-production-f8e72","revision_name":"muni-back-hpgtt","service_name":"muni-back"},"type":"cloud_run_revision"},"timestamp":"2022-05-06T10:02:59.815048Z"}
{"insertId":"6274f253000ab6794f9db215","jsonPayload":{"ident":"RECIEVE","level":"INFO","message":"Recieve the work metadata request.","method":"WorkMetadataAPI","timestamp":"2022-5-6 10:2:59"},"labels":{"instanceId":"0067430fbdf8497301732486903449ce1ad928680c0f0325f15430c7bed22be2f601789463027844e3f1a908a21bd50a24d6eb57beb97b1070da88a46d5bf9dc8679"},"logName":"projects/muni-production-f8e72/logs/run.googleapis.com%2Fstdout","receiveTimestamp":"2022-05-06T10:02:59.706520464Z","resource":{"labels":{"configuration_name":"muni-back","location":"asia-northeast1","project_id":"muni-production-f8e72","revision_name":"muni-back-hpgtt","service_name":"muni-back"},"type":"cloud_run_revision"},"timestamp":"2022-05-06T10:02:59.702073Z"}
{"httpRequest":{"latency":"0.003414434s","protocol":"HTTP/1.1","referer":"https://t.co/UpaJLK1eIq","remoteIp":"35.233.159.14","requestMethod":"HEAD","requestSize":"359","requestUrl":"https://muni.ink/","responseSize":"800","serverIp":"35.241.42.228","status":200},"insertId":"6274ef5f0003543597a7da52","labels":{"instanceId":"0067430fbd7af03cb17d92900b5f3305989a61b2bd445dd81108ccfd0293c2aeb5c985f7ae593a5d75291bf8faf2b546eff48eec5f9779a88bd23cf4a59c0f70bf36"},"logName":"projects/muni-production-f8e72/logs/run.googleapis.com%2Frequests","receiveTimestamp":"2022-05-06T09:50:23.221312733Z","resource":{"labels":{"configuration_name":"muni-front","location":"asia-northeast1","project_id":"muni-production-f8e72","revision_name":"muni-front-jq7fz","service_name":"muni-front"},"type":"cloud_run_revision"},"severity":"INFO","timestamp":"2022-05-06T09:50:23.218165Z","trace":"projects/muni-production-f8e72/traces/ce1049bf1f0343b0e5553f2d1a109dcb"}
{"httpRequest":{"latency":"0.256589288s","protocol":"HTTP/1.1","referer":"https://muni.ink/","remoteIp":"49.97.15.75","requestMethod":"POST","requestSize":"850","requestUrl":"https://api.muni.ink/recent","responseSize":"12342","serverIp":"35.241.42.228","status":200,"userAgent":"Mozilla/5.0 (Linux; Android 12; Pixel 5) AppleWebKit/537.36 (KHTML, like Gecko) Chrome/101.0.4951.41 Mobile Safari/537.36"},"insertId":"6274e863000ec56188481f8d","labels":{"instanceId":"0067430fbdf8497301732486903449ce1ad928680c0f0325f15430c7bed22be2f601789463027844e3f1a908a21bd50a24d6eb57beb97b1070da88a46d5bf9dc8679"},"logName":"projects/muni-production-f8e72/logs/run.googleapis.com%2Frequests","receiveTimestamp":"2022-05-06T09:20:35.991772621Z","resource":{"labels":{"configuration_name":"muni-back","location":"asia-northeast1","project_id":"muni-production-f8e72","revision_name":"muni-back-hpgtt","service_name":"muni-back"},"type":"cloud_run_revision"},"severity":"INFO","timestamp":"2022-05-06T09:20:35.968033Z","trace":"projects/muni-production-f8e72/traces/788cf504da34f241f558f05539f01454"}
{"insertId":"6274e863000ebdd02c04b181","jsonPayload":{"ident":"FETCH_SUCCESS","level":"INFO","message":"Success to fetch.","method":"RecentPostAPI","timestamp":"2022-5-6 9:20:35"},"labels":{"instanceId":"0067430fbdf8497301732486903449ce1ad928680c0f0325f15430c7bed22be2f601789463027844e3f1a908a21bd50a24d6eb57beb97b1070da88a46d5bf9dc8679"},"logName":"projects/muni-production-f8e72/logs/run.googleapis.com%2Fstdout","receiveTimestamp":"2022-05-06T09:20:36.048679436Z","resource":{"labels":{"configuration_name":"muni-back","location":"asia-northeast1","project_id":"muni-production-f8e72","revision_name":"muni-back-hpgtt","service_name":"muni-back"},"type":"cloud_run_revision"},"timestamp":"2022-05-06T09:20:35.966096Z"}
{"insertId":"6274e863000ae15708f9299b","jsonPayload":{"ident":"RECIEVE","level":"INFO","message":"Recieve the recent posted works request.","method":"RecentPostAPI","timestamp":"2022-5-6 9:20:35"},"labels":{"instanceId":"0067430fbdf8497301732486903449ce1ad928680c0f0325f15430c7bed22be2f601789463027844e3f1a908a21bd50a24d6eb57beb97b1070da88a46d5bf9dc8679"},"logName":"projects/muni-production-f8e72/logs/run.googleapis.com%2Fstdout","receiveTimestamp":"2022-05-06T09:20:35.715953591Z","resource":{"labels":{"configuration_name":"muni-back","location":"asia-northeast1","project_id":"muni-production-f8e72","revision_name":"muni-back-hpgtt","service_name":"muni-back"},"type":"cloud_run_revision"},"timestamp":"2022-05-06T09:20:35.713047Z"}
{"httpRequest":{"latency":"0.002605650s","protocol":"HTTP/1.1","referer":"https://muni.ink/","remoteIp":"49.97.15.75","requestMethod":"OPTIONS","requestSize":"741","requestUrl":"https://api.muni.ink/recent","responseSize":"853","serverIp":"35.241.42.228","status":204,"userAgent":"Mozilla/5.0 (Linux; Android 12; Pixel 5) AppleWebKit/537.36 (KHTML, like Gecko) Chrome/101.0.4951.41 Mobile Safari/537.36"},"insertId":"6274e8630009fd0c3ecdc434","labels":{"instanceId":"0067430fbdf8497301732486903449ce1ad928680c0f0325f15430c7bed22be2f601789463027844e3f1a908a21bd50a24d6eb57beb97b1070da88a46d5bf9dc8679"},"logName":"projects/muni-production-f8e72/logs/run.googleapis.com%2Frequests","receiveTimestamp":"2022-05-06T09:20:35.658936240Z","resource":{"labels":{"configuration_name":"muni-back","location":"asia-northeast1","project_id":"muni-production-f8e72","revision_name":"muni-back-hpgtt","service_name":"muni-back"},"type":"cloud_run_revision"},"severity":"INFO","timestamp":"2022-05-06T09:20:35.654604Z","trace":"projects/muni-production-f8e72/traces/b6bd82bf96b3cca40807d33dd5f14540"}
{"httpRequest":{"latency":"0.005887786s","protocol":"HTTP/1.1","remoteIp":"66.249.64.86","requestMethod":"GET","requestSize":"474","requestUrl":"https://muni.ink/user/Nelu0822","responseSize":"3852","serverIp":"35.241.42.228","status":200,"userAgent":"Mozilla/5.0 (compatible; Googlebot/2.1; +http://www.google.com/bot.html)"},"insertId":"6274e5c50004fbf4f3a96b49","labels":{"instanceId":"0067430fbd7af03cb17d92900b5f3305989a61b2bd445dd81108ccfd0293c2aeb5c985f7ae593a5d75291bf8faf2b546eff48eec5f9779a88bd23cf4a59c0f70bf36"},"logName":"projects/muni-production-f8e72/logs/run.googleapis.com%2Frequests","receiveTimestamp":"2022-05-06T09:09:25.331178039Z","resource":{"labels":{"configuration_name":"muni-front","location":"asia-northeast1","project_id":"muni-production-f8e72","revision_name":"muni-front-jq7fz","service_name":"muni-front"},"type":"cloud_run_revision"},"severity":"INFO","timestamp":"2022-05-06T09:09:25.326644Z","trace":"projects/muni-production-f8e72/traces/89a22f9d88282262e0bce20e2a3593bf"}
{"httpRequest":{"latency":"0.003563668s","protocol":"HTTP/1.1","referer":"https://muni.ink/signup","remoteIp":"14.8.3.224","requestMethod":"GET","requestSize":"967","requestUrl":"https://muni.ink/favicon.ico","responseSize":"721","serverIp":"35.241.42.228","status":304,"userAgent":"Mozilla/5.0 (Linux; Android 9; S7 Build/PPR1.180610.011; wv) AppleWebKit/537.36 (KHTML, like Gecko) Version/4.0 Chrome/101.0.4951.41 Safari/537.36"},"insertId":"6274e3e3000eb42751da1a62","labels":{"instanceId":"0067430fbd7af03cb17d92900b5f3305989a61b2bd445dd81108ccfd0293c2aeb5c985f7ae593a5d75291bf8faf2b546eff48eec5f9779a88bd23cf4a59c0f70bf36"},"logName":"projects/muni-production-f8e72/logs/run.googleapis.com%2Frequests","receiveTimestamp":"2022-05-06T09:01:24.002678694Z","resource":{"labels":{"configuration_name":"muni-front","location":"asia-northeast1","project_id":"muni-production-f8e72","revision_name":"muni-front-jq7fz","service_name":"muni-front"},"type":"cloud_run_revision"},"severity":"INFO","timestamp":"2022-05-06T09:01:23.963623Z","trace":"projects/muni-production-f8e72/traces/52d72eb1666e837424c34f7594f21f5d"}
{"httpRequest":{"latency":"0.004284389s","protocol":"HTTP/1.1","referer":"https://muni.ink/?gclid=CjwKCAjwjtOTBhAvEiwASG4bCCf5UZa97PhA9n80nPG5hMLuoe6bYG8g2kLQigAXhBwQBtyHOhy3ZBoCVYwQAvD_BwE","remoteIp":"14.8.3.224","requestMethod":"GET","requestSize":"1059","requestUrl":"https://muni.ink/favicon.ico","responseSize":"722","serverIp":"35.241.42.228","status":304,"userAgent":"Mozilla/5.0 (Linux; Android 9; S7 Build/PPR1.180610.011; wv) AppleWebKit/537.36 (KHTML, like Gecko) Version/4.0 Chrome/101.0.4951.41 Safari/537.36"},"insertId":"6274e3de000ef5caa1e4efe9","labels":{"instanceId":"0067430fbd7af03cb17d92900b5f3305989a61b2bd445dd81108ccfd0293c2aeb5c985f7ae593a5d75291bf8faf2b546eff48eec5f9779a88bd23cf4a59c0f70bf36"},"logName":"projects/muni-production-f8e72/logs/run.googleapis.com%2Frequests","receiveTimestamp":"2022-05-06T09:01:19.003773854Z","resource":{"labels":{"configuration_name":"muni-front","location":"asia-northeast1","project_id":"muni-production-f8e72","revision_name":"muni-front-jq7fz","service_name":"muni-front"},"type":"cloud_run_revision"},"severity":"INFO","timestamp":"2022-05-06T09:01:18.980426Z","trace":"projects/muni-production-f8e72/traces/da0a889c298e38283cdc30f1677fa4e1"}
{"httpRequest":{"latency":"0.255285648s","protocol":"HTTP/1.1","referer":"https://muni.ink/","remoteIp":"14.8.3.224","requestMethod":"POST","requestSize":"811","requestUrl":"https://api.muni.ink/recent","responseSize":"12342","serverIp":"35.241.42.228","status":200,"userAgent":"Mozilla/5.0 (Linux; Android 9; S7 Build/PPR1.180610.011; wv) AppleWebKit/537.36 (KHTML, like Gecko) Version/4.0 Chrome/101.0.4951.41 Safari/537.36"},"insertId":"6274e3de000dd5690bad22c7","labels":{"instanceId":"0067430fbdf8497301732486903449ce1ad928680c0f0325f15430c7bed22be2f601789463027844e3f1a908a21bd50a24d6eb57beb97b1070da88a46d5bf9dc8679"},"logName":"projects/muni-production-f8e72/logs/run.googleapis.com%2Frequests","receiveTimestamp":"2022-05-06T09:01:19.220408571Z","resource":{"labels":{"configuration_name":"muni-back","location":"asia-northeast1","project_id":"muni-production-f8e72","revision_name":"muni-back-hpgtt","service_name":"muni-back"},"type":"cloud_run_revision"},"severity":"INFO","timestamp":"2022-05-06T09:01:18.906601Z","trace":"projects/muni-production-f8e72/traces/10b8dc3affe2a147d3e80e1a24ebe1a8"}
{"insertId":"6274e3de000dceac5997a33b","jsonPayload":{"ident":"FETCH_SUCCESS","level":"INFO","message":"Success to fetch.","method":"RecentPostAPI","timestamp":"2022-5-6 9:1:18"},"labels":{"instanceId":"0067430fbdf8497301732486903449ce1ad928680c0f0325f15430c7bed22be2f601789463027844e3f1a908a21bd50a24d6eb57beb97b1070da88a46d5bf9dc8679"},"logName":"projects/muni-production-f8e72/logs/run.googleapis.com%2Fstdout","receiveTimestamp":"2022-05-06T09:01:18.988428559Z","resource":{"labels":{"configuration_name":"muni-back","location":"asia-northeast1","project_id":"muni-production-f8e72","revision_name":"muni-back-hpgtt","service_name":"muni-back"},"type":"cloud_run_revision"},"timestamp":"2022-05-06T09:01:18.904876Z"}
{"insertId":"6274e3de0009f8b25587de16","jsonPayload":{"ident":"RECIEVE","level":"INFO","message":"Recieve the recent posted works request.","method":"RecentPostAPI","timestamp":"2022-5-6 9:1:18"},"labels":{"instanceId":"0067430fbdf8497301732486903449ce1ad928680c0f0325f15430c7bed22be2f601789463027844e3f1a908a21bd50a24d6eb57beb97b1070da88a46d5bf9dc8679"},"logName":"projects/muni-production-f8e72/logs/run.googleapis.com%2Fstdout","receiveTimestamp":"2022-05-06T09:01:18.656449465Z","resource":{"labels":{"configuration_name":"muni-back","location":"asia-northeast1","project_id":"muni-production-f8e72","revision_name":"muni-back-hpgtt","service_name":"muni-back"},"type":"cloud_run_revision"},"timestamp":"2022-05-06T09:01:18.653490Z"}
{"httpRequest":{"latency":"0.002555107s","protocol":"HTTP/1.1","referer":"https://muni.ink/","remoteIp":"14.8.3.224","requestMethod":"OPTIONS","requestSize":"833","requestUrl":"https://api.muni.ink/recent","responseSize":"853","serverIp":"35.241.42.228","status":204,"userAgent":"Mozilla/5.0 (Linux; Android 9; S7 Build/PPR1.180610.011; wv) AppleWebKit/537.36 (KHTML, like Gecko) Version/4.0 Chrome/101.0.4951.41 Safari/537.36"},"insertId":"6274e3de000869137322edf8","labels":{"instanceId":"0067430fbdf8497301732486903449ce1ad928680c0f0325f15430c7bed22be2f601789463027844e3f1a908a21bd50a24d6eb57beb97b1070da88a46d5bf9dc8679"},"logName":"projects/muni-production-f8e72/logs/run.googleapis.com%2Frequests","receiveTimestamp":"2022-05-06T09:01:18.554136298Z","resource":{"labels":{"configuration_name":"muni-back","location":"asia-northeast1","project_id":"muni-production-f8e72","revision_name":"muni-back-hpgtt","service_name":"muni-back"},"type":"cloud_run_revision"},"severity":"INFO","timestamp":"2022-05-06T09:01:18.551187Z","trace":"projects/muni-production-f8e72/traces/acfe873e9aaf554c28cef252b8742821"}
{"httpRequest":{"latency":"0.003158917s","protocol":"HTTP/1.1","referer":"https://muni.ink/?gclid=CjwKCAjwjtOTBhAvEiwASG4bCCf5UZa97PhA9n80nPG5hMLuoe6bYG8g2kLQigAXhBwQBtyHOhy3ZBoCVYwQAvD_BwE","remoteIp":"14.8.3.224","requestMethod":"GET","requestSize":"916","requestUrl":"https://muni.ink/_next/image?url=%2Flogo_landing.png&w=256&q=75","responseSize":"4948","serverIp":"35.241.42.228","status":200,"userAgent":"Mozilla/5.0 (Linux; Android 9; S7 Build/PPR1.180610.011; wv) AppleWebKit/537.36 (KHTML, like Gecko) Version/4.0 Chrome/101.0.4951.41 Safari/537.36"},"insertId":"6274e3de00068f76da83bf8e","labels":{"instanceId":"0067430fbd7af03cb17d92900b5f3305989a61b2bd445dd81108ccfd0293c2aeb5c985f7ae593a5d75291bf8faf2b546eff48eec5f9779a88bd23cf4a59c0f70bf36"},"logName":"projects/muni-production-f8e72/logs/run.googleapis.com%2Frequests","receiveTimestamp":"2022-05-06T09:01:18.670638596Z","resource":{"labels":{"configuration_name":"muni-front","location":"asia-northeast1","project_id":"muni-production-f8e72","revision_name":"muni-front-jq7fz","service_name":"muni-front"},"type":"cloud_run_revision"},"severity":"INFO","timestamp":"2022-05-06T09:01:18.429942Z","trace":"projects/muni-production-f8e72/traces/62ebc4df36cb0c334c7a27edfffd3ca2"}
{"httpRequest":{"latency":"0.004240864s","protocol":"HTTP/1.1","referer":"https://muni.ink/?gclid=CjwKCAjwjtOTBhAvEiwASG4bCCf5UZa97PhA9n80nPG5hMLuoe6bYG8g2kLQigAXhBwQBtyHOhy3ZBoCVYwQAvD_BwE","remoteIp":"14.8.3.224","requestMethod":"GET","requestSize":"918","requestUrl":"https://muni.ink/_next/image?url=%2Flogo_horizontal.png&w=256&q=75","responseSize":"3065","serverIp":"35.241.42.228","status":200,"userAgent":"Mozilla/5.0 (Linux; Android 9; S7 Build/PPR1.180610.011; wv) AppleWebKit/537.36 (KHTML, like Gecko) Version/4.0 Chrome/101.0.4951.41 Safari/537.36"},"insertId":"6274e3de00067784fd312ff4","labels":{"instanceId":"0067430fbd7af03cb17d92900b5f3305989a61b2bd445dd81108ccfd0293c2aeb5c985f7ae593a5d75291bf8faf2b546eff48eec5f9779a88bd23cf4a59c0f70bf36"},"logName":"projects/muni-production-f8e72/logs/run.googleapis.com%2Frequests","receiveTimestamp":"2022-05-06T09:01:18.670638596Z","resource":{"labels":{"configuration_name":"muni-front","location":"asia-northeast1","project_id":"muni-production-f8e72","revision_name":"muni-front-jq7fz","service_name":"muni-front"},"type":"cloud_run_revision"},"severity":"INFO","timestamp":"2022-05-06T09:01:18.423812Z","trace":"projects/muni-production-f8e72/traces/74dc15a525909340a5d3cf1342d76bb3"}
{"httpRequest":{"latency":"0.006876083s","protocol":"HTTP/1.1","referer":"https://muni.ink/?gclid=CjwKCAjwjtOTBhAvEiwASG4bCCf5UZa97PhA9n80nPG5hMLuoe6bYG8g2kLQigAXhBwQBtyHOhy3ZBoCVYwQAvD_BwE","remoteIp":"14.8.3.224","requestMethod":"GET","requestSize":"858","requestUrl":"https://muni.ink/_next/static/chunks/cb1608f2-f65392b0806bbbc8.js","responseSize":"1886","serverIp":"35.241.42.228","status":200,"userAgent":"Mozilla/5.0 (Linux; Android 9; S7 Build/PPR1.180610.011; wv) AppleWebKit/537.36 (KHTML, like Gecko) Version/4.0 Chrome/101.0.4951.41 Safari/537.36"},"insertId":"6274e3dd00045b27c969a09c","labels":{"instanceId":"0067430fbd7af03cb17d92900b5f3305989a61b2bd445dd81108ccfd0293c2aeb5c985f7ae593a5d75291bf8faf2b546eff48eec5f9779a88bd23cf4a59c0f70bf36"},"logName":"projects/muni-production-f8e72/logs/run.googleapis.com%2Frequests","receiveTimestamp":"2022-05-06T09:01:17.338337210Z","resource":{"labels":{"configuration_name":"muni-front","location":"asia-northeast1","project_id":"muni-production-f8e72","revision_name":"muni-front-jq7fz","service_name":"muni-front"},"type":"cloud_run_revision"},"severity":"INFO","timestamp":"2022-05-06T09:01:17.285479Z","trace":"projects/muni-production-f8e72/traces/e60be515b473daf1414da5293b69c538"}
{"httpRequest":{"latency":"0.006426842s","protocol":"HTTP/1.1","referer":"https://www.google.co.jp/","remoteIp":"14.8.3.224","requestMethod":"GET","requestSize":"1001","requestUrl":"https://muni.ink/?gclid=CjwKCAjwjtOTBhAvEiwASG4bCCf5UZa97PhA9n80nPG5hMLuoe6bYG8g2kLQigAXhBwQBtyHOhy3ZBoCVYwQAvD_BwE","responseSize":"6078","serverIp":"35.241.42.228","status":200,"userAgent":"Mozilla/5.0 (Linux; Android 9; S7 Build/PPR1.180610.011; wv) AppleWebKit/537.36 (KHTML, like Gecko) Version/4.0 Chrome/101.0.4951.41 Safari/537.36"},"insertId":"6274e3dc000521390841d0db","labels":{"instanceId":"0067430fbd7af03cb17d92900b5f3305989a61b2bd445dd81108ccfd0293c2aeb5c985f7ae593a5d75291bf8faf2b546eff48eec5f9779a88bd23cf4a59c0f70bf36"},"logName":"projects/muni-production-f8e72/logs/run.googleapis.com%2Frequests","receiveTimestamp":"2022-05-06T09:01:16.341325636Z","resource":{"labels":{"configuration_name":"muni-front","location":"asia-northeast1","project_id":"muni-production-f8e72","revision_name":"muni-front-jq7fz","service_name":"muni-front"},"type":"cloud_run_revision"},"severity":"INFO","timestamp":"2022-05-06T09:01:16.336185Z","trace":"projects/muni-production-f8e72/traces/88fe7bb8d02110fcc1edc74314166532"}
{"httpRequest":{"latency":"0.002673710s","protocol":"HTTP/1.1","referer":"https://muni.ink/?gclid=CjwKCAjwjtOTBhAvEiwASG4bCA_R4-0UQjKjrcylYLE-5vR0th-gchn12PNelzv1zcPSdMPLkP6NFBoC6oQQAvD_BwE","remoteIp":"111.107.18.189","requestMethod":"GET","requestSize":"915","requestUrl":"https://muni.ink/nft_description.svg","responseSize":"722","serverIp":"35.241.42.228","status":304,"userAgent":"Mozilla/5.0 (iPhone; CPU iPhone OS 15_4 like Mac OS X) AppleWebKit/605.1.15 (KHTML, like Gecko) GSA/210.0.444145502 Mobile/15E148 Safari/604.1"},"insertId":"6274e29f0002612d4648ed86","labels":{"instanceId":"0067430fbd7af03cb17d92900b5f3305989a61b2bd445dd81108ccfd0293c2aeb5c985f7ae593a5d75291bf8faf2b546eff48eec5f9779a88bd23cf4a59c0f70bf36"},"logName":"projects/muni-production-f8e72/logs/run.googleapis.com%2Frequests","receiveTimestamp":"2022-05-06T08:55:59.192389167Z","resource":{"labels":{"configuration_name":"muni-front","location":"asia-northeast1","project_id":"muni-production-f8e72","revision_name":"muni-front-jq7fz","service_name":"muni-front"},"type":"cloud_run_revision"},"severity":"INFO","timestamp":"2022-05-06T08:55:59.155949Z","trace":"projects/muni-production-f8e72/traces/4d00aca7d0313ca3f7c1a7b2d7ff3bcf"}
{"httpRequest":{"latency":"0.003903115s","protocol":"HTTP/1.1","referer":"https://muni.ink/?gclid=CjwKCAjwjtOTBhAvEiwASG4bCA_R4-0UQjKjrcylYLE-5vR0th-gchn12PNelzv1zcPSdMPLkP6NFBoC6oQQAvD_BwE","remoteIp":"111.107.18.189","requestMethod":"GET","requestSize":"915","requestUrl":"https://muni.ink/prepare2_metamask.svg","responseSize":"721","serverIp":"35.241.42.228","status":304,"userAgent":"Mozilla/5.0 (iPhone; CPU iPhone OS 15_4 like Mac OS X) AppleWebKit/605.1.15 (KHTML, like Gecko) GSA/210.0.444145502 Mobile/15E148 Safari/604.1"},"insertId":"6274e2950001877688d14f31","labels":{"instanceId":"0067430fbd7af03cb17d92900b5f3305989a61b2bd445dd81108ccfd0293c2aeb5c985f7ae593a5d75291bf8faf2b546eff48eec5f9779a88bd23cf4a59c0f70bf36"},"logName":"projects/muni-production-f8e72/logs/run.googleapis.com%2Frequests","receiveTimestamp":"2022-05-06T08:55:49.201783412Z","resource":{"labels":{"configuration_name":"muni-front","location":"asia-northeast1","project_id":"muni-production-f8e72","revision_name":"muni-front-jq7fz","service_name":"muni-front"},"type":"cloud_run_revision"},"severity":"INFO","timestamp":"2022-05-06T08:55:49.100214Z","trace":"projects/muni-production-f8e72/traces/9a1f436d4f9f4ca3ff5d21b4d87df079"}
{"httpRequest":{"latency":"0.004146228s","protocol":"HTTP/1.1","referer":"https://muni.ink/?gclid=CjwKCAjwjtOTBhAvEiwASG4bCA_R4-0UQjKjrcylYLE-5vR0th-gchn12PNelzv1zcPSdMPLkP6NFBoC6oQQAvD_BwE","remoteIp":"111.107.18.189","requestMethod":"GET","requestSize":"827","requestUrl":"https://muni.ink/prepare1_images.svg","responseSize":"4711","serverIp":"35.241.42.228","status":200,"userAgent":"Mozilla/5.0 (iPhone; CPU iPhone OS 15_4 like Mac OS X) AppleWebKit/605.1.15 (KHTML, like Gecko) GSA/210.0.444145502 Mobile/15E148 Safari/604.1"},"insertId":"6274e28e000860d0da6cf886","labels":{"instanceId":"0067430fbd7af03cb17d92900b5f3305989a61b2bd445dd81108ccfd0293c2aeb5c985f7ae593a5d75291bf8faf2b546eff48eec5f9779a88bd23cf4a59c0f70bf36"},"logName":"projects/muni-production-f8e72/logs/run.googleapis.com%2Frequests","receiveTimestamp":"2022-05-06T08:55:42.872565768Z","resource":{"labels":{"configuration_name":"muni-front","location":"asia-northeast1","project_id":"muni-production-f8e72","revision_name":"muni-front-jq7fz","service_name":"muni-front"},"type":"cloud_run_revision"},"severity":"INFO","timestamp":"2022-05-06T08:55:42.549072Z","trace":"projects/muni-production-f8e72/traces/b85c37985837d2bdcf30b787b80d68ba"}
{"httpRequest":{"latency":"0.005924311s","protocol":"HTTP/1.1","referer":"https://muni.ink/?gclid=CjwKCAjwjtOTBhAvEiwASG4bCA_R4-0UQjKjrcylYLE-5vR0th-gchn12PNelzv1zcPSdMPLkP6NFBoC6oQQAvD_BwE","remoteIp":"111.107.18.189","requestMethod":"GET","requestSize":"828","requestUrl":"https://muni.ink/howtouse3_convert.svg","responseSize":"5134","serverIp":"35.241.42.228","status":200,"userAgent":"Mozilla/5.0 (iPhone; CPU iPhone OS 15_4 like Mac OS X) AppleWebKit/605.1.15 (KHTML, like Gecko) GSA/210.0.444145502 Mobile/15E148 Safari/604.1"},"insertId":"6274e28b0000ed677847a769","labels":{"instanceId":"0067430fbd7af03cb17d92900b5f3305989a61b2bd445dd81108ccfd0293c2aeb5c985f7ae593a5d75291bf8faf2b546eff48eec5f9779a88bd23cf4a59c0f70bf36"},"logName":"projects/muni-production-f8e72/logs/run.googleapis.com%2Frequests","receiveTimestamp":"2022-05-06T08:55:39.212537902Z","resource":{"labels":{"configuration_name":"muni-front","location":"asia-northeast1","project_id":"muni-production-f8e72","revision_name":"muni-front-jq7fz","service_name":"muni-front"},"type":"cloud_run_revision"},"severity":"INFO","timestamp":"2022-05-06T08:55:39.060775Z","trace":"projects/muni-production-f8e72/traces/82a1e71bf7ea3c2e76004f7ce336385d"}
{"httpRequest":{"latency":"0.002544854s","protocol":"HTTP/1.1","referer":"https://muni.ink/?gclid=CjwKCAjwjtOTBhAvEiwASG4bCA_R4-0UQjKjrcylYLE-5vR0th-gchn12PNelzv1zcPSdMPLkP6NFBoC6oQQAvD_BwE","remoteIp":"111.107.18.189","requestMethod":"GET","requestSize":"915","requestUrl":"https://muni.ink/howtouse2_upload.svg","responseSize":"721","serverIp":"35.241.42.228","status":304,"userAgent":"Mozilla/5.0 (iPhone; CPU iPhone OS 15_4 like Mac OS X) AppleWebKit/605.1.15 (KHTML, like Gecko) GSA/210.0.444145502 Mobile/15E148 Safari/604.1"},"insertId":"6274e28a00060884468a20d7","labels":{"instanceId":"0067430fbd7af03cb17d92900b5f3305989a61b2bd445dd81108ccfd0293c2aeb5c985f7ae593a5d75291bf8faf2b546eff48eec5f9779a88bd23cf4a59c0f70bf36"},"logName":"projects/muni-production-f8e72/logs/run.googleapis.com%2Frequests","receiveTimestamp":"2022-05-06T08:55:38.545345305Z","resource":{"labels":{"configuration_name":"muni-front","location":"asia-northeast1","project_id":"muni-production-f8e72","revision_name":"muni-front-jq7fz","service_name":"muni-front"},"type":"cloud_run_revision"},"severity":"INFO","timestamp":"2022-05-06T08:55:38.395396Z","trace":"projects/muni-production-f8e72/traces/c885a55cbf8b6544d1f520fbaca43313"}
{"httpRequest":{"latency":"0.002541266s","protocol":"HTTP/1.1","referer":"https://muni.ink/?gclid=CjwKCAjwjtOTBhAvEiwASG4bCA_R4-0UQjKjrcylYLE-5vR0th-gchn12PNelzv1zcPSdMPLkP6NFBoC6oQQAvD_BwE","remoteIp":"111.107.18.189","requestMethod":"GET","requestSize":"913","requestUrl":"https://muni.ink/howtouse_arrow_v.svg","responseSize":"720","serverIp":"35.241.42.228","status":304,"userAgent":"Mozilla/5.0 (iPhone; CPU iPhone OS 15_4 like Mac OS X) AppleWebKit/605.1.15 (KHTML, like Gecko) GSA/210.0.444145502 Mobile/15E148 Safari/604.1"},"insertId":"6274e28a0000ff424fe904f1","labels":{"instanceId":"0067430fbd7af03cb17d92900b5f3305989a61b2bd445dd81108ccfd0293c2aeb5c985f7ae593a5d75291bf8faf2b546eff48eec5f9779a88bd23cf4a59c0f70bf36"},"logName":"projects/muni-production-f8e72/logs/run.googleapis.com%2Frequests","receiveTimestamp":"2022-05-06T08:55:38.211967198Z","resource":{"labels":{"configuration_name":"muni-front","location":"asia-northeast1","project_id":"muni-production-f8e72","revision_name":"muni-front-jq7fz","service_name":"muni-front"},"type":"cloud_run_revision"},"severity":"INFO","timestamp":"2022-05-06T08:55:38.065346Z","trace":"projects/muni-production-f8e72/traces/f8330fa8de0ab32304e23cca6b56d545"}
{"httpRequest":{"latency":"0.002744386s","protocol":"HTTP/1.1","referer":"https://muni.ink/?gclid=CjwKCAjwjtOTBhAvEiwASG4bCA_R4-0UQjKjrcylYLE-5vR0th-gchn12PNelzv1zcPSdMPLkP6NFBoC6oQQAvD_BwE","remoteIp":"111.107.18.189","requestMethod":"GET","requestSize":"913","requestUrl":"https://muni.ink/howtouse1_signup.svg","responseSize":"721","serverIp":"35.241.42.228","status":304,"userAgent":"Mozilla/5.0 (iPhone; CPU iPhone OS 15_4 like Mac OS X) AppleWebKit/605.1.15 (KHTML, like Gecko) GSA/210.0.444145502 Mobile/15E148 Safari/604.1"},"insertId":"6274e2890009d9275ac2a602","labels":{"instanceId":"0067430fbd7af03cb17d92900b5f3305989a61b2bd445dd81108ccfd0293c2aeb5c985f7ae593a5d75291bf8faf2b546eff48eec5f9779a88bd23cf4a59c0f70bf36"},"logName":"projects/muni-production-f8e72/logs/run.googleapis.com%2Frequests","receiveTimestamp":"2022-05-06T08:55:37.880653699Z","resource":{"labels":{"configuration_name":"muni-front","location":"asia-northeast1","project_id":"muni-production-f8e72","revision_name":"muni-front-jq7fz","service_name":"muni-front"},"type":"cloud_run_revision"},"severity":"INFO","timestamp":"2022-05-06T08:55:37.645415Z","trace":"projects/muni-production-f8e72/traces/c26c56abaeff703f240777fbca5403b3"}
{"httpRequest":{"latency":"0.439224613s","protocol":"HTTP/1.1","referer":"https://muni.ink/","remoteIp":"111.107.18.189","requestMethod":"GET","requestSize":"766","requestUrl":"https://storage.muni.ink/work/dn2k3lsaUfo2LSDUbXOy?thumbnail=true","responseSize":"8049","serverIp":"35.241.42.228","status":200,"userAgent":"Mozilla/5.0 (iPhone; CPU iPhone OS 15_4 like Mac OS X) AppleWebKit/605.1.15 (KHTML, like Gecko) GSA/210.0.444145502 Mobile/15E148 Safari/604.1"},"insertId":"6274e28800089fcc8596b680","labels":{"instanceId":"0067430fbdf8497301732486903449ce1ad928680c0f0325f15430c7bed22be2f601789463027844e3f1a908a21bd50a24d6eb57beb97b1070da88a46d5bf9dc8679"},"logName":"projects/muni-production-f8e72/logs/run.googleapis.com%2Frequests","receiveTimestamp":"2022-05-06T08:55:36.676840305Z","resource":{"labels":{"configuration_name":"muni-back","location":"asia-northeast1","project_id":"muni-production-f8e72","revision_name":"muni-back-hpgtt","service_name":"muni-back"},"type":"cloud_run_revision"},"severity":"INFO","timestamp":"2022-05-06T08:55:36.565196Z","trace":"projects/muni-production-f8e72/traces/65c4df6c37290c575d21bbceb450568a"}
{"insertId":"6274e28800089b3fa02058ba","jsonPayload":{"ident":"COMPLETE","level":"INFO","message":"Success to fetch optimized image","method":"WorkAPI","timestamp":"2022-5-6 8:55:36","workId":"dn2k3lsaUfo2LSDUbXOy"},"labels":{"instanceId":"0067430fbdf8497301732486903449ce1ad928680c0f0325f15430c7bed22be2f601789463027844e3f1a908a21bd50a24d6eb57beb97b1070da88a46d5bf9dc8679"},"logName":"projects/muni-production-f8e72/logs/run.googleapis.com%2Fstdout","receiveTimestamp":"2022-05-06T08:55:36.583799485Z","resource":{"labels":{"configuration_name":"muni-back","location":"asia-northeast1","project_id":"muni-production-f8e72","revision_name":"muni-back-hpgtt","service_name":"muni-back"},"type":"cloud_run_revision"},"timestamp":"2022-05-06T08:55:36.564031Z"}
{"httpRequest":{"latency":"0.359071533s","protocol":"HTTP/1.1","referer":"https://muni.ink/","remoteIp":"111.107.18.189","requestMethod":"GET","requestSize":"765","requestUrl":"https://storage.muni.ink/work/fl9Yi9oeDbcDJtVIW8gb?thumbnail=true","responseSize":"18106","serverIp":"35.241.42.228","status":200,"userAgent":"Mozilla/5.0 (iPhone; CPU iPhone OS 15_4 like Mac OS X) AppleWebKit/605.1.15 (KHTML, like Gecko) GSA/210.0.444145502 Mobile/15E148 Safari/604.1"},"insertId":"6274e2880006e75c8bb015c5","labels":{"instanceId":"0067430fbdf8497301732486903449ce1ad928680c0f0325f15430c7bed22be2f601789463027844e3f1a908a21bd50a24d6eb57beb97b1070da88a46d5bf9dc8679"},"logName":"projects/muni-production-f8e72/logs/run.googleapis.com%2Frequests","receiveTimestamp":"2022-05-06T08:55:36.676840305Z","resource":{"labels":{"configuration_name":"muni-back","location":"asia-northeast1","project_id":"muni-production-f8e72","revision_name":"muni-back-hpgtt","service_name":"muni-back"},"type":"cloud_run_revision"},"severity":"INFO","timestamp":"2022-05-06T08:55:36.452444Z","trace":"projects/muni-production-f8e72/traces/d3f448416076502b3413a390f20b4e5c"}
{"insertId":"6274e2880006e1f1a3539a2b","jsonPayload":{"ident":"COMPLETE","level":"INFO","message":"Success to fetch optimized image","method":"WorkAPI","timestamp":"2022-5-6 8:55:36","workId":"fl9Yi9oeDbcDJtVIW8gb"},"labels":{"instanceId":"0067430fbdf8497301732486903449ce1ad928680c0f0325f15430c7bed22be2f601789463027844e3f1a908a21bd50a24d6eb57beb97b1070da88a46d5bf9dc8679"},"logName":"projects/muni-production-f8e72/logs/run.googleapis.com%2Fstdout","receiveTimestamp":"2022-05-06T08:55:36.583799485Z","resource":{"labels":{"configuration_name":"muni-back","location":"asia-northeast1","project_id":"muni-production-f8e72","revision_name":"muni-back-hpgtt","service_name":"muni-back"},"type":"cloud_run_revision"},"timestamp":"2022-05-06T08:55:36.451057Z"}
{"insertId":"6274e2880001f0f80578705f","jsonPayload":{"ident":"RECIEVED","level":"INFO","message":"Request recieved for dn2k3lsaUfo2LSDUbXOy.","method":"WorkAPI","timestamp":"2022-5-6 8:55:36","workId":"dn2k3lsaUfo2LSDUbXOy"},"labels":{"instanceId":"0067430fbdf8497301732486903449ce1ad928680c0f0325f15430c7bed22be2f601789463027844e3f1a908a21bd50a24d6eb57beb97b1070da88a46d5bf9dc8679"},"logName":"projects/muni-production-f8e72/logs/run.googleapis.com%2Fstdout","receiveTimestamp":"2022-05-06T08:55:36.250925692Z","resource":{"labels":{"configuration_name":"muni-back","location":"asia-northeast1","project_id":"muni-production-f8e72","revision_name":"muni-back-hpgtt","service_name":"muni-back"},"type":"cloud_run_revision"},"timestamp":"2022-05-06T08:55:36.127224Z"}
{"insertId":"6274e2880001720907554fe2","jsonPayload":{"ident":"RECIEVED","level":"INFO","message":"Request recieved for fl9Yi9oeDbcDJtVIW8gb.","method":"WorkAPI","timestamp":"2022-5-6 8:55:36","workId":"fl9Yi9oeDbcDJtVIW8gb"},"labels":{"instanceId":"0067430fbdf8497301732486903449ce1ad928680c0f0325f15430c7bed22be2f601789463027844e3f1a908a21bd50a24d6eb57beb97b1070da88a46d5bf9dc8679"},"logName":"projects/muni-production-f8e72/logs/run.googleapis.com%2Fstdout","receiveTimestamp":"2022-05-06T08:55:36.250925692Z","resource":{"labels":{"configuration_name":"muni-back","location":"asia-northeast1","project_id":"muni-production-f8e72","revision_name":"muni-back-hpgtt","service_name":"muni-back"},"type":"cloud_run_revision"},"timestamp":"2022-05-06T08:55:36.094729Z"}
{"httpRequest":{"latency":"0.345018010s","protocol":"HTTP/1.1","referer":"https://muni.ink/","remoteIp":"111.107.18.189","requestMethod":"GET","requestSize":"766","requestUrl":"https://storage.muni.ink/work/fsT01QqiRPvCmNZgPeti?thumbnail=true","responseSize":"4071","serverIp":"35.241.42.228","status":200,"userAgent":"Mozilla/5.0 (iPhone; CPU iPhone OS 15_4 like Mac OS X) AppleWebKit/605.1.15 (KHTML, like Gecko) GSA/210.0.444145502 Mobile/15E148 Safari/604.1"},"insertId":"6274e287000bcbe82a66364a","labels":{"instanceId":"0067430fbdf8497301732486903449ce1ad928680c0f0325f15430c7bed22be2f601789463027844e3f1a908a21bd50a24d6eb57beb97b1070da88a46d5bf9dc8679"},"logName":"projects/muni-production-f8e72/logs/run.googleapis.com%2Frequests","receiveTimestamp":"2022-05-06T08:55:36.008977218Z","resource":{"labels":{"configuration_name":"muni-back","location":"asia-northeast1","project_id":"muni-production-f8e72","revision_name":"muni-back-hpgtt","service_name":"muni-back"},"type":"cloud_run_revision"},"severity":"INFO","timestamp":"2022-05-06T08:55:35.773096Z","trace":"projects/muni-production-f8e72/traces/c7ce45d9fae575752ad3acfe2a9e9c31"}
{"insertId":"6274e287000bc60aba5bbb83","jsonPayload":{"ident":"COMPLETE","level":"INFO","message":"Success to fetch optimized image","method":"WorkAPI","timestamp":"2022-5-6 8:55:35","workId":"fsT01QqiRPvCmNZgPeti"},"labels":{"instanceId":"0067430fbdf8497301732486903449ce1ad928680c0f0325f15430c7bed22be2f601789463027844e3f1a908a21bd50a24d6eb57beb97b1070da88a46d5bf9dc8679"},"logName":"projects/muni-production-f8e72/logs/run.googleapis.com%2Fstdout","receiveTimestamp":"2022-05-06T08:55:35.915750228Z","resource":{"labels":{"configuration_name":"muni-back","location":"asia-northeast1","project_id":"muni-production-f8e72","revision_name":"muni-back-hpgtt","service_name":"muni-back"},"type":"cloud_run_revision"},"timestamp":"2022-05-06T08:55:35.771594Z"}
{"insertId":"6274e28700068d92dcf25cb5","jsonPayload":{"ident":"RECIEVED","level":"INFO","message":"Request recieved for fsT01QqiRPvCmNZgPeti.","method":"WorkAPI","timestamp":"2022-5-6 8:55:35","workId":"fsT01QqiRPvCmNZgPeti"},"labels":{"instanceId":"0067430fbdf8497301732486903449ce1ad928680c0f0325f15430c7bed22be2f601789463027844e3f1a908a21bd50a24d6eb57beb97b1070da88a46d5bf9dc8679"},"logName":"projects/muni-production-f8e72/logs/run.googleapis.com%2Fstdout","receiveTimestamp":"2022-05-06T08:55:35.584735938Z","resource":{"labels":{"configuration_name":"muni-back","location":"asia-northeast1","project_id":"muni-production-f8e72","revision_name":"muni-back-hpgtt","service_name":"muni-back"},"type":"cloud_run_revision"},"timestamp":"2022-05-06T08:55:35.429458Z"}
{"httpRequest":{"latency":"0.390533288s","protocol":"HTTP/1.1","referer":"https://muni.ink/","remoteIp":"111.107.18.189","requestMethod":"GET","requestSize":"765","requestUrl":"https://storage.muni.ink/work/qSlZkouTRw2qWvQsf0bC?thumbnail=true","responseSize":"40252","serverIp":"35.241.42.228","status":200,"userAgent":"Mozilla/5.0 (iPhone; CPU iPhone OS 15_4 like Mac OS X) AppleWebKit/605.1.15 (KHTML, like Gecko) GSA/210.0.444145502 Mobile/15E148 Safari/604.1"},"insertId":"6274e287000556c6d2ec5803","labels":{"instanceId":"0067430fbdf8497301732486903449ce1ad928680c0f0325f15430c7bed22be2f601789463027844e3f1a908a21bd50a24d6eb57beb97b1070da88a46d5bf9dc8679"},"logName":"projects/muni-production-f8e72/logs/run.googleapis.com%2Frequests","receiveTimestamp":"2022-05-06T08:55:35.675325251Z","resource":{"labels":{"configuration_name":"muni-back","location":"asia-northeast1","project_id":"muni-production-f8e72","revision_name":"muni-back-hpgtt","service_name":"muni-back"},"type":"cloud_run_revision"},"severity":"INFO","timestamp":"2022-05-06T08:55:35.349894Z","trace":"projects/muni-production-f8e72/traces/7b15d541fdce05f3435e332046999430"}
{"insertId":"6274e28700054909524d0d72","jsonPayload":{"ident":"COMPLETE","level":"INFO","message":"Success to fetch optimized image","method":"WorkAPI","timestamp":"2022-5-6 8:55:35","workId":"qSlZkouTRw2qWvQsf0bC"},"labels":{"instanceId":"0067430fbdf8497301732486903449ce1ad928680c0f0325f15430c7bed22be2f601789463027844e3f1a908a21bd50a24d6eb57beb97b1070da88a46d5bf9dc8679"},"logName":"projects/muni-production-f8e72/logs/run.googleapis.com%2Fstdout","receiveTimestamp":"2022-05-06T08:55:35.584735938Z","resource":{"labels":{"configuration_name":"muni-back","location":"asia-northeast1","project_id":"muni-production-f8e72","revision_name":"muni-back-hpgtt","service_name":"muni-back"},"type":"cloud_run_revision"},"timestamp":"2022-05-06T08:55:35.346377Z"}
{"insertId":"6274e286000eaa570ffb7914","jsonPayload":{"ident":"RECIEVED","level":"INFO","message":"Request recieved for qSlZkouTRw2qWvQsf0bC.","method":"WorkAPI","timestamp":"2022-5-6 8:55:34","workId":"qSlZkouTRw2qWvQsf0bC"},"labels":{"instanceId":"0067430fbdf8497301732486903449ce1ad928680c0f0325f15430c7bed22be2f601789463027844e3f1a908a21bd50a24d6eb57beb97b1070da88a46d5bf9dc8679"},"logName":"projects/muni-production-f8e72/logs/run.googleapis.com%2Fstdout","receiveTimestamp":"2022-05-06T08:55:35.251966417Z","resource":{"labels":{"configuration_name":"muni-back","location":"asia-northeast1","project_id":"muni-production-f8e72","revision_name":"muni-back-hpgtt","service_name":"muni-back"},"type":"cloud_run_revision"},"timestamp":"2022-05-06T08:55:34.961111Z"}
{"httpRequest":{"latency":"0.474382834s","protocol":"HTTP/1.1","referer":"https://muni.ink/","remoteIp":"111.107.18.189","requestMethod":"GET","requestSize":"766","requestUrl":"https://storage.muni.ink/work/ZC83waIWY3aHP7JlvWlQ?thumbnail=true","responseSize":"97072","serverIp":"35.241.42.228","status":200,"userAgent":"Mozilla/5.0 (iPhone; CPU iPhone OS 15_4 like Mac OS X) AppleWebKit/605.1.15 (KHTML, like Gecko) GSA/210.0.444145502 Mobile/15E148 Safari/604.1"},"insertId":"6274e285000b36a87a0902f6","labels":{"instanceId":"0067430fbdf8497301732486903449ce1ad928680c0f0325f15430c7bed22be2f601789463027844e3f1a908a21bd50a24d6eb57beb97b1070da88a46d5bf9dc8679"},"logName":"projects/muni-production-f8e72/logs/run.googleapis.com%2Frequests","receiveTimestamp":"2022-05-06T08:55:34.012785544Z","resource":{"labels":{"configuration_name":"muni-back","location":"asia-northeast1","project_id":"muni-production-f8e72","revision_name":"muni-back-hpgtt","service_name":"muni-back"},"type":"cloud_run_revision"},"severity":"INFO","timestamp":"2022-05-06T08:55:33.734888Z","trace":"projects/muni-production-f8e72/traces/faa71cc7e810e6d39452e88dc32e7f96"}
{"insertId":"6274e285000b30c0af54b495","jsonPayload":{"ident":"COMPLETE","level":"INFO","message":"Success to fetch optimized image","method":"WorkAPI","timestamp":"2022-5-6 8:55:33","workId":"ZC83waIWY3aHP7JlvWlQ"},"labels":{"instanceId":"0067430fbdf8497301732486903449ce1ad928680c0f0325f15430c7bed22be2f601789463027844e3f1a908a21bd50a24d6eb57beb97b1070da88a46d5bf9dc8679"},"logName":"projects/muni-production-f8e72/logs/run.googleapis.com%2Fstdout","receiveTimestamp":"2022-05-06T08:55:33.919861449Z","resource":{"labels":{"configuration_name":"muni-back","location":"asia-northeast1","project_id":"muni-production-f8e72","revision_name":"muni-back-hpgtt","service_name":"muni-back"},"type":"cloud_run_revision"},"timestamp":"2022-05-06T08:55:33.733376Z"}
{"httpRequest":{"latency":"0.380207403s","protocol":"HTTP/1.1","referer":"https://muni.ink/","remoteIp":"111.107.18.189","requestMethod":"GET","requestSize":"766","requestUrl":"https://storage.muni.ink/work/MQqOxPo6g5YbBcH2qWFG?thumbnail=true","responseSize":"15718","serverIp":"35.241.42.228","status":200,"userAgent":"Mozilla/5.0 (iPhone; CPU iPhone OS 15_4 like Mac OS X) AppleWebKit/605.1.15 (KHTML, like Gecko) GSA/210.0.444145502 Mobile/15E148 Safari/604.1"},"insertId":"6274e28500042b4f38ccdfdb","labels":{"instanceId":"0067430fbdf8497301732486903449ce1ad928680c0f0325f15430c7bed22be2f601789463027844e3f1a908a21bd50a24d6eb57beb97b1070da88a46d5bf9dc8679"},"logName":"projects/muni-production-f8e72/logs/run.googleapis.com%2Frequests","receiveTimestamp":"2022-05-06T08:55:33.344291547Z","resource":{"labels":{"configuration_name":"muni-back","location":"asia-northeast1","project_id":"muni-production-f8e72","revision_name":"muni-back-hpgtt","service_name":"muni-back"},"type":"cloud_run_revision"},"severity":"INFO","timestamp":"2022-05-06T08:55:33.273231Z","trace":"projects/muni-production-f8e72/traces/c18676022f1a85fb5c383513dfde9447"}
{"insertId":"6274e28500042563b58a5103","jsonPayload":{"ident":"COMPLETE","level":"INFO","message":"Success to fetch optimized image","method":"WorkAPI","timestamp":"2022-5-6 8:55:33","workId":"MQqOxPo6g5YbBcH2qWFG"},"labels":{"instanceId":"0067430fbdf8497301732486903449ce1ad928680c0f0325f15430c7bed22be2f601789463027844e3f1a908a21bd50a24d6eb57beb97b1070da88a46d5bf9dc8679"},"logName":"projects/muni-production-f8e72/logs/run.googleapis.com%2Fstdout","receiveTimestamp":"2022-05-06T08:55:33.586039033Z","resource":{"labels":{"configuration_name":"muni-back","location":"asia-northeast1","project_id":"muni-production-f8e72","revision_name":"muni-back-hpgtt","service_name":"muni-back"},"type":"cloud_run_revision"},"timestamp":"2022-05-06T08:55:33.271715Z"}
{"insertId":"6274e2850003ff2a12021bcf","jsonPayload":{"ident":"RECIEVED","level":"INFO","message":"Request recieved for ZC83waIWY3aHP7JlvWlQ.","method":"WorkAPI","timestamp":"2022-5-6 8:55:33","workId":"ZC83waIWY3aHP7JlvWlQ"},"labels":{"instanceId":"0067430fbdf8497301732486903449ce1ad928680c0f0325f15430c7bed22be2f601789463027844e3f1a908a21bd50a24d6eb57beb97b1070da88a46d5bf9dc8679"},"logName":"projects/muni-production-f8e72/logs/run.googleapis.com%2Fstdout","receiveTimestamp":"2022-05-06T08:55:33.586039033Z","resource":{"labels":{"configuration_name":"muni-back","location":"asia-northeast1","project_id":"muni-production-f8e72","revision_name":"muni-back-hpgtt","service_name":"muni-back"},"type":"cloud_run_revision"},"timestamp":"2022-05-06T08:55:33.261930Z"}
{"httpRequest":{"latency":"0.347932561s","protocol":"HTTP/1.1","referer":"https://muni.ink/","remoteIp":"111.107.18.189","requestMethod":"GET","requestSize":"766","requestUrl":"https://storage.muni.ink/work/K9kCjzti2G92vd3aR3xH?thumbnail=true","responseSize":"45100","serverIp":"35.241.42.228","status":200,"userAgent":"Mozilla/5.0 (iPhone; CPU iPhone OS 15_4 like Mac OS X) AppleWebKit/605.1.15 (KHTML, like Gecko) GSA/210.0.444145502 Mobile/15E148 Safari/604.1"},"insertId":"6274e28500032c309caa84a7","labels":{"instanceId":"0067430fbdf8497301732486903449ce1ad928680c0f0325f15430c7bed22be2f601789463027844e3f1a908a21bd50a24d6eb57beb97b1070da88a46d5bf9dc8679"},"logName":"projects/muni-production-f8e72/logs/run.googleapis.com%2Frequests","receiveTimestamp":"2022-05-06T08:55:33.344291547Z","resource":{"labels":{"configuration_name":"muni-back","location":"asia-northeast1","project_id":"muni-production-f8e72","revision_name":"muni-back-hpgtt","service_name":"muni-back"},"type":"cloud_run_revision"},"severity":"INFO","timestamp":"2022-05-06T08:55:33.207920Z","trace":"projects/muni-production-f8e72/traces/5600a0eb788af565b7965c03db4da6ba"}
{"insertId":"6274e28500031e3732ba49b4","jsonPayload":{"ident":"COMPLETE","level":"INFO","message":"Success to fetch optimized image","method":"WorkAPI","timestamp":"2022-5-6 8:55:33","workId":"K9kCjzti2G92vd3aR3xH"},"labels":{"instanceId":"0067430fbdf8497301732486903449ce1ad928680c0f0325f15430c7bed22be2f601789463027844e3f1a908a21bd50a24d6eb57beb97b1070da88a46d5bf9dc8679"},"logName":"projects/muni-production-f8e72/logs/run.googleapis.com%2Fstdout","receiveTimestamp":"2022-05-06T08:55:33.253587661Z","resource":{"labels":{"configuration_name":"muni-back","location":"asia-northeast1","project_id":"muni-production-f8e72","revision_name":"muni-back-hpgtt","service_name":"muni-back"},"type":"cloud_run_revision"},"timestamp":"2022-05-06T08:55:33.204343Z"}
{"insertId":"6274e284000da5602ff92fdf","jsonPayload":{"ident":"RECIEVED","level":"INFO","message":"Request recieved for MQqOxPo6g5YbBcH2qWFG.","method":"WorkAPI","timestamp":"2022-5-6 8:55:32","workId":"MQqOxPo6g5YbBcH2qWFG"},"labels":{"instanceId":"0067430fbdf8497301732486903449ce1ad928680c0f0325f15430c7bed22be2f601789463027844e3f1a908a21bd50a24d6eb57beb97b1070da88a46d5bf9dc8679"},"logName":"projects/muni-production-f8e72/logs/run.googleapis.com%2Fstdout","receiveTimestamp":"2022-05-06T08:55:32.921811157Z","resource":{"labels":{"configuration_name":"muni-back","location":"asia-northeast1","project_id":"muni-production-f8e72","revision_name":"muni-back-hpgtt","service_name":"muni-back"},"type":"cloud_run_revision"},"timestamp":"2022-05-06T08:55:32.894304Z"}
{"insertId":"6274e284000d25f410767e3c","jsonPayload":{"ident":"RECIEVED","level":"INFO","message":"Request recieved for K9kCjzti2G92vd3aR3xH.","method":"WorkAPI","timestamp":"2022-5-6 8:55:32","workId":"K9kCjzti2G92vd3aR3xH"},"labels":{"instanceId":"0067430fbdf8497301732486903449ce1ad928680c0f0325f15430c7bed22be2f601789463027844e3f1a908a21bd50a24d6eb57beb97b1070da88a46d5bf9dc8679"},"logName":"projects/muni-production-f8e72/logs/run.googleapis.com%2Fstdout","receiveTimestamp":"2022-05-06T08:55:32.921811157Z","resource":{"labels":{"configuration_name":"muni-back","location":"asia-northeast1","project_id":"muni-production-f8e72","revision_name":"muni-back-hpgtt","service_name":"muni-back"},"type":"cloud_run_revision"},"timestamp":"2022-05-06T08:55:32.861684Z"}
{"httpRequest":{"latency":"0.486766757s","protocol":"HTTP/1.1","referer":"https://muni.ink/","remoteIp":"111.107.18.189","requestMethod":"GET","requestSize":"765","requestUrl":"https://storage.muni.ink/work/KrbBlZcwb2i9dEu7llWh?thumbnail=true","responseSize":"17230","serverIp":"35.241.42.228","status":200,"userAgent":"Mozilla/5.0 (iPhone; CPU iPhone OS 15_4 like Mac OS X) AppleWebKit/605.1.15 (KHTML, like Gecko) GSA/210.0.444145502 Mobile/15E148 Safari/604.1"},"insertId":"6274e28400054ac8bb76b069","labels":{"instanceId":"0067430fbdf8497301732486903449ce1ad928680c0f0325f15430c7bed22be2f601789463027844e3f1a908a21bd50a24d6eb57beb97b1070da88a46d5bf9dc8679"},"logName":"projects/muni-production-f8e72/logs/run.googleapis.com%2Frequests","receiveTimestamp":"2022-05-06T08:55:32.680458992Z","resource":{"labels":{"configuration_name":"muni-back","location":"asia-northeast1","project_id":"muni-production-f8e72","revision_name":"muni-back-hpgtt","service_name":"muni-back"},"type":"cloud_run_revision"},"severity":"INFO","timestamp":"2022-05-06T08:55:32.346824Z","trace":"projects/muni-production-f8e72/traces/95188b0af2d414cb432232a120b00519"}
{"insertId":"6274e2840005449b0d0df2f9","jsonPayload":{"ident":"COMPLETE","level":"INFO","message":"Success to fetch optimized image","method":"WorkAPI","timestamp":"2022-5-6 8:55:32","workId":"KrbBlZcwb2i9dEu7llWh"},"labels":{"instanceId":"0067430fbdf8497301732486903449ce1ad928680c0f0325f15430c7bed22be2f601789463027844e3f1a908a21bd50a24d6eb57beb97b1070da88a46d5bf9dc8679"},"logName":"projects/muni-production-f8e72/logs/run.googleapis.com%2Fstdout","receiveTimestamp":"2022-05-06T08:55:32.587984300Z","resource":{"labels":{"configuration_name":"muni-back","location":"asia-northeast1","project_id":"muni-production-f8e72","revision_name":"muni-back-hpgtt","service_name":"muni-back"},"type":"cloud_run_revision"},"timestamp":"2022-05-06T08:55:32.345243Z"}
{"insertId":"6274e283000d2a22c0b046b5","jsonPayload":{"ident":"RECIEVED","level":"INFO","message":"Request recieved for KrbBlZcwb2i9dEu7llWh.","method":"WorkAPI","timestamp":"2022-5-6 8:55:31","workId":"KrbBlZcwb2i9dEu7llWh"},"labels":{"instanceId":"0067430fbdf8497301732486903449ce1ad928680c0f0325f15430c7bed22be2f601789463027844e3f1a908a21bd50a24d6eb57beb97b1070da88a46d5bf9dc8679"},"logName":"projects/muni-production-f8e72/logs/run.googleapis.com%2Fstdout","receiveTimestamp":"2022-05-06T08:55:31.919598970Z","resource":{"labels":{"configuration_name":"muni-back","location":"asia-northeast1","project_id":"muni-production-f8e72","revision_name":"muni-back-hpgtt","service_name":"muni-back"},"type":"cloud_run_revision"},"timestamp":"2022-05-06T08:55:31.862754Z"}
{"httpRequest":{"latency":"0.236856003s","protocol":"HTTP/1.1","referer":"https://muni.ink/","remoteIp":"111.107.18.189","requestMethod":"POST","requestSize":"656","requestUrl":"https://api.muni.ink/recent","responseSize":"12342","serverIp":"35.241.42.228","status":200,"userAgent":"Mozilla/5.0 (iPhone; CPU iPhone OS 15_4 like Mac OS X) AppleWebKit/605.1.15 (KHTML, like Gecko) GSA/210.0.444145502 Mobile/15E148 Safari/604.1"},"insertId":"6274e27e000268fb0881ea6b","labels":{"instanceId":"0067430fbdf8497301732486903449ce1ad928680c0f0325f15430c7bed22be2f601789463027844e3f1a908a21bd50a24d6eb57beb97b1070da88a46d5bf9dc8679"},"logName":"projects/muni-production-f8e72/logs/run.googleapis.com%2Frequests","receiveTimestamp":"2022-05-06T08:55:26.350854730Z","resource":{"labels":{"configuration_name":"muni-back","location":"asia-northeast1","project_id":"muni-production-f8e72","revision_name":"muni-back-hpgtt","service_name":"muni-back"},"type":"cloud_run_revision"},"severity":"INFO","timestamp":"2022-05-06T08:55:26.157947Z","trace":"projects/muni-production-f8e72/traces/bf5beae13d2f8ec76542b66ecc643107"}
{"insertId":"6274e27e000260fb72d9949e","jsonPayload":{"ident":"FETCH_SUCCESS","level":"INFO","message":"Success to fetch.","method":"RecentPostAPI","timestamp":"2022-5-6 8:55:26"},"labels":{"instanceId":"0067430fbdf8497301732486903449ce1ad928680c0f0325f15430c7bed22be2f601789463027844e3f1a908a21bd50a24d6eb57beb97b1070da88a46d5bf9dc8679"},"logName":"projects/muni-production-f8e72/logs/run.googleapis.com%2Fstdout","receiveTimestamp":"2022-05-06T08:55:26.259765053Z","resource":{"labels":{"configuration_name":"muni-back","location":"asia-northeast1","project_id":"muni-production-f8e72","revision_name":"muni-back-hpgtt","service_name":"muni-back"},"type":"cloud_run_revision"},"timestamp":"2022-05-06T08:55:26.155899Z"}
{"insertId":"6274e27d000e1a83b21a6224","jsonPayload":{"ident":"RECIEVE","level":"INFO","message":"Recieve the recent posted works request.","method":"RecentPostAPI","timestamp":"2022-5-6 8:55:25"},"labels":{"instanceId":"0067430fbdf8497301732486903449ce1ad928680c0f0325f15430c7bed22be2f601789463027844e3f1a908a21bd50a24d6eb57beb97b1070da88a46d5bf9dc8679"},"logName":"projects/muni-production-f8e72/logs/run.googleapis.com%2Fstdout","receiveTimestamp":"2022-05-06T08:55:25.927179934Z","resource":{"labels":{"configuration_name":"muni-back","location":"asia-northeast1","project_id":"muni-production-f8e72","revision_name":"muni-back-hpgtt","service_name":"muni-back"},"type":"cloud_run_revision"},"timestamp":"2022-05-06T08:55:25.924291Z"}
{"httpRequest":{"latency":"0.002838316s","protocol":"HTTP/1.1","referer":"https://muni.ink/","remoteIp":"111.107.18.189","requestMethod":"OPTIONS","requestSize":"696","requestUrl":"https://api.muni.ink/recent","responseSize":"853","serverIp":"35.241.42.228","status":204,"userAgent":"Mozilla/5.0 (iPhone; CPU iPhone OS 15_4 like Mac OS X) AppleWebKit/605.1.15 (KHTML, like Gecko) GSA/210.0.444145502 Mobile/15E148 Safari/604.1"},"insertId":"6274e27d000a715fc8c12772","labels":{"instanceId":"0067430fbdf8497301732486903449ce1ad928680c0f0325f15430c7bed22be2f601789463027844e3f1a908a21bd50a24d6eb57beb97b1070da88a46d5bf9dc8679"},"logName":"projects/muni-production-f8e72/logs/run.googleapis.com%2Frequests","receiveTimestamp":"2022-05-06T08:55:25.687627032Z","resource":{"labels":{"configuration_name":"muni-back","location":"asia-northeast1","project_id":"muni-production-f8e72","revision_name":"muni-back-hpgtt","service_name":"muni-back"},"type":"cloud_run_revision"},"severity":"INFO","timestamp":"2022-05-06T08:55:25.684383Z","trace":"projects/muni-production-f8e72/traces/ee3e0eb60d17ad4df90098ddb8572a4a"}
{"httpRequest":{"latency":"0.011862695s","protocol":"HTTP/1.1","referer":"https://muni.ink/?gclid=CjwKCAjwjtOTBhAvEiwASG4bCA_R4-0UQjKjrcylYLE-5vR0th-gchn12PNelzv1zcPSdMPLkP6NFBoC6oQQAvD_BwE","remoteIp":"111.107.18.189","requestMethod":"GET","requestSize":"824","requestUrl":"https://muni.ink/_next/image?url=%2Flogo_landing.png&w=384&q=75","responseSize":"709","serverIp":"35.241.42.228","status":304,"userAgent":"Mozilla/5.0 (iPhone; CPU iPhone OS 15_4 like Mac OS X) AppleWebKit/605.1.15 (KHTML, like Gecko) GSA/210.0.444145502 Mobile/15E148 Safari/604.1"},"insertId":"6274e27d0005070139b0092f","labels":{"instanceId":"0067430fbd7af03cb17d92900b5f3305989a61b2bd445dd81108ccfd0293c2aeb5c985f7ae593a5d75291bf8faf2b546eff48eec5f9779a88bd23cf4a59c0f70bf36"},"logName":"projects/muni-production-f8e72/logs/run.googleapis.com%2Frequests","receiveTimestamp":"2022-05-06T08:55:25.559664064Z","resource":{"labels":{"configuration_name":"muni-front","location":"asia-northeast1","project_id":"muni-production-f8e72","revision_name":"muni-front-jq7fz","service_name":"muni-front"},"type":"cloud_run_revision"},"severity":"INFO","timestamp":"2022-05-06T08:55:25.329473Z","trace":"projects/muni-production-f8e72/traces/793ee2a7b9ec728f64db0ee54634a4a9"}
{"httpRequest":{"latency":"0.003916345s","protocol":"HTTP/1.1","referer":"https://muni.ink/?gclid=CjwKCAjwjtOTBhAvEiwASG4bCA_R4-0UQjKjrcylYLE-5vR0th-gchn12PNelzv1zcPSdMPLkP6NFBoC6oQQAvD_BwE","remoteIp":"111.107.18.189","requestMethod":"GET","requestSize":"766","requestUrl":"https://muni.ink/_next/image?url=%2Flogo_horizontal.png&w=384&q=75","responseSize":"3987","serverIp":"35.241.42.228","status":200,"userAgent":"Mozilla/5.0 (iPhone; CPU iPhone OS 15_4 like Mac OS X) AppleWebKit/605.1.15 (KHTML, like Gecko) GSA/210.0.444145502 Mobile/15E148 Safari/604.1"},"insertId":"6274e27d00043d85b3fe02e7","labels":{"instanceId":"0067430fbd7af03cb17d92900b5f3305989a61b2bd445dd81108ccfd0293c2aeb5c985f7ae593a5d75291bf8faf2b546eff48eec5f9779a88bd23cf4a59c0f70bf36"},"logName":"projects/muni-production-f8e72/logs/run.googleapis.com%2Frequests","receiveTimestamp":"2022-05-06T08:55:25.559664064Z","resource":{"labels":{"configuration_name":"muni-front","location":"asia-northeast1","project_id":"muni-production-f8e72","revision_name":"muni-front-jq7fz","service_name":"muni-front"},"type":"cloud_run_revision"},"severity":"INFO","timestamp":"2022-05-06T08:55:25.277893Z","trace":"projects/muni-production-f8e72/traces/d949143fe2dc631fd407152321fdf4a7"}
{"httpRequest":{"latency":"0.004954327s","protocol":"HTTP/1.1","referer":"https://www.google.com/","remoteIp":"111.107.18.189","requestMethod":"GET","requestSize":"714","requestUrl":"https://muni.ink/?gclid=CjwKCAjwjtOTBhAvEiwASG4bCA_R4-0UQjKjrcylYLE-5vR0th-gchn12PNelzv1zcPSdMPLkP6NFBoC6oQQAvD_BwE","responseSize":"6077","serverIp":"35.241.42.228","status":200,"userAgent":"Mozilla/5.0 (iPhone; CPU iPhone OS 15_4 like Mac OS X) AppleWebKit/605.1.15 (KHTML, like Gecko) GSA/210.0.444145502 Mobile/15E148 Safari/604.1"},"insertId":"6274e27c000d910741b93deb","labels":{"instanceId":"0067430fbd7af03cb17d92900b5f3305989a61b2bd445dd81108ccfd0293c2aeb5c985f7ae593a5d75291bf8faf2b546eff48eec5f9779a88bd23cf4a59c0f70bf36"},"logName":"projects/muni-production-f8e72/logs/run.googleapis.com%2Frequests","receiveTimestamp":"2022-05-06T08:55:24.893595786Z","resource":{"labels":{"configuration_name":"muni-front","location":"asia-northeast1","project_id":"muni-production-f8e72","revision_name":"muni-front-jq7fz","service_name":"muni-front"},"type":"cloud_run_revision"},"severity":"INFO","timestamp":"2022-05-06T08:55:24.889095Z","trace":"projects/muni-production-f8e72/traces/93a17ceb88a453578901b626a3e8621c"}
{"httpRequest":{"latency":"0.259821597s","protocol":"HTTP/1.1","referer":"https://muni.ink/","remoteIp":"114.160.116.215","requestMethod":"POST","requestSize":"878","requestUrl":"https://api.muni.ink/recent","responseSize":"12342","serverIp":"35.241.42.228","status":200,"userAgent":"Mozilla/5.0 (Linux; Android 10; SCV43-u) AppleWebKit/537.36 (KHTML, like Gecko) Chrome/101.0.4951.41 Mobile Safari/537.36"},"insertId":"6274e0c400005d53796d6832","labels":{"instanceId":"0067430fbdf8497301732486903449ce1ad928680c0f0325f15430c7bed22be2f601789463027844e3f1a908a21bd50a24d6eb57beb97b1070da88a46d5bf9dc8679"},"logName":"projects/muni-production-f8e72/logs/run.googleapis.com%2Frequests","receiveTimestamp":"2022-05-06T08:48:04.338936939Z","resource":{"labels":{"configuration_name":"muni-back","location":"asia-northeast1","project_id":"muni-production-f8e72","revision_name":"muni-back-hpgtt","service_name":"muni-back"},"type":"cloud_run_revision"},"severity":"INFO","timestamp":"2022-05-06T08:48:04.023891Z","trace":"projects/muni-production-f8e72/traces/6248a6624fcaf3a3757396919d178637"}
{"insertId":"6274e0c40000547eaa08e9b2","jsonPayload":{"ident":"FETCH_SUCCESS","level":"INFO","message":"Success to fetch.","method":"RecentPostAPI","timestamp":"2022-5-6 8:48:4"},"labels":{"instanceId":"0067430fbdf8497301732486903449ce1ad928680c0f0325f15430c7bed22be2f601789463027844e3f1a908a21bd50a24d6eb57beb97b1070da88a46d5bf9dc8679"},"logName":"projects/muni-production-f8e72/logs/run.googleapis.com%2Fstdout","receiveTimestamp":"2022-05-06T08:48:04.104524558Z","resource":{"labels":{"configuration_name":"muni-back","location":"asia-northeast1","project_id":"muni-production-f8e72","revision_name":"muni-back-hpgtt","service_name":"muni-back"},"type":"cloud_run_revision"},"timestamp":"2022-05-06T08:48:04.021630Z"}
{"insertId":"6274e0c3000bb436b58f31c3","jsonPayload":{"ident":"RECIEVE","level":"INFO","message":"Recieve the recent posted works request.","method":"RecentPostAPI","timestamp":"2022-5-6 8:48:3"},"labels":{"instanceId":"0067430fbdf8497301732486903449ce1ad928680c0f0325f15430c7bed22be2f601789463027844e3f1a908a21bd50a24d6eb57beb97b1070da88a46d5bf9dc8679"},"logName":"projects/muni-production-f8e72/logs/run.googleapis.com%2Fstdout","receiveTimestamp":"2022-05-06T08:48:03.769018557Z","resource":{"labels":{"configuration_name":"muni-back","location":"asia-northeast1","project_id":"muni-production-f8e72","revision_name":"muni-back-hpgtt","service_name":"muni-back"},"type":"cloud_run_revision"},"timestamp":"2022-05-06T08:48:03.767030Z"}
{"httpRequest":{"latency":"0.002863742s","protocol":"HTTP/1.1","referer":"https://muni.ink/?gclid=EAIaIQobChMIy93gz77K9wIV2aqWCh1LcwKWEAAYASAAEgJgffD_BwE","remoteIp":"114.160.116.215","requestMethod":"GET","requestSize":"1091","requestUrl":"https://muni.ink/favicon.ico","responseSize":"722","serverIp":"35.241.42.228","status":304,"userAgent":"Mozilla/5.0 (Linux; Android 10; SCV43-u) AppleWebKit/537.36 (KHTML, like Gecko) Chrome/101.0.4951.41 Mobile Safari/537.36"},"insertId":"6274e0c3000a564b06a8dfa8","labels":{"instanceId":"0067430fbd7af03cb17d92900b5f3305989a61b2bd445dd81108ccfd0293c2aeb5c985f7ae593a5d75291bf8faf2b546eff48eec5f9779a88bd23cf4a59c0f70bf36"},"logName":"projects/muni-production-f8e72/logs/run.googleapis.com%2Frequests","receiveTimestamp":"2022-05-06T08:48:03.911598407Z","resource":{"labels":{"configuration_name":"muni-front","location":"asia-northeast1","project_id":"muni-production-f8e72","revision_name":"muni-front-jq7fz","service_name":"muni-front"},"type":"cloud_run_revision"},"severity":"INFO","timestamp":"2022-05-06T08:48:03.677451Z","trace":"projects/muni-production-f8e72/traces/76d247ddffda8a3006eb66177107cb03"}
{"httpRequest":{"latency":"0.002684424s","protocol":"HTTP/1.1","referer":"https://muni.ink/","remoteIp":"114.160.116.215","requestMethod":"OPTIONS","requestSize":"768","requestUrl":"https://api.muni.ink/recent","responseSize":"853","serverIp":"35.241.42.228","status":204,"userAgent":"Mozilla/5.0 (Linux; Android 10; SCV43-u) AppleWebKit/537.36 (KHTML, like Gecko) Chrome/101.0.4951.41 Mobile Safari/537.36"},"insertId":"6274e0c3000a39607d705c24","labels":{"instanceId":"0067430fbdf8497301732486903449ce1ad928680c0f0325f15430c7bed22be2f601789463027844e3f1a908a21bd50a24d6eb57beb97b1070da88a46d5bf9dc8679"},"logName":"projects/muni-production-f8e72/logs/run.googleapis.com%2Frequests","receiveTimestamp":"2022-05-06T08:48:03.673985407Z","resource":{"labels":{"configuration_name":"muni-back","location":"asia-northeast1","project_id":"muni-production-f8e72","revision_name":"muni-back-hpgtt","service_name":"muni-back"},"type":"cloud_run_revision"},"severity":"INFO","timestamp":"2022-05-06T08:48:03.670048Z","trace":"projects/muni-production-f8e72/traces/4fc95adbe2f77ae67d2fdddc501a4a42"}
{"httpRequest":{"latency":"0.003052694s","protocol":"HTTP/1.1","referer":"https://muni.ink/?gclid=EAIaIQobChMIy93gz77K9wIV2aqWCh1LcwKWEAAYASAAEgJgffD_BwE","remoteIp":"114.160.116.215","requestMethod":"GET","requestSize":"1100","requestUrl":"https://muni.ink/_next/image?url=%2Flogo_landing.png&w=384&q=75","responseSize":"709","serverIp":"35.241.42.228","status":304,"userAgent":"Mozilla/5.0 (Linux; Android 10; SCV43-u) AppleWebKit/537.36 (KHTML, like Gecko) Chrome/101.0.4951.41 Mobile Safari/537.36"},"insertId":"6274e0c300081b8ed433e346","labels":{"instanceId":"0067430fbd7af03cb17d92900b5f3305989a61b2bd445dd81108ccfd0293c2aeb5c985f7ae593a5d75291bf8faf2b546eff48eec5f9779a88bd23cf4a59c0f70bf36"},"logName":"projects/muni-production-f8e72/logs/run.googleapis.com%2Frequests","receiveTimestamp":"2022-05-06T08:48:03.578894100Z","resource":{"labels":{"configuration_name":"muni-front","location":"asia-northeast1","project_id":"muni-production-f8e72","revision_name":"muni-front-jq7fz","service_name":"muni-front"},"type":"cloud_run_revision"},"severity":"INFO","timestamp":"2022-05-06T08:48:03.531342Z","trace":"projects/muni-production-f8e72/traces/61e4f3fe266f12c22aff9abbb05a155e"}
{"httpRequest":{"latency":"0.003835676s","protocol":"HTTP/1.1","referer":"https://muni.ink/?gclid=EAIaIQobChMIy93gz77K9wIV2aqWCh1LcwKWEAAYASAAEgJgffD_BwE","remoteIp":"114.160.116.215","requestMethod":"GET","requestSize":"1103","requestUrl":"https://muni.ink/_next/image?url=%2Flogo_horizontal.png&w=384&q=75","responseSize":"709","serverIp":"35.241.42.228","status":304,"userAgent":"Mozilla/5.0 (Linux; Android 10; SCV43-u) AppleWebKit/537.36 (KHTML, like Gecko) Chrome/101.0.4951.41 Mobile Safari/537.36"},"insertId":"6274e0c300080b74753f0724","labels":{"instanceId":"0067430fbd7af03cb17d92900b5f3305989a61b2bd445dd81108ccfd0293c2aeb5c985f7ae593a5d75291bf8faf2b546eff48eec5f9779a88bd23cf4a59c0f70bf36"},"logName":"projects/muni-production-f8e72/logs/run.googleapis.com%2Frequests","receiveTimestamp":"2022-05-06T08:48:03.578894100Z","resource":{"labels":{"configuration_name":"muni-front","location":"asia-northeast1","project_id":"muni-production-f8e72","revision_name":"muni-front-jq7fz","service_name":"muni-front"},"type":"cloud_run_revision"},"severity":"INFO","timestamp":"2022-05-06T08:48:03.527220Z","trace":"projects/muni-production-f8e72/traces/8cee312aaff8799185438ddf6fc4c169"}
{"httpRequest":{"latency":"0.005689840s","protocol":"HTTP/1.1","referer":"https://www.google.com/","remoteIp":"114.160.116.215","requestMethod":"GET","requestSize":"1005","requestUrl":"https://muni.ink/?gclid=EAIaIQobChMIy93gz77K9wIV2aqWCh1LcwKWEAAYASAAEgJgffD_BwE","responseSize":"6078","serverIp":"35.241.42.228","status":200,"userAgent":"Mozilla/5.0 (Linux; Android 10; SCV43-u) AppleWebKit/537.36 (KHTML, like Gecko) Chrome/101.0.4951.41 Mobile Safari/537.36"},"insertId":"6274e0c20003b41ab6d89dd9","labels":{"instanceId":"0067430fbd7af03cb17d92900b5f3305989a61b2bd445dd81108ccfd0293c2aeb5c985f7ae593a5d75291bf8faf2b546eff48eec5f9779a88bd23cf4a59c0f70bf36"},"logName":"projects/muni-production-f8e72/logs/run.googleapis.com%2Frequests","receiveTimestamp":"2022-05-06T08:48:02.246891573Z","resource":{"labels":{"configuration_name":"muni-front","location":"asia-northeast1","project_id":"muni-production-f8e72","revision_name":"muni-front-jq7fz","service_name":"muni-front"},"type":"cloud_run_revision"},"severity":"INFO","timestamp":"2022-05-06T08:48:02.242714Z","trace":"projects/muni-production-f8e72/traces/f6e7d0f7f41e3babb6f4307d95110c99"}
{"httpRequest":{"latency":"0.120349799s","protocol":"HTTP/1.1","referer":"https://muni.ink/","remoteIp":"112.70.203.158","requestMethod":"POST","requestSize":"873","requestUrl":"https://api.muni.ink/recent","responseSize":"12342","serverIp":"35.241.42.228","status":200,"userAgent":"Mozilla/5.0 (Linux; Android 11; SH-RM15) AppleWebKit/537.36 (KHTML, like Gecko) Chrome/101.0.4951.41 Mobile Safari/537.36"},"insertId":"6274df00000e9275b0837083","labels":{"instanceId":"0067430fbdf8497301732486903449ce1ad928680c0f0325f15430c7bed22be2f601789463027844e3f1a908a21bd50a24d6eb57beb97b1070da88a46d5bf9dc8679"},"logName":"projects/muni-production-f8e72/logs/run.googleapis.com%2Frequests","receiveTimestamp":"2022-05-06T08:40:33.019016098Z","resource":{"labels":{"configuration_name":"muni-back","location":"asia-northeast1","project_id":"muni-production-f8e72","revision_name":"muni-back-hpgtt","service_name":"muni-back"},"type":"cloud_run_revision"},"severity":"INFO","timestamp":"2022-05-06T08:40:32.954997Z","trace":"projects/muni-production-f8e72/traces/4a13339ac3356a0bd99b8dcfc4bc6449"}
{"insertId":"6274df00000e8b8502d443da","jsonPayload":{"ident":"FETCH_SUCCESS","level":"INFO","message":"Success to fetch.","method":"RecentPostAPI","timestamp":"2022-5-6 8:40:32"},"labels":{"instanceId":"0067430fbdf8497301732486903449ce1ad928680c0f0325f15430c7bed22be2f601789463027844e3f1a908a21bd50a24d6eb57beb97b1070da88a46d5bf9dc8679"},"logName":"projects/muni-production-f8e72/logs/run.googleapis.com%2Fstdout","receiveTimestamp":"2022-05-06T08:40:33.075082988Z","resource":{"labels":{"configuration_name":"muni-back","location":"asia-northeast1","project_id":"muni-production-f8e72","revision_name":"muni-back-hpgtt","service_name":"muni-back"},"type":"cloud_run_revision"},"timestamp":"2022-05-06T08:40:32.953221Z"}
{"insertId":"6274df00000cc2d14ac6abfb","jsonPayload":{"ident":"RECIEVE","level":"INFO","message":"Recieve the recent posted works request.","method":"RecentPostAPI","timestamp":"2022-5-6 8:40:32"},"labels":{"instanceId":"0067430fbdf8497301732486903449ce1ad928680c0f0325f15430c7bed22be2f601789463027844e3f1a908a21bd50a24d6eb57beb97b1070da88a46d5bf9dc8679"},"logName":"projects/muni-production-f8e72/logs/run.googleapis.com%2Fstdout","receiveTimestamp":"2022-05-06T08:40:33.075082988Z","resource":{"labels":{"configuration_name":"muni-back","location":"asia-northeast1","project_id":"muni-production-f8e72","revision_name":"muni-back-hpgtt","service_name":"muni-back"},"type":"cloud_run_revision"},"timestamp":"2022-05-06T08:40:32.836305Z"}
{"httpRequest":{"latency":"0.002232798s","protocol":"HTTP/1.1","referer":"https://muni.ink/","remoteIp":"112.70.203.158","requestMethod":"OPTIONS","requestSize":"763","requestUrl":"https://api.muni.ink/recent","responseSize":"853","serverIp":"35.241.42.228","status":204,"userAgent":"Mozilla/5.0 (Linux; Android 11; SH-RM15) AppleWebKit/537.36 (KHTML, like Gecko) Chrome/101.0.4951.41 Mobile Safari/537.36"},"insertId":"6274df00000c707eb96a1e35","labels":{"instanceId":"0067430fbdf8497301732486903449ce1ad928680c0f0325f15430c7bed22be2f601789463027844e3f1a908a21bd50a24d6eb57beb97b1070da88a46d5bf9dc8679"},"logName":"projects/muni-production-f8e72/logs/run.googleapis.com%2Frequests","receiveTimestamp":"2022-05-06T08:40:33.019016098Z","resource":{"labels":{"configuration_name":"muni-back","location":"asia-northeast1","project_id":"muni-production-f8e72","revision_name":"muni-back-hpgtt","service_name":"muni-back"},"type":"cloud_run_revision"},"severity":"INFO","timestamp":"2022-05-06T08:40:32.815230Z","trace":"projects/muni-production-f8e72/traces/aa20a224d6cb8915d92785f52815173b"}
{"httpRequest":{"latency":"0.501505320s","protocol":"HTTP/1.1","referer":"https://muni.ink/","remoteIp":"112.70.203.158","requestMethod":"GET","requestSize":"964","requestUrl":"https://storage.muni.ink/work/Pvp0SEse2xFu4vEYWRA3","responseSize":"1380452","serverIp":"35.241.42.228","status":200,"userAgent":"Mozilla/5.0 (Linux; Android 11; SH-RM15) AppleWebKit/537.36 (KHTML, like Gecko) Chrome/101.0.4951.41 Mobile Safari/537.36"},"insertId":"6274def60009e85367070e2f","labels":{"instanceId":"0067430fbdf8497301732486903449ce1ad928680c0f0325f15430c7bed22be2f601789463027844e3f1a908a21bd50a24d6eb57beb97b1070da88a46d5bf9dc8679"},"logName":"projects/muni-production-f8e72/logs/run.googleapis.com%2Frequests","receiveTimestamp":"2022-05-06T08:40:22.694609580Z","resource":{"labels":{"configuration_name":"muni-back","location":"asia-northeast1","project_id":"muni-production-f8e72","revision_name":"muni-back-hpgtt","service_name":"muni-back"},"type":"cloud_run_revision"},"severity":"INFO","timestamp":"2022-05-06T08:40:22.649299Z","trace":"projects/muni-production-f8e72/traces/b8d4074f8c3681db9f76a835c3273e58"}
{"insertId":"6274def60009d71301e36dd8","jsonPayload":{"ident":"COMPLETE","level":"INFO","message":"Success to fetch optimized image","method":"WorkAPI","timestamp":"2022-5-6 8:40:22","workId":"Pvp0SEse2xFu4vEYWRA3"},"labels":{"instanceId":"0067430fbdf8497301732486903449ce1ad928680c0f0325f15430c7bed22be2f601789463027844e3f1a908a21bd50a24d6eb57beb97b1070da88a46d5bf9dc8679"},"logName":"projects/muni-production-f8e72/logs/run.googleapis.com%2Fstdout","receiveTimestamp":"2022-05-06T08:40:22.753781976Z","resource":{"labels":{"configuration_name":"muni-back","location":"asia-northeast1","project_id":"muni-production-f8e72","revision_name":"muni-back-hpgtt","service_name":"muni-back"},"type":"cloud_run_revision"},"timestamp":"2022-05-06T08:40:22.644883Z"}
{"insertId":"6274def6000246fd6c54dc21","jsonPayload":{"ident":"RECIEVED","level":"INFO","message":"Request recieved for Pvp0SEse2xFu4vEYWRA3.","method":"WorkAPI","timestamp":"2022-5-6 8:40:22","workId":"Pvp0SEse2xFu4vEYWRA3"},"labels":{"instanceId":"0067430fbdf8497301732486903449ce1ad928680c0f0325f15430c7bed22be2f601789463027844e3f1a908a21bd50a24d6eb57beb97b1070da88a46d5bf9dc8679"},"logName":"projects/muni-production-f8e72/logs/run.googleapis.com%2Fstdout","receiveTimestamp":"2022-05-06T08:40:22.419561470Z","resource":{"labels":{"configuration_name":"muni-back","location":"asia-northeast1","project_id":"muni-production-f8e72","revision_name":"muni-back-hpgtt","service_name":"muni-back"},"type":"cloud_run_revision"},"timestamp":"2022-05-06T08:40:22.149245Z"}
{"httpRequest":{"latency":"0.095454767s","protocol":"HTTP/1.1","referer":"https://muni.ink/?gclid=CjwKCAjwjtOTBhAvEiwASG4bCIhieMXD90azesBFFup4QJLL-smddafK3mpOGShvJUR-mFV6ZW0psxoCKNQQAvD_BwE","remoteIp":"112.70.203.158","requestMethod":"GET","requestSize":"1050","requestUrl":"https://muni.ink/_next/data/IVVvbvvWS4XaF0igaWv4S/painting/Pvp0SEse2xFu4vEYWRA3.json?id=Pvp0SEse2xFu4vEYWRA3","responseSize":"1416","serverIp":"35.241.42.228","status":200,"userAgent":"Mozilla/5.0 (Linux; Android 11; SH-RM15) AppleWebKit/537.36 (KHTML, like Gecko) Chrome/101.0.4951.41 Mobile Safari/537.36"},"insertId":"6274def6000124708a7d3bc0","labels":{"instanceId":"0067430fbd7af03cb17d92900b5f3305989a61b2bd445dd81108ccfd0293c2aeb5c985f7ae593a5d75291bf8faf2b546eff48eec5f9779a88bd23cf4a59c0f70bf36"},"logName":"projects/muni-production-f8e72/logs/run.googleapis.com%2Frequests","receiveTimestamp":"2022-05-06T08:40:22.120083456Z","resource":{"labels":{"configuration_name":"muni-front","location":"asia-northeast1","project_id":"muni-production-f8e72","revision_name":"muni-front-jq7fz","service_name":"muni-front"},"type":"cloud_run_revision"},"severity":"INFO","timestamp":"2022-05-06T08:40:22.074864Z","trace":"projects/muni-production-f8e72/traces/75573346f33ba6958a2aad1ebff4650d"}
{"httpRequest":{"latency":"0.081766130s","protocol":"HTTP/1.1","remoteIp":"35.203.249.164","requestMethod":"POST","requestSize":"525","requestUrl":"https://api.muni.ink/workmeta","responseSize":"1442","serverIp":"35.241.42.228","status":200,"userAgent":"node-fetch/1.0 (+https://github.com/bitinn/node-fetch)"},"insertId":"6274def600010d66b36d1b95","labels":{"instanceId":"0067430fbdf8497301732486903449ce1ad928680c0f0325f15430c7bed22be2f601789463027844e3f1a908a21bd50a24d6eb57beb97b1070da88a46d5bf9dc8679"},"logName":"projects/muni-production-f8e72/logs/run.googleapis.com%2Frequests","receiveTimestamp":"2022-05-06T08:40:22.363082255Z","resource":{"labels":{"configuration_name":"muni-back","location":"asia-northeast1","project_id":"muni-production-f8e72","revision_name":"muni-back-hpgtt","service_name":"muni-back"},"type":"cloud_run_revision"},"severity":"INFO","timestamp":"2022-05-06T08:40:22.068966Z","trace":"projects/muni-production-f8e72/traces/0959e13380ead6377ca60872dfd3f27e"}
{"insertId":"6274def6000039786c9e22ea","jsonPayload":{"ident":"SUCCESS_TO_FIND","level":"INFO","message":"Work found.","method":"WorkMetadataAPI","timestamp":"2022-5-6 8:40:22","workId":"Pvp0SEse2xFu4vEYWRA3"},"labels":{"instanceId":"0067430fbdf8497301732486903449ce1ad928680c0f0325f15430c7bed22be2f601789463027844e3f1a908a21bd50a24d6eb57beb97b1070da88a46d5bf9dc8679"},"logName":"projects/muni-production-f8e72/logs/run.googleapis.com%2Fstdout","receiveTimestamp":"2022-05-06T08:40:22.084999167Z","resource":{"labels":{"configuration_name":"muni-back","location":"asia-northeast1","project_id":"muni-production-f8e72","revision_name":"muni-back-hpgtt","service_name":"muni-back"},"type":"cloud_run_revision"},"timestamp":"2022-05-06T08:40:22.014712Z"}
{"insertId":"6274def5000f166d204c5fae","jsonPayload":{"ident":"RECIEVE","level":"INFO","message":"Recieve the work metadata request.","method":"WorkMetadataAPI","timestamp":"2022-5-6 8:40:21"},"labels":{"instanceId":"0067430fbdf8497301732486903449ce1ad928680c0f0325f15430c7bed22be2f601789463027844e3f1a908a21bd50a24d6eb57beb97b1070da88a46d5bf9dc8679"},"logName":"projects/muni-production-f8e72/logs/run.googleapis.com%2Fstdout","receiveTimestamp":"2022-05-06T08:40:22.084999167Z","resource":{"labels":{"configuration_name":"muni-back","location":"asia-northeast1","project_id":"muni-production-f8e72","revision_name":"muni-back-hpgtt","service_name":"muni-back"},"type":"cloud_run_revision"},"timestamp":"2022-05-06T08:40:21.988781Z"}
{"httpRequest":{"latency":"0.145435658s","protocol":"HTTP/1.1","referer":"https://muni.ink/","remoteIp":"112.70.203.158","requestMethod":"POST","requestSize":"872","requestUrl":"https://api.muni.ink/recent","responseSize":"12342","serverIp":"35.241.42.228","status":200,"userAgent":"Mozilla/5.0 (Linux; Android 11; SH-RM15) AppleWebKit/537.36 (KHTML, like Gecko) Chrome/101.0.4951.41 Mobile Safari/537.36"},"insertId":"6274def40003a3bb21c0c39e","labels":{"instanceId":"0067430fbdf8497301732486903449ce1ad928680c0f0325f15430c7bed22be2f601789463027844e3f1a908a21bd50a24d6eb57beb97b1070da88a46d5bf9dc8679"},"logName":"projects/muni-production-f8e72/logs/run.googleapis.com%2Frequests","receiveTimestamp":"2022-05-06T08:40:20.365187081Z","resource":{"labels":{"configuration_name":"muni-back","location":"asia-northeast1","project_id":"muni-production-f8e72","revision_name":"muni-back-hpgtt","service_name":"muni-back"},"type":"cloud_run_revision"},"severity":"INFO","timestamp":"2022-05-06T08:40:20.238523Z","trace":"projects/muni-production-f8e72/traces/1464fe5d16b477f501f6a7c4842b93e0"}
{"insertId":"6274def40003970076e2a2b0","jsonPayload":{"ident":"FETCH_SUCCESS","level":"INFO","message":"Success to fetch.","method":"RecentPostAPI","timestamp":"2022-5-6 8:40:20"},"labels":{"instanceId":"0067430fbdf8497301732486903449ce1ad928680c0f0325f15430c7bed22be2f601789463027844e3f1a908a21bd50a24d6eb57beb97b1070da88a46d5bf9dc8679"},"logName":"projects/muni-production-f8e72/logs/run.googleapis.com%2Fstdout","receiveTimestamp":"2022-05-06T08:40:20.423200329Z","resource":{"labels":{"configuration_name":"muni-back","location":"asia-northeast1","project_id":"muni-production-f8e72","revision_name":"muni-back-hpgtt","service_name":"muni-back"},"type":"cloud_run_revision"},"timestamp":"2022-05-06T08:40:20.235264Z"}
{"insertId":"6274def400017191844265a4","jsonPayload":{"ident":"RECIEVE","level":"INFO","message":"Recieve the recent posted works request.","method":"RecentPostAPI","timestamp":"2022-5-6 8:40:20"},"labels":{"instanceId":"0067430fbdf8497301732486903449ce1ad928680c0f0325f15430c7bed22be2f601789463027844e3f1a908a21bd50a24d6eb57beb97b1070da88a46d5bf9dc8679"},"logName":"projects/muni-production-f8e72/logs/run.googleapis.com%2Fstdout","receiveTimestamp":"2022-05-06T08:40:20.423200329Z","resource":{"labels":{"configuration_name":"muni-back","location":"asia-northeast1","project_id":"muni-production-f8e72","revision_name":"muni-back-hpgtt","service_name":"muni-back"},"type":"cloud_run_revision"},"timestamp":"2022-05-06T08:40:20.094609Z"}
{"httpRequest":{"latency":"0.002248718s","protocol":"HTTP/1.1","referer":"https://muni.ink/","remoteIp":"112.70.203.158","requestMethod":"OPTIONS","requestSize":"763","requestUrl":"https://api.muni.ink/recent","responseSize":"853","serverIp":"35.241.42.228","status":204,"userAgent":"Mozilla/5.0 (Linux; Android 11; SH-RM15) AppleWebKit/537.36 (KHTML, like Gecko) Chrome/101.0.4951.41 Mobile Safari/537.36"},"insertId":"6274def400012330a080b2ff","labels":{"instanceId":"0067430fbdf8497301732486903449ce1ad928680c0f0325f15430c7bed22be2f601789463027844e3f1a908a21bd50a24d6eb57beb97b1070da88a46d5bf9dc8679"},"logName":"projects/muni-production-f8e72/logs/run.googleapis.com%2Frequests","receiveTimestamp":"2022-05-06T08:40:20.365187081Z","resource":{"labels":{"configuration_name":"muni-back","location":"asia-northeast1","project_id":"muni-production-f8e72","revision_name":"muni-back-hpgtt","service_name":"muni-back"},"type":"cloud_run_revision"},"severity":"INFO","timestamp":"2022-05-06T08:40:20.074544Z","trace":"projects/muni-production-f8e72/traces/78deb92f512aa305356b2a1f4e3d97b6"}
{"httpRequest":{"latency":"0.003971752s","protocol":"HTTP/1.1","referer":"https://muni.ink/painting/nf1EsVj7AW78AmH0tTCp","remoteIp":"112.70.203.158","requestMethod":"GET","requestSize":"1007","requestUrl":"https://muni.ink/_next/static/chunks/pages/terms-f9f82daa1816b7c0.js","responseSize":"2709","serverIp":"35.241.42.228","status":200,"userAgent":"Mozilla/5.0 (Linux; Android 11; SH-RM15) AppleWebKit/537.36 (KHTML, like Gecko) Chrome/101.0.4951.41 Mobile Safari/537.36"},"insertId":"6274deef0003a58b54ed299a","labels":{"instanceId":"0067430fbd7af03cb17d92900b5f3305989a61b2bd445dd81108ccfd0293c2aeb5c985f7ae593a5d75291bf8faf2b546eff48eec5f9779a88bd23cf4a59c0f70bf36"},"logName":"projects/muni-production-f8e72/logs/run.googleapis.com%2Frequests","receiveTimestamp":"2022-05-06T08:40:15.460103922Z","resource":{"labels":{"configuration_name":"muni-front","location":"asia-northeast1","project_id":"muni-production-f8e72","revision_name":"muni-front-jq7fz","service_name":"muni-front"},"type":"cloud_run_revision"},"severity":"INFO","timestamp":"2022-05-06T08:40:15.238987Z","trace":"projects/muni-production-f8e72/traces/64b61803b4efbff5c905157dbf7277dd"}
{"httpRequest":{"latency":"0.423678219s","protocol":"HTTP/1.1","referer":"https://muni.ink/","remoteIp":"112.70.203.158","requestMethod":"GET","requestSize":"964","requestUrl":"https://storage.muni.ink/work/nf1EsVj7AW78AmH0tTCp","responseSize":"266331","serverIp":"35.241.42.228","status":200,"userAgent":"Mozilla/5.0 (Linux; Android 11; SH-RM15) AppleWebKit/537.36 (KHTML, like Gecko) Chrome/101.0.4951.41 Mobile Safari/537.36"},"insertId":"6274deec0007ffaa109eeef0","labels":{"instanceId":"0067430fbdf8497301732486903449ce1ad928680c0f0325f15430c7bed22be2f601789463027844e3f1a908a21bd50a24d6eb57beb97b1070da88a46d5bf9dc8679"},"logName":"projects/muni-production-f8e72/logs/run.googleapis.com%2Frequests","receiveTimestamp":"2022-05-06T08:40:12.708596163Z","resource":{"labels":{"configuration_name":"muni-back","location":"asia-northeast1","project_id":"muni-production-f8e72","revision_name":"muni-back-hpgtt","service_name":"muni-back"},"type":"cloud_run_revision"},"severity":"INFO","timestamp":"2022-05-06T08:40:12.524202Z","trace":"projects/muni-production-f8e72/traces/8020364c089a24d0db95a60c55e6765f"}
{"insertId":"6274deec0007f719c6079a7f","jsonPayload":{"ident":"COMPLETE","level":"INFO","message":"Success to fetch optimized image","method":"WorkAPI","timestamp":"2022-5-6 8:40:12","workId":"nf1EsVj7AW78AmH0tTCp"},"labels":{"instanceId":"0067430fbdf8497301732486903449ce1ad928680c0f0325f15430c7bed22be2f601789463027844e3f1a908a21bd50a24d6eb57beb97b1070da88a46d5bf9dc8679"},"logName":"projects/muni-production-f8e72/logs/run.googleapis.com%2Fstdout","receiveTimestamp":"2022-05-06T08:40:12.763616012Z","resource":{"labels":{"configuration_name":"muni-back","location":"asia-northeast1","project_id":"muni-production-f8e72","revision_name":"muni-back-hpgtt","service_name":"muni-back"},"type":"cloud_run_revision"},"timestamp":"2022-05-06T08:40:12.522009Z"}
{"insertId":"6274deec00018def5a1fac80","jsonPayload":{"ident":"RECIEVED","level":"INFO","message":"Request recieved for nf1EsVj7AW78AmH0tTCp.","method":"WorkAPI","timestamp":"2022-5-6 8:40:12","workId":"nf1EsVj7AW78AmH0tTCp"},"labels":{"instanceId":"0067430fbdf8497301732486903449ce1ad928680c0f0325f15430c7bed22be2f601789463027844e3f1a908a21bd50a24d6eb57beb97b1070da88a46d5bf9dc8679"},"logName":"projects/muni-production-f8e72/logs/run.googleapis.com%2Fstdout","receiveTimestamp":"2022-05-06T08:40:12.429908755Z","resource":{"labels":{"configuration_name":"muni-back","location":"asia-northeast1","project_id":"muni-production-f8e72","revision_name":"muni-back-hpgtt","service_name":"muni-back"},"type":"cloud_run_revision"},"timestamp":"2022-05-06T08:40:12.101871Z"}
{"httpRequest":{"latency":"0.223154804s","protocol":"HTTP/1.1","referer":"https://muni.ink/?gclid=CjwKCAjwjtOTBhAvEiwASG4bCIhieMXD90azesBFFup4QJLL-smddafK3mpOGShvJUR-mFV6ZW0psxoCKNQQAvD_BwE","remoteIp":"112.70.203.158","requestMethod":"GET","requestSize":"1048","requestUrl":"https://muni.ink/_next/data/IVVvbvvWS4XaF0igaWv4S/painting/nf1EsVj7AW78AmH0tTCp.json?id=nf1EsVj7AW78AmH0tTCp","responseSize":"1407","serverIp":"35.241.42.228","status":200,"userAgent":"Mozilla/5.0 (Linux; Android 11; SH-RM15) AppleWebKit/537.36 (KHTML, like Gecko) Chrome/101.0.4951.41 Mobile Safari/537.36"},"insertId":"6274deeb000e7dcbb6874098","labels":{"instanceId":"0067430fbd7af03cb17d92900b5f3305989a61b2bd445dd81108ccfd0293c2aeb5c985f7ae593a5d75291bf8faf2b546eff48eec5f9779a88bd23cf4a59c0f70bf36"},"logName":"projects/muni-production-f8e72/logs/run.googleapis.com%2Frequests","receiveTimestamp":"2022-05-06T08:40:12.129776875Z","resource":{"labels":{"configuration_name":"muni-front","location":"asia-northeast1","project_id":"muni-production-f8e72","revision_name":"muni-front-jq7fz","service_name":"muni-front"},"type":"cloud_run_revision"},"severity":"INFO","timestamp":"2022-05-06T08:40:11.949707Z","trace":"projects/muni-production-f8e72/traces/85de59560f21de5d4a384aea252a787d"}
{"httpRequest":{"latency":"0.090389104s","protocol":"HTTP/1.1","remoteIp":"35.203.249.164","requestMethod":"POST","requestSize":"525","requestUrl":"https://api.muni.ink/workmeta","responseSize":"1432","serverIp":"35.241.42.228","status":200,"userAgent":"node-fetch/1.0 (+https://github.com/bitinn/node-fetch)"},"insertId":"6274deeb000e6d59efb05311","labels":{"instanceId":"0067430fbdf8497301732486903449ce1ad928680c0f0325f15430c7bed22be2f601789463027844e3f1a908a21bd50a24d6eb57beb97b1070da88a46d5bf9dc8679"},"logName":"projects/muni-production-f8e72/logs/run.googleapis.com%2Frequests","receiveTimestamp":"2022-05-06T08:40:12.039458942Z","resource":{"labels":{"configuration_name":"muni-back","location":"asia-northeast1","project_id":"muni-production-f8e72","revision_name":"muni-back-hpgtt","service_name":"muni-back"},"type":"cloud_run_revision"},"severity":"INFO","timestamp":"2022-05-06T08:40:11.945497Z","trace":"projects/muni-production-f8e72/traces/70365b1f38be8f2cea80d2d2a0766b14"}
{"insertId":"6274deeb000d79256955f528","jsonPayload":{"ident":"SUCCESS_TO_FIND","level":"INFO","message":"Work found.","method":"WorkMetadataAPI","timestamp":"2022-5-6 8:40:11","workId":"nf1EsVj7AW78AmH0tTCp"},"labels":{"instanceId":"0067430fbdf8497301732486903449ce1ad928680c0f0325f15430c7bed22be2f601789463027844e3f1a908a21bd50a24d6eb57beb97b1070da88a46d5bf9dc8679"},"logName":"projects/muni-production-f8e72/logs/run.googleapis.com%2Fstdout","receiveTimestamp":"2022-05-06T08:40:12.096134434Z","resource":{"labels":{"configuration_name":"muni-back","location":"asia-northeast1","project_id":"muni-production-f8e72","revision_name":"muni-back-hpgtt","service_name":"muni-back"},"type":"cloud_run_revision"},"timestamp":"2022-05-06T08:40:11.882981Z"}
{"insertId":"6274deeb000d17771748bc18","jsonPayload":{"ident":"RECIEVE","level":"INFO","message":"Recieve the work metadata request.","method":"WorkMetadataAPI","timestamp":"2022-5-6 8:40:11"},"labels":{"instanceId":"0067430fbdf8497301732486903449ce1ad928680c0f0325f15430c7bed22be2f601789463027844e3f1a908a21bd50a24d6eb57beb97b1070da88a46d5bf9dc8679"},"logName":"projects/muni-production-f8e72/logs/run.googleapis.com%2Fstdout","receiveTimestamp":"2022-05-06T08:40:12.096134434Z","resource":{"labels":{"configuration_name":"muni-back","location":"asia-northeast1","project_id":"muni-production-f8e72","revision_name":"muni-back-hpgtt","service_name":"muni-back"},"type":"cloud_run_revision"},"timestamp":"2022-05-06T08:40:11.857975Z"}
{"httpRequest":{"latency":"0.356053636s","protocol":"HTTP/1.1","referer":"https://muni.ink/","remoteIp":"112.70.203.158","requestMethod":"GET","requestSize":"979","requestUrl":"https://storage.muni.ink/work/I5IsJTGlMPiPGGW1fNsd?thumbnail=true","responseSize":"20204","serverIp":"35.241.42.228","status":200,"userAgent":"Mozilla/5.0 (Linux; Android 11; SH-RM15) AppleWebKit/537.36 (KHTML, like Gecko) Chrome/101.0.4951.41 Mobile Safari/537.36"},"insertId":"6274dee3000414a811b5a45b","labels":{"instanceId":"0067430fbdf8497301732486903449ce1ad928680c0f0325f15430c7bed22be2f601789463027844e3f1a908a21bd50a24d6eb57beb97b1070da88a46d5bf9dc8679"},"logName":"projects/muni-production-f8e72/logs/run.googleapis.com%2Frequests","receiveTimestamp":"2022-05-06T08:40:03.378953009Z","resource":{"labels":{"configuration_name":"muni-back","location":"asia-northeast1","project_id":"muni-production-f8e72","revision_name":"muni-back-hpgtt","service_name":"muni-back"},"type":"cloud_run_revision"},"severity":"INFO","timestamp":"2022-05-06T08:40:03.267432Z","trace":"projects/muni-production-f8e72/traces/cd59a53196558a9a8c056802b1933e63"}
{"insertId":"6274dee300040f16a2a1b3e3","jsonPayload":{"ident":"COMPLETE","level":"INFO","message":"Success to fetch optimized image","method":"WorkAPI","timestamp":"2022-5-6 8:40:3","workId":"I5IsJTGlMPiPGGW1fNsd"},"labels":{"instanceId":"0067430fbdf8497301732486903449ce1ad928680c0f0325f15430c7bed22be2f601789463027844e3f1a908a21bd50a24d6eb57beb97b1070da88a46d5bf9dc8679"},"logName":"projects/muni-production-f8e72/logs/run.googleapis.com%2Fstdout","receiveTimestamp":"2022-05-06T08:40:03.438569601Z","resource":{"labels":{"configuration_name":"muni-back","location":"asia-northeast1","project_id":"muni-production-f8e72","revision_name":"muni-back-hpgtt","service_name":"muni-back"},"type":"cloud_run_revision"},"timestamp":"2022-05-06T08:40:03.266006Z"}
{"insertId":"6274dee2000dee1f7c94728f","jsonPayload":{"ident":"RECIEVED","level":"INFO","message":"Request recieved for I5IsJTGlMPiPGGW1fNsd.","method":"WorkAPI","timestamp":"2022-5-6 8:40:2","workId":"I5IsJTGlMPiPGGW1fNsd"},"labels":{"instanceId":"0067430fbdf8497301732486903449ce1ad928680c0f0325f15430c7bed22be2f601789463027844e3f1a908a21bd50a24d6eb57beb97b1070da88a46d5bf9dc8679"},"logName":"projects/muni-production-f8e72/logs/run.googleapis.com%2Fstdout","receiveTimestamp":"2022-05-06T08:40:03.105404256Z","resource":{"labels":{"configuration_name":"muni-back","location":"asia-northeast1","project_id":"muni-production-f8e72","revision_name":"muni-back-hpgtt","service_name":"muni-back"},"type":"cloud_run_revision"},"timestamp":"2022-05-06T08:40:02.912927Z"}
{"httpRequest":{"latency":"0.409011097s","protocol":"HTTP/1.1","referer":"https://muni.ink/","remoteIp":"112.70.203.158","requestMethod":"GET","requestSize":"979","requestUrl":"https://storage.muni.ink/work/TLZWOyoQvXDfZOIa8wW5?thumbnail=true","responseSize":"13254","serverIp":"35.241.42.228","status":200,"userAgent":"Mozilla/5.0 (Linux; Android 11; SH-RM15) AppleWebKit/537.36 (KHTML, like Gecko) Chrome/101.0.4951.41 Mobile Safari/537.36"},"insertId":"6274dee2000c1182a72551f7","labels":{"instanceId":"0067430fbdf8497301732486903449ce1ad928680c0f0325f15430c7bed22be2f601789463027844e3f1a908a21bd50a24d6eb57beb97b1070da88a46d5bf9dc8679"},"logName":"projects/muni-production-f8e72/logs/run.googleapis.com%2Frequests","receiveTimestamp":"2022-05-06T08:40:03.048646215Z","resource":{"labels":{"configuration_name":"muni-back","location":"asia-northeast1","project_id":"muni-production-f8e72","revision_name":"muni-back-hpgtt","service_name":"muni-back"},"type":"cloud_run_revision"},"severity":"INFO","timestamp":"2022-05-06T08:40:02.790914Z","trace":"projects/muni-production-f8e72/traces/36672d27b2d9506dc5fd552a09fd5fdb"}
{"insertId":"6274dee2000c0c3aae9f591f","jsonPayload":{"ident":"COMPLETE","level":"INFO","message":"Success to fetch optimized image","method":"WorkAPI","timestamp":"2022-5-6 8:40:2","workId":"TLZWOyoQvXDfZOIa8wW5"},"labels":{"instanceId":"0067430fbdf8497301732486903449ce1ad928680c0f0325f15430c7bed22be2f601789463027844e3f1a908a21bd50a24d6eb57beb97b1070da88a46d5bf9dc8679"},"logName":"projects/muni-production-f8e72/logs/run.googleapis.com%2Fstdout","receiveTimestamp":"2022-05-06T08:40:03.105404256Z","resource":{"labels":{"configuration_name":"muni-back","location":"asia-northeast1","project_id":"muni-production-f8e72","revision_name":"muni-back-hpgtt","service_name":"muni-back"},"type":"cloud_run_revision"},"timestamp":"2022-05-06T08:40:02.789562Z"}
{"httpRequest":{"latency":"0.392706254s","protocol":"HTTP/1.1","referer":"https://muni.ink/","remoteIp":"112.70.203.158","requestMethod":"GET","requestSize":"978","requestUrl":"https://storage.muni.ink/work/5qWs1G0SDjL2nZQVXPti?thumbnail=true","responseSize":"27526","serverIp":"35.241.42.228","status":200,"userAgent":"Mozilla/5.0 (Linux; Android 11; SH-RM15) AppleWebKit/537.36 (KHTML, like Gecko) Chrome/101.0.4951.41 Mobile Safari/537.36"},"insertId":"6274dee2000bd2308ad4faac","labels":{"instanceId":"0067430fbdf8497301732486903449ce1ad928680c0f0325f15430c7bed22be2f601789463027844e3f1a908a21bd50a24d6eb57beb97b1070da88a46d5bf9dc8679"},"logName":"projects/muni-production-f8e72/logs/run.googleapis.com%2Frequests","receiveTimestamp":"2022-05-06T08:40:03.048646215Z","resource":{"labels":{"configuration_name":"muni-back","location":"asia-northeast1","project_id":"muni-production-f8e72","revision_name":"muni-back-hpgtt","service_name":"muni-back"},"type":"cloud_run_revision"},"severity":"INFO","timestamp":"2022-05-06T08:40:02.774704Z","trace":"projects/muni-production-f8e72/traces/3ffa5e5c59709990eb6d3bd1d0040ac6"}
{"insertId":"6274dee2000bcc85e8c56248","jsonPayload":{"ident":"COMPLETE","level":"INFO","message":"Success to fetch optimized image","method":"WorkAPI","timestamp":"2022-5-6 8:40:2","workId":"5qWs1G0SDjL2nZQVXPti"},"labels":{"instanceId":"0067430fbdf8497301732486903449ce1ad928680c0f0325f15430c7bed22be2f601789463027844e3f1a908a21bd50a24d6eb57beb97b1070da88a46d5bf9dc8679"},"logName":"projects/muni-production-f8e72/logs/run.googleapis.com%2Fstdout","receiveTimestamp":"2022-05-06T08:40:03.105404256Z","resource":{"labels":{"configuration_name":"muni-back","location":"asia-northeast1","project_id":"muni-production-f8e72","revision_name":"muni-back-hpgtt","service_name":"muni-back"},"type":"cloud_run_revision"},"timestamp":"2022-05-06T08:40:02.773253Z"}
{"insertId":"6274dee20005e1e7273cc850","jsonPayload":{"ident":"RECIEVED","level":"INFO","message":"Request recieved for 5qWs1G0SDjL2nZQVXPti.","method":"WorkAPI","timestamp":"2022-5-6 8:40:2","workId":"5qWs1G0SDjL2nZQVXPti"},"labels":{"instanceId":"0067430fbdf8497301732486903449ce1ad928680c0f0325f15430c7bed22be2f601789463027844e3f1a908a21bd50a24d6eb57beb97b1070da88a46d5bf9dc8679"},"logName":"projects/muni-production-f8e72/logs/run.googleapis.com%2Fstdout","receiveTimestamp":"2022-05-06T08:40:02.438921468Z","resource":{"labels":{"configuration_name":"muni-back","location":"asia-northeast1","project_id":"muni-production-f8e72","revision_name":"muni-back-hpgtt","service_name":"muni-back"},"type":"cloud_run_revision"},"timestamp":"2022-05-06T08:40:02.385511Z"}
{"insertId":"6274dee20005da0d2facd6eb","jsonPayload":{"ident":"RECIEVED","level":"INFO","message":"Request recieved for TLZWOyoQvXDfZOIa8wW5.","method":"WorkAPI","timestamp":"2022-5-6 8:40:2","workId":"TLZWOyoQvXDfZOIa8wW5"},"labels":{"instanceId":"0067430fbdf8497301732486903449ce1ad928680c0f0325f15430c7bed22be2f601789463027844e3f1a908a21bd50a24d6eb57beb97b1070da88a46d5bf9dc8679"},"logName":"projects/muni-production-f8e72/logs/run.googleapis.com%2Fstdout","receiveTimestamp":"2022-05-06T08:40:02.438921468Z","resource":{"labels":{"configuration_name":"muni-back","location":"asia-northeast1","project_id":"muni-production-f8e72","revision_name":"muni-back-hpgtt","service_name":"muni-back"},"type":"cloud_run_revision"},"timestamp":"2022-05-06T08:40:02.383501Z"}
{"httpRequest":{"latency":"0.241482129s","protocol":"HTTP/1.1","referer":"https://muni.ink/","remoteIp":"112.70.203.158","requestMethod":"POST","requestSize":"872","requestUrl":"https://api.muni.ink/recent","responseSize":"12342","serverIp":"35.241.42.228","status":200,"userAgent":"Mozilla/5.0 (Linux; Android 11; SH-RM15) AppleWebKit/537.36 (KHTML, like Gecko) Chrome/101.0.4951.41 Mobile Safari/537.36"},"insertId":"6274dee100053ca831513c1d","labels":{"instanceId":"0067430fbdf8497301732486903449ce1ad928680c0f0325f15430c7bed22be2f601789463027844e3f1a908a21bd50a24d6eb57beb97b1070da88a46d5bf9dc8679"},"logName":"projects/muni-production-f8e72/logs/run.googleapis.com%2Frequests","receiveTimestamp":"2022-05-06T08:40:01.384005488Z","resource":{"labels":{"configuration_name":"muni-back","location":"asia-northeast1","project_id":"muni-production-f8e72","revision_name":"muni-back-hpgtt","service_name":"muni-back"},"type":"cloud_run_revision"},"severity":"INFO","timestamp":"2022-05-06T08:40:01.343208Z","trace":"projects/muni-production-f8e72/traces/edec1d9c536c2431981d27aadace08f5"}
{"insertId":"6274dee10005348cf75a851e","jsonPayload":{"ident":"FETCH_SUCCESS","level":"INFO","message":"Success to fetch.","method":"RecentPostAPI","timestamp":"2022-5-6 8:40:1"},"labels":{"instanceId":"0067430fbdf8497301732486903449ce1ad928680c0f0325f15430c7bed22be2f601789463027844e3f1a908a21bd50a24d6eb57beb97b1070da88a46d5bf9dc8679"},"logName":"projects/muni-production-f8e72/logs/run.googleapis.com%2Fstdout","receiveTimestamp":"2022-05-06T08:40:01.439983695Z","resource":{"labels":{"configuration_name":"muni-back","location":"asia-northeast1","project_id":"muni-production-f8e72","revision_name":"muni-back-hpgtt","service_name":"muni-back"},"type":"cloud_run_revision"},"timestamp":"2022-05-06T08:40:01.341132Z"}
{"httpRequest":{"latency":"0.043183823s","protocol":"HTTP/1.1","referer":"https://muni.ink/?gclid=CjwKCAjwjtOTBhAvEiwASG4bCIhieMXD90azesBFFup4QJLL-smddafK3mpOGShvJUR-mFV6ZW0psxoCKNQQAvD_BwE","remoteIp":"112.70.203.158","requestMethod":"GET","requestSize":"1121","requestUrl":"https://muni.ink/favicon.ico","responseSize":"723","serverIp":"35.241.42.228","status":304,"userAgent":"Mozilla/5.0 (Linux; Android 11; SH-RM15) AppleWebKit/537.36 (KHTML, like Gecko) Chrome/101.0.4951.41 Mobile Safari/537.36"},"insertId":"6274dee10003b67fb75c5470","labels":{"instanceId":"0067430fbd7af03cb17d92900b5f3305989a61b2bd445dd81108ccfd0293c2aeb5c985f7ae593a5d75291bf8faf2b546eff48eec5f9779a88bd23cf4a59c0f70bf36"},"logName":"projects/muni-production-f8e72/logs/run.googleapis.com%2Frequests","receiveTimestamp":"2022-05-06T08:40:01.473283159Z","resource":{"labels":{"configuration_name":"muni-front","location":"asia-northeast1","project_id":"muni-production-f8e72","revision_name":"muni-front-jq7fz","service_name":"muni-front"},"type":"cloud_run_revision"},"severity":"INFO","timestamp":"2022-05-06T08:40:01.243327Z","trace":"projects/muni-production-f8e72/traces/b100c23aa37e2756afb983ed75bc0f27"}
{"insertId":"6274dee10001978d9dd1916f","jsonPayload":{"ident":"RECIEVE","level":"INFO","message":"Recieve the recent posted works request.","method":"RecentPostAPI","timestamp":"2022-5-6 8:40:1"},"labels":{"instanceId":"0067430fbdf8497301732486903449ce1ad928680c0f0325f15430c7bed22be2f601789463027844e3f1a908a21bd50a24d6eb57beb97b1070da88a46d5bf9dc8679"},"logName":"projects/muni-production-f8e72/logs/run.googleapis.com%2Fstdout","receiveTimestamp":"2022-05-06T08:40:01.106749239Z","resource":{"labels":{"configuration_name":"muni-back","location":"asia-northeast1","project_id":"muni-production-f8e72","revision_name":"muni-back-hpgtt","service_name":"muni-back"},"type":"cloud_run_revision"},"timestamp":"2022-05-06T08:40:01.104333Z"}
{"httpRequest":{"latency":"0.002422512s","protocol":"HTTP/1.1","referer":"https://muni.ink/","remoteIp":"112.70.203.158","requestMethod":"OPTIONS","requestSize":"762","requestUrl":"https://api.muni.ink/recent","responseSize":"853","serverIp":"35.241.42.228","status":204,"userAgent":"Mozilla/5.0 (Linux; Android 11; SH-RM15) AppleWebKit/537.36 (KHTML, like Gecko) Chrome/101.0.4951.41 Mobile Safari/537.36"},"insertId":"6274dee10000b8d31995b04a","labels":{"instanceId":"0067430fbdf8497301732486903449ce1ad928680c0f0325f15430c7bed22be2f601789463027844e3f1a908a21bd50a24d6eb57beb97b1070da88a46d5bf9dc8679"},"logName":"projects/muni-production-f8e72/logs/run.googleapis.com%2Frequests","receiveTimestamp":"2022-05-06T08:40:01.050007794Z","resource":{"labels":{"configuration_name":"muni-back","location":"asia-northeast1","project_id":"muni-production-f8e72","revision_name":"muni-back-hpgtt","service_name":"muni-back"},"type":"cloud_run_revision"},"severity":"INFO","timestamp":"2022-05-06T08:40:01.047315Z","trace":"projects/muni-production-f8e72/traces/e6149a021fcf0a1ba9dce0dfd471ce68"}
{"httpRequest":{"latency":"0.003459253s","protocol":"HTTP/1.1","referer":"https://muni.ink/?gclid=CjwKCAjwjtOTBhAvEiwASG4bCIhieMXD90azesBFFup4QJLL-smddafK3mpOGShvJUR-mFV6ZW0psxoCKNQQAvD_BwE","remoteIp":"112.70.203.158","requestMethod":"GET","requestSize":"1039","requestUrl":"https://muni.ink/_next/image?url=%2Flogo_landing.png&w=384&q=75","responseSize":"709","serverIp":"35.241.42.228","status":304,"userAgent":"Mozilla/5.0 (Linux; Android 11; SH-RM15) AppleWebKit/537.36 (KHTML, like Gecko) Chrome/101.0.4951.41 Mobile Safari/537.36"},"insertId":"6274dee0000e1dbcb5b8491c","labels":{"instanceId":"0067430fbd7af03cb17d92900b5f3305989a61b2bd445dd81108ccfd0293c2aeb5c985f7ae593a5d75291bf8faf2b546eff48eec5f9779a88bd23cf4a59c0f70bf36"},"logName":"projects/muni-production-f8e72/logs/run.googleapis.com%2Frequests","receiveTimestamp":"2022-05-06T08:40:01.139935582Z","resource":{"labels":{"configuration_name":"muni-front","location":"asia-northeast1","project_id":"muni-production-f8e72","revision_name":"muni-front-jq7fz","service_name":"muni-front"},"type":"cloud_run_revision"},"severity":"INFO","timestamp":"2022-05-06T08:40:00.925116Z","trace":"projects/muni-production-f8e72/traces/8cb355e50ad1029fadf90b4a5611d59e"}
{"httpRequest":{"latency":"0.004051417s","protocol":"HTTP/1.1","referer":"https://muni.ink/?gclid=CjwKCAjwjtOTBhAvEiwASG4bCIhieMXD90azesBFFup4QJLL-smddafK3mpOGShvJUR-mFV6ZW0psxoCKNQQAvD_BwE","remoteIp":"112.70.203.158","requestMethod":"GET","requestSize":"1041","requestUrl":"https://muni.ink/_next/image?url=%2Flogo_horizontal.png&w=384&q=75","responseSize":"709","serverIp":"35.241.42.228","status":304,"userAgent":"Mozilla/5.0 (Linux; Android 11; SH-RM15) AppleWebKit/537.36 (KHTML, like Gecko) Chrome/101.0.4951.41 Mobile Safari/537.36"},"insertId":"6274dee0000e1a560f66831a","labels":{"instanceId":"0067430fbd7af03cb17d92900b5f3305989a61b2bd445dd81108ccfd0293c2aeb5c985f7ae593a5d75291bf8faf2b546eff48eec5f9779a88bd23cf4a59c0f70bf36"},"logName":"projects/muni-production-f8e72/logs/run.googleapis.com%2Frequests","receiveTimestamp":"2022-05-06T08:40:01.139935582Z","resource":{"labels":{"configuration_name":"muni-front","location":"asia-northeast1","project_id":"muni-production-f8e72","revision_name":"muni-front-jq7fz","service_name":"muni-front"},"type":"cloud_run_revision"},"severity":"INFO","timestamp":"2022-05-06T08:40:00.924246Z","trace":"projects/muni-production-f8e72/traces/a179cfc8ec8cd35c781338e9af4c1dff"}
{"httpRequest":{"latency":"0.004603423s","protocol":"HTTP/1.1","referer":"https://muni.ink/?gclid=CjwKCAjwjtOTBhAvEiwASG4bCIhieMXD90azesBFFup4QJLL-smddafK3mpOGShvJUR-mFV6ZW0psxoCKNQQAvD_BwE","remoteIp":"112.70.203.158","requestMethod":"GET","requestSize":"921","requestUrl":"https://muni.ink/_next/static/chunks/pages/index-65694bb50f9c6c5b.js","responseSize":"6186","serverIp":"35.241.42.228","status":200,"userAgent":"Mozilla/5.0 (Linux; Android 11; SH-RM15) AppleWebKit/537.36 (KHTML, like Gecko) Chrome/101.0.4951.41 Mobile Safari/537.36"},"insertId":"6274dee00009000ce8f53a81","labels":{"instanceId":"0067430fbd7af03cb17d92900b5f3305989a61b2bd445dd81108ccfd0293c2aeb5c985f7ae593a5d75291bf8faf2b546eff48eec5f9779a88bd23cf4a59c0f70bf36"},"logName":"projects/muni-production-f8e72/logs/run.googleapis.com%2Frequests","receiveTimestamp":"2022-05-06T08:40:00.807442576Z","resource":{"labels":{"configuration_name":"muni-front","location":"asia-northeast1","project_id":"muni-production-f8e72","revision_name":"muni-front-jq7fz","service_name":"muni-front"},"type":"cloud_run_revision"},"severity":"INFO","timestamp":"2022-05-06T08:40:00.589836Z","trace":"projects/muni-production-f8e72/traces/3a84573572f7232d7a69c445c372531c"}
{"httpRequest":{"latency":"0.005858402s","protocol":"HTTP/1.1","referer":"https://www.google.com/","remoteIp":"112.70.203.158","requestMethod":"GET","requestSize":"1035","requestUrl":"https://muni.ink/?gclid=CjwKCAjwjtOTBhAvEiwASG4bCIhieMXD90azesBFFup4QJLL-smddafK3mpOGShvJUR-mFV6ZW0psxoCKNQQAvD_BwE","responseSize":"6078","serverIp":"35.241.42.228","status":200,"userAgent":"Mozilla/5.0 (Linux; Android 11; SH-RM15) AppleWebKit/537.36 (KHTML, like Gecko) Chrome/101.0.4951.41 Mobile Safari/537.36"},"insertId":"6274dee000021c59c9fb0dbe","labels":{"instanceId":"0067430fbd7af03cb17d92900b5f3305989a61b2bd445dd81108ccfd0293c2aeb5c985f7ae593a5d75291bf8faf2b546eff48eec5f9779a88bd23cf4a59c0f70bf36"},"logName":"projects/muni-production-f8e72/logs/run.googleapis.com%2Frequests","receiveTimestamp":"2022-05-06T08:40:00.143347470Z","resource":{"labels":{"configuration_name":"muni-front","location":"asia-northeast1","project_id":"muni-production-f8e72","revision_name":"muni-front-jq7fz","service_name":"muni-front"},"type":"cloud_run_revision"},"severity":"INFO","timestamp":"2022-05-06T08:40:00.138329Z","trace":"projects/muni-production-f8e72/traces/5d7c9ba99940fe9724d713602666f22e"}
{"httpRequest":{"latency":"0.002791375s","protocol":"HTTP/1.1","remoteIp":"107.155.103.18","requestMethod":"GET","requestSize":"390","requestUrl":"https://35.241.42.228/shvets/","responseSize":"669","serverIp":"35.241.42.228","status":308,"userAgent":"Mozilla/5.0 zgrab/0.x"},"insertId":"6274dddd000cd15da15e03f1","labels":{"instanceId":"0067430fbd7af03cb17d92900b5f3305989a61b2bd445dd81108ccfd0293c2aeb5c985f7ae593a5d75291bf8faf2b546eff48eec5f9779a88bd23cf4a59c0f70bf36"},"logName":"projects/muni-production-f8e72/logs/run.googleapis.com%2Frequests","receiveTimestamp":"2022-05-06T08:35:41.843259377Z","resource":{"labels":{"configuration_name":"muni-front","location":"asia-northeast1","project_id":"muni-production-f8e72","revision_name":"muni-front-jq7fz","service_name":"muni-front"},"type":"cloud_run_revision"},"severity":"INFO","timestamp":"2022-05-06T08:35:41.840029Z","trace":"projects/muni-production-f8e72/traces/72a18b1fbffc5bf0d3527ef5c4e9a63f"}
{"httpRequest":{"latency":"0.003141960s","protocol":"HTTP/1.1","remoteIp":"138.246.253.15","requestMethod":"HEAD","requestSize":"376","requestUrl":"https://muni.ink/","responseSize":"800","serverIp":"35.241.42.228","status":200,"userAgent":"quic-go-HTTP/3"},"insertId":"6274dd44000542c57212f6bb","labels":{"instanceId":"0067430fbd7af03cb17d92900b5f3305989a61b2bd445dd81108ccfd0293c2aeb5c985f7ae593a5d75291bf8faf2b546eff48eec5f9779a88bd23cf4a59c0f70bf36"},"logName":"projects/muni-production-f8e72/logs/run.googleapis.com%2Frequests","receiveTimestamp":"2022-05-06T08:33:08.349240259Z","resource":{"labels":{"configuration_name":"muni-front","location":"asia-northeast1","project_id":"muni-production-f8e72","revision_name":"muni-front-jq7fz","service_name":"muni-front"},"type":"cloud_run_revision"},"severity":"INFO","timestamp":"2022-05-06T08:33:08.344773Z","trace":"projects/muni-production-f8e72/traces/15ebb061f3e62818e357004444826916"}
{"httpRequest":{"latency":"0.004223152s","protocol":"HTTP/1.1","remoteIp":"54.187.227.179","requestMethod":"GET","requestSize":"467","requestUrl":"https://muni.ink/favicon.ico","responseSize":"2557","serverIp":"35.241.42.228","status":200,"userAgent":"Mozilla/5.0 (X11; Linux x86_64) AppleWebKit/537.36 (KHTML, like Gecko) Chrome/83.0.4103.97 Safari/537.36"},"insertId":"6274dc810008d7d4926cc401","labels":{"instanceId":"0067430fbd7af03cb17d92900b5f3305989a61b2bd445dd81108ccfd0293c2aeb5c985f7ae593a5d75291bf8faf2b546eff48eec5f9779a88bd23cf4a59c0f70bf36"},"logName":"projects/muni-production-f8e72/logs/run.googleapis.com%2Frequests","receiveTimestamp":"2022-05-06T08:29:53.762636948Z","resource":{"labels":{"configuration_name":"muni-front","location":"asia-northeast1","project_id":"muni-production-f8e72","revision_name":"muni-front-jq7fz","service_name":"muni-front"},"type":"cloud_run_revision"},"severity":"INFO","timestamp":"2022-05-06T08:29:53.579540Z","trace":"projects/muni-production-f8e72/traces/265dc600c36919ebc748bf1b1102add1"}
{"httpRequest":{"latency":"0.004230560s","protocol":"HTTP/1.1","referer":"http://muni.ink/favicon.ico","remoteIp":"54.212.117.238","requestMethod":"GET","requestSize":"503","requestUrl":"https://muni.ink/favicon.ico","responseSize":"2557","serverIp":"35.241.42.228","status":200,"userAgent":"Mozilla/5.0 (X11; Linux x86_64) AppleWebKit/537.36 (KHTML, like Gecko) Chrome/83.0.4103.97 Safari/537.36"},"insertId":"6274dc730007ff88cb8cc00c","labels":{"instanceId":"0067430fbd7af03cb17d92900b5f3305989a61b2bd445dd81108ccfd0293c2aeb5c985f7ae593a5d75291bf8faf2b546eff48eec5f9779a88bd23cf4a59c0f70bf36"},"logName":"projects/muni-production-f8e72/logs/run.googleapis.com%2Frequests","receiveTimestamp":"2022-05-06T08:29:39.775183492Z","resource":{"labels":{"configuration_name":"muni-front","location":"asia-northeast1","project_id":"muni-production-f8e72","revision_name":"muni-front-jq7fz","service_name":"muni-front"},"type":"cloud_run_revision"},"severity":"INFO","timestamp":"2022-05-06T08:29:39.524168Z","trace":"projects/muni-production-f8e72/traces/11d2d3cba35bc5ac90d417ecca16eeda"}
{"httpRequest":{"latency":"0.005070838s","protocol":"HTTP/1.1","remoteIp":"52.39.235.80","requestMethod":"GET","requestSize":"454","requestUrl":"https://muni.ink/","responseSize":"6077","serverIp":"35.241.42.228","status":200,"userAgent":"Mozilla/5.0 (X11; Linux x86_64) AppleWebKit/537.36 (KHTML, like Gecko) Chrome/83.0.4103.97 Safari/537.36"},"insertId":"6274dc69000bee140280e40f","labels":{"instanceId":"0067430fbd7af03cb17d92900b5f3305989a61b2bd445dd81108ccfd0293c2aeb5c985f7ae593a5d75291bf8faf2b546eff48eec5f9779a88bd23cf4a59c0f70bf36"},"logName":"projects/muni-production-f8e72/logs/run.googleapis.com%2Frequests","receiveTimestamp":"2022-05-06T08:29:29.784180587Z","resource":{"labels":{"configuration_name":"muni-front","location":"asia-northeast1","project_id":"muni-production-f8e72","revision_name":"muni-front-jq7fz","service_name":"muni-front"},"type":"cloud_run_revision"},"severity":"INFO","timestamp":"2022-05-06T08:29:29.781844Z","trace":"projects/muni-production-f8e72/traces/98162650aa884d0c27c33b969d8142bd"}
{"httpRequest":{"latency":"0.002620923s","protocol":"HTTP/1.1","referer":"https://muni.ink/","remoteIp":"220.100.26.172","requestMethod":"GET","requestSize":"1072","requestUrl":"https://muni.ink/favicon.ico","responseSize":"722","serverIp":"35.241.42.228","status":304,"userAgent":"Mozilla/5.0 (Linux; Android 12; Pixel 5) AppleWebKit/537.36 (KHTML, like Gecko) Chrome/101.0.4951.41 Mobile Safari/537.36"},"insertId":"6274dc4f00008715a0b44e27","labels":{"instanceId":"0067430fbd7af03cb17d92900b5f3305989a61b2bd445dd81108ccfd0293c2aeb5c985f7ae593a5d75291bf8faf2b546eff48eec5f9779a88bd23cf4a59c0f70bf36"},"logName":"projects/muni-production-f8e72/logs/run.googleapis.com%2Frequests","receiveTimestamp":"2022-05-06T08:29:03.240745385Z","resource":{"labels":{"configuration_name":"muni-front","location":"asia-northeast1","project_id":"muni-production-f8e72","revision_name":"muni-front-jq7fz","service_name":"muni-front"},"type":"cloud_run_revision"},"severity":"INFO","timestamp":"2022-05-06T08:29:03.034581Z","trace":"projects/muni-production-f8e72/traces/ce33d5b14885c1380b6454f395fbf199"}
{"httpRequest":{"latency":"0.078156899s","protocol":"HTTP/1.1","referer":"https://muni.ink/","remoteIp":"220.100.26.172","requestMethod":"POST","requestSize":"881","requestUrl":"https://api.muni.ink/user","responseSize":"2412","serverIp":"35.241.42.228","status":200,"userAgent":"Mozilla/5.0 (Linux; Android 12; Pixel 5) AppleWebKit/537.36 (KHTML, like Gecko) Chrome/101.0.4951.41 Mobile Safari/537.36"},"insertId":"6274dc4d0008f86f41bc8e02","labels":{"instanceId":"0067430fbdf8497301732486903449ce1ad928680c0f0325f15430c7bed22be2f601789463027844e3f1a908a21bd50a24d6eb57beb97b1070da88a46d5bf9dc8679"},"logName":"projects/muni-production-f8e72/logs/run.googleapis.com%2Frequests","receiveTimestamp":"2022-05-06T08:29:01.711474862Z","resource":{"labels":{"configuration_name":"muni-back","location":"asia-northeast1","project_id":"muni-production-f8e72","revision_name":"muni-back-hpgtt","service_name":"muni-back"},"type":"cloud_run_revision"},"severity":"INFO","timestamp":"2022-05-06T08:29:01.587887Z","trace":"projects/muni-production-f8e72/traces/63ee9020f0f1543fa2079445d2625cf1"}
{"insertId":"6274dc4d0008f292878fd53a","jsonPayload":{"firebaseId":"toritoritori29","ident":"SUCCESS_TO_FIND","level":"INFO","message":"User found.","method":"UserAPI","timestamp":"2022-5-6 8:29:1"},"labels":{"instanceId":"0067430fbdf8497301732486903449ce1ad928680c0f0325f15430c7bed22be2f601789463027844e3f1a908a21bd50a24d6eb57beb97b1070da88a46d5bf9dc8679"},"logName":"projects/muni-production-f8e72/logs/run.googleapis.com%2Fstdout","receiveTimestamp":"2022-05-06T08:29:01.632918345Z","resource":{"labels":{"configuration_name":"muni-back","location":"asia-northeast1","project_id":"muni-production-f8e72","revision_name":"muni-back-hpgtt","service_name":"muni-back"},"type":"cloud_run_revision"},"timestamp":"2022-05-06T08:29:01.586386Z"}
{"insertId":"6274dc4d0008f27ef6746b83","jsonPayload":{"ident":"FETCH_USER","level":"INFO","message":"Complete fetching user data.","method":"UserAPI","timestamp":"2022-5-6 8:29:1"},"labels":{"instanceId":"0067430fbdf8497301732486903449ce1ad928680c0f0325f15430c7bed22be2f601789463027844e3f1a908a21bd50a24d6eb57beb97b1070da88a46d5bf9dc8679"},"logName":"projects/muni-production-f8e72/logs/run.googleapis.com%2Fstdout","receiveTimestamp":"2022-05-06T08:29:01.632918345Z","resource":{"labels":{"configuration_name":"muni-back","location":"asia-northeast1","project_id":"muni-production-f8e72","revision_name":"muni-back-hpgtt","service_name":"muni-back"},"type":"cloud_run_revision"},"timestamp":"2022-05-06T08:29:01.586366Z"}
{"insertId":"6274dc4d000842b25a67d492","jsonPayload":{"firebaseId":"toritoritori29","ident":"FILTERING_WORKS","level":"INFO","message":"Search works link to the user.","method":"UserAPI","timestamp":"2022-5-6 8:29:1"},"labels":{"instanceId":"0067430fbdf8497301732486903449ce1ad928680c0f0325f15430c7bed22be2f601789463027844e3f1a908a21bd50a24d6eb57beb97b1070da88a46d5bf9dc8679"},"logName":"projects/muni-production-f8e72/logs/run.googleapis.com%2Fstdout","receiveTimestamp":"2022-05-06T08:29:01.632918345Z","resource":{"labels":{"configuration_name":"muni-back","location":"asia-northeast1","project_id":"muni-production-f8e72","revision_name":"muni-back-hpgtt","service_name":"muni-back"},"type":"cloud_run_revision"},"timestamp":"2022-05-06T08:29:01.541362Z"}
{"insertId":"6274dc4d0007d51ca01e3d31","jsonPayload":{"ident":"RECIEVE","level":"INFO","message":"Recieve the work post request.","method":"UserAPI","timestamp":"2022-5-6 8:29:1"},"labels":{"instanceId":"0067430fbdf8497301732486903449ce1ad928680c0f0325f15430c7bed22be2f601789463027844e3f1a908a21bd50a24d6eb57beb97b1070da88a46d5bf9dc8679"},"logName":"projects/muni-production-f8e72/logs/run.googleapis.com%2Fstdout","receiveTimestamp":"2022-05-06T08:29:01.632918345Z","resource":{"labels":{"configuration_name":"muni-back","location":"asia-northeast1","project_id":"muni-production-f8e72","revision_name":"muni-back-hpgtt","service_name":"muni-back"},"type":"cloud_run_revision"},"timestamp":"2022-05-06T08:29:01.513308Z"}
{"httpRequest":{"latency":"0.002533385s","protocol":"HTTP/1.1","referer":"https://muni.ink/","remoteIp":"220.100.26.172","requestMethod":"OPTIONS","requestSize":"751","requestUrl":"https://api.muni.ink/user","responseSize":"853","serverIp":"35.241.42.228","status":204,"userAgent":"Mozilla/5.0 (Linux; Android 12; Pixel 5) AppleWebKit/537.36 (KHTML, like Gecko) Chrome/101.0.4951.41 Mobile Safari/537.36"},"insertId":"6274dc4d000757ab89e5d84c","labels":{"instanceId":"0067430fbdf8497301732486903449ce1ad928680c0f0325f15430c7bed22be2f601789463027844e3f1a908a21bd50a24d6eb57beb97b1070da88a46d5bf9dc8679"},"logName":"projects/muni-production-f8e72/logs/run.googleapis.com%2Frequests","receiveTimestamp":"2022-05-06T08:29:01.711474862Z","resource":{"labels":{"configuration_name":"muni-back","location":"asia-northeast1","project_id":"muni-production-f8e72","revision_name":"muni-back-hpgtt","service_name":"muni-back"},"type":"cloud_run_revision"},"severity":"INFO","timestamp":"2022-05-06T08:29:01.481195Z","trace":"projects/muni-production-f8e72/traces/b962050469225db02dd41b8f01898630"}
{"httpRequest":{"latency":"0.004494139s","protocol":"HTTP/1.1","referer":"https://muni.ink/","remoteIp":"220.100.26.172","requestMethod":"GET","requestSize":"1084","requestUrl":"https://muni.ink/_next/image?url=%2Flogo_horizontal.png&w=384&q=75","responseSize":"709","serverIp":"35.241.42.228","status":304,"userAgent":"Mozilla/5.0 (Linux; Android 12; Pixel 5) AppleWebKit/537.36 (KHTML, like Gecko) Chrome/101.0.4951.41 Mobile Safari/537.36"},"insertId":"6274dc4c0009118f9fe6515d","labels":{"instanceId":"0067430fbd7af03cb17d92900b5f3305989a61b2bd445dd81108ccfd0293c2aeb5c985f7ae593a5d75291bf8faf2b546eff48eec5f9779a88bd23cf4a59c0f70bf36"},"logName":"projects/muni-production-f8e72/logs/run.googleapis.com%2Frequests","receiveTimestamp":"2022-05-06T08:29:00.906841110Z","resource":{"labels":{"configuration_name":"muni-front","location":"asia-northeast1","project_id":"muni-production-f8e72","revision_name":"muni-front-jq7fz","service_name":"muni-front"},"type":"cloud_run_revision"},"severity":"INFO","timestamp":"2022-05-06T08:29:00.594319Z","trace":"projects/muni-production-f8e72/traces/60e7d372b02d885f73562a565fe6c9a7"}
{"httpRequest":{"latency":"0.110442973s","protocol":"HTTP/1.1","referer":"https://muni.ink/","remoteIp":"220.100.26.172","requestMethod":"POST","requestSize":"863","requestUrl":"https://api.muni.ink/recent","responseSize":"12342","serverIp":"35.241.42.228","status":200,"userAgent":"Mozilla/5.0 (Linux; Android 12; Pixel 5) AppleWebKit/537.36 (KHTML, like Gecko) Chrome/101.0.4951.41 Mobile Safari/537.36"},"insertId":"6274dc4c0008ecda2913eb76","labels":{"instanceId":"0067430fbdf8497301732486903449ce1ad928680c0f0325f15430c7bed22be2f601789463027844e3f1a908a21bd50a24d6eb57beb97b1070da88a46d5bf9dc8679"},"logName":"projects/muni-production-f8e72/logs/run.googleapis.com%2Frequests","receiveTimestamp":"2022-05-06T08:29:00.715415100Z","resource":{"labels":{"configuration_name":"muni-back","location":"asia-northeast1","project_id":"muni-production-f8e72","revision_name":"muni-back-hpgtt","service_name":"muni-back"},"type":"cloud_run_revision"},"severity":"INFO","timestamp":"2022-05-06T08:29:00.584922Z","trace":"projects/muni-production-f8e72/traces/b635d4edfe2cd5d388c8fe317bb1d137"}
{"insertId":"6274dc4c0008e6431a89b387","jsonPayload":{"ident":"FETCH_SUCCESS","level":"INFO","message":"Success to fetch.","method":"RecentPostAPI","timestamp":"2022-5-6 8:29:0"},"labels":{"instanceId":"0067430fbdf8497301732486903449ce1ad928680c0f0325f15430c7bed22be2f601789463027844e3f1a908a21bd50a24d6eb57beb97b1070da88a46d5bf9dc8679"},"logName":"projects/muni-production-f8e72/logs/run.googleapis.com%2Fstdout","receiveTimestamp":"2022-05-06T08:29:00.633612880Z","resource":{"labels":{"configuration_name":"muni-back","location":"asia-northeast1","project_id":"muni-production-f8e72","revision_name":"muni-back-hpgtt","service_name":"muni-back"},"type":"cloud_run_revision"},"timestamp":"2022-05-06T08:29:00.583235Z"}
{"httpRequest":{"latency":"0.004953554s","protocol":"HTTP/1.1","referer":"https://muni.ink/","remoteIp":"220.100.26.172","requestMethod":"GET","requestSize":"1082","requestUrl":"https://muni.ink/_next/image?url=%2Flogo_landing.png&w=384&q=75","responseSize":"709","serverIp":"35.241.42.228","status":304,"userAgent":"Mozilla/5.0 (Linux; Android 12; Pixel 5) AppleWebKit/537.36 (KHTML, like Gecko) Chrome/101.0.4951.41 Mobile Safari/537.36"},"insertId":"6274dc4c0008bf5fc8b0583a","labels":{"instanceId":"0067430fbd7af03cb17d92900b5f3305989a61b2bd445dd81108ccfd0293c2aeb5c985f7ae593a5d75291bf8faf2b546eff48eec5f9779a88bd23cf4a59c0f70bf36"},"logName":"projects/muni-production-f8e72/logs/run.googleapis.com%2Frequests","receiveTimestamp":"2022-05-06T08:29:00.578195508Z","resource":{"labels":{"configuration_name":"muni-front","location":"asia-northeast1","project_id":"muni-production-f8e72","revision_name":"muni-front-jq7fz","service_name":"muni-front"},"type":"cloud_run_revision"},"severity":"INFO","timestamp":"2022-05-06T08:29:00.573279Z","trace":"projects/muni-production-f8e72/traces/ad1963c88d6fbfc9357b0c2faf716184"}
{"insertId":"6274dc4c0007439228a3fb91","jsonPayload":{"ident":"RECIEVE","level":"INFO","message":"Recieve the recent posted works request.","method":"RecentPostAPI","timestamp":"2022-5-6 8:29:0"},"labels":{"instanceId":"0067430fbdf8497301732486903449ce1ad928680c0f0325f15430c7bed22be2f601789463027844e3f1a908a21bd50a24d6eb57beb97b1070da88a46d5bf9dc8679"},"logName":"projects/muni-production-f8e72/logs/run.googleapis.com%2Fstdout","receiveTimestamp":"2022-05-06T08:29:00.633612880Z","resource":{"labels":{"configuration_name":"muni-back","location":"asia-northeast1","project_id":"muni-production-f8e72","revision_name":"muni-back-hpgtt","service_name":"muni-back"},"type":"cloud_run_revision"},"timestamp":"2022-05-06T08:29:00.476050Z"}
{"httpRequest":{"latency":"0.148053945s","protocol":"HTTP/1.1","referer":"https://muni.ink/","remoteIp":"220.100.26.172","requestMethod":"POST","requestSize":"863","requestUrl":"https://api.muni.ink/recent","responseSize":"12342","serverIp":"35.241.42.228","status":200,"userAgent":"Mozilla/5.0 (Linux; Android 12; Pixel 5) AppleWebKit/537.36 (KHTML, like Gecko) Chrome/101.0.4951.41 Mobile Safari/537.36"},"insertId":"6274dc4a0008b75d10f8063f","labels":{"instanceId":"0067430fbdf8497301732486903449ce1ad928680c0f0325f15430c7bed22be2f601789463027844e3f1a908a21bd50a24d6eb57beb97b1070da88a46d5bf9dc8679"},"logName":"projects/muni-production-f8e72/logs/run.googleapis.com%2Frequests","receiveTimestamp":"2022-05-06T08:28:58.714457234Z","resource":{"labels":{"configuration_name":"muni-back","location":"asia-northeast1","project_id":"muni-production-f8e72","revision_name":"muni-back-hpgtt","service_name":"muni-back"},"type":"cloud_run_revision"},"severity":"INFO","timestamp":"2022-05-06T08:28:58.571229Z","trace":"projects/muni-production-f8e72/traces/a0656b80d8525bf182f1a010457a87fa"}
{"insertId":"6274dc4a0008b11ee35ca66e","jsonPayload":{"ident":"FETCH_SUCCESS","level":"INFO","message":"Success to fetch.","method":"RecentPostAPI","timestamp":"2022-5-6 8:28:58"},"labels":{"instanceId":"0067430fbdf8497301732486903449ce1ad928680c0f0325f15430c7bed22be2f601789463027844e3f1a908a21bd50a24d6eb57beb97b1070da88a46d5bf9dc8679"},"logName":"projects/muni-production-f8e72/logs/run.googleapis.com%2Fstdout","receiveTimestamp":"2022-05-06T08:28:58.637622911Z","resource":{"labels":{"configuration_name":"muni-back","location":"asia-northeast1","project_id":"muni-production-f8e72","revision_name":"muni-back-hpgtt","service_name":"muni-back"},"type":"cloud_run_revision"},"timestamp":"2022-05-06T08:28:58.569630Z"}
{"insertId":"6274dc4a00067b24f50cbeba","jsonPayload":{"ident":"RECIEVE","level":"INFO","message":"Recieve the recent posted works request.","method":"RecentPostAPI","timestamp":"2022-5-6 8:28:58"},"labels":{"instanceId":"0067430fbdf8497301732486903449ce1ad928680c0f0325f15430c7bed22be2f601789463027844e3f1a908a21bd50a24d6eb57beb97b1070da88a46d5bf9dc8679"},"logName":"projects/muni-production-f8e72/logs/run.googleapis.com%2Fstdout","receiveTimestamp":"2022-05-06T08:28:58.637622911Z","resource":{"labels":{"configuration_name":"muni-back","location":"asia-northeast1","project_id":"muni-production-f8e72","revision_name":"muni-back-hpgtt","service_name":"muni-back"},"type":"cloud_run_revision"},"timestamp":"2022-05-06T08:28:58.424740Z"}
{"httpRequest":{"latency":"0.002492540s","protocol":"HTTP/1.1","referer":"https://muni.ink/","remoteIp":"220.100.26.172","requestMethod":"OPTIONS","requestSize":"752","requestUrl":"https://api.muni.ink/recent","responseSize":"853","serverIp":"35.241.42.228","status":204,"userAgent":"Mozilla/5.0 (Linux; Android 12; Pixel 5) AppleWebKit/537.36 (KHTML, like Gecko) Chrome/101.0.4951.41 Mobile Safari/537.36"},"insertId":"6274dc4a0005b63fdbbe3e60","labels":{"instanceId":"0067430fbdf8497301732486903449ce1ad928680c0f0325f15430c7bed22be2f601789463027844e3f1a908a21bd50a24d6eb57beb97b1070da88a46d5bf9dc8679"},"logName":"projects/muni-production-f8e72/logs/run.googleapis.com%2Frequests","receiveTimestamp":"2022-05-06T08:28:58.386465043Z","resource":{"labels":{"configuration_name":"muni-back","location":"asia-northeast1","project_id":"muni-production-f8e72","revision_name":"muni-back-hpgtt","service_name":"muni-back"},"type":"cloud_run_revision"},"severity":"INFO","timestamp":"2022-05-06T08:28:58.374335Z","trace":"projects/muni-production-f8e72/traces/e6af32d6dc8c167b3e5594b8b17bdb91"}
{"httpRequest":{"latency":"0.380793213s","protocol":"HTTP/1.1","referer":"https://muni.ink/","remoteIp":"175.177.42.32","requestMethod":"GET","requestSize":"768","requestUrl":"https://storage.muni.ink/work/dn2k3lsaUfo2LSDUbXOy?thumbnail=true","responseSize":"8049","serverIp":"35.241.42.228","status":200,"userAgent":"Mozilla/5.0 (iPhone; CPU iPhone OS 15_4 like Mac OS X) AppleWebKit/605.1.15 (KHTML, like Gecko) GSA/210.0.444145502 Mobile/15E148 Safari/604.1"},"insertId":"6274dc3b000d10f516f28166","labels":{"instanceId":"0067430fbdf8497301732486903449ce1ad928680c0f0325f15430c7bed22be2f601789463027844e3f1a908a21bd50a24d6eb57beb97b1070da88a46d5bf9dc8679"},"logName":"projects/muni-production-f8e72/logs/run.googleapis.com%2Frequests","receiveTimestamp":"2022-05-06T08:28:44.064877467Z","resource":{"labels":{"configuration_name":"muni-back","location":"asia-northeast1","project_id":"muni-production-f8e72","revision_name":"muni-back-hpgtt","service_name":"muni-back"},"type":"cloud_run_revision"},"severity":"INFO","timestamp":"2022-05-06T08:28:43.856309Z","trace":"projects/muni-production-f8e72/traces/17c02b98ecbb51f0bf69e07844d6c2e6"}
{"insertId":"6274dc3b000d0b391f14de11","jsonPayload":{"ident":"COMPLETE","level":"INFO","message":"Success to fetch optimized image","method":"WorkAPI","timestamp":"2022-5-6 8:28:43","workId":"dn2k3lsaUfo2LSDUbXOy"},"labels":{"instanceId":"0067430fbdf8497301732486903449ce1ad928680c0f0325f15430c7bed22be2f601789463027844e3f1a908a21bd50a24d6eb57beb97b1070da88a46d5bf9dc8679"},"logName":"projects/muni-production-f8e72/logs/run.googleapis.com%2Fstdout","receiveTimestamp":"2022-05-06T08:28:43.984384419Z","resource":{"labels":{"configuration_name":"muni-back","location":"asia-northeast1","project_id":"muni-production-f8e72","revision_name":"muni-back-hpgtt","service_name":"muni-back"},"type":"cloud_run_revision"},"timestamp":"2022-05-06T08:28:43.854841Z"}
{"httpRequest":{"latency":"0.331768035s","protocol":"HTTP/1.1","referer":"https://muni.ink/","remoteIp":"175.177.42.32","requestMethod":"GET","requestSize":"769","requestUrl":"https://storage.muni.ink/work/fl9Yi9oeDbcDJtVIW8gb?thumbnail=true","responseSize":"18106","serverIp":"35.241.42.228","status":200,"userAgent":"Mozilla/5.0 (iPhone; CPU iPhone OS 15_4 like Mac OS X) AppleWebKit/605.1.15 (KHTML, like Gecko) GSA/210.0.444145502 Mobile/15E148 Safari/604.1"},"insertId":"6274dc3b000c50f5fdb42bd5","labels":{"instanceId":"0067430fbdf8497301732486903449ce1ad928680c0f0325f15430c7bed22be2f601789463027844e3f1a908a21bd50a24d6eb57beb97b1070da88a46d5bf9dc8679"},"logName":"projects/muni-production-f8e72/logs/run.googleapis.com%2Frequests","receiveTimestamp":"2022-05-06T08:28:44.064877467Z","resource":{"labels":{"configuration_name":"muni-back","location":"asia-northeast1","project_id":"muni-production-f8e72","revision_name":"muni-back-hpgtt","service_name":"muni-back"},"type":"cloud_run_revision"},"severity":"INFO","timestamp":"2022-05-06T08:28:43.807157Z","trace":"projects/muni-production-f8e72/traces/676242e40df0a04172f46e66b19a4b69"}
{"insertId":"6274dc3b000c4c1830a0c565","jsonPayload":{"ident":"COMPLETE","level":"INFO","message":"Success to fetch optimized image","method":"WorkAPI","timestamp":"2022-5-6 8:28:43","workId":"fl9Yi9oeDbcDJtVIW8gb"},"labels":{"instanceId":"0067430fbdf8497301732486903449ce1ad928680c0f0325f15430c7bed22be2f601789463027844e3f1a908a21bd50a24d6eb57beb97b1070da88a46d5bf9dc8679"},"logName":"projects/muni-production-f8e72/logs/run.googleapis.com%2Fstdout","receiveTimestamp":"2022-05-06T08:28:43.984384419Z","resource":{"labels":{"configuration_name":"muni-back","location":"asia-northeast1","project_id":"muni-production-f8e72","revision_name":"muni-back-hpgtt","service_name":"muni-back"},"type":"cloud_run_revision"},"timestamp":"2022-05-06T08:28:43.805912Z"}
{"httpRequest":{"latency":"0.321337118s","protocol":"HTTP/1.1","referer":"https://muni.ink/","remoteIp":"175.177.42.32","requestMethod":"GET","requestSize":"769","requestUrl":"https://storage.muni.ink/work/fsT01QqiRPvCmNZgPeti?thumbnail=true","responseSize":"4071","serverIp":"35.241.42.228","status":200,"userAgent":"Mozilla/5.0 (iPhone; CPU iPhone OS 15_4 like Mac OS X) AppleWebKit/605.1.15 (KHTML, like Gecko) GSA/210.0.444145502 Mobile/15E148 Safari/604.1"},"insertId":"6274dc3b000ad15e3b4658a9","labels":{"instanceId":"0067430fbdf8497301732486903449ce1ad928680c0f0325f15430c7bed22be2f601789463027844e3f1a908a21bd50a24d6eb57beb97b1070da88a46d5bf9dc8679"},"logName":"projects/muni-production-f8e72/logs/run.googleapis.com%2Frequests","receiveTimestamp":"2022-05-06T08:28:43.731015657Z","resource":{"labels":{"configuration_name":"muni-back","location":"asia-northeast1","project_id":"muni-production-f8e72","revision_name":"muni-back-hpgtt","service_name":"muni-back"},"type":"cloud_run_revision"},"severity":"INFO","timestamp":"2022-05-06T08:28:43.708958Z","trace":"projects/muni-production-f8e72/traces/44ef6e0bdf06d74170177c98e94cedc9"}
{"insertId":"6274dc3b000acc2e44762b92","jsonPayload":{"ident":"COMPLETE","level":"INFO","message":"Success to fetch optimized image","method":"WorkAPI","timestamp":"2022-5-6 8:28:43","workId":"fsT01QqiRPvCmNZgPeti"},"labels":{"instanceId":"0067430fbdf8497301732486903449ce1ad928680c0f0325f15430c7bed22be2f601789463027844e3f1a908a21bd50a24d6eb57beb97b1070da88a46d5bf9dc8679"},"logName":"projects/muni-production-f8e72/logs/run.googleapis.com%2Fstdout","receiveTimestamp":"2022-05-06T08:28:43.984384419Z","resource":{"labels":{"configuration_name":"muni-back","location":"asia-northeast1","project_id":"muni-production-f8e72","revision_name":"muni-back-hpgtt","service_name":"muni-back"},"type":"cloud_run_revision"},"timestamp":"2022-05-06T08:28:43.707630Z"}
{"insertId":"6274dc3b00074a4c38689104","jsonPayload":{"ident":"RECIEVED","level":"INFO","message":"Request recieved for dn2k3lsaUfo2LSDUbXOy.","method":"WorkAPI","timestamp":"2022-5-6 8:28:43","workId":"dn2k3lsaUfo2LSDUbXOy"},"labels":{"instanceId":"0067430fbdf8497301732486903449ce1ad928680c0f0325f15430c7bed22be2f601789463027844e3f1a908a21bd50a24d6eb57beb97b1070da88a46d5bf9dc8679"},"logName":"projects/muni-production-f8e72/logs/run.googleapis.com%2Fstdout","receiveTimestamp":"2022-05-06T08:28:43.650804035Z","resource":{"labels":{"configuration_name":"muni-back","location":"asia-northeast1","project_id":"muni-production-f8e72","revision_name":"muni-back-hpgtt","service_name":"muni-back"},"type":"cloud_run_revision"},"timestamp":"2022-05-06T08:28:43.477772Z"}
{"insertId":"6274dc3b00074603a40f2ed6","jsonPayload":{"ident":"RECIEVED","level":"INFO","message":"Request recieved for fl9Yi9oeDbcDJtVIW8gb.","method":"WorkAPI","timestamp":"2022-5-6 8:28:43","workId":"fl9Yi9oeDbcDJtVIW8gb"},"labels":{"instanceId":"0067430fbdf8497301732486903449ce1ad928680c0f0325f15430c7bed22be2f601789463027844e3f1a908a21bd50a24d6eb57beb97b1070da88a46d5bf9dc8679"},"logName":"projects/muni-production-f8e72/logs/run.googleapis.com%2Fstdout","receiveTimestamp":"2022-05-06T08:28:43.650804035Z","resource":{"labels":{"configuration_name":"muni-back","location":"asia-northeast1","project_id":"muni-production-f8e72","revision_name":"muni-back-hpgtt","service_name":"muni-back"},"type":"cloud_run_revision"},"timestamp":"2022-05-06T08:28:43.476675Z"}
{"insertId":"6274dc3b0005ef2dd6b3e80a","jsonPayload":{"ident":"RECIEVED","level":"INFO","message":"Request recieved for fsT01QqiRPvCmNZgPeti.","method":"WorkAPI","timestamp":"2022-5-6 8:28:43","workId":"fsT01QqiRPvCmNZgPeti"},"labels":{"instanceId":"0067430fbdf8497301732486903449ce1ad928680c0f0325f15430c7bed22be2f601789463027844e3f1a908a21bd50a24d6eb57beb97b1070da88a46d5bf9dc8679"},"logName":"projects/muni-production-f8e72/logs/run.googleapis.com%2Fstdout","receiveTimestamp":"2022-05-06T08:28:43.650804035Z","resource":{"labels":{"configuration_name":"muni-back","location":"asia-northeast1","project_id":"muni-production-f8e72","revision_name":"muni-back-hpgtt","service_name":"muni-back"},"type":"cloud_run_revision"},"timestamp":"2022-05-06T08:28:43.388909Z"}
{"httpRequest":{"latency":"0.365916529s","protocol":"HTTP/1.1","referer":"https://muni.ink/","remoteIp":"175.177.42.32","requestMethod":"GET","requestSize":"768","requestUrl":"https://storage.muni.ink/work/ZC83waIWY3aHP7JlvWlQ?thumbnail=true","responseSize":"97072","serverIp":"35.241.42.228","status":200,"userAgent":"Mozilla/5.0 (iPhone; CPU iPhone OS 15_4 like Mac OS X) AppleWebKit/605.1.15 (KHTML, like Gecko) GSA/210.0.444145502 Mobile/15E148 Safari/604.1"},"insertId":"6274dc39000963def4aeb006","labels":{"instanceId":"0067430fbdf8497301732486903449ce1ad928680c0f0325f15430c7bed22be2f601789463027844e3f1a908a21bd50a24d6eb57beb97b1070da88a46d5bf9dc8679"},"logName":"projects/muni-production-f8e72/logs/run.googleapis.com%2Frequests","receiveTimestamp":"2022-05-06T08:28:41.733385406Z","resource":{"labels":{"configuration_name":"muni-back","location":"asia-northeast1","project_id":"muni-production-f8e72","revision_name":"muni-back-hpgtt","service_name":"muni-back"},"type":"cloud_run_revision"},"severity":"INFO","timestamp":"2022-05-06T08:28:41.615390Z","trace":"projects/muni-production-f8e72/traces/11739cd38a1fab2b2cd2213706ed9577"}
{"insertId":"6274dc3900095dd6093d3079","jsonPayload":{"ident":"COMPLETE","level":"INFO","message":"Success to fetch optimized image","method":"WorkAPI","timestamp":"2022-5-6 8:28:41","workId":"ZC83waIWY3aHP7JlvWlQ"},"labels":{"instanceId":"0067430fbdf8497301732486903449ce1ad928680c0f0325f15430c7bed22be2f601789463027844e3f1a908a21bd50a24d6eb57beb97b1070da88a46d5bf9dc8679"},"logName":"projects/muni-production-f8e72/logs/run.googleapis.com%2Fstdout","receiveTimestamp":"2022-05-06T08:28:41.653043948Z","resource":{"labels":{"configuration_name":"muni-back","location":"asia-northeast1","project_id":"muni-production-f8e72","revision_name":"muni-back-hpgtt","service_name":"muni-back"},"type":"cloud_run_revision"},"timestamp":"2022-05-06T08:28:41.613846Z"}
{"httpRequest":{"latency":"0.402515377s","protocol":"HTTP/1.1","referer":"https://muni.ink/","remoteIp":"175.177.42.32","requestMethod":"GET","requestSize":"769","requestUrl":"https://storage.muni.ink/work/K9kCjzti2G92vd3aR3xH?thumbnail=true","responseSize":"45100","serverIp":"35.241.42.228","status":200,"userAgent":"Mozilla/5.0 (iPhone; CPU iPhone OS 15_4 like Mac OS X) AppleWebKit/605.1.15 (KHTML, like Gecko) GSA/210.0.444145502 Mobile/15E148 Safari/604.1"},"insertId":"6274dc390008e3f21777b261","labels":{"instanceId":"0067430fbdf8497301732486903449ce1ad928680c0f0325f15430c7bed22be2f601789463027844e3f1a908a21bd50a24d6eb57beb97b1070da88a46d5bf9dc8679"},"logName":"projects/muni-production-f8e72/logs/run.googleapis.com%2Frequests","receiveTimestamp":"2022-05-06T08:28:41.733385406Z","resource":{"labels":{"configuration_name":"muni-back","location":"asia-northeast1","project_id":"muni-production-f8e72","revision_name":"muni-back-hpgtt","service_name":"muni-back"},"type":"cloud_run_revision"},"severity":"INFO","timestamp":"2022-05-06T08:28:41.582642Z","trace":"projects/muni-production-f8e72/traces/6857e6b3a1cd698ba0822680aec14120"}
{"insertId":"6274dc390008de85153805ce","jsonPayload":{"ident":"COMPLETE","level":"INFO","message":"Success to fetch optimized image","method":"WorkAPI","timestamp":"2022-5-6 8:28:41","workId":"K9kCjzti2G92vd3aR3xH"},"labels":{"instanceId":"0067430fbdf8497301732486903449ce1ad928680c0f0325f15430c7bed22be2f601789463027844e3f1a908a21bd50a24d6eb57beb97b1070da88a46d5bf9dc8679"},"logName":"projects/muni-production-f8e72/logs/run.googleapis.com%2Fstdout","receiveTimestamp":"2022-05-06T08:28:41.653043948Z","resource":{"labels":{"configuration_name":"muni-back","location":"asia-northeast1","project_id":"muni-production-f8e72","revision_name":"muni-back-hpgtt","service_name":"muni-back"},"type":"cloud_run_revision"},"timestamp":"2022-05-06T08:28:41.581253Z"}
{"httpRequest":{"latency":"0.359763301s","protocol":"HTTP/1.1","referer":"https://muni.ink/","remoteIp":"175.177.42.32","requestMethod":"GET","requestSize":"768","requestUrl":"https://storage.muni.ink/work/MQqOxPo6g5YbBcH2qWFG?thumbnail=true","responseSize":"15718","serverIp":"35.241.42.228","status":200,"userAgent":"Mozilla/5.0 (iPhone; CPU iPhone OS 15_4 like Mac OS X) AppleWebKit/605.1.15 (KHTML, like Gecko) GSA/210.0.444145502 Mobile/15E148 Safari/604.1"},"insertId":"6274dc3900083c99e4973736","labels":{"instanceId":"0067430fbdf8497301732486903449ce1ad928680c0f0325f15430c7bed22be2f601789463027844e3f1a908a21bd50a24d6eb57beb97b1070da88a46d5bf9dc8679"},"logName":"projects/muni-production-f8e72/logs/run.googleapis.com%2Frequests","receiveTimestamp":"2022-05-06T08:28:41.733385406Z","resource":{"labels":{"configuration_name":"muni-back","location":"asia-northeast1","project_id":"muni-production-f8e72","revision_name":"muni-back-hpgtt","service_name":"muni-back"},"type":"cloud_run_revision"},"severity":"INFO","timestamp":"2022-05-06T08:28:41.539801Z","trace":"projects/muni-production-f8e72/traces/1b99e84c65808ca2aab7a8a3a79c971f"}
{"insertId":"6274dc3900083781ce6dcd7e","jsonPayload":{"ident":"COMPLETE","level":"INFO","message":"Success to fetch optimized image","method":"WorkAPI","timestamp":"2022-5-6 8:28:41","workId":"MQqOxPo6g5YbBcH2qWFG"},"labels":{"instanceId":"0067430fbdf8497301732486903449ce1ad928680c0f0325f15430c7bed22be2f601789463027844e3f1a908a21bd50a24d6eb57beb97b1070da88a46d5bf9dc8679"},"logName":"projects/muni-production-f8e72/logs/run.googleapis.com%2Fstdout","receiveTimestamp":"2022-05-06T08:28:41.653043948Z","resource":{"labels":{"configuration_name":"muni-back","location":"asia-northeast1","project_id":"muni-production-f8e72","revision_name":"muni-back-hpgtt","service_name":"muni-back"},"type":"cloud_run_revision"},"timestamp":"2022-05-06T08:28:41.538497Z"}
{"insertId":"6274dc390003d3dd754b2858","jsonPayload":{"ident":"RECIEVED","level":"INFO","message":"Request recieved for ZC83waIWY3aHP7JlvWlQ.","method":"WorkAPI","timestamp":"2022-5-6 8:28:41","workId":"ZC83waIWY3aHP7JlvWlQ"},"labels":{"instanceId":"0067430fbdf8497301732486903449ce1ad928680c0f0325f15430c7bed22be2f601789463027844e3f1a908a21bd50a24d6eb57beb97b1070da88a46d5bf9dc8679"},"logName":"projects/muni-production-f8e72/logs/run.googleapis.com%2Fstdout","receiveTimestamp":"2022-05-06T08:28:41.324024257Z","resource":{"labels":{"configuration_name":"muni-back","location":"asia-northeast1","project_id":"muni-production-f8e72","revision_name":"muni-back-hpgtt","service_name":"muni-back"},"type":"cloud_run_revision"},"timestamp":"2022-05-06T08:28:41.250845Z"}
{"insertId":"6274dc390002cc69d8223ae4","jsonPayload":{"ident":"RECIEVED","level":"INFO","message":"Request recieved for K9kCjzti2G92vd3aR3xH.","method":"WorkAPI","timestamp":"2022-5-6 8:28:41","workId":"K9kCjzti2G92vd3aR3xH"},"labels":{"instanceId":"0067430fbdf8497301732486903449ce1ad928680c0f0325f15430c7bed22be2f601789463027844e3f1a908a21bd50a24d6eb57beb97b1070da88a46d5bf9dc8679"},"logName":"projects/muni-production-f8e72/logs/run.googleapis.com%2Fstdout","receiveTimestamp":"2022-05-06T08:28:41.324024257Z","resource":{"labels":{"configuration_name":"muni-back","location":"asia-northeast1","project_id":"muni-production-f8e72","revision_name":"muni-back-hpgtt","service_name":"muni-back"},"type":"cloud_run_revision"},"timestamp":"2022-05-06T08:28:41.183401Z"}
{"insertId":"6274dc390002c7bb478376d3","jsonPayload":{"ident":"RECIEVED","level":"INFO","message":"Request recieved for MQqOxPo6g5YbBcH2qWFG.","method":"WorkAPI","timestamp":"2022-5-6 8:28:41","workId":"MQqOxPo6g5YbBcH2qWFG"},"labels":{"instanceId":"0067430fbdf8497301732486903449ce1ad928680c0f0325f15430c7bed22be2f601789463027844e3f1a908a21bd50a24d6eb57beb97b1070da88a46d5bf9dc8679"},"logName":"projects/muni-production-f8e72/logs/run.googleapis.com%2Fstdout","receiveTimestamp":"2022-05-06T08:28:41.324024257Z","resource":{"labels":{"configuration_name":"muni-back","location":"asia-northeast1","project_id":"muni-production-f8e72","revision_name":"muni-back-hpgtt","service_name":"muni-back"},"type":"cloud_run_revision"},"timestamp":"2022-05-06T08:28:41.182203Z"}
{"httpRequest":{"latency":"0.470248830s","protocol":"HTTP/1.1","referer":"https://muni.ink/","remoteIp":"175.177.42.32","requestMethod":"GET","requestSize":"768","requestUrl":"https://storage.muni.ink/work/KrbBlZcwb2i9dEu7llWh?thumbnail=true","responseSize":"17230","serverIp":"35.241.42.228","status":200,"userAgent":"Mozilla/5.0 (iPhone; CPU iPhone OS 15_4 like Mac OS X) AppleWebKit/605.1.15 (KHTML, like Gecko) GSA/210.0.444145502 Mobile/15E148 Safari/604.1"},"insertId":"6274dc38000f0063060d177d","labels":{"instanceId":"0067430fbdf8497301732486903449ce1ad928680c0f0325f15430c7bed22be2f601789463027844e3f1a908a21bd50a24d6eb57beb97b1070da88a46d5bf9dc8679"},"logName":"projects/muni-production-f8e72/logs/run.googleapis.com%2Frequests","receiveTimestamp":"2022-05-06T08:28:41.066938957Z","resource":{"labels":{"configuration_name":"muni-back","location":"asia-northeast1","project_id":"muni-production-f8e72","revision_name":"muni-back-hpgtt","service_name":"muni-back"},"type":"cloud_run_revision"},"severity":"INFO","timestamp":"2022-05-06T08:28:40.983139Z","trace":"projects/muni-production-f8e72/traces/2295048cd6c5e2df6e79e3431e589570"}
{"insertId":"6274dc38000efacaa4db9ec9","jsonPayload":{"ident":"COMPLETE","level":"INFO","message":"Success to fetch optimized image","method":"WorkAPI","timestamp":"2022-5-6 8:28:40","workId":"KrbBlZcwb2i9dEu7llWh"},"labels":{"instanceId":"0067430fbdf8497301732486903449ce1ad928680c0f0325f15430c7bed22be2f601789463027844e3f1a908a21bd50a24d6eb57beb97b1070da88a46d5bf9dc8679"},"logName":"projects/muni-production-f8e72/logs/run.googleapis.com%2Fstdout","receiveTimestamp":"2022-05-06T08:28:40.987835298Z","resource":{"labels":{"configuration_name":"muni-back","location":"asia-northeast1","project_id":"muni-production-f8e72","revision_name":"muni-back-hpgtt","service_name":"muni-back"},"type":"cloud_run_revision"},"timestamp":"2022-05-06T08:28:40.981706Z"}
{"insertId":"6274dc380007d95df850fcd5","jsonPayload":{"ident":"RECIEVED","level":"INFO","message":"Request recieved for KrbBlZcwb2i9dEu7llWh.","method":"WorkAPI","timestamp":"2022-5-6 8:28:40","workId":"KrbBlZcwb2i9dEu7llWh"},"labels":{"instanceId":"0067430fbdf8497301732486903449ce1ad928680c0f0325f15430c7bed22be2f601789463027844e3f1a908a21bd50a24d6eb57beb97b1070da88a46d5bf9dc8679"},"logName":"projects/muni-production-f8e72/logs/run.googleapis.com%2Fstdout","receiveTimestamp":"2022-05-06T08:28:40.652885108Z","resource":{"labels":{"configuration_name":"muni-back","location":"asia-northeast1","project_id":"muni-production-f8e72","revision_name":"muni-back-hpgtt","service_name":"muni-back"},"type":"cloud_run_revision"},"timestamp":"2022-05-06T08:28:40.514397Z"}
{"httpRequest":{"latency":"0.860786662s","protocol":"HTTP/1.1","referer":"https://muni.ink/","remoteIp":"175.177.42.32","requestMethod":"GET","requestSize":"769","requestUrl":"https://storage.muni.ink/work/4vvC0q4GIMLoLv2aHafb?thumbnail=true","responseSize":"119997","serverIp":"35.241.42.228","status":200,"userAgent":"Mozilla/5.0 (iPhone; CPU iPhone OS 15_4 like Mac OS X) AppleWebKit/605.1.15 (KHTML, like Gecko) GSA/210.0.444145502 Mobile/15E148 Safari/604.1"},"insertId":"6274dc37000c1d43e8fe7a9a","labels":{"instanceId":"0067430fbdf8497301732486903449ce1ad928680c0f0325f15430c7bed22be2f601789463027844e3f1a908a21bd50a24d6eb57beb97b1070da88a46d5bf9dc8679"},"logName":"projects/muni-production-f8e72/logs/run.googleapis.com%2Frequests","receiveTimestamp":"2022-05-06T08:28:40.069245569Z","resource":{"labels":{"configuration_name":"muni-back","location":"asia-northeast1","project_id":"muni-production-f8e72","revision_name":"muni-back-hpgtt","service_name":"muni-back"},"type":"cloud_run_revision"},"severity":"INFO","timestamp":"2022-05-06T08:28:39.793923Z","trace":"projects/muni-production-f8e72/traces/c32ecf845af8d7fce2e385c1af0c648f"}
{"insertId":"6274dc37000c165ec90a2f85","jsonPayload":{"ident":"COMPLETE","level":"INFO","message":"Success to fetch optimized image","method":"WorkAPI","timestamp":"2022-5-6 8:28:39","workId":"4vvC0q4GIMLoLv2aHafb"},"labels":{"instanceId":"0067430fbdf8497301732486903449ce1ad928680c0f0325f15430c7bed22be2f601789463027844e3f1a908a21bd50a24d6eb57beb97b1070da88a46d5bf9dc8679"},"logName":"projects/muni-production-f8e72/logs/run.googleapis.com%2Fstdout","receiveTimestamp":"2022-05-06T08:28:39.986465702Z","resource":{"labels":{"configuration_name":"muni-back","location":"asia-northeast1","project_id":"muni-production-f8e72","revision_name":"muni-back-hpgtt","service_name":"muni-back"},"type":"cloud_run_revision"},"timestamp":"2022-05-06T08:28:39.792158Z"}
{"httpRequest":{"latency":"0.341215238s","protocol":"HTTP/1.1","referer":"https://muni.ink/","remoteIp":"175.177.42.32","requestMethod":"GET","requestSize":"769","requestUrl":"https://storage.muni.ink/work/9k20asICrbZn2X8iP32f?thumbnail=true","responseSize":"26058","serverIp":"35.241.42.228","status":200,"userAgent":"Mozilla/5.0 (iPhone; CPU iPhone OS 15_4 like Mac OS X) AppleWebKit/605.1.15 (KHTML, like Gecko) GSA/210.0.444145502 Mobile/15E148 Safari/604.1"},"insertId":"6274dc37000391032bfcd359","labels":{"instanceId":"0067430fbdf8497301732486903449ce1ad928680c0f0325f15430c7bed22be2f601789463027844e3f1a908a21bd50a24d6eb57beb97b1070da88a46d5bf9dc8679"},"logName":"projects/muni-production-f8e72/logs/run.googleapis.com%2Frequests","receiveTimestamp":"2022-05-06T08:28:39.401996652Z","resource":{"labels":{"configuration_name":"muni-back","location":"asia-northeast1","project_id":"muni-production-f8e72","revision_name":"muni-back-hpgtt","service_name":"muni-back"},"type":"cloud_run_revision"},"severity":"INFO","timestamp":"2022-05-06T08:28:39.233731Z","trace":"projects/muni-production-f8e72/traces/d95f77956f396db981eebe39eb17eb21"}
{"insertId":"6274dc3700038b797cc79e4c","jsonPayload":{"ident":"COMPLETE","level":"INFO","message":"Success to fetch optimized image","method":"WorkAPI","timestamp":"2022-5-6 8:28:39","workId":"9k20asICrbZn2X8iP32f"},"labels":{"instanceId":"0067430fbdf8497301732486903449ce1ad928680c0f0325f15430c7bed22be2f601789463027844e3f1a908a21bd50a24d6eb57beb97b1070da88a46d5bf9dc8679"},"logName":"projects/muni-production-f8e72/logs/run.googleapis.com%2Fstdout","receiveTimestamp":"2022-05-06T08:28:39.322633092Z","resource":{"labels":{"configuration_name":"muni-back","location":"asia-northeast1","project_id":"muni-production-f8e72","revision_name":"muni-back-hpgtt","service_name":"muni-back"},"type":"cloud_run_revision"},"timestamp":"2022-05-06T08:28:39.232313Z"}
{"httpRequest":{"latency":"0.369653491s","protocol":"HTTP/1.1","referer":"https://muni.ink/","remoteIp":"175.177.42.32","requestMethod":"GET","requestSize":"769","requestUrl":"https://storage.muni.ink/work/nf1EsVj7AW78AmH0tTCp?thumbnail=true","responseSize":"43586","serverIp":"35.241.42.228","status":200,"userAgent":"Mozilla/5.0 (iPhone; CPU iPhone OS 15_4 like Mac OS X) AppleWebKit/605.1.15 (KHTML, like Gecko) GSA/210.0.444145502 Mobile/15E148 Safari/604.1"},"insertId":"6274dc3700016dc6899c273b","labels":{"instanceId":"0067430fbdf8497301732486903449ce1ad928680c0f0325f15430c7bed22be2f601789463027844e3f1a908a21bd50a24d6eb57beb97b1070da88a46d5bf9dc8679"},"logName":"projects/muni-production-f8e72/logs/run.googleapis.com%2Frequests","receiveTimestamp":"2022-05-06T08:28:39.401996652Z","resource":{"labels":{"configuration_name":"muni-back","location":"asia-northeast1","project_id":"muni-production-f8e72","revision_name":"muni-back-hpgtt","service_name":"muni-back"},"type":"cloud_run_revision"},"severity":"INFO","timestamp":"2022-05-06T08:28:39.093638Z","trace":"projects/muni-production-f8e72/traces/ec4d234db5eb47960a53f1be2cb7a632"}
{"insertId":"6274dc370001671d24d504a1","jsonPayload":{"ident":"COMPLETE","level":"INFO","message":"Success to fetch optimized image","method":"WorkAPI","timestamp":"2022-5-6 8:28:39","workId":"nf1EsVj7AW78AmH0tTCp"},"labels":{"instanceId":"0067430fbdf8497301732486903449ce1ad928680c0f0325f15430c7bed22be2f601789463027844e3f1a908a21bd50a24d6eb57beb97b1070da88a46d5bf9dc8679"},"logName":"projects/muni-production-f8e72/logs/run.googleapis.com%2Fstdout","receiveTimestamp":"2022-05-06T08:28:39.322633092Z","resource":{"labels":{"configuration_name":"muni-back","location":"asia-northeast1","project_id":"muni-production-f8e72","revision_name":"muni-back-hpgtt","service_name":"muni-back"},"type":"cloud_run_revision"},"timestamp":"2022-05-06T08:28:39.091933Z"}
{"httpRequest":{"latency":"0.352920973s","protocol":"HTTP/1.1","referer":"https://muni.ink/","remoteIp":"175.177.42.32","requestMethod":"GET","requestSize":"769","requestUrl":"https://storage.muni.ink/work/uMlcXcuMjV5nXjUAP7kj?thumbnail=true","responseSize":"14366","serverIp":"35.241.42.228","status":200,"userAgent":"Mozilla/5.0 (iPhone; CPU iPhone OS 15_4 like Mac OS X) AppleWebKit/605.1.15 (KHTML, like Gecko) GSA/210.0.444145502 Mobile/15E148 Safari/604.1"},"insertId":"6274dc3700012ca273bcd7ff","labels":{"instanceId":"0067430fbdf8497301732486903449ce1ad928680c0f0325f15430c7bed22be2f601789463027844e3f1a908a21bd50a24d6eb57beb97b1070da88a46d5bf9dc8679"},"logName":"projects/muni-production-f8e72/logs/run.googleapis.com%2Frequests","receiveTimestamp":"2022-05-06T08:28:39.401996652Z","resource":{"labels":{"configuration_name":"muni-back","location":"asia-northeast1","project_id":"muni-production-f8e72","revision_name":"muni-back-hpgtt","service_name":"muni-back"},"type":"cloud_run_revision"},"severity":"INFO","timestamp":"2022-05-06T08:28:39.076962Z","trace":"projects/muni-production-f8e72/traces/e26a8c6a0812ee4967c63641c510b216"}
{"insertId":"6274dc37000126a4c23a8ca8","jsonPayload":{"ident":"COMPLETE","level":"INFO","message":"Success to fetch optimized image","method":"WorkAPI","timestamp":"2022-5-6 8:28:39","workId":"uMlcXcuMjV5nXjUAP7kj"},"labels":{"instanceId":"0067430fbdf8497301732486903449ce1ad928680c0f0325f15430c7bed22be2f601789463027844e3f1a908a21bd50a24d6eb57beb97b1070da88a46d5bf9dc8679"},"logName":"projects/muni-production-f8e72/logs/run.googleapis.com%2Fstdout","receiveTimestamp":"2022-05-06T08:28:39.322633092Z","resource":{"labels":{"configuration_name":"muni-back","location":"asia-northeast1","project_id":"muni-production-f8e72","revision_name":"muni-back-hpgtt","service_name":"muni-back"},"type":"cloud_run_revision"},"timestamp":"2022-05-06T08:28:39.075428Z"}
{"insertId":"6274dc36000e4241d3329bbd","jsonPayload":{"ident":"RECIEVED","level":"INFO","message":"Request recieved for 4vvC0q4GIMLoLv2aHafb.","method":"WorkAPI","timestamp":"2022-5-6 8:28:38","workId":"4vvC0q4GIMLoLv2aHafb"},"labels":{"instanceId":"0067430fbdf8497301732486903449ce1ad928680c0f0325f15430c7bed22be2f601789463027844e3f1a908a21bd50a24d6eb57beb97b1070da88a46d5bf9dc8679"},"logName":"projects/muni-production-f8e72/logs/run.googleapis.com%2Fstdout","receiveTimestamp":"2022-05-06T08:28:38.990166742Z","resource":{"labels":{"configuration_name":"muni-back","location":"asia-northeast1","project_id":"muni-production-f8e72","revision_name":"muni-back-hpgtt","service_name":"muni-back"},"type":"cloud_run_revision"},"timestamp":"2022-05-06T08:28:38.934465Z"}
{"insertId":"6274dc36000da3d161ab25e3","jsonPayload":{"ident":"RECIEVED","level":"INFO","message":"Request recieved for 9k20asICrbZn2X8iP32f.","method":"WorkAPI","timestamp":"2022-5-6 8:28:38","workId":"9k20asICrbZn2X8iP32f"},"labels":{"instanceId":"0067430fbdf8497301732486903449ce1ad928680c0f0325f15430c7bed22be2f601789463027844e3f1a908a21bd50a24d6eb57beb97b1070da88a46d5bf9dc8679"},"logName":"projects/muni-production-f8e72/logs/run.googleapis.com%2Fstdout","receiveTimestamp":"2022-05-06T08:28:38.990166742Z","resource":{"labels":{"configuration_name":"muni-back","location":"asia-northeast1","project_id":"muni-production-f8e72","revision_name":"muni-back-hpgtt","service_name":"muni-back"},"type":"cloud_run_revision"},"timestamp":"2022-05-06T08:28:38.893905Z"}
{"httpRequest":{"latency":"0.476352322s","protocol":"HTTP/1.1","referer":"https://muni.ink/","remoteIp":"175.177.42.32","requestMethod":"GET","requestSize":"769","requestUrl":"https://storage.muni.ink/work/6euuuWHUUVHqKXy95FgJ?thumbnail=true","responseSize":"27420","serverIp":"35.241.42.228","status":200,"userAgent":"Mozilla/5.0 (iPhone; CPU iPhone OS 15_4 like Mac OS X) AppleWebKit/605.1.15 (KHTML, like Gecko) GSA/210.0.444145502 Mobile/15E148 Safari/604.1"},"insertId":"6274dc36000c09e2fb8d2c2e","labels":{"instanceId":"0067430fbdf8497301732486903449ce1ad928680c0f0325f15430c7bed22be2f601789463027844e3f1a908a21bd50a24d6eb57beb97b1070da88a46d5bf9dc8679"},"logName":"projects/muni-production-f8e72/logs/run.googleapis.com%2Frequests","receiveTimestamp":"2022-05-06T08:28:39.068541202Z","resource":{"labels":{"configuration_name":"muni-back","location":"asia-northeast1","project_id":"muni-production-f8e72","revision_name":"muni-back-hpgtt","service_name":"muni-back"},"type":"cloud_run_revision"},"severity":"INFO","timestamp":"2022-05-06T08:28:38.788962Z","trace":"projects/muni-production-f8e72/traces/5b8603ed474490b1ffe3834a5e4a1a6f"}
{"insertId":"6274dc36000c03d94e538346","jsonPayload":{"ident":"COMPLETE","level":"INFO","message":"Success to fetch optimized image","method":"WorkAPI","timestamp":"2022-5-6 8:28:38","workId":"6euuuWHUUVHqKXy95FgJ"},"labels":{"instanceId":"0067430fbdf8497301732486903449ce1ad928680c0f0325f15430c7bed22be2f601789463027844e3f1a908a21bd50a24d6eb57beb97b1070da88a46d5bf9dc8679"},"logName":"projects/muni-production-f8e72/logs/run.googleapis.com%2Fstdout","receiveTimestamp":"2022-05-06T08:28:38.990166742Z","resource":{"labels":{"configuration_name":"muni-back","location":"asia-northeast1","project_id":"muni-production-f8e72","revision_name":"muni-back-hpgtt","service_name":"muni-back"},"type":"cloud_run_revision"},"timestamp":"2022-05-06T08:28:38.787417Z"}
{"httpRequest":{"latency":"0.423993811s","protocol":"HTTP/1.1","referer":"https://muni.ink/","remoteIp":"175.177.42.32","requestMethod":"GET","requestSize":"768","requestUrl":"https://storage.muni.ink/work/6qvicx9cHIoJ2R3ViJjY?thumbnail=true","responseSize":"34454","serverIp":"35.241.42.228","status":200,"userAgent":"Mozilla/5.0 (iPhone; CPU iPhone OS 15_4 like Mac OS X) AppleWebKit/605.1.15 (KHTML, like Gecko) GSA/210.0.444145502 Mobile/15E148 Safari/604.1"},"insertId":"6274dc36000b334f46aac764","labels":{"instanceId":"0067430fbdf8497301732486903449ce1ad928680c0f0325f15430c7bed22be2f601789463027844e3f1a908a21bd50a24d6eb57beb97b1070da88a46d5bf9dc8679"},"logName":"projects/muni-production-f8e72/logs/run.googleapis.com%2Frequests","receiveTimestamp":"2022-05-06T08:28:39.068541202Z","resource":{"labels":{"configuration_name":"muni-back","location":"asia-northeast1","project_id":"muni-production-f8e72","revision_name":"muni-back-hpgtt","service_name":"muni-back"},"type":"cloud_run_revision"},"severity":"INFO","timestamp":"2022-05-06T08:28:38.734031Z","trace":"projects/muni-production-f8e72/traces/3f93ce3ae4d090094085e09ee1f198c9"}
{"insertId":"6274dc36000b2deb9b778a11","jsonPayload":{"ident":"COMPLETE","level":"INFO","message":"Success to fetch optimized image","method":"WorkAPI","timestamp":"2022-5-6 8:28:38","workId":"6qvicx9cHIoJ2R3ViJjY"},"labels":{"instanceId":"0067430fbdf8497301732486903449ce1ad928680c0f0325f15430c7bed22be2f601789463027844e3f1a908a21bd50a24d6eb57beb97b1070da88a46d5bf9dc8679"},"logName":"projects/muni-production-f8e72/logs/run.googleapis.com%2Fstdout","receiveTimestamp":"2022-05-06T08:28:38.990166742Z","resource":{"labels":{"configuration_name":"muni-back","location":"asia-northeast1","project_id":"muni-production-f8e72","revision_name":"muni-back-hpgtt","service_name":"muni-back"},"type":"cloud_run_revision"},"timestamp":"2022-05-06T08:28:38.732651Z"}
{"insertId":"6274dc36000b171c31c4b36b","jsonPayload":{"ident":"RECIEVED","level":"INFO","message":"Request recieved for uMlcXcuMjV5nXjUAP7kj.","method":"WorkAPI","timestamp":"2022-5-6 8:28:38","workId":"uMlcXcuMjV5nXjUAP7kj"},"labels":{"instanceId":"0067430fbdf8497301732486903449ce1ad928680c0f0325f15430c7bed22be2f601789463027844e3f1a908a21bd50a24d6eb57beb97b1070da88a46d5bf9dc8679"},"logName":"projects/muni-production-f8e72/logs/run.googleapis.com%2Fstdout","receiveTimestamp":"2022-05-06T08:28:38.990166742Z","resource":{"labels":{"configuration_name":"muni-back","location":"asia-northeast1","project_id":"muni-production-f8e72","revision_name":"muni-back-hpgtt","service_name":"muni-back"},"type":"cloud_run_revision"},"timestamp":"2022-05-06T08:28:38.726812Z"}
{"insertId":"6274dc36000b121effd98422","jsonPayload":{"ident":"RECIEVED","level":"INFO","message":"Request recieved for nf1EsVj7AW78AmH0tTCp.","method":"WorkAPI","timestamp":"2022-5-6 8:28:38","workId":"nf1EsVj7AW78AmH0tTCp"},"labels":{"instanceId":"0067430fbdf8497301732486903449ce1ad928680c0f0325f15430c7bed22be2f601789463027844e3f1a908a21bd50a24d6eb57beb97b1070da88a46d5bf9dc8679"},"logName":"projects/muni-production-f8e72/logs/run.googleapis.com%2Fstdout","receiveTimestamp":"2022-05-06T08:28:38.990166742Z","resource":{"labels":{"configuration_name":"muni-back","location":"asia-northeast1","project_id":"muni-production-f8e72","revision_name":"muni-back-hpgtt","service_name":"muni-back"},"type":"cloud_run_revision"},"timestamp":"2022-05-06T08:28:38.725534Z"}
{"httpRequest":{"latency":"0.449664839s","protocol":"HTTP/1.1","referer":"https://muni.ink/","remoteIp":"175.177.42.32","requestMethod":"GET","requestSize":"767","requestUrl":"https://storage.muni.ink/work/Pvp0SEse2xFu4vEYWRA3?thumbnail=true","responseSize":"89998","serverIp":"35.241.42.228","status":200,"userAgent":"Mozilla/5.0 (iPhone; CPU iPhone OS 15_4 like Mac OS X) AppleWebKit/605.1.15 (KHTML, like Gecko) GSA/210.0.444145502 Mobile/15E148 Safari/604.1"},"insertId":"6274dc36000a57cacbdd5081","labels":{"instanceId":"0067430fbdf8497301732486903449ce1ad928680c0f0325f15430c7bed22be2f601789463027844e3f1a908a21bd50a24d6eb57beb97b1070da88a46d5bf9dc8679"},"logName":"projects/muni-production-f8e72/logs/run.googleapis.com%2Frequests","receiveTimestamp":"2022-05-06T08:28:38.737176920Z","resource":{"labels":{"configuration_name":"muni-back","location":"asia-northeast1","project_id":"muni-production-f8e72","revision_name":"muni-back-hpgtt","service_name":"muni-back"},"type":"cloud_run_revision"},"severity":"INFO","timestamp":"2022-05-06T08:28:38.677834Z","trace":"projects/muni-production-f8e72/traces/b822ec4bac058b1bc2dcd01564e27028"}
{"insertId":"6274dc36000a514390fecb4a","jsonPayload":{"ident":"COMPLETE","level":"INFO","message":"Success to fetch optimized image","method":"WorkAPI","timestamp":"2022-5-6 8:28:38","workId":"Pvp0SEse2xFu4vEYWRA3"},"labels":{"instanceId":"0067430fbdf8497301732486903449ce1ad928680c0f0325f15430c7bed22be2f601789463027844e3f1a908a21bd50a24d6eb57beb97b1070da88a46d5bf9dc8679"},"logName":"projects/muni-production-f8e72/logs/run.googleapis.com%2Fstdout","receiveTimestamp":"2022-05-06T08:28:38.990166742Z","resource":{"labels":{"configuration_name":"muni-back","location":"asia-northeast1","project_id":"muni-production-f8e72","revision_name":"muni-back-hpgtt","service_name":"muni-back"},"type":"cloud_run_revision"},"timestamp":"2022-05-06T08:28:38.676163Z"}
{"httpRequest":{"latency":"0.382685454s","protocol":"HTTP/1.1","referer":"https://muni.ink/","remoteIp":"175.177.42.32","requestMethod":"GET","requestSize":"768","requestUrl":"https://storage.muni.ink/work/xG9PAetzh30RsaYB2CPm?thumbnail=true","responseSize":"14216","serverIp":"35.241.42.228","status":200,"userAgent":"Mozilla/5.0 (iPhone; CPU iPhone OS 15_4 like Mac OS X) AppleWebKit/605.1.15 (KHTML, like Gecko) GSA/210.0.444145502 Mobile/15E148 Safari/604.1"},"insertId":"6274dc36000951dfd9659e6e","labels":{"instanceId":"0067430fbdf8497301732486903449ce1ad928680c0f0325f15430c7bed22be2f601789463027844e3f1a908a21bd50a24d6eb57beb97b1070da88a46d5bf9dc8679"},"logName":"projects/muni-production-f8e72/logs/run.googleapis.com%2Frequests","receiveTimestamp":"2022-05-06T08:28:38.737176920Z","resource":{"labels":{"configuration_name":"muni-back","location":"asia-northeast1","project_id":"muni-production-f8e72","revision_name":"muni-back-hpgtt","service_name":"muni-back"},"type":"cloud_run_revision"},"severity":"INFO","timestamp":"2022-05-06T08:28:38.610783Z","trace":"projects/muni-production-f8e72/traces/0ebd3b7ae95f2e9db75e14c64a4d8f51"}
{"insertId":"6274dc3600094bebc66455c8","jsonPayload":{"ident":"COMPLETE","level":"INFO","message":"Success to fetch optimized image","method":"WorkAPI","timestamp":"2022-5-6 8:28:38","workId":"xG9PAetzh30RsaYB2CPm"},"labels":{"instanceId":"0067430fbdf8497301732486903449ce1ad928680c0f0325f15430c7bed22be2f601789463027844e3f1a908a21bd50a24d6eb57beb97b1070da88a46d5bf9dc8679"},"logName":"projects/muni-production-f8e72/logs/run.googleapis.com%2Fstdout","receiveTimestamp":"2022-05-06T08:28:38.656602217Z","resource":{"labels":{"configuration_name":"muni-back","location":"asia-northeast1","project_id":"muni-production-f8e72","revision_name":"muni-back-hpgtt","service_name":"muni-back"},"type":"cloud_run_revision"},"timestamp":"2022-05-06T08:28:38.609259Z"}
{"insertId":"6274dc360004d0aa881d4ff9","jsonPayload":{"ident":"RECIEVED","level":"INFO","message":"Request recieved for 6euuuWHUUVHqKXy95FgJ.","method":"WorkAPI","timestamp":"2022-5-6 8:28:38","workId":"6euuuWHUUVHqKXy95FgJ"},"labels":{"instanceId":"0067430fbdf8497301732486903449ce1ad928680c0f0325f15430c7bed22be2f601789463027844e3f1a908a21bd50a24d6eb57beb97b1070da88a46d5bf9dc8679"},"logName":"projects/muni-production-f8e72/logs/run.googleapis.com%2Fstdout","receiveTimestamp":"2022-05-06T08:28:38.323877956Z","resource":{"labels":{"configuration_name":"muni-back","location":"asia-northeast1","project_id":"muni-production-f8e72","revision_name":"muni-back-hpgtt","service_name":"muni-back"},"type":"cloud_run_revision"},"timestamp":"2022-05-06T08:28:38.315562Z"}
{"insertId":"6274dc360004c075b9ff3c47","jsonPayload":{"ident":"RECIEVED","level":"INFO","message":"Request recieved for 6qvicx9cHIoJ2R3ViJjY.","method":"WorkAPI","timestamp":"2022-5-6 8:28:38","workId":"6qvicx9cHIoJ2R3ViJjY"},"labels":{"instanceId":"0067430fbdf8497301732486903449ce1ad928680c0f0325f15430c7bed22be2f601789463027844e3f1a908a21bd50a24d6eb57beb97b1070da88a46d5bf9dc8679"},"logName":"projects/muni-production-f8e72/logs/run.googleapis.com%2Fstdout","receiveTimestamp":"2022-05-06T08:28:38.323877956Z","resource":{"labels":{"configuration_name":"muni-back","location":"asia-northeast1","project_id":"muni-production-f8e72","revision_name":"muni-back-hpgtt","service_name":"muni-back"},"type":"cloud_run_revision"},"timestamp":"2022-05-06T08:28:38.311413Z"}
{"insertId":"6274dc3600038634ad332526","jsonPayload":{"ident":"RECIEVED","level":"INFO","message":"Request recieved for xG9PAetzh30RsaYB2CPm.","method":"WorkAPI","timestamp":"2022-5-6 8:28:38","workId":"xG9PAetzh30RsaYB2CPm"},"labels":{"instanceId":"0067430fbdf8497301732486903449ce1ad928680c0f0325f15430c7bed22be2f601789463027844e3f1a908a21bd50a24d6eb57beb97b1070da88a46d5bf9dc8679"},"logName":"projects/muni-production-f8e72/logs/run.googleapis.com%2Fstdout","receiveTimestamp":"2022-05-06T08:28:38.323877956Z","resource":{"labels":{"configuration_name":"muni-back","location":"asia-northeast1","project_id":"muni-production-f8e72","revision_name":"muni-back-hpgtt","service_name":"muni-back"},"type":"cloud_run_revision"},"timestamp":"2022-05-06T08:28:38.230964Z"}
{"insertId":"6274dc3600038106d438f706","jsonPayload":{"ident":"RECIEVED","level":"INFO","message":"Request recieved for Pvp0SEse2xFu4vEYWRA3.","method":"WorkAPI","timestamp":"2022-5-6 8:28:38","workId":"Pvp0SEse2xFu4vEYWRA3"},"labels":{"instanceId":"0067430fbdf8497301732486903449ce1ad928680c0f0325f15430c7bed22be2f601789463027844e3f1a908a21bd50a24d6eb57beb97b1070da88a46d5bf9dc8679"},"logName":"projects/muni-production-f8e72/logs/run.googleapis.com%2Fstdout","receiveTimestamp":"2022-05-06T08:28:38.323877956Z","resource":{"labels":{"configuration_name":"muni-back","location":"asia-northeast1","project_id":"muni-production-f8e72","revision_name":"muni-back-hpgtt","service_name":"muni-back"},"type":"cloud_run_revision"},"timestamp":"2022-05-06T08:28:38.229638Z"}
{"httpRequest":{"latency":"0.138564772s","protocol":"HTTP/1.1","referer":"https://muni.ink/","remoteIp":"175.177.42.32","requestMethod":"POST","requestSize":"659","requestUrl":"https://api.muni.ink/recent","responseSize":"12342","serverIp":"35.241.42.228","status":200,"userAgent":"Mozilla/5.0 (iPhone; CPU iPhone OS 15_4 like Mac OS X) AppleWebKit/605.1.15 (KHTML, like Gecko) GSA/210.0.444145502 Mobile/15E148 Safari/604.1"},"insertId":"6274dc34000bb56ad6dfa8a8","labels":{"instanceId":"0067430fbdf8497301732486903449ce1ad928680c0f0325f15430c7bed22be2f601789463027844e3f1a908a21bd50a24d6eb57beb97b1070da88a46d5bf9dc8679"},"logName":"projects/muni-production-f8e72/logs/run.googleapis.com%2Frequests","receiveTimestamp":"2022-05-06T08:28:37.069208926Z","resource":{"labels":{"configuration_name":"muni-back","location":"asia-northeast1","project_id":"muni-production-f8e72","revision_name":"muni-back-hpgtt","service_name":"muni-back"},"type":"cloud_run_revision"},"severity":"INFO","timestamp":"2022-05-06T08:28:36.767338Z","trace":"projects/muni-production-f8e72/traces/b1d9f6a7499956ede819067c82ae03cb"}
{"insertId":"6274dc34000baf2a793018f2","jsonPayload":{"ident":"FETCH_SUCCESS","level":"INFO","message":"Success to fetch.","method":"RecentPostAPI","timestamp":"2022-5-6 8:28:36"},"labels":{"instanceId":"0067430fbdf8497301732486903449ce1ad928680c0f0325f15430c7bed22be2f601789463027844e3f1a908a21bd50a24d6eb57beb97b1070da88a46d5bf9dc8679"},"logName":"projects/muni-production-f8e72/logs/run.googleapis.com%2Fstdout","receiveTimestamp":"2022-05-06T08:28:36.992573554Z","resource":{"labels":{"configuration_name":"muni-back","location":"asia-northeast1","project_id":"muni-production-f8e72","revision_name":"muni-back-hpgtt","service_name":"muni-back"},"type":"cloud_run_revision"},"timestamp":"2022-05-06T08:28:36.765738Z"}
{"insertId":"6274dc3400099ddcc239c74a","jsonPayload":{"ident":"RECIEVE","level":"INFO","message":"Recieve the recent posted works request.","method":"RecentPostAPI","timestamp":"2022-5-6 8:28:36"},"labels":{"instanceId":"0067430fbdf8497301732486903449ce1ad928680c0f0325f15430c7bed22be2f601789463027844e3f1a908a21bd50a24d6eb57beb97b1070da88a46d5bf9dc8679"},"logName":"projects/muni-production-f8e72/logs/run.googleapis.com%2Fstdout","receiveTimestamp":"2022-05-06T08:28:36.658244426Z","resource":{"labels":{"configuration_name":"muni-back","location":"asia-northeast1","project_id":"muni-production-f8e72","revision_name":"muni-back-hpgtt","service_name":"muni-back"},"type":"cloud_run_revision"},"timestamp":"2022-05-06T08:28:36.630236Z"}
{"httpRequest":{"latency":"0.002780181s","protocol":"HTTP/1.1","referer":"https://muni.ink/?gclid=CjwKCAjwjtOTBhAvEiwASG4bCIOUnnCEq2_iMR3QpgWLtmDPGCtrNQ3WjKp50y-rQZqKZlHM3YQKWhoC8NcQAvD_BwE","remoteIp":"175.177.42.32","requestMethod":"GET","requestSize":"918","requestUrl":"https://muni.ink/_next/image?url=%2Flogo_landing.png&w=384&q=75","responseSize":"708","serverIp":"35.241.42.228","status":304,"userAgent":"Mozilla/5.0 (iPhone; CPU iPhone OS 15_4 like Mac OS X) AppleWebKit/605.1.15 (KHTML, like Gecko) GSA/210.0.444145502 Mobile/15E148 Safari/604.1"},"insertId":"6274dc34000986d331cf47ae","labels":{"instanceId":"0067430fbd7af03cb17d92900b5f3305989a61b2bd445dd81108ccfd0293c2aeb5c985f7ae593a5d75291bf8faf2b546eff48eec5f9779a88bd23cf4a59c0f70bf36"},"logName":"projects/muni-production-f8e72/logs/run.googleapis.com%2Frequests","receiveTimestamp":"2022-05-06T08:28:36.740326063Z","resource":{"labels":{"configuration_name":"muni-front","location":"asia-northeast1","project_id":"muni-production-f8e72","revision_name":"muni-front-jq7fz","service_name":"muni-front"},"type":"cloud_run_revision"},"severity":"INFO","timestamp":"2022-05-06T08:28:36.624339Z","trace":"projects/muni-production-f8e72/traces/e3b22ea02d70c3ee98abbc34a10c7092"}
{"httpRequest":{"latency":"0.003753785s","protocol":"HTTP/1.1","referer":"https://muni.ink/?gclid=CjwKCAjwjtOTBhAvEiwASG4bCIOUnnCEq2_iMR3QpgWLtmDPGCtrNQ3WjKp50y-rQZqKZlHM3YQKWhoC8NcQAvD_BwE","remoteIp":"175.177.42.32","requestMethod":"GET","requestSize":"920","requestUrl":"https://muni.ink/_next/image?url=%2Flogo_horizontal.png&w=384&q=75","responseSize":"708","serverIp":"35.241.42.228","status":304,"userAgent":"Mozilla/5.0 (iPhone; CPU iPhone OS 15_4 like Mac OS X) AppleWebKit/605.1.15 (KHTML, like Gecko) GSA/210.0.444145502 Mobile/15E148 Safari/604.1"},"insertId":"6274dc3400097ee4ec3612bf","labels":{"instanceId":"0067430fbd7af03cb17d92900b5f3305989a61b2bd445dd81108ccfd0293c2aeb5c985f7ae593a5d75291bf8faf2b546eff48eec5f9779a88bd23cf4a59c0f70bf36"},"logName":"projects/muni-production-f8e72/logs/run.googleapis.com%2Frequests","receiveTimestamp":"2022-05-06T08:28:36.740326063Z","resource":{"labels":{"configuration_name":"muni-front","location":"asia-northeast1","project_id":"muni-production-f8e72","revision_name":"muni-front-jq7fz","service_name":"muni-front"},"type":"cloud_run_revision"},"severity":"INFO","timestamp":"2022-05-06T08:28:36.622308Z","trace":"projects/muni-production-f8e72/traces/4eb6406b49aacbe3b54f33006337a5e1"}
{"httpRequest":{"latency":"0.002339955s","protocol":"HTTP/1.1","referer":"https://muni.ink/","remoteIp":"175.177.42.32","requestMethod":"OPTIONS","requestSize":"700","requestUrl":"https://api.muni.ink/recent","responseSize":"853","serverIp":"35.241.42.228","status":204,"userAgent":"Mozilla/5.0 (iPhone; CPU iPhone OS 15_4 like Mac OS X) AppleWebKit/605.1.15 (KHTML, like Gecko) GSA/210.0.444145502 Mobile/15E148 Safari/604.1"},"insertId":"6274dc340009483f223ebe3c","labels":{"instanceId":"0067430fbdf8497301732486903449ce1ad928680c0f0325f15430c7bed22be2f601789463027844e3f1a908a21bd50a24d6eb57beb97b1070da88a46d5bf9dc8679"},"logName":"projects/muni-production-f8e72/logs/run.googleapis.com%2Frequests","receiveTimestamp":"2022-05-06T08:28:36.738616478Z","resource":{"labels":{"configuration_name":"muni-back","location":"asia-northeast1","project_id":"muni-production-f8e72","revision_name":"muni-back-hpgtt","service_name":"muni-back"},"type":"cloud_run_revision"},"severity":"INFO","timestamp":"2022-05-06T08:28:36.608319Z","trace":"projects/muni-production-f8e72/traces/07c9063e9fe69d488fec94e4d53efe3f"}
{"httpRequest":{"latency":"0.618377662s","protocol":"HTTP/1.1","referer":"https://muni.ink/","remoteIp":"175.177.42.32","requestMethod":"GET","requestSize":"753","requestUrl":"https://storage.muni.ink/work/TLZWOyoQvXDfZOIa8wW5","responseSize":"117227","serverIp":"35.241.42.228","status":200,"userAgent":"Mozilla/5.0 (iPhone; CPU iPhone OS 15_4 like Mac OS X) AppleWebKit/605.1.15 (KHTML, like Gecko) GSA/210.0.444145502 Mobile/15E148 Safari/604.1"},"insertId":"6274dc2d000d1c43bf0add7e","labels":{"instanceId":"0067430fbdf8497301732486903449ce1ad928680c0f0325f15430c7bed22be2f601789463027844e3f1a908a21bd50a24d6eb57beb97b1070da88a46d5bf9dc8679"},"logName":"projects/muni-production-f8e72/logs/run.googleapis.com%2Frequests","receiveTimestamp":"2022-05-06T08:28:30.077863864Z","resource":{"labels":{"configuration_name":"muni-back","location":"asia-northeast1","project_id":"muni-production-f8e72","revision_name":"muni-back-hpgtt","service_name":"muni-back"},"type":"cloud_run_revision"},"severity":"INFO","timestamp":"2022-05-06T08:28:29.859203Z","trace":"projects/muni-production-f8e72/traces/911bf5c1eb41ca815304c68131b5ba5b"}
{"insertId":"6274dc2d000d15adc9bd337e","jsonPayload":{"ident":"COMPLETE","level":"INFO","message":"Success to fetch optimized image","method":"WorkAPI","timestamp":"2022-5-6 8:28:29","workId":"TLZWOyoQvXDfZOIa8wW5"},"labels":{"instanceId":"0067430fbdf8497301732486903449ce1ad928680c0f0325f15430c7bed22be2f601789463027844e3f1a908a21bd50a24d6eb57beb97b1070da88a46d5bf9dc8679"},"logName":"projects/muni-production-f8e72/logs/run.googleapis.com%2Fstdout","receiveTimestamp":"2022-05-06T08:28:29.998111306Z","resource":{"labels":{"configuration_name":"muni-back","location":"asia-northeast1","project_id":"muni-production-f8e72","revision_name":"muni-back-hpgtt","service_name":"muni-back"},"type":"cloud_run_revision"},"timestamp":"2022-05-06T08:28:29.857517Z"}
{"httpRequest":{"latency":"0.009467457s","protocol":"HTTP/1.1","referer":"https://muni.ink/painting/TLZWOyoQvXDfZOIa8wW5","remoteIp":"175.177.42.32","requestMethod":"GET","requestSize":"732","requestUrl":"https://muni.ink/_next/static/chunks/pages/user/%5Bid%5D-40de660f43da0b89.js","responseSize":"3661","serverIp":"35.241.42.228","status":200,"userAgent":"Mozilla/5.0 (iPhone; CPU iPhone OS 15_4 like Mac OS X) AppleWebKit/605.1.15 (KHTML, like Gecko) GSA/210.0.444145502 Mobile/15E148 Safari/604.1"},"insertId":"6274dc2d0003f280e6f39cff","labels":{"instanceId":"0067430fbd7af03cb17d92900b5f3305989a61b2bd445dd81108ccfd0293c2aeb5c985f7ae593a5d75291bf8faf2b546eff48eec5f9779a88bd23cf4a59c0f70bf36"},"logName":"projects/muni-production-f8e72/logs/run.googleapis.com%2Frequests","receiveTimestamp":"2022-05-06T08:28:29.415907118Z","resource":{"labels":{"configuration_name":"muni-front","location":"asia-northeast1","project_id":"muni-production-f8e72","revision_name":"muni-front-jq7fz","service_name":"muni-front"},"type":"cloud_run_revision"},"severity":"INFO","timestamp":"2022-05-06T08:28:29.258688Z","trace":"projects/muni-production-f8e72/traces/0ec72b18b99d5a0f5dfce9d453def8aa"}
{"insertId":"6274dc2d0003b6dddf4ae431","jsonPayload":{"ident":"RECIEVED","level":"INFO","message":"Request recieved for TLZWOyoQvXDfZOIa8wW5.","method":"WorkAPI","timestamp":"2022-5-6 8:28:29","workId":"TLZWOyoQvXDfZOIa8wW5"},"labels":{"instanceId":"0067430fbdf8497301732486903449ce1ad928680c0f0325f15430c7bed22be2f601789463027844e3f1a908a21bd50a24d6eb57beb97b1070da88a46d5bf9dc8679"},"logName":"projects/muni-production-f8e72/logs/run.googleapis.com%2Fstdout","receiveTimestamp":"2022-05-06T08:28:29.332490848Z","resource":{"labels":{"configuration_name":"muni-back","location":"asia-northeast1","project_id":"muni-production-f8e72","revision_name":"muni-back-hpgtt","service_name":"muni-back"},"type":"cloud_run_revision"},"timestamp":"2022-05-06T08:28:29.243421Z"}
{"httpRequest":{"latency":"0.252176260s","protocol":"HTTP/1.1","referer":"https://muni.ink/?gclid=CjwKCAjwjtOTBhAvEiwASG4bCIOUnnCEq2_iMR3QpgWLtmDPGCtrNQ3WjKp50y-rQZqKZlHM3YQKWhoC8NcQAvD_BwE","remoteIp":"175.177.42.32","requestMethod":"GET","requestSize":"833","requestUrl":"https://muni.ink/_next/data/IVVvbvvWS4XaF0igaWv4S/painting/TLZWOyoQvXDfZOIa8wW5.json?id=TLZWOyoQvXDfZOIa8wW5","responseSize":"1400","serverIp":"35.241.42.228","status":200,"userAgent":"Mozilla/5.0 (iPhone; CPU iPhone OS 15_4 like Mac OS X) AppleWebKit/605.1.15 (KHTML, like Gecko) GSA/210.0.444145502 Mobile/15E148 Safari/604.1"},"insertId":"6274dc2d000139206aec08ba","labels":{"instanceId":"0067430fbd7af03cb17d92900b5f3305989a61b2bd445dd81108ccfd0293c2aeb5c985f7ae593a5d75291bf8faf2b546eff48eec5f9779a88bd23cf4a59c0f70bf36"},"logName":"projects/muni-production-f8e72/logs/run.googleapis.com%2Frequests","receiveTimestamp":"2022-05-06T08:28:29.082993511Z","resource":{"labels":{"configuration_name":"muni-front","location":"asia-northeast1","project_id":"muni-production-f8e72","revision_name":"muni-front-jq7fz","service_name":"muni-front"},"type":"cloud_run_revision"},"severity":"INFO","timestamp":"2022-05-06T08:28:29.080160Z","trace":"projects/muni-production-f8e72/traces/e696f8ab022a2747ff99937ec5fd1de8"}
{"httpRequest":{"latency":"0.081060920s","protocol":"HTTP/1.1","remoteIp":"35.203.249.164","requestMethod":"POST","requestSize":"524","requestUrl":"https://api.muni.ink/workmeta","responseSize":"1426","serverIp":"35.241.42.228","status":200,"userAgent":"node-fetch/1.0 (+https://github.com/bitinn/node-fetch)"},"insertId":"6274dc2d000126ca1b1ee59c","labels":{"instanceId":"0067430fbdf8497301732486903449ce1ad928680c0f0325f15430c7bed22be2f601789463027844e3f1a908a21bd50a24d6eb57beb97b1070da88a46d5bf9dc8679"},"logName":"projects/muni-production-f8e72/logs/run.googleapis.com%2Frequests","receiveTimestamp":"2022-05-06T08:28:29.078825750Z","resource":{"labels":{"configuration_name":"muni-back","location":"asia-northeast1","project_id":"muni-production-f8e72","revision_name":"muni-back-hpgtt","service_name":"muni-back"},"type":"cloud_run_revision"},"severity":"INFO","timestamp":"2022-05-06T08:28:29.075466Z","trace":"projects/muni-production-f8e72/traces/9a4edcbf269e1e2fab6fe1898528ed55"}
{"insertId":"6274dc2d000056284418bbb0","jsonPayload":{"ident":"SUCCESS_TO_FIND","level":"INFO","message":"Work found.","method":"WorkMetadataAPI","timestamp":"2022-5-6 8:28:29","workId":"TLZWOyoQvXDfZOIa8wW5"},"labels":{"instanceId":"0067430fbdf8497301732486903449ce1ad928680c0f0325f15430c7bed22be2f601789463027844e3f1a908a21bd50a24d6eb57beb97b1070da88a46d5bf9dc8679"},"logName":"projects/muni-production-f8e72/logs/run.googleapis.com%2Fstdout","receiveTimestamp":"2022-05-06T08:28:29.332490848Z","resource":{"labels":{"configuration_name":"muni-back","location":"asia-northeast1","project_id":"muni-production-f8e72","revision_name":"muni-back-hpgtt","service_name":"muni-back"},"type":"cloud_run_revision"},"timestamp":"2022-05-06T08:28:29.022056Z"}
{"insertId":"6274dc2c000f335de2634412","jsonPayload":{"ident":"RECIEVE","level":"INFO","message":"Recieve the work metadata request.","method":"WorkMetadataAPI","timestamp":"2022-5-6 8:28:28"},"labels":{"instanceId":"0067430fbdf8497301732486903449ce1ad928680c0f0325f15430c7bed22be2f601789463027844e3f1a908a21bd50a24d6eb57beb97b1070da88a46d5bf9dc8679"},"logName":"projects/muni-production-f8e72/logs/run.googleapis.com%2Fstdout","receiveTimestamp":"2022-05-06T08:28:28.999003969Z","resource":{"labels":{"configuration_name":"muni-back","location":"asia-northeast1","project_id":"muni-production-f8e72","revision_name":"muni-back-hpgtt","service_name":"muni-back"},"type":"cloud_run_revision"},"timestamp":"2022-05-06T08:28:28.996189Z"}
{"httpRequest":{"latency":"0.233911919s","protocol":"HTTP/1.1","referer":"https://muni.ink/","remoteIp":"175.177.42.32","requestMethod":"POST","requestSize":"659","requestUrl":"https://api.muni.ink/recent","responseSize":"12342","serverIp":"35.241.42.228","status":200,"userAgent":"Mozilla/5.0 (iPhone; CPU iPhone OS 15_4 like Mac OS X) AppleWebKit/605.1.15 (KHTML, like Gecko) GSA/210.0.444145502 Mobile/15E148 Safari/604.1"},"insertId":"6274dc1e0003802d4cc531d2","labels":{"instanceId":"0067430fbdf8497301732486903449ce1ad928680c0f0325f15430c7bed22be2f601789463027844e3f1a908a21bd50a24d6eb57beb97b1070da88a46d5bf9dc8679"},"logName":"projects/muni-production-f8e72/logs/run.googleapis.com%2Frequests","receiveTimestamp":"2022-05-06T08:28:14.274389760Z","resource":{"labels":{"configuration_name":"muni-back","location":"asia-northeast1","project_id":"muni-production-f8e72","revision_name":"muni-back-hpgtt","service_name":"muni-back"},"type":"cloud_run_revision"},"severity":"INFO","timestamp":"2022-05-06T08:28:14.229421Z","trace":"projects/muni-production-f8e72/traces/4dbc5a28fd5052255339a36fc37aa6d0"}
{"insertId":"6274dc1e000378ded4504ab3","jsonPayload":{"ident":"FETCH_SUCCESS","level":"INFO","message":"Success to fetch.","method":"RecentPostAPI","timestamp":"2022-5-6 8:28:14"},"labels":{"instanceId":"0067430fbdf8497301732486903449ce1ad928680c0f0325f15430c7bed22be2f601789463027844e3f1a908a21bd50a24d6eb57beb97b1070da88a46d5bf9dc8679"},"logName":"projects/muni-production-f8e72/logs/run.googleapis.com%2Fstdout","receiveTimestamp":"2022-05-06T08:28:14.332451663Z","resource":{"labels":{"configuration_name":"muni-back","location":"asia-northeast1","project_id":"muni-production-f8e72","revision_name":"muni-back-hpgtt","service_name":"muni-back"},"type":"cloud_run_revision"},"timestamp":"2022-05-06T08:28:14.227550Z"}
{"insertId":"6274dc1d000f371f19d678d9","jsonPayload":{"ident":"RECIEVE","level":"INFO","message":"Recieve the recent posted works request.","method":"RecentPostAPI","timestamp":"2022-5-6 8:28:13"},"labels":{"instanceId":"0067430fbdf8497301732486903449ce1ad928680c0f0325f15430c7bed22be2f601789463027844e3f1a908a21bd50a24d6eb57beb97b1070da88a46d5bf9dc8679"},"logName":"projects/muni-production-f8e72/logs/run.googleapis.com%2Fstdout","receiveTimestamp":"2022-05-06T08:28:14.000188172Z","resource":{"labels":{"configuration_name":"muni-back","location":"asia-northeast1","project_id":"muni-production-f8e72","revision_name":"muni-back-hpgtt","service_name":"muni-back"},"type":"cloud_run_revision"},"timestamp":"2022-05-06T08:28:13.997151Z"}
{"httpRequest":{"latency":"0.002717005s","protocol":"HTTP/1.1","referer":"https://muni.ink/","remoteIp":"175.177.42.32","requestMethod":"OPTIONS","requestSize":"700","requestUrl":"https://api.muni.ink/recent","responseSize":"853","serverIp":"35.241.42.228","status":204,"userAgent":"Mozilla/5.0 (iPhone; CPU iPhone OS 15_4 like Mac OS X) AppleWebKit/605.1.15 (KHTML, like Gecko) GSA/210.0.444145502 Mobile/15E148 Safari/604.1"},"insertId":"6274dc1d000e50293c9ed826","labels":{"instanceId":"0067430fbdf8497301732486903449ce1ad928680c0f0325f15430c7bed22be2f601789463027844e3f1a908a21bd50a24d6eb57beb97b1070da88a46d5bf9dc8679"},"logName":"projects/muni-production-f8e72/logs/run.googleapis.com%2Frequests","receiveTimestamp":"2022-05-06T08:28:13.941317110Z","resource":{"labels":{"configuration_name":"muni-back","location":"asia-northeast1","project_id":"muni-production-f8e72","revision_name":"muni-back-hpgtt","service_name":"muni-back"},"type":"cloud_run_revision"},"severity":"INFO","timestamp":"2022-05-06T08:28:13.938025Z","trace":"projects/muni-production-f8e72/traces/c229f8a1915f074f20b0eb63140c4340"}
{"httpRequest":{"latency":"0.003527054s","protocol":"HTTP/1.1","referer":"https://muni.ink/?gclid=CjwKCAjwjtOTBhAvEiwASG4bCIOUnnCEq2_iMR3QpgWLtmDPGCtrNQ3WjKp50y-rQZqKZlHM3YQKWhoC8NcQAvD_BwE","remoteIp":"175.177.42.32","requestMethod":"GET","requestSize":"828","requestUrl":"https://muni.ink/_next/image?url=%2Flogo_landing.png&w=384&q=75","responseSize":"708","serverIp":"35.241.42.228","status":304,"userAgent":"Mozilla/5.0 (iPhone; CPU iPhone OS 15_4 like Mac OS X) AppleWebKit/605.1.15 (KHTML, like Gecko) GSA/210.0.444145502 Mobile/15E148 Safari/604.1"},"insertId":"6274dc1d000bbe51f9a39e55","labels":{"instanceId":"0067430fbd7af03cb17d92900b5f3305989a61b2bd445dd81108ccfd0293c2aeb5c985f7ae593a5d75291bf8faf2b546eff48eec5f9779a88bd23cf4a59c0f70bf36"},"logName":"projects/muni-production-f8e72/logs/run.googleapis.com%2Frequests","receiveTimestamp":"2022-05-06T08:28:13.829591039Z","resource":{"labels":{"configuration_name":"muni-front","location":"asia-northeast1","project_id":"muni-production-f8e72","revision_name":"muni-front-jq7fz","service_name":"muni-front"},"type":"cloud_run_revision"},"severity":"INFO","timestamp":"2022-05-06T08:28:13.769617Z","trace":"projects/muni-production-f8e72/traces/767afff0b3c3dde91abf7f6a4f1b1031"}
{"httpRequest":{"latency":"0.003984350s","protocol":"HTTP/1.1","referer":"https://muni.ink/?gclid=CjwKCAjwjtOTBhAvEiwASG4bCIOUnnCEq2_iMR3QpgWLtmDPGCtrNQ3WjKp50y-rQZqKZlHM3YQKWhoC8NcQAvD_BwE","remoteIp":"175.177.42.32","requestMethod":"GET","requestSize":"830","requestUrl":"https://muni.ink/_next/image?url=%2Flogo_horizontal.png&w=384&q=75","responseSize":"708","serverIp":"35.241.42.228","status":304,"userAgent":"Mozilla/5.0 (iPhone; CPU iPhone OS 15_4 like Mac OS X) AppleWebKit/605.1.15 (KHTML, like Gecko) GSA/210.0.444145502 Mobile/15E148 Safari/604.1"},"insertId":"6274dc1d000bbbc498a34094","labels":{"instanceId":"0067430fbd7af03cb17d92900b5f3305989a61b2bd445dd81108ccfd0293c2aeb5c985f7ae593a5d75291bf8faf2b546eff48eec5f9779a88bd23cf4a59c0f70bf36"},"logName":"projects/muni-production-f8e72/logs/run.googleapis.com%2Frequests","receiveTimestamp":"2022-05-06T08:28:13.829591039Z","resource":{"labels":{"configuration_name":"muni-front","location":"asia-northeast1","project_id":"muni-production-f8e72","revision_name":"muni-front-jq7fz","service_name":"muni-front"},"type":"cloud_run_revision"},"severity":"INFO","timestamp":"2022-05-06T08:28:13.768964Z","trace":"projects/muni-production-f8e72/traces/f11d379312cd5f8fac9d9068d20f6f19"}
{"httpRequest":{"latency":"0.005068799s","protocol":"HTTP/1.1","referer":"https://www.google.com/","remoteIp":"175.177.42.32","requestMethod":"GET","requestSize":"717","requestUrl":"https://muni.ink/?gclid=CjwKCAjwjtOTBhAvEiwASG4bCIOUnnCEq2_iMR3QpgWLtmDPGCtrNQ3WjKp50y-rQZqKZlHM3YQKWhoC8NcQAvD_BwE","responseSize":"6077","serverIp":"35.241.42.228","status":200,"userAgent":"Mozilla/5.0 (iPhone; CPU iPhone OS 15_4 like Mac OS X) AppleWebKit/605.1.15 (KHTML, like Gecko) GSA/210.0.444145502 Mobile/15E148 Safari/604.1"},"insertId":"6274dc1d000788a2a1a4fccc","labels":{"instanceId":"0067430fbd7af03cb17d92900b5f3305989a61b2bd445dd81108ccfd0293c2aeb5c985f7ae593a5d75291bf8faf2b546eff48eec5f9779a88bd23cf4a59c0f70bf36"},"logName":"projects/muni-production-f8e72/logs/run.googleapis.com%2Frequests","receiveTimestamp":"2022-05-06T08:28:13.497230817Z","resource":{"labels":{"configuration_name":"muni-front","location":"asia-northeast1","project_id":"muni-production-f8e72","revision_name":"muni-front-jq7fz","service_name":"muni-front"},"type":"cloud_run_revision"},"severity":"INFO","timestamp":"2022-05-06T08:28:13.493730Z","trace":"projects/muni-production-f8e72/traces/79476fd249f21371bcb0c526f8b7a472"}
{"httpRequest":{"latency":"0.005013966s","protocol":"HTTP/1.1","remoteIp":"64.62.197.152","requestMethod":"GET","requestSize":"334","requestUrl":"https://35.241.42.228/","responseSize":"35263","serverIp":"35.241.42.228","status":200},"insertId":"6274dac60001e18b7f35fb77","labels":{"instanceId":"0067430fbd7af03cb17d92900b5f3305989a61b2bd445dd81108ccfd0293c2aeb5c985f7ae593a5d75291bf8faf2b546eff48eec5f9779a88bd23cf4a59c0f70bf36"},"logName":"projects/muni-production-f8e72/logs/run.googleapis.com%2Frequests","receiveTimestamp":"2022-05-06T08:22:30.124421973Z","resource":{"labels":{"configuration_name":"muni-front","location":"asia-northeast1","project_id":"muni-production-f8e72","revision_name":"muni-front-jq7fz","service_name":"muni-front"},"type":"cloud_run_revision"},"severity":"INFO","timestamp":"2022-05-06T08:22:30.123275Z","trace":"projects/muni-production-f8e72/traces/09a87a6e4014bba4f7f1c9653c996eb3"}
{"httpRequest":{"latency":"0.003190418s","protocol":"HTTP/1.1","referer":"https://muni.ink/signup","remoteIp":"43.234.149.125","requestMethod":"GET","requestSize":"894","requestUrl":"https://muni.ink/_next/image?url=%2Flogo_horizontal.png&w=384&q=75","responseSize":"708","serverIp":"35.241.42.228","status":304,"userAgent":"Mozilla/5.0 (iPhone; CPU iPhone OS 15_4_1 like Mac OS X) AppleWebKit/605.1.15 (KHTML, like Gecko) Version/15.0 Mobile/15E148 Safari/605.1.15 i-filter/sbm-safety/2.00.04.0004"},"insertId":"6274da3b000d55b47cc4fc93","labels":{"instanceId":"0067430fbd7af03cb17d92900b5f3305989a61b2bd445dd81108ccfd0293c2aeb5c985f7ae593a5d75291bf8faf2b546eff48eec5f9779a88bd23cf4a59c0f70bf36"},"logName":"projects/muni-production-f8e72/logs/run.googleapis.com%2Frequests","receiveTimestamp":"2022-05-06T08:20:12.126386782Z","resource":{"labels":{"configuration_name":"muni-front","location":"asia-northeast1","project_id":"muni-production-f8e72","revision_name":"muni-front-jq7fz","service_name":"muni-front"},"type":"cloud_run_revision"},"severity":"INFO","timestamp":"2022-05-06T08:20:11.873908Z","trace":"projects/muni-production-f8e72/traces/88675e580ea3cbd18c0c2c7fd4224ec3"}
{"httpRequest":{"latency":"0.003185077s","protocol":"HTTP/1.1","referer":"https://muni.ink/signup","remoteIp":"43.234.149.125","requestMethod":"GET","requestSize":"895","requestUrl":"https://muni.ink/_next/image?url=%2Flogo_horizontal.png&w=384&q=75","responseSize":"708","serverIp":"35.241.42.228","status":304,"userAgent":"Mozilla/5.0 (iPhone; CPU iPhone OS 15_4_1 like Mac OS X) AppleWebKit/605.1.15 (KHTML, like Gecko) Version/15.0 Mobile/15E148 Safari/605.1.15 i-filter/sbm-safety/2.00.04.0004"},"insertId":"6274da3b000a024c14191a97","labels":{"instanceId":"0067430fbd7af03cb17d92900b5f3305989a61b2bd445dd81108ccfd0293c2aeb5c985f7ae593a5d75291bf8faf2b546eff48eec5f9779a88bd23cf4a59c0f70bf36"},"logName":"projects/muni-production-f8e72/logs/run.googleapis.com%2Frequests","receiveTimestamp":"2022-05-06T08:20:11.793695462Z","resource":{"labels":{"configuration_name":"muni-front","location":"asia-northeast1","project_id":"muni-production-f8e72","revision_name":"muni-front-jq7fz","service_name":"muni-front"},"type":"cloud_run_revision"},"severity":"INFO","timestamp":"2022-05-06T08:20:11.655948Z","trace":"projects/muni-production-f8e72/traces/bb7a951f3dc29d7697283e981ad859e2"}
{"httpRequest":{"latency":"0.003082459s","protocol":"HTTP/1.1","referer":"https://muni.ink/signup","remoteIp":"43.234.149.125","requestMethod":"GET","requestSize":"894","requestUrl":"https://muni.ink/_next/image?url=%2Flogo_horizontal.png&w=384&q=75","responseSize":"708","serverIp":"35.241.42.228","status":304,"userAgent":"Mozilla/5.0 (iPhone; CPU iPhone OS 15_4_1 like Mac OS X) AppleWebKit/605.1.15 (KHTML, like Gecko) Version/15.0 Mobile/15E148 Safari/605.1.15 i-filter/sbm-safety/2.00.04.0004"},"insertId":"6274da3b00067f2f5020a76a","labels":{"instanceId":"0067430fbd7af03cb17d92900b5f3305989a61b2bd445dd81108ccfd0293c2aeb5c985f7ae593a5d75291bf8faf2b546eff48eec5f9779a88bd23cf4a59c0f70bf36"},"logName":"projects/muni-production-f8e72/logs/run.googleapis.com%2Frequests","receiveTimestamp":"2022-05-06T08:20:11.460652525Z","resource":{"labels":{"configuration_name":"muni-front","location":"asia-northeast1","project_id":"muni-production-f8e72","revision_name":"muni-front-jq7fz","service_name":"muni-front"},"type":"cloud_run_revision"},"severity":"INFO","timestamp":"2022-05-06T08:20:11.425775Z","trace":"projects/muni-production-f8e72/traces/6efa397f7ad0667d88dadb6e8eaeaf42"}
{"httpRequest":{"latency":"0.003707260s","protocol":"HTTP/1.1","referer":"https://muni.ink/signup","remoteIp":"43.234.149.125","requestMethod":"GET","requestSize":"893","requestUrl":"https://muni.ink/_next/image?url=%2Flogo_horizontal.png&w=384&q=75","responseSize":"708","serverIp":"35.241.42.228","status":304,"userAgent":"Mozilla/5.0 (iPhone; CPU iPhone OS 15_4_1 like Mac OS X) AppleWebKit/605.1.15 (KHTML, like Gecko) Version/15.0 Mobile/15E148 Safari/605.1.15 i-filter/sbm-safety/2.00.04.0004"},"insertId":"6274da3b000335db41251c30","labels":{"instanceId":"0067430fbd7af03cb17d92900b5f3305989a61b2bd445dd81108ccfd0293c2aeb5c985f7ae593a5d75291bf8faf2b546eff48eec5f9779a88bd23cf4a59c0f70bf36"},"logName":"projects/muni-production-f8e72/logs/run.googleapis.com%2Frequests","receiveTimestamp":"2022-05-06T08:20:11.460652525Z","resource":{"labels":{"configuration_name":"muni-front","location":"asia-northeast1","project_id":"muni-production-f8e72","revision_name":"muni-front-jq7fz","service_name":"muni-front"},"type":"cloud_run_revision"},"severity":"INFO","timestamp":"2022-05-06T08:20:11.210395Z","trace":"projects/muni-production-f8e72/traces/faf865a578d30611fd0a73e1749c356d"}
{"httpRequest":{"latency":"0.003447034s","protocol":"HTTP/1.1","referer":"https://muni.ink/signup","remoteIp":"43.234.149.125","requestMethod":"GET","requestSize":"895","requestUrl":"https://muni.ink/_next/image?url=%2Flogo_horizontal.png&w=384&q=75","responseSize":"708","serverIp":"35.241.42.228","status":304,"userAgent":"Mozilla/5.0 (iPhone; CPU iPhone OS 15_4_1 like Mac OS X) AppleWebKit/605.1.15 (KHTML, like Gecko) Version/15.0 Mobile/15E148 Safari/605.1.15 i-filter/sbm-safety/2.00.04.0004"},"insertId":"6274da3a000f18016a2bbee9","labels":{"instanceId":"0067430fbd7af03cb17d92900b5f3305989a61b2bd445dd81108ccfd0293c2aeb5c985f7ae593a5d75291bf8faf2b546eff48eec5f9779a88bd23cf4a59c0f70bf36"},"logName":"projects/muni-production-f8e72/logs/run.googleapis.com%2Frequests","receiveTimestamp":"2022-05-06T08:20:11.127032481Z","resource":{"labels":{"configuration_name":"muni-front","location":"asia-northeast1","project_id":"muni-production-f8e72","revision_name":"muni-front-jq7fz","service_name":"muni-front"},"type":"cloud_run_revision"},"severity":"INFO","timestamp":"2022-05-06T08:20:10.989185Z","trace":"projects/muni-production-f8e72/traces/b7d9e7d8c6c27d258cd2d30f3bbef405"}
{"httpRequest":{"latency":"0.060394347s","protocol":"HTTP/1.1","referer":"https://muni.ink/","remoteIp":"43.234.149.125","requestMethod":"POST","requestSize":"697","requestUrl":"https://api.muni.ink/user","responseSize":"970","serverIp":"35.241.42.228","status":200,"userAgent":"Mozilla/5.0 (iPhone; CPU iPhone OS 15_4_1 like Mac OS X) AppleWebKit/605.1.15 (KHTML, like Gecko) Version/15.0 Mobile/15E148 Safari/605.1.15 i-filter/sbm-safety/2.00.04.0004"},"insertId":"6274da3a000d81294acbc191","labels":{"instanceId":"0067430fbdf8497301732486903449ce1ad928680c0f0325f15430c7bed22be2f601789463027844e3f1a908a21bd50a24d6eb57beb97b1070da88a46d5bf9dc8679"},"logName":"projects/muni-production-f8e72/logs/run.googleapis.com%2Frequests","receiveTimestamp":"2022-05-06T08:20:11.143935743Z","resource":{"labels":{"configuration_name":"muni-back","location":"asia-northeast1","project_id":"muni-production-f8e72","revision_name":"muni-back-hpgtt","service_name":"muni-back"},"type":"cloud_run_revision"},"severity":"INFO","timestamp":"2022-05-06T08:20:10.885033Z","trace":"projects/muni-production-f8e72/traces/2f2ef6babddfb5edec13d01a17c057e1"}
{"insertId":"6274da3a000d7c0f7733c0e5","jsonPayload":{"accountId":"kotatu","ident":"SUCCESS_TO_FIND","level":"INFO","message":"User found.","method":"UserAPI","timestamp":"2022-5-6 8:20:10"},"labels":{"instanceId":"0067430fbdf8497301732486903449ce1ad928680c0f0325f15430c7bed22be2f601789463027844e3f1a908a21bd50a24d6eb57beb97b1070da88a46d5bf9dc8679"},"logName":"projects/muni-production-f8e72/logs/run.googleapis.com%2Fstdout","receiveTimestamp":"2022-05-06T08:20:11.211422582Z","resource":{"labels":{"configuration_name":"muni-back","location":"asia-northeast1","project_id":"muni-production-f8e72","revision_name":"muni-back-hpgtt","service_name":"muni-back"},"type":"cloud_run_revision"},"timestamp":"2022-05-06T08:20:10.883727Z"}
{"insertId":"6274da3a000d7bfc94a1f808","jsonPayload":{"ident":"FETCH_USER","level":"INFO","message":"Complete fetching user data.","method":"UserAPI","timestamp":"2022-5-6 8:20:10"},"labels":{"instanceId":"0067430fbdf8497301732486903449ce1ad928680c0f0325f15430c7bed22be2f601789463027844e3f1a908a21bd50a24d6eb57beb97b1070da88a46d5bf9dc8679"},"logName":"projects/muni-production-f8e72/logs/run.googleapis.com%2Fstdout","receiveTimestamp":"2022-05-06T08:20:11.211422582Z","resource":{"labels":{"configuration_name":"muni-back","location":"asia-northeast1","project_id":"muni-production-f8e72","revision_name":"muni-back-hpgtt","service_name":"muni-back"},"type":"cloud_run_revision"},"timestamp":"2022-05-06T08:20:10.883708Z"}
{"insertId":"6274da3a000cd9dba5c7704e","jsonPayload":{"accountId":"kotatu","ident":"FILTERING_WORKS","level":"INFO","message":"Search works link to the user.","method":"UserAPI","timestamp":"2022-5-6 8:20:10"},"labels":{"instanceId":"0067430fbdf8497301732486903449ce1ad928680c0f0325f15430c7bed22be2f601789463027844e3f1a908a21bd50a24d6eb57beb97b1070da88a46d5bf9dc8679"},"logName":"projects/muni-production-f8e72/logs/run.googleapis.com%2Fstdout","receiveTimestamp":"2022-05-06T08:20:10.878272600Z","resource":{"labels":{"configuration_name":"muni-back","location":"asia-northeast1","project_id":"muni-production-f8e72","revision_name":"muni-back-hpgtt","service_name":"muni-back"},"type":"cloud_run_revision"},"timestamp":"2022-05-06T08:20:10.842203Z"}
{"insertId":"6274da3a000c9af5d22ee48b","jsonPayload":{"ident":"RECIEVE","level":"INFO","message":"Recieve the work post request.","method":"UserAPI","timestamp":"2022-5-6 8:20:10"},"labels":{"instanceId":"0067430fbdf8497301732486903449ce1ad928680c0f0325f15430c7bed22be2f601789463027844e3f1a908a21bd50a24d6eb57beb97b1070da88a46d5bf9dc8679"},"logName":"projects/muni-production-f8e72/logs/run.googleapis.com%2Fstdout","receiveTimestamp":"2022-05-06T08:20:10.878272600Z","resource":{"labels":{"configuration_name":"muni-back","location":"asia-northeast1","project_id":"muni-production-f8e72","revision_name":"muni-back-hpgtt","service_name":"muni-back"},"type":"cloud_run_revision"},"timestamp":"2022-05-06T08:20:10.826101Z"}
{"httpRequest":{"latency":"0.003248185s","protocol":"HTTP/1.1","referer":"https://muni.ink/signup","remoteIp":"43.234.149.125","requestMethod":"GET","requestSize":"895","requestUrl":"https://muni.ink/_next/image?url=%2Flogo_horizontal.png&w=384&q=75","responseSize":"708","serverIp":"35.241.42.228","status":304,"userAgent":"Mozilla/5.0 (iPhone; CPU iPhone OS 15_4_1 like Mac OS X) AppleWebKit/605.1.15 (KHTML, like Gecko) Version/15.0 Mobile/15E148 Safari/605.1.15 i-filter/sbm-safety/2.00.04.0004"},"insertId":"6274da3a000c16146ef980d9","labels":{"instanceId":"0067430fbd7af03cb17d92900b5f3305989a61b2bd445dd81108ccfd0293c2aeb5c985f7ae593a5d75291bf8faf2b546eff48eec5f9779a88bd23cf4a59c0f70bf36"},"logName":"projects/muni-production-f8e72/logs/run.googleapis.com%2Frequests","receiveTimestamp":"2022-05-06T08:20:11.127032481Z","resource":{"labels":{"configuration_name":"muni-front","location":"asia-northeast1","project_id":"muni-production-f8e72","revision_name":"muni-front-jq7fz","service_name":"muni-front"},"type":"cloud_run_revision"},"severity":"INFO","timestamp":"2022-05-06T08:20:10.792084Z","trace":"projects/muni-production-f8e72/traces/9bc099d34505ca433eb1d9f4e4813592"}
{"httpRequest":{"latency":"0.003001741s","protocol":"HTTP/1.1","referer":"https://muni.ink/signup","remoteIp":"43.234.149.125","requestMethod":"GET","requestSize":"894","requestUrl":"https://muni.ink/_next/image?url=%2Flogo_horizontal.png&w=384&q=75","responseSize":"708","serverIp":"35.241.42.228","status":304,"userAgent":"Mozilla/5.0 (iPhone; CPU iPhone OS 15_4_1 like Mac OS X) AppleWebKit/605.1.15 (KHTML, like Gecko) Version/15.0 Mobile/15E148 Safari/605.1.15 i-filter/sbm-safety/2.00.04.0004"},"insertId":"6274da3a0008fcaa5b09206b","labels":{"instanceId":"0067430fbd7af03cb17d92900b5f3305989a61b2bd445dd81108ccfd0293c2aeb5c985f7ae593a5d75291bf8faf2b546eff48eec5f9779a88bd23cf4a59c0f70bf36"},"logName":"projects/muni-production-f8e72/logs/run.googleapis.com%2Frequests","receiveTimestamp":"2022-05-06T08:20:10.794633501Z","resource":{"labels":{"configuration_name":"muni-front","location":"asia-northeast1","project_id":"muni-production-f8e72","revision_name":"muni-front-jq7fz","service_name":"muni-front"},"type":"cloud_run_revision"},"severity":"INFO","timestamp":"2022-05-06T08:20:10.588970Z","trace":"projects/muni-production-f8e72/traces/86bab4710a71648550793e7a69d5202a"}
{"httpRequest":{"latency":"0.003371743s","protocol":"HTTP/1.1","referer":"https://muni.ink/signup","remoteIp":"43.234.149.125","requestMethod":"GET","requestSize":"895","requestUrl":"https://muni.ink/_next/image?url=%2Flogo_horizontal.png&w=384&q=75","responseSize":"708","serverIp":"35.241.42.228","status":304,"userAgent":"Mozilla/5.0 (iPhone; CPU iPhone OS 15_4_1 like Mac OS X) AppleWebKit/605.1.15 (KHTML, like Gecko) Version/15.0 Mobile/15E148 Safari/605.1.15 i-filter/sbm-safety/2.00.04.0004"},"insertId":"6274da3a000577a6785c65e3","labels":{"instanceId":"0067430fbd7af03cb17d92900b5f3305989a61b2bd445dd81108ccfd0293c2aeb5c985f7ae593a5d75291bf8faf2b546eff48eec5f9779a88bd23cf4a59c0f70bf36"},"logName":"projects/muni-production-f8e72/logs/run.googleapis.com%2Frequests","receiveTimestamp":"2022-05-06T08:20:10.461990069Z","resource":{"labels":{"configuration_name":"muni-front","location":"asia-northeast1","project_id":"muni-production-f8e72","revision_name":"muni-front-jq7fz","service_name":"muni-front"},"type":"cloud_run_revision"},"severity":"INFO","timestamp":"2022-05-06T08:20:10.358310Z","trace":"projects/muni-production-f8e72/traces/388aa20f7b4e5288fa1e0c64628609a8"}
{"httpRequest":{"latency":"0.003105075s","protocol":"HTTP/1.1","referer":"https://muni.ink/signup","remoteIp":"43.234.149.125","requestMethod":"GET","requestSize":"894","requestUrl":"https://muni.ink/_next/image?url=%2Flogo_horizontal.png&w=384&q=75","responseSize":"708","serverIp":"35.241.42.228","status":304,"userAgent":"Mozilla/5.0 (iPhone; CPU iPhone OS 15_4_1 like Mac OS X) AppleWebKit/605.1.15 (KHTML, like Gecko) Version/15.0 Mobile/15E148 Safari/605.1.15 i-filter/sbm-safety/2.00.04.0004"},"insertId":"6274da390003831a8549146d","labels":{"instanceId":"0067430fbd7af03cb17d92900b5f3305989a61b2bd445dd81108ccfd0293c2aeb5c985f7ae593a5d75291bf8faf2b546eff48eec5f9779a88bd23cf4a59c0f70bf36"},"logName":"projects/muni-production-f8e72/logs/run.googleapis.com%2Frequests","receiveTimestamp":"2022-05-06T08:20:09.460564416Z","resource":{"labels":{"configuration_name":"muni-front","location":"asia-northeast1","project_id":"muni-production-f8e72","revision_name":"muni-front-jq7fz","service_name":"muni-front"},"type":"cloud_run_revision"},"severity":"INFO","timestamp":"2022-05-06T08:20:09.230170Z","trace":"projects/muni-production-f8e72/traces/0be2cc4b8ee40773ef9d34e28fbb4f3b"}
{"httpRequest":{"latency":"0.003285083s","protocol":"HTTP/1.1","referer":"https://muni.ink/user/kotatu","remoteIp":"43.234.149.125","requestMethod":"GET","requestSize":"900","requestUrl":"https://muni.ink/_next/image?url=%2Flogo_horizontal.png&w=384&q=75","responseSize":"708","serverIp":"35.241.42.228","status":304,"userAgent":"Mozilla/5.0 (iPhone; CPU iPhone OS 15_4_1 like Mac OS X) AppleWebKit/605.1.15 (KHTML, like Gecko) Version/15.0 Mobile/15E148 Safari/605.1.15 i-filter/sbm-safety/2.00.04.0004"},"insertId":"6274da39000001c3824d6444","labels":{"instanceId":"0067430fbd7af03cb17d92900b5f3305989a61b2bd445dd81108ccfd0293c2aeb5c985f7ae593a5d75291bf8faf2b546eff48eec5f9779a88bd23cf4a59c0f70bf36"},"logName":"projects/muni-production-f8e72/logs/run.googleapis.com%2Frequests","receiveTimestamp":"2022-05-06T08:20:09.127021824Z","resource":{"labels":{"configuration_name":"muni-front","location":"asia-northeast1","project_id":"muni-production-f8e72","revision_name":"muni-front-jq7fz","service_name":"muni-front"},"type":"cloud_run_revision"},"severity":"INFO","timestamp":"2022-05-06T08:20:09.000451Z","trace":"projects/muni-production-f8e72/traces/99c5123f52d6883552670fcbc12cfe79"}
{"httpRequest":{"latency":"0.101923575s","protocol":"HTTP/1.1","referer":"https://muni.ink/","remoteIp":"43.234.149.125","requestMethod":"POST","requestSize":"690","requestUrl":"https://api.muni.ink/recent","responseSize":"12342","serverIp":"35.241.42.228","status":200,"userAgent":"Mozilla/5.0 (iPhone; CPU iPhone OS 15_4_1 like Mac OS X) AppleWebKit/605.1.15 (KHTML, like Gecko) Version/15.0 Mobile/15E148 Safari/605.1.15 i-filter/sbm-safety/2.00.04.0004"},"insertId":"6274da38000eaa9c480f0e21","labels":{"instanceId":"0067430fbdf8497301732486903449ce1ad928680c0f0325f15430c7bed22be2f601789463027844e3f1a908a21bd50a24d6eb57beb97b1070da88a46d5bf9dc8679"},"logName":"projects/muni-production-f8e72/logs/run.googleapis.com%2Frequests","receiveTimestamp":"2022-05-06T08:20:09.147410275Z","resource":{"labels":{"configuration_name":"muni-back","location":"asia-northeast1","project_id":"muni-production-f8e72","revision_name":"muni-back-hpgtt","service_name":"muni-back"},"type":"cloud_run_revision"},"severity":"INFO","timestamp":"2022-05-06T08:20:08.961180Z","trace":"projects/muni-production-f8e72/traces/ece6e50acc37631cb4c97247cf67b296"}
{"insertId":"6274da38000ea426b6e483d2","jsonPayload":{"ident":"FETCH_SUCCESS","level":"INFO","message":"Success to fetch.","method":"RecentPostAPI","timestamp":"2022-5-6 8:20:8"},"labels":{"instanceId":"0067430fbdf8497301732486903449ce1ad928680c0f0325f15430c7bed22be2f601789463027844e3f1a908a21bd50a24d6eb57beb97b1070da88a46d5bf9dc8679"},"logName":"projects/muni-production-f8e72/logs/run.googleapis.com%2Fstdout","receiveTimestamp":"2022-05-06T08:20:09.211544875Z","resource":{"labels":{"configuration_name":"muni-back","location":"asia-northeast1","project_id":"muni-production-f8e72","revision_name":"muni-back-hpgtt","service_name":"muni-back"},"type":"cloud_run_revision"},"timestamp":"2022-05-06T08:20:08.959526Z"}
{"insertId":"6274da38000d227e5f6fbd48","jsonPayload":{"ident":"RECIEVE","level":"INFO","message":"Recieve the recent posted works request.","method":"RecentPostAPI","timestamp":"2022-5-6 8:20:8"},"labels":{"instanceId":"0067430fbdf8497301732486903449ce1ad928680c0f0325f15430c7bed22be2f601789463027844e3f1a908a21bd50a24d6eb57beb97b1070da88a46d5bf9dc8679"},"logName":"projects/muni-production-f8e72/logs/run.googleapis.com%2Fstdout","receiveTimestamp":"2022-05-06T08:20:08.878587799Z","resource":{"labels":{"configuration_name":"muni-back","location":"asia-northeast1","project_id":"muni-production-f8e72","revision_name":"muni-back-hpgtt","service_name":"muni-back"},"type":"cloud_run_revision"},"timestamp":"2022-05-06T08:20:08.860798Z"}
{"httpRequest":{"latency":"0.002292389s","protocol":"HTTP/1.1","referer":"https://muni.ink/","remoteIp":"43.234.149.125","requestMethod":"OPTIONS","requestSize":"730","requestUrl":"https://api.muni.ink/recent","responseSize":"853","serverIp":"35.241.42.228","status":204,"userAgent":"Mozilla/5.0 (iPhone; CPU iPhone OS 15_4_1 like Mac OS X) AppleWebKit/605.1.15 (KHTML, like Gecko) Version/15.0 Mobile/15E148 Safari/605.1.15 i-filter/sbm-safety/2.00.04.0004"},"insertId":"6274da38000cc21acbbbc20f","labels":{"instanceId":"0067430fbdf8497301732486903449ce1ad928680c0f0325f15430c7bed22be2f601789463027844e3f1a908a21bd50a24d6eb57beb97b1070da88a46d5bf9dc8679"},"logName":"projects/muni-production-f8e72/logs/run.googleapis.com%2Frequests","receiveTimestamp":"2022-05-06T08:20:09.147410275Z","resource":{"labels":{"configuration_name":"muni-back","location":"asia-northeast1","project_id":"muni-production-f8e72","revision_name":"muni-back-hpgtt","service_name":"muni-back"},"type":"cloud_run_revision"},"severity":"INFO","timestamp":"2022-05-06T08:20:08.836122Z","trace":"projects/muni-production-f8e72/traces/d33b03dcd3fe2e1ae5a161361aecd07f"}
{"httpRequest":{"latency":"0.003396476s","protocol":"HTTP/1.1","referer":"https://muni.ink/","remoteIp":"43.234.149.125","requestMethod":"GET","requestSize":"888","requestUrl":"https://muni.ink/_next/image?url=%2Flogo_horizontal.png&w=384&q=75","responseSize":"708","serverIp":"35.241.42.228","status":304,"userAgent":"Mozilla/5.0 (iPhone; CPU iPhone OS 15_4_1 like Mac OS X) AppleWebKit/605.1.15 (KHTML, like Gecko) Version/15.0 Mobile/15E148 Safari/605.1.15 i-filter/sbm-safety/2.00.04.0004"},"insertId":"6274da38000c0b46f56d1f4c","labels":{"instanceId":"0067430fbd7af03cb17d92900b5f3305989a61b2bd445dd81108ccfd0293c2aeb5c985f7ae593a5d75291bf8faf2b546eff48eec5f9779a88bd23cf4a59c0f70bf36"},"logName":"projects/muni-production-f8e72/logs/run.googleapis.com%2Frequests","receiveTimestamp":"2022-05-06T08:20:08.793941653Z","resource":{"labels":{"configuration_name":"muni-front","location":"asia-northeast1","project_id":"muni-production-f8e72","revision_name":"muni-front-jq7fz","service_name":"muni-front"},"type":"cloud_run_revision"},"severity":"INFO","timestamp":"2022-05-06T08:20:08.789318Z","trace":"projects/muni-production-f8e72/traces/4dadf6e81b13e5e4bd1ce4ab45e54b1a"}
{"httpRequest":{"latency":"0.062468277s","protocol":"HTTP/1.1","referer":"https://muni.ink/","remoteIp":"43.234.149.125","requestMethod":"POST","requestSize":"698","requestUrl":"https://api.muni.ink/user","responseSize":"970","serverIp":"35.241.42.228","status":200,"userAgent":"Mozilla/5.0 (iPhone; CPU iPhone OS 15_4_1 like Mac OS X) AppleWebKit/605.1.15 (KHTML, like Gecko) Version/15.0 Mobile/15E148 Safari/605.1.15 i-filter/sbm-safety/2.00.04.0004"},"insertId":"6274da3800095c8ca93c4a70","labels":{"instanceId":"0067430fbdf8497301732486903449ce1ad928680c0f0325f15430c7bed22be2f601789463027844e3f1a908a21bd50a24d6eb57beb97b1070da88a46d5bf9dc8679"},"logName":"projects/muni-production-f8e72/logs/run.googleapis.com%2Frequests","receiveTimestamp":"2022-05-06T08:20:08.812303400Z","resource":{"labels":{"configuration_name":"muni-back","location":"asia-northeast1","project_id":"muni-production-f8e72","revision_name":"muni-back-hpgtt","service_name":"muni-back"},"type":"cloud_run_revision"},"severity":"INFO","timestamp":"2022-05-06T08:20:08.613516Z","trace":"projects/muni-production-f8e72/traces/2a69cc43d6aaa627275d85bd6eb6ed48"}
{"insertId":"6274da38000956dbf7c58675","jsonPayload":{"accountId":"kotatu","ident":"SUCCESS_TO_FIND","level":"INFO","message":"User found.","method":"UserAPI","timestamp":"2022-5-6 8:20:8"},"labels":{"instanceId":"0067430fbdf8497301732486903449ce1ad928680c0f0325f15430c7bed22be2f601789463027844e3f1a908a21bd50a24d6eb57beb97b1070da88a46d5bf9dc8679"},"logName":"projects/muni-production-f8e72/logs/run.googleapis.com%2Fstdout","receiveTimestamp":"2022-05-06T08:20:08.878587799Z","resource":{"labels":{"configuration_name":"muni-back","location":"asia-northeast1","project_id":"muni-production-f8e72","revision_name":"muni-back-hpgtt","service_name":"muni-back"},"type":"cloud_run_revision"},"timestamp":"2022-05-06T08:20:08.612059Z"}
{"insertId":"6274da38000956c7d915fa2c","jsonPayload":{"ident":"FETCH_USER","level":"INFO","message":"Complete fetching user data.","method":"UserAPI","timestamp":"2022-5-6 8:20:8"},"labels":{"instanceId":"0067430fbdf8497301732486903449ce1ad928680c0f0325f15430c7bed22be2f601789463027844e3f1a908a21bd50a24d6eb57beb97b1070da88a46d5bf9dc8679"},"logName":"projects/muni-production-f8e72/logs/run.googleapis.com%2Fstdout","receiveTimestamp":"2022-05-06T08:20:08.878587799Z","resource":{"labels":{"configuration_name":"muni-back","location":"asia-northeast1","project_id":"muni-production-f8e72","revision_name":"muni-back-hpgtt","service_name":"muni-back"},"type":"cloud_run_revision"},"timestamp":"2022-05-06T08:20:08.612039Z"}
{"insertId":"6274da380008bc04b024c454","jsonPayload":{"accountId":"kotatu","ident":"FILTERING_WORKS","level":"INFO","message":"Search works link to the user.","method":"UserAPI","timestamp":"2022-5-6 8:20:8"},"labels":{"instanceId":"0067430fbdf8497301732486903449ce1ad928680c0f0325f15430c7bed22be2f601789463027844e3f1a908a21bd50a24d6eb57beb97b1070da88a46d5bf9dc8679"},"logName":"projects/muni-production-f8e72/logs/run.googleapis.com%2Fstdout","receiveTimestamp":"2022-05-06T08:20:08.878587799Z","resource":{"labels":{"configuration_name":"muni-back","location":"asia-northeast1","project_id":"muni-production-f8e72","revision_name":"muni-back-hpgtt","service_name":"muni-back"},"type":"cloud_run_revision"},"timestamp":"2022-05-06T08:20:08.572420Z"}
{"insertId":"6274da3800086e713f4e95cc","jsonPayload":{"ident":"RECIEVE","level":"INFO","message":"Recieve the work post request.","method":"UserAPI","timestamp":"2022-5-6 8:20:8"},"labels":{"instanceId":"0067430fbdf8497301732486903449ce1ad928680c0f0325f15430c7bed22be2f601789463027844e3f1a908a21bd50a24d6eb57beb97b1070da88a46d5bf9dc8679"},"logName":"projects/muni-production-f8e72/logs/run.googleapis.com%2Fstdout","receiveTimestamp":"2022-05-06T08:20:08.878587799Z","resource":{"labels":{"configuration_name":"muni-back","location":"asia-northeast1","project_id":"muni-production-f8e72","revision_name":"muni-back-hpgtt","service_name":"muni-back"},"type":"cloud_run_revision"},"timestamp":"2022-05-06T08:20:08.552561Z"}
{"httpRequest":{"latency":"0.002610363s","protocol":"HTTP/1.1","referer":"https://muni.ink/","remoteIp":"43.234.149.125","requestMethod":"OPTIONS","requestSize":"728","requestUrl":"https://api.muni.ink/user","responseSize":"853","serverIp":"35.241.42.228","status":204,"userAgent":"Mozilla/5.0 (iPhone; CPU iPhone OS 15_4_1 like Mac OS X) AppleWebKit/605.1.15 (KHTML, like Gecko) Version/15.0 Mobile/15E148 Safari/605.1.15 i-filter/sbm-safety/2.00.04.0004"},"insertId":"6274da38000801096d536ad2","labels":{"instanceId":"0067430fbdf8497301732486903449ce1ad928680c0f0325f15430c7bed22be2f601789463027844e3f1a908a21bd50a24d6eb57beb97b1070da88a46d5bf9dc8679"},"logName":"projects/muni-production-f8e72/logs/run.googleapis.com%2Frequests","receiveTimestamp":"2022-05-06T08:20:08.812303400Z","resource":{"labels":{"configuration_name":"muni-back","location":"asia-northeast1","project_id":"muni-production-f8e72","revision_name":"muni-back-hpgtt","service_name":"muni-back"},"type":"cloud_run_revision"},"severity":"INFO","timestamp":"2022-05-06T08:20:08.524553Z","trace":"projects/muni-production-f8e72/traces/0bc75103b39e40472a2faa1a6bef4f4b"}
{"httpRequest":{"latency":"0.003520154s","protocol":"HTTP/1.1","referer":"https://muni.ink/user/kotatu","remoteIp":"43.234.149.125","requestMethod":"GET","requestSize":"899","requestUrl":"https://muni.ink/_next/image?url=%2Flogo_horizontal.png&w=384&q=75","responseSize":"708","serverIp":"35.241.42.228","status":304,"userAgent":"Mozilla/5.0 (iPhone; CPU iPhone OS 15_4_1 like Mac OS X) AppleWebKit/605.1.15 (KHTML, like Gecko) Version/15.0 Mobile/15E148 Safari/605.1.15 i-filter/sbm-safety/2.00.04.0004"},"insertId":"6274da380007bd4a2b587da5","labels":{"instanceId":"0067430fbd7af03cb17d92900b5f3305989a61b2bd445dd81108ccfd0293c2aeb5c985f7ae593a5d75291bf8faf2b546eff48eec5f9779a88bd23cf4a59c0f70bf36"},"logName":"projects/muni-production-f8e72/logs/run.googleapis.com%2Frequests","receiveTimestamp":"2022-05-06T08:20:08.793941653Z","resource":{"labels":{"configuration_name":"muni-front","location":"asia-northeast1","project_id":"muni-production-f8e72","revision_name":"muni-front-jq7fz","service_name":"muni-front"},"type":"cloud_run_revision"},"severity":"INFO","timestamp":"2022-05-06T08:20:08.507210Z","trace":"projects/muni-production-f8e72/traces/cdeb004fefd39065b2180ddcd6f60ef5"}
{"httpRequest":{"latency":"0.004630403s","protocol":"HTTP/1.1","referer":"https://muni.ink/post","remoteIp":"43.234.149.125","requestMethod":"GET","requestSize":"893","requestUrl":"https://muni.ink/_next/image?url=%2Flogo_horizontal.png&w=384&q=75","responseSize":"708","serverIp":"35.241.42.228","status":304,"userAgent":"Mozilla/5.0 (iPhone; CPU iPhone OS 15_4_1 like Mac OS X) AppleWebKit/605.1.15 (KHTML, like Gecko) Version/15.0 Mobile/15E148 Safari/605.1.15 i-filter/sbm-safety/2.00.04.0004"},"insertId":"6274da3700088d5d6adb5e7f","labels":{"instanceId":"0067430fbd7af03cb17d92900b5f3305989a61b2bd445dd81108ccfd0293c2aeb5c985f7ae593a5d75291bf8faf2b546eff48eec5f9779a88bd23cf4a59c0f70bf36"},"logName":"projects/muni-production-f8e72/logs/run.googleapis.com%2Frequests","receiveTimestamp":"2022-05-06T08:20:07.796816386Z","resource":{"labels":{"configuration_name":"muni-front","location":"asia-northeast1","project_id":"muni-production-f8e72","revision_name":"muni-front-jq7fz","service_name":"muni-front"},"type":"cloud_run_revision"},"severity":"INFO","timestamp":"2022-05-06T08:20:07.560477Z","trace":"projects/muni-production-f8e72/traces/b3990542d2dd259cf034656de49be354"}
{"httpRequest":{"latency":"0.002859473s","protocol":"HTTP/1.1","referer":"https://muni.ink/","remoteIp":"43.234.149.125","requestMethod":"GET","requestSize":"886","requestUrl":"https://muni.ink/nft_description.svg","responseSize":"722","serverIp":"35.241.42.228","status":304,"userAgent":"Mozilla/5.0 (iPhone; CPU iPhone OS 15_4_1 like Mac OS X) AppleWebKit/605.1.15 (KHTML, like Gecko) Version/15.0 Mobile/15E148 Safari/605.1.15 i-filter/sbm-safety/2.00.04.0004"},"insertId":"6274da36000d887c2c746693","labels":{"instanceId":"0067430fbd7af03cb17d92900b5f3305989a61b2bd445dd81108ccfd0293c2aeb5c985f7ae593a5d75291bf8faf2b546eff48eec5f9779a88bd23cf4a59c0f70bf36"},"logName":"projects/muni-production-f8e72/logs/run.googleapis.com%2Frequests","receiveTimestamp":"2022-05-06T08:20:07.130276916Z","resource":{"labels":{"configuration_name":"muni-front","location":"asia-northeast1","project_id":"muni-production-f8e72","revision_name":"muni-front-jq7fz","service_name":"muni-front"},"type":"cloud_run_revision"},"severity":"INFO","timestamp":"2022-05-06T08:20:06.886908Z","trace":"projects/muni-production-f8e72/traces/bd636323035293b209c7468bff84dfb9"}
{"httpRequest":{"latency":"0.002743732s","protocol":"HTTP/1.1","referer":"https://muni.ink/","remoteIp":"43.234.149.125","requestMethod":"GET","requestSize":"887","requestUrl":"https://muni.ink/prepare2_metamask.svg","responseSize":"721","serverIp":"35.241.42.228","status":304,"userAgent":"Mozilla/5.0 (iPhone; CPU iPhone OS 15_4_1 like Mac OS X) AppleWebKit/605.1.15 (KHTML, like Gecko) Version/15.0 Mobile/15E148 Safari/605.1.15 i-filter/sbm-safety/2.00.04.0004"},"insertId":"6274da35000c6e49d7dac565","labels":{"instanceId":"0067430fbd7af03cb17d92900b5f3305989a61b2bd445dd81108ccfd0293c2aeb5c985f7ae593a5d75291bf8faf2b546eff48eec5f9779a88bd23cf4a59c0f70bf36"},"logName":"projects/muni-production-f8e72/logs/run.googleapis.com%2Frequests","receiveTimestamp":"2022-05-06T08:20:06.133827709Z","resource":{"labels":{"configuration_name":"muni-front","location":"asia-northeast1","project_id":"muni-production-f8e72","revision_name":"muni-front-jq7fz","service_name":"muni-front"},"type":"cloud_run_revision"},"severity":"INFO","timestamp":"2022-05-06T08:20:05.814665Z","trace":"projects/muni-production-f8e72/traces/add7ddd976b316fa55e2493943f4e051"}
{"httpRequest":{"latency":"0.003386679s","protocol":"HTTP/1.1","referer":"https://muni.ink/","remoteIp":"43.234.149.125","requestMethod":"GET","requestSize":"884","requestUrl":"https://muni.ink/prepare1_images.svg","responseSize":"721","serverIp":"35.241.42.228","status":304,"userAgent":"Mozilla/5.0 (iPhone; CPU iPhone OS 15_4_1 like Mac OS X) AppleWebKit/605.1.15 (KHTML, like Gecko) Version/15.0 Mobile/15E148 Safari/605.1.15 i-filter/sbm-safety/2.00.04.0004"},"insertId":"6274da330000378f4c861bb3","labels":{"instanceId":"0067430fbd7af03cb17d92900b5f3305989a61b2bd445dd81108ccfd0293c2aeb5c985f7ae593a5d75291bf8faf2b546eff48eec5f9779a88bd23cf4a59c0f70bf36"},"logName":"projects/muni-production-f8e72/logs/run.googleapis.com%2Frequests","receiveTimestamp":"2022-05-06T08:20:03.132746770Z","resource":{"labels":{"configuration_name":"muni-front","location":"asia-northeast1","project_id":"muni-production-f8e72","revision_name":"muni-front-jq7fz","service_name":"muni-front"},"type":"cloud_run_revision"},"severity":"INFO","timestamp":"2022-05-06T08:20:03.014223Z","trace":"projects/muni-production-f8e72/traces/78cdd3099d3a1e52c36f7be95806f175"}
{"httpRequest":{"latency":"0.003205394s","protocol":"HTTP/1.1","referer":"https://muni.ink/","remoteIp":"43.234.149.125","requestMethod":"GET","requestSize":"885","requestUrl":"https://muni.ink/howtouse3_convert.svg","responseSize":"721","serverIp":"35.241.42.228","status":304,"userAgent":"Mozilla/5.0 (iPhone; CPU iPhone OS 15_4_1 like Mac OS X) AppleWebKit/605.1.15 (KHTML, like Gecko) Version/15.0 Mobile/15E148 Safari/605.1.15 i-filter/sbm-safety/2.00.04.0004"},"insertId":"6274da2e00086e727b24c333","labels":{"instanceId":"0067430fbd7af03cb17d92900b5f3305989a61b2bd445dd81108ccfd0293c2aeb5c985f7ae593a5d75291bf8faf2b546eff48eec5f9779a88bd23cf4a59c0f70bf36"},"logName":"projects/muni-production-f8e72/logs/run.googleapis.com%2Frequests","receiveTimestamp":"2022-05-06T08:19:58.805048429Z","resource":{"labels":{"configuration_name":"muni-front","location":"asia-northeast1","project_id":"muni-production-f8e72","revision_name":"muni-front-jq7fz","service_name":"muni-front"},"type":"cloud_run_revision"},"severity":"INFO","timestamp":"2022-05-06T08:19:58.552562Z","trace":"projects/muni-production-f8e72/traces/a1379c19fc5f6e91b915894a571655ea"}
{"httpRequest":{"latency":"0.002778048s","protocol":"HTTP/1.1","referer":"https://muni.ink/","remoteIp":"43.234.149.125","requestMethod":"GET","requestSize":"885","requestUrl":"https://muni.ink/howtouse2_upload.svg","responseSize":"721","serverIp":"35.241.42.228","status":304,"userAgent":"Mozilla/5.0 (iPhone; CPU iPhone OS 15_4_1 like Mac OS X) AppleWebKit/605.1.15 (KHTML, like Gecko) Version/15.0 Mobile/15E148 Safari/605.1.15 i-filter/sbm-safety/2.00.04.0004"},"insertId":"6274da2e000650e00e6c56ea","labels":{"instanceId":"0067430fbd7af03cb17d92900b5f3305989a61b2bd445dd81108ccfd0293c2aeb5c985f7ae593a5d75291bf8faf2b546eff48eec5f9779a88bd23cf4a59c0f70bf36"},"logName":"projects/muni-production-f8e72/logs/run.googleapis.com%2Frequests","receiveTimestamp":"2022-05-06T08:19:58.476001953Z","resource":{"labels":{"configuration_name":"muni-front","location":"asia-northeast1","project_id":"muni-production-f8e72","revision_name":"muni-front-jq7fz","service_name":"muni-front"},"type":"cloud_run_revision"},"severity":"INFO","timestamp":"2022-05-06T08:19:58.413920Z","trace":"projects/muni-production-f8e72/traces/ff31d003ea71c935cf96d46356286720"}
{"httpRequest":{"latency":"0.013792950s","protocol":"HTTP/1.1","referer":"https://muni.ink/","remoteIp":"43.234.149.125","requestMethod":"GET","requestSize":"885","requestUrl":"https://muni.ink/howtouse_arrow_v.svg","responseSize":"721","serverIp":"35.241.42.228","status":304,"userAgent":"Mozilla/5.0 (iPhone; CPU iPhone OS 15_4_1 like Mac OS X) AppleWebKit/605.1.15 (KHTML, like Gecko) Version/15.0 Mobile/15E148 Safari/605.1.15 i-filter/sbm-safety/2.00.04.0004"},"insertId":"6274da2e00053602c5b51b64","labels":{"instanceId":"0067430fbd7af03cb17d92900b5f3305989a61b2bd445dd81108ccfd0293c2aeb5c985f7ae593a5d75291bf8faf2b546eff48eec5f9779a88bd23cf4a59c0f70bf36"},"logName":"projects/muni-production-f8e72/logs/run.googleapis.com%2Frequests","receiveTimestamp":"2022-05-06T08:19:58.476001953Z","resource":{"labels":{"configuration_name":"muni-front","location":"asia-northeast1","project_id":"muni-production-f8e72","revision_name":"muni-front-jq7fz","service_name":"muni-front"},"type":"cloud_run_revision"},"severity":"INFO","timestamp":"2022-05-06T08:19:58.341506Z","trace":"projects/muni-production-f8e72/traces/9fb1e2c54d465407fa62dfacfda23d06"}
{"httpRequest":{"latency":"0.005580361s","protocol":"HTTP/1.1","referer":"https://muni.ink/","remoteIp":"43.234.149.125","requestMethod":"GET","requestSize":"885","requestUrl":"https://muni.ink/howtouse1_signup.svg","responseSize":"721","serverIp":"35.241.42.228","status":304,"userAgent":"Mozilla/5.0 (iPhone; CPU iPhone OS 15_4_1 like Mac OS X) AppleWebKit/605.1.15 (KHTML, like Gecko) Version/15.0 Mobile/15E148 Safari/605.1.15 i-filter/sbm-safety/2.00.04.0004"},"insertId":"6274da2e0003da71e8db6c02","labels":{"instanceId":"0067430fbd7af03cb17d92900b5f3305989a61b2bd445dd81108ccfd0293c2aeb5c985f7ae593a5d75291bf8faf2b546eff48eec5f9779a88bd23cf4a59c0f70bf36"},"logName":"projects/muni-production-f8e72/logs/run.googleapis.com%2Frequests","receiveTimestamp":"2022-05-06T08:19:58.476001953Z","resource":{"labels":{"configuration_name":"muni-front","location":"asia-northeast1","project_id":"muni-production-f8e72","revision_name":"muni-front-jq7fz","service_name":"muni-front"},"type":"cloud_run_revision"},"severity":"INFO","timestamp":"2022-05-06T08:19:58.252529Z","trace":"projects/muni-production-f8e72/traces/48549b6480bd78819e76a426d6b0a2c0"}
{"httpRequest":{"latency":"0.348441441s","protocol":"HTTP/1.1","referer":"https://muni.ink/","remoteIp":"43.234.149.125","requestMethod":"GET","requestSize":"835","requestUrl":"https://storage.muni.ink/work/MQqOxPo6g5YbBcH2qWFG?thumbnail=true","responseSize":"15718","serverIp":"35.241.42.228","status":200,"userAgent":"Mozilla/5.0 (iPhone; CPU iPhone OS 15_4_1 like Mac OS X) AppleWebKit/605.1.15 (KHTML, like Gecko) Version/15.0 Mobile/15E148 Safari/605.1.15 i-filter/sbm-safety/2.00.04.0004"},"insertId":"6274da2d00074989f2ccae33","labels":{"instanceId":"0067430fbdf8497301732486903449ce1ad928680c0f0325f15430c7bed22be2f601789463027844e3f1a908a21bd50a24d6eb57beb97b1070da88a46d5bf9dc8679"},"logName":"projects/muni-production-f8e72/logs/run.googleapis.com%2Frequests","receiveTimestamp":"2022-05-06T08:19:57.491466737Z","resource":{"labels":{"configuration_name":"muni-back","location":"asia-northeast1","project_id":"muni-production-f8e72","revision_name":"muni-back-hpgtt","service_name":"muni-back"},"type":"cloud_run_revision"},"severity":"INFO","timestamp":"2022-05-06T08:19:57.477577Z","trace":"projects/muni-production-f8e72/traces/4adc96256eef809934f4f734f491b18a"}
{"insertId":"6274da2d000743e764077728","jsonPayload":{"ident":"COMPLETE","level":"INFO","message":"Success to fetch optimized image","method":"WorkAPI","timestamp":"2022-5-6 8:19:57","workId":"MQqOxPo6g5YbBcH2qWFG"},"labels":{"instanceId":"0067430fbdf8497301732486903449ce1ad928680c0f0325f15430c7bed22be2f601789463027844e3f1a908a21bd50a24d6eb57beb97b1070da88a46d5bf9dc8679"},"logName":"projects/muni-production-f8e72/logs/run.googleapis.com%2Fstdout","receiveTimestamp":"2022-05-06T08:19:57.555338514Z","resource":{"labels":{"configuration_name":"muni-back","location":"asia-northeast1","project_id":"muni-production-f8e72","revision_name":"muni-back-hpgtt","service_name":"muni-back"},"type":"cloud_run_revision"},"timestamp":"2022-05-06T08:19:57.476135Z"}
{"httpRequest":{"latency":"0.414009217s","protocol":"HTTP/1.1","referer":"https://muni.ink/","remoteIp":"43.234.149.125","requestMethod":"GET","requestSize":"835","requestUrl":"https://storage.muni.ink/work/KrbBlZcwb2i9dEu7llWh?thumbnail=true","responseSize":"17230","serverIp":"35.241.42.228","status":200,"userAgent":"Mozilla/5.0 (iPhone; CPU iPhone OS 15_4_1 like Mac OS X) AppleWebKit/605.1.15 (KHTML, like Gecko) Version/15.0 Mobile/15E148 Safari/605.1.15 i-filter/sbm-safety/2.00.04.0004"},"insertId":"6274da2d00043af13f47437d","labels":{"instanceId":"0067430fbdf8497301732486903449ce1ad928680c0f0325f15430c7bed22be2f601789463027844e3f1a908a21bd50a24d6eb57beb97b1070da88a46d5bf9dc8679"},"logName":"projects/muni-production-f8e72/logs/run.googleapis.com%2Frequests","receiveTimestamp":"2022-05-06T08:19:57.491466737Z","resource":{"labels":{"configuration_name":"muni-back","location":"asia-northeast1","project_id":"muni-production-f8e72","revision_name":"muni-back-hpgtt","service_name":"muni-back"},"type":"cloud_run_revision"},"severity":"INFO","timestamp":"2022-05-06T08:19:57.277233Z","trace":"projects/muni-production-f8e72/traces/d52d9cbfdec921d1e09bcf528d63693f"}
{"insertId":"6274da2d00043561a8d4d725","jsonPayload":{"ident":"COMPLETE","level":"INFO","message":"Success to fetch optimized image","method":"WorkAPI","timestamp":"2022-5-6 8:19:57","workId":"KrbBlZcwb2i9dEu7llWh"},"labels":{"instanceId":"0067430fbdf8497301732486903449ce1ad928680c0f0325f15430c7bed22be2f601789463027844e3f1a908a21bd50a24d6eb57beb97b1070da88a46d5bf9dc8679"},"logName":"projects/muni-production-f8e72/logs/run.googleapis.com%2Fstdout","receiveTimestamp":"2022-05-06T08:19:57.555338514Z","resource":{"labels":{"configuration_name":"muni-back","location":"asia-northeast1","project_id":"muni-production-f8e72","revision_name":"muni-back-hpgtt","service_name":"muni-back"},"type":"cloud_run_revision"},"timestamp":"2022-05-06T08:19:57.275809Z"}
{"insertId":"6274da2d0001fdabd71683a9","jsonPayload":{"ident":"RECIEVED","level":"INFO","message":"Request recieved for MQqOxPo6g5YbBcH2qWFG.","method":"WorkAPI","timestamp":"2022-5-6 8:19:57","workId":"MQqOxPo6g5YbBcH2qWFG"},"labels":{"instanceId":"0067430fbdf8497301732486903449ce1ad928680c0f0325f15430c7bed22be2f601789463027844e3f1a908a21bd50a24d6eb57beb97b1070da88a46d5bf9dc8679"},"logName":"projects/muni-production-f8e72/logs/run.googleapis.com%2Fstdout","receiveTimestamp":"2022-05-06T08:19:57.222499492Z","resource":{"labels":{"configuration_name":"muni-back","location":"asia-northeast1","project_id":"muni-production-f8e72","revision_name":"muni-back-hpgtt","service_name":"muni-back"},"type":"cloud_run_revision"},"timestamp":"2022-05-06T08:19:57.130475Z"}
{"insertId":"6274da2c000d31692ba89b2f","jsonPayload":{"ident":"RECIEVED","level":"INFO","message":"Request recieved for KrbBlZcwb2i9dEu7llWh.","method":"WorkAPI","timestamp":"2022-5-6 8:19:56","workId":"KrbBlZcwb2i9dEu7llWh"},"labels":{"instanceId":"0067430fbdf8497301732486903449ce1ad928680c0f0325f15430c7bed22be2f601789463027844e3f1a908a21bd50a24d6eb57beb97b1070da88a46d5bf9dc8679"},"logName":"projects/muni-production-f8e72/logs/run.googleapis.com%2Fstdout","receiveTimestamp":"2022-05-06T08:19:56.891174402Z","resource":{"labels":{"configuration_name":"muni-back","location":"asia-northeast1","project_id":"muni-production-f8e72","revision_name":"muni-back-hpgtt","service_name":"muni-back"},"type":"cloud_run_revision"},"timestamp":"2022-05-06T08:19:56.864617Z"}
{"httpRequest":{"latency":"0.105453169s","protocol":"HTTP/1.1","referer":"https://muni.ink/","remoteIp":"43.234.149.125","requestMethod":"POST","requestSize":"690","requestUrl":"https://api.muni.ink/recent","responseSize":"12342","serverIp":"35.241.42.228","status":200,"userAgent":"Mozilla/5.0 (iPhone; CPU iPhone OS 15_4_1 like Mac OS X) AppleWebKit/605.1.15 (KHTML, like Gecko) Version/15.0 Mobile/15E148 Safari/605.1.15 i-filter/sbm-safety/2.00.04.0004"},"insertId":"6274da270007e13aad63b76e","labels":{"instanceId":"0067430fbdf8497301732486903449ce1ad928680c0f0325f15430c7bed22be2f601789463027844e3f1a908a21bd50a24d6eb57beb97b1070da88a46d5bf9dc8679"},"logName":"projects/muni-production-f8e72/logs/run.googleapis.com%2Frequests","receiveTimestamp":"2022-05-06T08:19:51.830538227Z","resource":{"labels":{"configuration_name":"muni-back","location":"asia-northeast1","project_id":"muni-production-f8e72","revision_name":"muni-back-hpgtt","service_name":"muni-back"},"type":"cloud_run_revision"},"severity":"INFO","timestamp":"2022-05-06T08:19:51.516410Z","trace":"projects/muni-production-f8e72/traces/ca407e61e5f7d661d23681ab9bb66578"}
{"insertId":"6274da270007dae652c44ee0","jsonPayload":{"ident":"FETCH_SUCCESS","level":"INFO","message":"Success to fetch.","method":"RecentPostAPI","timestamp":"2022-5-6 8:19:51"},"labels":{"instanceId":"0067430fbdf8497301732486903449ce1ad928680c0f0325f15430c7bed22be2f601789463027844e3f1a908a21bd50a24d6eb57beb97b1070da88a46d5bf9dc8679"},"logName":"projects/muni-production-f8e72/logs/run.googleapis.com%2Fstdout","receiveTimestamp":"2022-05-06T08:19:51.562889017Z","resource":{"labels":{"configuration_name":"muni-back","location":"asia-northeast1","project_id":"muni-production-f8e72","revision_name":"muni-back-hpgtt","service_name":"muni-back"},"type":"cloud_run_revision"},"timestamp":"2022-05-06T08:19:51.514790Z"}
{"insertId":"6274da2700064a98765d5bef","jsonPayload":{"ident":"RECIEVE","level":"INFO","message":"Recieve the recent posted works request.","method":"RecentPostAPI","timestamp":"2022-5-6 8:19:51"},"labels":{"instanceId":"0067430fbdf8497301732486903449ce1ad928680c0f0325f15430c7bed22be2f601789463027844e3f1a908a21bd50a24d6eb57beb97b1070da88a46d5bf9dc8679"},"logName":"projects/muni-production-f8e72/logs/run.googleapis.com%2Fstdout","receiveTimestamp":"2022-05-06T08:19:51.562889017Z","resource":{"labels":{"configuration_name":"muni-back","location":"asia-northeast1","project_id":"muni-production-f8e72","revision_name":"muni-back-hpgtt","service_name":"muni-back"},"type":"cloud_run_revision"},"timestamp":"2022-05-06T08:19:51.412312Z"}
{"httpRequest":{"latency":"0.003715904s","protocol":"HTTP/1.1","referer":"https://muni.ink/","remoteIp":"43.234.149.125","requestMethod":"GET","requestSize":"886","requestUrl":"https://muni.ink/_next/image?url=%2Flogo_landing.png&w=384&q=75","responseSize":"708","serverIp":"35.241.42.228","status":304,"userAgent":"Mozilla/5.0 (iPhone; CPU iPhone OS 15_4_1 like Mac OS X) AppleWebKit/605.1.15 (KHTML, like Gecko) Version/15.0 Mobile/15E148 Safari/605.1.15 i-filter/sbm-safety/2.00.04.0004"},"insertId":"6274da27000608b486207bc1","labels":{"instanceId":"0067430fbd7af03cb17d92900b5f3305989a61b2bd445dd81108ccfd0293c2aeb5c985f7ae593a5d75291bf8faf2b546eff48eec5f9779a88bd23cf4a59c0f70bf36"},"logName":"projects/muni-production-f8e72/logs/run.googleapis.com%2Frequests","receiveTimestamp":"2022-05-06T08:19:51.478968973Z","resource":{"labels":{"configuration_name":"muni-front","location":"asia-northeast1","project_id":"muni-production-f8e72","revision_name":"muni-front-jq7fz","service_name":"muni-front"},"type":"cloud_run_revision"},"severity":"INFO","timestamp":"2022-05-06T08:19:51.395444Z","trace":"projects/muni-production-f8e72/traces/91056badaf0a52f5d900de0f4caa54e2"}
{"httpRequest":{"latency":"0.002931694s","protocol":"HTTP/1.1","referer":"https://muni.ink/","remoteIp":"43.234.149.125","requestMethod":"OPTIONS","requestSize":"730","requestUrl":"https://api.muni.ink/recent","responseSize":"853","serverIp":"35.241.42.228","status":204,"userAgent":"Mozilla/5.0 (iPhone; CPU iPhone OS 15_4_1 like Mac OS X) AppleWebKit/605.1.15 (KHTML, like Gecko) Version/15.0 Mobile/15E148 Safari/605.1.15 i-filter/sbm-safety/2.00.04.0004"},"insertId":"6274da270005ef4174e9a957","labels":{"instanceId":"0067430fbdf8497301732486903449ce1ad928680c0f0325f15430c7bed22be2f601789463027844e3f1a908a21bd50a24d6eb57beb97b1070da88a46d5bf9dc8679"},"logName":"projects/muni-production-f8e72/logs/run.googleapis.com%2Frequests","receiveTimestamp":"2022-05-06T08:19:51.497194850Z","resource":{"labels":{"configuration_name":"muni-back","location":"asia-northeast1","project_id":"muni-production-f8e72","revision_name":"muni-back-hpgtt","service_name":"muni-back"},"type":"cloud_run_revision"},"severity":"INFO","timestamp":"2022-05-06T08:19:51.388929Z","trace":"projects/muni-production-f8e72/traces/6be7c2578c70f8cd4bc36627d0ac4353"}
{"httpRequest":{"latency":"0.003568428s","protocol":"HTTP/1.1","referer":"https://muni.ink/","remoteIp":"43.234.149.125","requestMethod":"GET","requestSize":"889","requestUrl":"https://muni.ink/_next/image?url=%2Flogo_horizontal.png&w=384&q=75","responseSize":"708","serverIp":"35.241.42.228","status":304,"userAgent":"Mozilla/5.0 (iPhone; CPU iPhone OS 15_4_1 like Mac OS X) AppleWebKit/605.1.15 (KHTML, like Gecko) Version/15.0 Mobile/15E148 Safari/605.1.15 i-filter/sbm-safety/2.00.04.0004"},"insertId":"6274da2700056e728a340b67","labels":{"instanceId":"0067430fbd7af03cb17d92900b5f3305989a61b2bd445dd81108ccfd0293c2aeb5c985f7ae593a5d75291bf8faf2b546eff48eec5f9779a88bd23cf4a59c0f70bf36"},"logName":"projects/muni-production-f8e72/logs/run.googleapis.com%2Frequests","receiveTimestamp":"2022-05-06T08:19:51.478968973Z","resource":{"labels":{"configuration_name":"muni-front","location":"asia-northeast1","project_id":"muni-production-f8e72","revision_name":"muni-front-jq7fz","service_name":"muni-front"},"type":"cloud_run_revision"},"severity":"INFO","timestamp":"2022-05-06T08:19:51.355954Z","trace":"projects/muni-production-f8e72/traces/199a9336526f05df9a5eb9e7b7253a54"}
{"httpRequest":{"latency":"0.003422502s","protocol":"HTTP/1.1","referer":"https://muni.ink/post","remoteIp":"43.234.149.125","requestMethod":"GET","requestSize":"893","requestUrl":"https://muni.ink/_next/image?url=%2Flogo_horizontal.png&w=384&q=75","responseSize":"708","serverIp":"35.241.42.228","status":304,"userAgent":"Mozilla/5.0 (iPhone; CPU iPhone OS 15_4_1 like Mac OS X) AppleWebKit/605.1.15 (KHTML, like Gecko) Version/15.0 Mobile/15E148 Safari/605.1.15 i-filter/sbm-safety/2.00.04.0004"},"insertId":"6274da24000252798103141d","labels":{"instanceId":"0067430fbd7af03cb17d92900b5f3305989a61b2bd445dd81108ccfd0293c2aeb5c985f7ae593a5d75291bf8faf2b546eff48eec5f9779a88bd23cf4a59c0f70bf36"},"logName":"projects/muni-production-f8e72/logs/run.googleapis.com%2Frequests","receiveTimestamp":"2022-05-06T08:19:48.481935056Z","resource":{"labels":{"configuration_name":"muni-front","location":"asia-northeast1","project_id":"muni-production-f8e72","revision_name":"muni-front-jq7fz","service_name":"muni-front"},"type":"cloud_run_revision"},"severity":"INFO","timestamp":"2022-05-06T08:19:48.152185Z","trace":"projects/muni-production-f8e72/traces/0f7e9c448f5e882ea6fe208e572ec0e7"}
{"httpRequest":{"latency":"0.060268729s","protocol":"HTTP/1.1","referer":"https://muni.ink/","remoteIp":"43.234.149.125","requestMethod":"POST","requestSize":"697","requestUrl":"https://api.muni.ink/user","responseSize":"970","serverIp":"35.241.42.228","status":200,"userAgent":"Mozilla/5.0 (iPhone; CPU iPhone OS 15_4_1 like Mac OS X) AppleWebKit/605.1.15 (KHTML, like Gecko) Version/15.0 Mobile/15E148 Safari/605.1.15 i-filter/sbm-safety/2.00.04.0004"},"insertId":"6274da1f000da582e8ee0a49","labels":{"instanceId":"0067430fbdf8497301732486903449ce1ad928680c0f0325f15430c7bed22be2f601789463027844e3f1a908a21bd50a24d6eb57beb97b1070da88a46d5bf9dc8679"},"logName":"projects/muni-production-f8e72/logs/run.googleapis.com%2Frequests","receiveTimestamp":"2022-05-06T08:19:44.169114506Z","resource":{"labels":{"configuration_name":"muni-back","location":"asia-northeast1","project_id":"muni-production-f8e72","revision_name":"muni-back-hpgtt","service_name":"muni-back"},"type":"cloud_run_revision"},"severity":"INFO","timestamp":"2022-05-06T08:19:43.894338Z","trace":"projects/muni-production-f8e72/traces/f5e6f36d89fcf9b1107737e8594c8224"}
{"insertId":"6274da1f000da004c5b62704","jsonPayload":{"accountId":"kotatu","ident":"SUCCESS_TO_FIND","level":"INFO","message":"User found.","method":"UserAPI","timestamp":"2022-5-6 8:19:43"},"labels":{"instanceId":"0067430fbdf8497301732486903449ce1ad928680c0f0325f15430c7bed22be2f601789463027844e3f1a908a21bd50a24d6eb57beb97b1070da88a46d5bf9dc8679"},"logName":"projects/muni-production-f8e72/logs/run.googleapis.com%2Fstdout","receiveTimestamp":"2022-05-06T08:19:43.901898393Z","resource":{"labels":{"configuration_name":"muni-back","location":"asia-northeast1","project_id":"muni-production-f8e72","revision_name":"muni-back-hpgtt","service_name":"muni-back"},"type":"cloud_run_revision"},"timestamp":"2022-05-06T08:19:43.892932Z"}
{"insertId":"6274da1f000d9ff089e5cc54","jsonPayload":{"ident":"FETCH_USER","level":"INFO","message":"Complete fetching user data.","method":"UserAPI","timestamp":"2022-5-6 8:19:43"},"labels":{"instanceId":"0067430fbdf8497301732486903449ce1ad928680c0f0325f15430c7bed22be2f601789463027844e3f1a908a21bd50a24d6eb57beb97b1070da88a46d5bf9dc8679"},"logName":"projects/muni-production-f8e72/logs/run.googleapis.com%2Fstdout","receiveTimestamp":"2022-05-06T08:19:43.901898393Z","resource":{"labels":{"configuration_name":"muni-back","location":"asia-northeast1","project_id":"muni-production-f8e72","revision_name":"muni-back-hpgtt","service_name":"muni-back"},"type":"cloud_run_revision"},"timestamp":"2022-05-06T08:19:43.892912Z"}
{"insertId":"6274da1f000cf18ba50e962d","jsonPayload":{"accountId":"kotatu","ident":"FILTERING_WORKS","level":"INFO","message":"Search works link to the user.","method":"UserAPI","timestamp":"2022-5-6 8:19:43"},"labels":{"instanceId":"0067430fbdf8497301732486903449ce1ad928680c0f0325f15430c7bed22be2f601789463027844e3f1a908a21bd50a24d6eb57beb97b1070da88a46d5bf9dc8679"},"logName":"projects/muni-production-f8e72/logs/run.googleapis.com%2Fstdout","receiveTimestamp":"2022-05-06T08:19:43.901898393Z","resource":{"labels":{"configuration_name":"muni-back","location":"asia-northeast1","project_id":"muni-production-f8e72","revision_name":"muni-back-hpgtt","service_name":"muni-back"},"type":"cloud_run_revision"},"timestamp":"2022-05-06T08:19:43.848267Z"}
{"insertId":"6274da1f000cc755f1e155d9","jsonPayload":{"ident":"RECIEVE","level":"INFO","message":"Recieve the work post request.","method":"UserAPI","timestamp":"2022-5-6 8:19:43"},"labels":{"instanceId":"0067430fbdf8497301732486903449ce1ad928680c0f0325f15430c7bed22be2f601789463027844e3f1a908a21bd50a24d6eb57beb97b1070da88a46d5bf9dc8679"},"logName":"projects/muni-production-f8e72/logs/run.googleapis.com%2Fstdout","receiveTimestamp":"2022-05-06T08:19:43.901898393Z","resource":{"labels":{"configuration_name":"muni-back","location":"asia-northeast1","project_id":"muni-production-f8e72","revision_name":"muni-back-hpgtt","service_name":"muni-back"},"type":"cloud_run_revision"},"timestamp":"2022-05-06T08:19:43.837461Z"}
{"httpRequest":{"latency":"0.002313847s","protocol":"HTTP/1.1","referer":"https://muni.ink/","remoteIp":"43.234.149.125","requestMethod":"OPTIONS","requestSize":"729","requestUrl":"https://api.muni.ink/user","responseSize":"853","serverIp":"35.241.42.228","status":204,"userAgent":"Mozilla/5.0 (iPhone; CPU iPhone OS 15_4_1 like Mac OS X) AppleWebKit/605.1.15 (KHTML, like Gecko) Version/15.0 Mobile/15E148 Safari/605.1.15 i-filter/sbm-safety/2.00.04.0004"},"insertId":"6274da1f000c458da5793f65","labels":{"instanceId":"0067430fbdf8497301732486903449ce1ad928680c0f0325f15430c7bed22be2f601789463027844e3f1a908a21bd50a24d6eb57beb97b1070da88a46d5bf9dc8679"},"logName":"projects/muni-production-f8e72/logs/run.googleapis.com%2Frequests","receiveTimestamp":"2022-05-06T08:19:43.835815534Z","resource":{"labels":{"configuration_name":"muni-back","location":"asia-northeast1","project_id":"muni-production-f8e72","revision_name":"muni-back-hpgtt","service_name":"muni-back"},"type":"cloud_run_revision"},"severity":"INFO","timestamp":"2022-05-06T08:19:43.804237Z","trace":"projects/muni-production-f8e72/traces/e7fa5fb982a3fd07d1f7a4db85603473"}
{"httpRequest":{"latency":"0.004536986s","protocol":"HTTP/1.1","remoteIp":"199.59.150.181","requestMethod":"GET","requestSize":"568","requestUrl":"https://muni.ink/user/kotatu","responseSize":"3852","serverIp":"35.241.42.228","status":200,"userAgent":"Twitterbot/1.0"},"insertId":"6274da1b000d0e9e4776d991","labels":{"instanceId":"0067430fbd7af03cb17d92900b5f3305989a61b2bd445dd81108ccfd0293c2aeb5c985f7ae593a5d75291bf8faf2b546eff48eec5f9779a88bd23cf4a59c0f70bf36"},"logName":"projects/muni-production-f8e72/logs/run.googleapis.com%2Frequests","receiveTimestamp":"2022-05-06T08:19:40.156430886Z","resource":{"labels":{"configuration_name":"muni-front","location":"asia-northeast1","project_id":"muni-production-f8e72","revision_name":"muni-front-jq7fz","service_name":"muni-front"},"type":"cloud_run_revision"},"severity":"INFO","timestamp":"2022-05-06T08:19:39.855710Z","trace":"projects/muni-production-f8e72/traces/e31f11c76491c4617ba435a03b85091f"}
{"httpRequest":{"latency":"0.003498814s","protocol":"HTTP/1.1","remoteIp":"199.59.150.181","requestMethod":"GET","requestSize":"555","requestUrl":"https://muni.ink/robots.txt","responseSize":"3347","serverIp":"35.241.42.228","status":404,"userAgent":"Twitterbot/1.0"},"insertId":"6274da1b000b26ef5289600f","labels":{"instanceId":"0067430fbd7af03cb17d92900b5f3305989a61b2bd445dd81108ccfd0293c2aeb5c985f7ae593a5d75291bf8faf2b546eff48eec5f9779a88bd23cf4a59c0f70bf36"},"logName":"projects/muni-production-f8e72/logs/run.googleapis.com%2Frequests","receiveTimestamp":"2022-05-06T08:19:39.822026132Z","resource":{"labels":{"configuration_name":"muni-front","location":"asia-northeast1","project_id":"muni-production-f8e72","revision_name":"muni-front-jq7fz","service_name":"muni-front"},"type":"cloud_run_revision"},"severity":"WARNING","timestamp":"2022-05-06T08:19:39.730863Z","trace":"projects/muni-production-f8e72/traces/afd8209f22090bd51b8b8832b56bfdbd"}
{"httpRequest":{"latency":"0.056158526s","protocol":"HTTP/1.1","referer":"https://muni.ink/","remoteIp":"43.234.149.125","requestMethod":"POST","requestSize":"698","requestUrl":"https://api.muni.ink/user","responseSize":"970","serverIp":"35.241.42.228","status":200,"userAgent":"Mozilla/5.0 (iPhone; CPU iPhone OS 15_4_1 like Mac OS X) AppleWebKit/605.1.15 (KHTML, like Gecko) Version/15.0 Mobile/15E148 Safari/605.1.15 i-filter/sbm-safety/2.00.04.0004"},"insertId":"6274da170004e350d4088262","labels":{"instanceId":"0067430fbdf8497301732486903449ce1ad928680c0f0325f15430c7bed22be2f601789463027844e3f1a908a21bd50a24d6eb57beb97b1070da88a46d5bf9dc8679"},"logName":"projects/muni-production-f8e72/logs/run.googleapis.com%2Frequests","receiveTimestamp":"2022-05-06T08:19:35.513187303Z","resource":{"labels":{"configuration_name":"muni-back","location":"asia-northeast1","project_id":"muni-production-f8e72","revision_name":"muni-back-hpgtt","service_name":"muni-back"},"type":"cloud_run_revision"},"severity":"INFO","timestamp":"2022-05-06T08:19:35.320336Z","trace":"projects/muni-production-f8e72/traces/4bd68b306b11eb613938698beff090b2"}
{"insertId":"6274da170004ddd4818bb4f0","jsonPayload":{"firebaseId":"kotatu","ident":"SUCCESS_TO_FIND","level":"INFO","message":"User found.","method":"UserAPI","timestamp":"2022-5-6 8:19:35"},"labels":{"instanceId":"0067430fbdf8497301732486903449ce1ad928680c0f0325f15430c7bed22be2f601789463027844e3f1a908a21bd50a24d6eb57beb97b1070da88a46d5bf9dc8679"},"logName":"projects/muni-production-f8e72/logs/run.googleapis.com%2Fstdout","receiveTimestamp":"2022-05-06T08:19:35.578463654Z","resource":{"labels":{"configuration_name":"muni-back","location":"asia-northeast1","project_id":"muni-production-f8e72","revision_name":"muni-back-hpgtt","service_name":"muni-back"},"type":"cloud_run_revision"},"timestamp":"2022-05-06T08:19:35.318932Z"}
{"insertId":"6274da170004ddbe645420ac","jsonPayload":{"ident":"FETCH_USER","level":"INFO","message":"Complete fetching user data.","method":"UserAPI","timestamp":"2022-5-6 8:19:35"},"labels":{"instanceId":"0067430fbdf8497301732486903449ce1ad928680c0f0325f15430c7bed22be2f601789463027844e3f1a908a21bd50a24d6eb57beb97b1070da88a46d5bf9dc8679"},"logName":"projects/muni-production-f8e72/logs/run.googleapis.com%2Fstdout","receiveTimestamp":"2022-05-06T08:19:35.578463654Z","resource":{"labels":{"configuration_name":"muni-back","location":"asia-northeast1","project_id":"muni-production-f8e72","revision_name":"muni-back-hpgtt","service_name":"muni-back"},"type":"cloud_run_revision"},"timestamp":"2022-05-06T08:19:35.318910Z"}
{"insertId":"6274da170004426191aceb38","jsonPayload":{"firebaseId":"kotatu","ident":"FILTERING_WORKS","level":"INFO","message":"Search works link to the user.","method":"UserAPI","timestamp":"2022-5-6 8:19:35"},"labels":{"instanceId":"0067430fbdf8497301732486903449ce1ad928680c0f0325f15430c7bed22be2f601789463027844e3f1a908a21bd50a24d6eb57beb97b1070da88a46d5bf9dc8679"},"logName":"projects/muni-production-f8e72/logs/run.googleapis.com%2Fstdout","receiveTimestamp":"2022-05-06T08:19:35.578463654Z","resource":{"labels":{"configuration_name":"muni-back","location":"asia-northeast1","project_id":"muni-production-f8e72","revision_name":"muni-back-hpgtt","service_name":"muni-back"},"type":"cloud_run_revision"},"timestamp":"2022-05-06T08:19:35.279137Z"}
{"insertId":"6274da1700040dee05b50b44","jsonPayload":{"ident":"RECIEVE","level":"INFO","message":"Recieve the work post request.","method":"UserAPI","timestamp":"2022-5-6 8:19:35"},"labels":{"instanceId":"0067430fbdf8497301732486903449ce1ad928680c0f0325f15430c7bed22be2f601789463027844e3f1a908a21bd50a24d6eb57beb97b1070da88a46d5bf9dc8679"},"logName":"projects/muni-production-f8e72/logs/run.googleapis.com%2Fstdout","receiveTimestamp":"2022-05-06T08:19:35.578463654Z","resource":{"labels":{"configuration_name":"muni-back","location":"asia-northeast1","project_id":"muni-production-f8e72","revision_name":"muni-back-hpgtt","service_name":"muni-back"},"type":"cloud_run_revision"},"timestamp":"2022-05-06T08:19:35.265710Z"}
{"httpRequest":{"latency":"0.004555706s","protocol":"HTTP/1.1","referer":"https://muni.ink/user/kotatu","remoteIp":"43.234.149.125","requestMethod":"GET","requestSize":"900","requestUrl":"https://muni.ink/_next/image?url=%2Flogo_horizontal.png&w=384&q=75","responseSize":"708","serverIp":"35.241.42.228","status":304,"userAgent":"Mozilla/5.0 (iPhone; CPU iPhone OS 15_4_1 like Mac OS X) AppleWebKit/605.1.15 (KHTML, like Gecko) Version/15.0 Mobile/15E148 Safari/605.1.15 i-filter/sbm-safety/2.00.04.0004"},"insertId":"6274da1700005c9943b1dd02","labels":{"instanceId":"0067430fbd7af03cb17d92900b5f3305989a61b2bd445dd81108ccfd0293c2aeb5c985f7ae593a5d75291bf8faf2b546eff48eec5f9779a88bd23cf4a59c0f70bf36"},"logName":"projects/muni-production-f8e72/logs/run.googleapis.com%2Frequests","receiveTimestamp":"2022-05-06T08:19:35.160067314Z","resource":{"labels":{"configuration_name":"muni-front","location":"asia-northeast1","project_id":"muni-production-f8e72","revision_name":"muni-front-jq7fz","service_name":"muni-front"},"type":"cloud_run_revision"},"severity":"INFO","timestamp":"2022-05-06T08:19:35.023705Z","trace":"projects/muni-production-f8e72/traces/ca55cd99b9d6c71016e173653fe5cf9a"}
{"httpRequest":{"latency":"0.061911191s","protocol":"HTTP/1.1","referer":"https://muni.ink/","remoteIp":"43.234.149.125","requestMethod":"POST","requestSize":"697","requestUrl":"https://api.muni.ink/user","responseSize":"970","serverIp":"35.241.42.228","status":200,"userAgent":"Mozilla/5.0 (iPhone; CPU iPhone OS 15_4_1 like Mac OS X) AppleWebKit/605.1.15 (KHTML, like Gecko) Version/15.0 Mobile/15E148 Safari/605.1.15 i-filter/sbm-safety/2.00.04.0004"},"insertId":"6274da16000f0563c5278527","labels":{"instanceId":"0067430fbdf8497301732486903449ce1ad928680c0f0325f15430c7bed22be2f601789463027844e3f1a908a21bd50a24d6eb57beb97b1070da88a46d5bf9dc8679"},"logName":"projects/muni-production-f8e72/logs/run.googleapis.com%2Frequests","receiveTimestamp":"2022-05-06T08:19:35.179191550Z","resource":{"labels":{"configuration_name":"muni-back","location":"asia-northeast1","project_id":"muni-production-f8e72","revision_name":"muni-back-hpgtt","service_name":"muni-back"},"type":"cloud_run_revision"},"severity":"INFO","timestamp":"2022-05-06T08:19:34.984419Z","trace":"projects/muni-production-f8e72/traces/1be8ea80040e54d88fe3d4679e7a2df7"}
{"insertId":"6274da16000f0048938259d9","jsonPayload":{"accountId":"kotatu","ident":"SUCCESS_TO_FIND","level":"INFO","message":"User found.","method":"UserAPI","timestamp":"2022-5-6 8:19:34"},"labels":{"instanceId":"0067430fbdf8497301732486903449ce1ad928680c0f0325f15430c7bed22be2f601789463027844e3f1a908a21bd50a24d6eb57beb97b1070da88a46d5bf9dc8679"},"logName":"projects/muni-production-f8e72/logs/run.googleapis.com%2Fstdout","receiveTimestamp":"2022-05-06T08:19:35.245988526Z","resource":{"labels":{"configuration_name":"muni-back","location":"asia-northeast1","project_id":"muni-production-f8e72","revision_name":"muni-back-hpgtt","service_name":"muni-back"},"type":"cloud_run_revision"},"timestamp":"2022-05-06T08:19:34.983112Z"}
{"insertId":"6274da16000f0035ee33607a","jsonPayload":{"ident":"FETCH_USER","level":"INFO","message":"Complete fetching user data.","method":"UserAPI","timestamp":"2022-5-6 8:19:34"},"labels":{"instanceId":"0067430fbdf8497301732486903449ce1ad928680c0f0325f15430c7bed22be2f601789463027844e3f1a908a21bd50a24d6eb57beb97b1070da88a46d5bf9dc8679"},"logName":"projects/muni-production-f8e72/logs/run.googleapis.com%2Fstdout","receiveTimestamp":"2022-05-06T08:19:35.245988526Z","resource":{"labels":{"configuration_name":"muni-back","location":"asia-northeast1","project_id":"muni-production-f8e72","revision_name":"muni-back-hpgtt","service_name":"muni-back"},"type":"cloud_run_revision"},"timestamp":"2022-05-06T08:19:34.983093Z"}
{"insertId":"6274da16000e80ffc86c6867","jsonPayload":{"accountId":"kotatu","ident":"FILTERING_WORKS","level":"INFO","message":"Search works link to the user.","method":"UserAPI","timestamp":"2022-5-6 8:19:34"},"labels":{"instanceId":"0067430fbdf8497301732486903449ce1ad928680c0f0325f15430c7bed22be2f601789463027844e3f1a908a21bd50a24d6eb57beb97b1070da88a46d5bf9dc8679"},"logName":"projects/muni-production-f8e72/logs/run.googleapis.com%2Fstdout","receiveTimestamp":"2022-05-06T08:19:35.245988526Z","resource":{"labels":{"configuration_name":"muni-back","location":"asia-northeast1","project_id":"muni-production-f8e72","revision_name":"muni-back-hpgtt","service_name":"muni-back"},"type":"cloud_run_revision"},"timestamp":"2022-05-06T08:19:34.950527Z"}
{"httpRequest":{"latency":"0.003138342s","protocol":"HTTP/1.1","referer":"https://muni.ink/user/kotatu","remoteIp":"43.234.149.125","requestMethod":"GET","requestSize":"900","requestUrl":"https://muni.ink/_next/image?url=%2Flogo_horizontal.png&w=384&q=75","responseSize":"708","serverIp":"35.241.42.228","status":304,"userAgent":"Mozilla/5.0 (iPhone; CPU iPhone OS 15_4_1 like Mac OS X) AppleWebKit/605.1.15 (KHTML, like Gecko) Version/15.0 Mobile/15E148 Safari/605.1.15 i-filter/sbm-safety/2.00.04.0004"},"insertId":"6274da16000e480241e1b897","labels":{"instanceId":"0067430fbd7af03cb17d92900b5f3305989a61b2bd445dd81108ccfd0293c2aeb5c985f7ae593a5d75291bf8faf2b546eff48eec5f9779a88bd23cf4a59c0f70bf36"},"logName":"projects/muni-production-f8e72/logs/run.googleapis.com%2Frequests","receiveTimestamp":"2022-05-06T08:19:35.160067314Z","resource":{"labels":{"configuration_name":"muni-front","location":"asia-northeast1","project_id":"muni-production-f8e72","revision_name":"muni-front-jq7fz","service_name":"muni-front"},"type":"cloud_run_revision"},"severity":"INFO","timestamp":"2022-05-06T08:19:34.935938Z","trace":"projects/muni-production-f8e72/traces/1a86c467ffe74da0d0af3133097575b8"}
{"insertId":"6274da16000e1aecd74ab34c","jsonPayload":{"ident":"RECIEVE","level":"INFO","message":"Recieve the work post request.","method":"UserAPI","timestamp":"2022-5-6 8:19:34"},"labels":{"instanceId":"0067430fbdf8497301732486903449ce1ad928680c0f0325f15430c7bed22be2f601789463027844e3f1a908a21bd50a24d6eb57beb97b1070da88a46d5bf9dc8679"},"logName":"projects/muni-production-f8e72/logs/run.googleapis.com%2Fstdout","receiveTimestamp":"2022-05-06T08:19:35.245988526Z","resource":{"labels":{"configuration_name":"muni-back","location":"asia-northeast1","project_id":"muni-production-f8e72","revision_name":"muni-back-hpgtt","service_name":"muni-back"},"type":"cloud_run_revision"},"timestamp":"2022-05-06T08:19:34.924396Z"}
{"httpRequest":{"latency":"0.003319282s","protocol":"HTTP/1.1","referer":"https://muni.ink/user/kotatu","remoteIp":"43.234.149.125","requestMethod":"GET","requestSize":"842","requestUrl":"https://muni.ink/user/kotatu","responseSize":"656","serverIp":"35.241.42.228","status":304,"userAgent":"Mozilla/5.0 (iPhone; CPU iPhone OS 15_4_1 like Mac OS X) AppleWebKit/605.1.15 (KHTML, like Gecko) Version/15.0 Mobile/15E148 Safari/605.1.15 i-filter/sbm-safety/2.00.04.0004"},"insertId":"6274da16000c9fb4fde2830e","labels":{"instanceId":"0067430fbd7af03cb17d92900b5f3305989a61b2bd445dd81108ccfd0293c2aeb5c985f7ae593a5d75291bf8faf2b546eff48eec5f9779a88bd23cf4a59c0f70bf36"},"logName":"projects/muni-production-f8e72/logs/run.googleapis.com%2Frequests","receiveTimestamp":"2022-05-06T08:19:35.160067314Z","resource":{"labels":{"configuration_name":"muni-front","location":"asia-northeast1","project_id":"muni-production-f8e72","revision_name":"muni-front-jq7fz","service_name":"muni-front"},"type":"cloud_run_revision"},"severity":"INFO","timestamp":"2022-05-06T08:19:34.827316Z","trace":"projects/muni-production-f8e72/traces/690bf9150a96fecd0badbf2e2f9014da"}
{"httpRequest":{"latency":"0.066073017s","protocol":"HTTP/1.1","referer":"https://muni.ink/","remoteIp":"43.234.149.125","requestMethod":"POST","requestSize":"699","requestUrl":"https://api.muni.ink/user","responseSize":"970","serverIp":"35.241.42.228","status":200,"userAgent":"Mozilla/5.0 (iPhone; CPU iPhone OS 15_4_1 like Mac OS X) AppleWebKit/605.1.15 (KHTML, like Gecko) Version/15.0 Mobile/15E148 Safari/605.1.15 i-filter/sbm-safety/2.00.04.0004"},"insertId":"6274da1500081ac67afcc8f4","labels":{"instanceId":"0067430fbdf8497301732486903449ce1ad928680c0f0325f15430c7bed22be2f601789463027844e3f1a908a21bd50a24d6eb57beb97b1070da88a46d5bf9dc8679"},"logName":"projects/muni-production-f8e72/logs/run.googleapis.com%2Frequests","receiveTimestamp":"2022-05-06T08:19:33.848709958Z","resource":{"labels":{"configuration_name":"muni-back","location":"asia-northeast1","project_id":"muni-production-f8e72","revision_name":"muni-back-hpgtt","service_name":"muni-back"},"type":"cloud_run_revision"},"severity":"INFO","timestamp":"2022-05-06T08:19:33.531142Z","trace":"projects/muni-production-f8e72/traces/01ad58c384e26a9830e23fc1daa2dc92"}
{"insertId":"6274da1500081504bb2a0ac9","jsonPayload":{"firebaseId":"kotatu","ident":"SUCCESS_TO_FIND","level":"INFO","message":"User found.","method":"UserAPI","timestamp":"2022-5-6 8:19:33"},"labels":{"instanceId":"0067430fbdf8497301732486903449ce1ad928680c0f0325f15430c7bed22be2f601789463027844e3f1a908a21bd50a24d6eb57beb97b1070da88a46d5bf9dc8679"},"logName":"projects/muni-production-f8e72/logs/run.googleapis.com%2Fstdout","receiveTimestamp":"2022-05-06T08:19:33.580847588Z","resource":{"labels":{"configuration_name":"muni-back","location":"asia-northeast1","project_id":"muni-production-f8e72","revision_name":"muni-back-hpgtt","service_name":"muni-back"},"type":"cloud_run_revision"},"timestamp":"2022-05-06T08:19:33.529668Z"}
{"insertId":"6274da15000814eee87cbf38","jsonPayload":{"ident":"FETCH_USER","level":"INFO","message":"Complete fetching user data.","method":"UserAPI","timestamp":"2022-5-6 8:19:33"},"labels":{"instanceId":"0067430fbdf8497301732486903449ce1ad928680c0f0325f15430c7bed22be2f601789463027844e3f1a908a21bd50a24d6eb57beb97b1070da88a46d5bf9dc8679"},"logName":"projects/muni-production-f8e72/logs/run.googleapis.com%2Fstdout","receiveTimestamp":"2022-05-06T08:19:33.580847588Z","resource":{"labels":{"configuration_name":"muni-back","location":"asia-northeast1","project_id":"muni-production-f8e72","revision_name":"muni-back-hpgtt","service_name":"muni-back"},"type":"cloud_run_revision"},"timestamp":"2022-05-06T08:19:33.529646Z"}
{"insertId":"6274da1500076602c6a960cf","jsonPayload":{"firebaseId":"kotatu","ident":"FILTERING_WORKS","level":"INFO","message":"Search works link to the user.","method":"UserAPI","timestamp":"2022-5-6 8:19:33"},"labels":{"instanceId":"0067430fbdf8497301732486903449ce1ad928680c0f0325f15430c7bed22be2f601789463027844e3f1a908a21bd50a24d6eb57beb97b1070da88a46d5bf9dc8679"},"logName":"projects/muni-production-f8e72/logs/run.googleapis.com%2Fstdout","receiveTimestamp":"2022-05-06T08:19:33.580847588Z","resource":{"labels":{"configuration_name":"muni-back","location":"asia-northeast1","project_id":"muni-production-f8e72","revision_name":"muni-back-hpgtt","service_name":"muni-back"},"type":"cloud_run_revision"},"timestamp":"2022-05-06T08:19:33.484866Z"}
{"insertId":"6274da1500071e7e37decc4c","jsonPayload":{"ident":"RECIEVE","level":"INFO","message":"Recieve the work post request.","method":"UserAPI","timestamp":"2022-5-6 8:19:33"},"labels":{"instanceId":"0067430fbdf8497301732486903449ce1ad928680c0f0325f15430c7bed22be2f601789463027844e3f1a908a21bd50a24d6eb57beb97b1070da88a46d5bf9dc8679"},"logName":"projects/muni-production-f8e72/logs/run.googleapis.com%2Fstdout","receiveTimestamp":"2022-05-06T08:19:33.580847588Z","resource":{"labels":{"configuration_name":"muni-back","location":"asia-northeast1","project_id":"muni-production-f8e72","revision_name":"muni-back-hpgtt","service_name":"muni-back"},"type":"cloud_run_revision"},"timestamp":"2022-05-06T08:19:33.466558Z"}
{"httpRequest":{"latency":"0.003430390s","protocol":"HTTP/1.1","referer":"https://muni.ink/user/kotatu","remoteIp":"43.234.149.125","requestMethod":"GET","requestSize":"899","requestUrl":"https://muni.ink/_next/image?url=%2Flogo_horizontal.png&w=384&q=75","responseSize":"708","serverIp":"35.241.42.228","status":304,"userAgent":"Mozilla/5.0 (iPhone; CPU iPhone OS 15_4_1 like Mac OS X) AppleWebKit/605.1.15 (KHTML, like Gecko) Version/15.0 Mobile/15E148 Safari/605.1.15 i-filter/sbm-safety/2.00.04.0004"},"insertId":"6274da150002e655c4bb99c9","labels":{"instanceId":"0067430fbd7af03cb17d92900b5f3305989a61b2bd445dd81108ccfd0293c2aeb5c985f7ae593a5d75291bf8faf2b546eff48eec5f9779a88bd23cf4a59c0f70bf36"},"logName":"projects/muni-production-f8e72/logs/run.googleapis.com%2Frequests","receiveTimestamp":"2022-05-06T08:19:33.496452526Z","resource":{"labels":{"configuration_name":"muni-front","location":"asia-northeast1","project_id":"muni-production-f8e72","revision_name":"muni-front-jq7fz","service_name":"muni-front"},"type":"cloud_run_revision"},"severity":"INFO","timestamp":"2022-05-06T08:19:33.190037Z","trace":"projects/muni-production-f8e72/traces/566e6a694a79a8f9aa3842d4706182d0"}
{"httpRequest":{"latency":"0.074922014s","protocol":"HTTP/1.1","referer":"https://muni.ink/","remoteIp":"43.234.149.125","requestMethod":"POST","requestSize":"698","requestUrl":"https://api.muni.ink/user","responseSize":"970","serverIp":"35.241.42.228","status":200,"userAgent":"Mozilla/5.0 (iPhone; CPU iPhone OS 15_4_1 like Mac OS X) AppleWebKit/605.1.15 (KHTML, like Gecko) Version/15.0 Mobile/15E148 Safari/605.1.15 i-filter/sbm-safety/2.00.04.0004"},"insertId":"6274da15000250c30c385105","labels":{"instanceId":"0067430fbdf8497301732486903449ce1ad928680c0f0325f15430c7bed22be2f601789463027844e3f1a908a21bd50a24d6eb57beb97b1070da88a46d5bf9dc8679"},"logName":"projects/muni-production-f8e72/logs/run.googleapis.com%2Frequests","receiveTimestamp":"2022-05-06T08:19:33.181530937Z","resource":{"labels":{"configuration_name":"muni-back","location":"asia-northeast1","project_id":"muni-production-f8e72","revision_name":"muni-back-hpgtt","service_name":"muni-back"},"type":"cloud_run_revision"},"severity":"INFO","timestamp":"2022-05-06T08:19:33.151747Z","trace":"projects/muni-production-f8e72/traces/dded366f65162cc578815a7b86600413"}
{"insertId":"6274da1500024a28557c2db8","jsonPayload":{"accountId":"kotatu","ident":"SUCCESS_TO_FIND","level":"INFO","message":"User found.","method":"UserAPI","timestamp":"2022-5-6 8:19:33"},"labels":{"instanceId":"0067430fbdf8497301732486903449ce1ad928680c0f0325f15430c7bed22be2f601789463027844e3f1a908a21bd50a24d6eb57beb97b1070da88a46d5bf9dc8679"},"logName":"projects/muni-production-f8e72/logs/run.googleapis.com%2Fstdout","receiveTimestamp":"2022-05-06T08:19:33.248823159Z","resource":{"labels":{"configuration_name":"muni-back","location":"asia-northeast1","project_id":"muni-production-f8e72","revision_name":"muni-back-hpgtt","service_name":"muni-back"},"type":"cloud_run_revision"},"timestamp":"2022-05-06T08:19:33.150056Z"}
{"insertId":"6274da1500024a116615a7d5","jsonPayload":{"ident":"FETCH_USER","level":"INFO","message":"Complete fetching user data.","method":"UserAPI","timestamp":"2022-5-6 8:19:33"},"labels":{"instanceId":"0067430fbdf8497301732486903449ce1ad928680c0f0325f15430c7bed22be2f601789463027844e3f1a908a21bd50a24d6eb57beb97b1070da88a46d5bf9dc8679"},"logName":"projects/muni-production-f8e72/logs/run.googleapis.com%2Fstdout","receiveTimestamp":"2022-05-06T08:19:33.248823159Z","resource":{"labels":{"configuration_name":"muni-back","location":"asia-northeast1","project_id":"muni-production-f8e72","revision_name":"muni-back-hpgtt","service_name":"muni-back"},"type":"cloud_run_revision"},"timestamp":"2022-05-06T08:19:33.150033Z"}
{"httpRequest":{"latency":"0.003804954s","protocol":"HTTP/1.1","referer":"https://muni.ink/user/kotatu","remoteIp":"43.234.149.125","requestMethod":"GET","requestSize":"899","requestUrl":"https://muni.ink/_next/image?url=%2Flogo_horizontal.png&w=384&q=75","responseSize":"708","serverIp":"35.241.42.228","status":304,"userAgent":"Mozilla/5.0 (iPhone; CPU iPhone OS 15_4_1 like Mac OS X) AppleWebKit/605.1.15 (KHTML, like Gecko) Version/15.0 Mobile/15E148 Safari/605.1.15 i-filter/sbm-safety/2.00.04.0004"},"insertId":"6274da150001af91a13bb0d6","labels":{"instanceId":"0067430fbd7af03cb17d92900b5f3305989a61b2bd445dd81108ccfd0293c2aeb5c985f7ae593a5d75291bf8faf2b546eff48eec5f9779a88bd23cf4a59c0f70bf36"},"logName":"projects/muni-production-f8e72/logs/run.googleapis.com%2Frequests","receiveTimestamp":"2022-05-06T08:19:33.163751943Z","resource":{"labels":{"configuration_name":"muni-front","location":"asia-northeast1","project_id":"muni-production-f8e72","revision_name":"muni-front-jq7fz","service_name":"muni-front"},"type":"cloud_run_revision"},"severity":"INFO","timestamp":"2022-05-06T08:19:33.110481Z","trace":"projects/muni-production-f8e72/traces/bfaa03a497764afdeeb9158776c3d3dc"}
{"insertId":"6274da1500019570247f7dc9","jsonPayload":{"accountId":"kotatu","ident":"FILTERING_WORKS","level":"INFO","message":"Search works link to the user.","method":"UserAPI","timestamp":"2022-5-6 8:19:33"},"labels":{"instanceId":"0067430fbdf8497301732486903449ce1ad928680c0f0325f15430c7bed22be2f601789463027844e3f1a908a21bd50a24d6eb57beb97b1070da88a46d5bf9dc8679"},"logName":"projects/muni-production-f8e72/logs/run.googleapis.com%2Fstdout","receiveTimestamp":"2022-05-06T08:19:33.248823159Z","resource":{"labels":{"configuration_name":"muni-back","location":"asia-northeast1","project_id":"muni-production-f8e72","revision_name":"muni-back-hpgtt","service_name":"muni-back"},"type":"cloud_run_revision"},"timestamp":"2022-05-06T08:19:33.103792Z"}
{"insertId":"6274da150001323a8a599d77","jsonPayload":{"ident":"RECIEVE","level":"INFO","message":"Recieve the work post request.","method":"UserAPI","timestamp":"2022-5-6 8:19:33"},"labels":{"instanceId":"0067430fbdf8497301732486903449ce1ad928680c0f0325f15430c7bed22be2f601789463027844e3f1a908a21bd50a24d6eb57beb97b1070da88a46d5bf9dc8679"},"logName":"projects/muni-production-f8e72/logs/run.googleapis.com%2Fstdout","receiveTimestamp":"2022-05-06T08:19:33.248823159Z","resource":{"labels":{"configuration_name":"muni-back","location":"asia-northeast1","project_id":"muni-production-f8e72","revision_name":"muni-back-hpgtt","service_name":"muni-back"},"type":"cloud_run_revision"},"timestamp":"2022-05-06T08:19:33.078394Z"}
{"httpRequest":{"latency":"0.005061392s","protocol":"HTTP/1.1","referer":"https://muni.ink/user/kotatu","remoteIp":"43.234.149.125","requestMethod":"GET","requestSize":"792","requestUrl":"https://muni.ink/user/kotatu","responseSize":"3852","serverIp":"35.241.42.228","status":200,"userAgent":"Mozilla/5.0 (iPhone; CPU iPhone OS 15_4_1 like Mac OS X) AppleWebKit/605.1.15 (KHTML, like Gecko) Version/15.0 Mobile/15E148 Safari/605.1.15 i-filter/sbm-safety/2.00.04.0004"},"insertId":"6274da14000ec342ea1f4733","labels":{"instanceId":"0067430fbd7af03cb17d92900b5f3305989a61b2bd445dd81108ccfd0293c2aeb5c985f7ae593a5d75291bf8faf2b546eff48eec5f9779a88bd23cf4a59c0f70bf36"},"logName":"projects/muni-production-f8e72/logs/run.googleapis.com%2Frequests","receiveTimestamp":"2022-05-06T08:19:33.163751943Z","resource":{"labels":{"configuration_name":"muni-front","location":"asia-northeast1","project_id":"muni-production-f8e72","revision_name":"muni-front-jq7fz","service_name":"muni-front"},"type":"cloud_run_revision"},"severity":"INFO","timestamp":"2022-05-06T08:19:32.967490Z","trace":"projects/muni-production-f8e72/traces/82040ff401db1e617ce523210e75bc00"}
{"httpRequest":{"latency":"0.060544243s","protocol":"HTTP/1.1","referer":"https://muni.ink/","remoteIp":"43.234.149.125","requestMethod":"POST","requestSize":"697","requestUrl":"https://api.muni.ink/user","responseSize":"970","serverIp":"35.241.42.228","status":200,"userAgent":"Mozilla/5.0 (iPhone; CPU iPhone OS 15_4_1 like Mac OS X) AppleWebKit/605.1.15 (KHTML, like Gecko) Version/15.0 Mobile/15E148 Safari/605.1.15 i-filter/sbm-safety/2.00.04.0004"},"insertId":"6274da14000145f0e27b8543","labels":{"instanceId":"0067430fbdf8497301732486903449ce1ad928680c0f0325f15430c7bed22be2f601789463027844e3f1a908a21bd50a24d6eb57beb97b1070da88a46d5bf9dc8679"},"logName":"projects/muni-production-f8e72/logs/run.googleapis.com%2Frequests","receiveTimestamp":"2022-05-06T08:19:32.182244606Z","resource":{"labels":{"configuration_name":"muni-back","location":"asia-northeast1","project_id":"muni-production-f8e72","revision_name":"muni-back-hpgtt","service_name":"muni-back"},"type":"cloud_run_revision"},"severity":"INFO","timestamp":"2022-05-06T08:19:32.083440Z","trace":"projects/muni-production-f8e72/traces/05c5933202c05454862f0c86bda86b63"}
{"insertId":"6274da140001403c419574e0","jsonPayload":{"accountId":"kotatu","ident":"SUCCESS_TO_FIND","level":"INFO","message":"User found.","method":"UserAPI","timestamp":"2022-5-6 8:19:32"},"labels":{"instanceId":"0067430fbdf8497301732486903449ce1ad928680c0f0325f15430c7bed22be2f601789463027844e3f1a908a21bd50a24d6eb57beb97b1070da88a46d5bf9dc8679"},"logName":"projects/muni-production-f8e72/logs/run.googleapis.com%2Fstdout","receiveTimestamp":"2022-05-06T08:19:32.250445027Z","resource":{"labels":{"configuration_name":"muni-back","location":"asia-northeast1","project_id":"muni-production-f8e72","revision_name":"muni-back-hpgtt","service_name":"muni-back"},"type":"cloud_run_revision"},"timestamp":"2022-05-06T08:19:32.081980Z"}
{"insertId":"6274da140001402820786698","jsonPayload":{"ident":"FETCH_USER","level":"INFO","message":"Complete fetching user data.","method":"UserAPI","timestamp":"2022-5-6 8:19:32"},"labels":{"instanceId":"0067430fbdf8497301732486903449ce1ad928680c0f0325f15430c7bed22be2f601789463027844e3f1a908a21bd50a24d6eb57beb97b1070da88a46d5bf9dc8679"},"logName":"projects/muni-production-f8e72/logs/run.googleapis.com%2Fstdout","receiveTimestamp":"2022-05-06T08:19:32.250445027Z","resource":{"labels":{"configuration_name":"muni-back","location":"asia-northeast1","project_id":"muni-production-f8e72","revision_name":"muni-back-hpgtt","service_name":"muni-back"},"type":"cloud_run_revision"},"timestamp":"2022-05-06T08:19:32.081960Z"}
{"insertId":"6274da140000aa52edf72b90","jsonPayload":{"accountId":"kotatu","ident":"FILTERING_WORKS","level":"INFO","message":"Search works link to the user.","method":"UserAPI","timestamp":"2022-5-6 8:19:32"},"labels":{"instanceId":"0067430fbdf8497301732486903449ce1ad928680c0f0325f15430c7bed22be2f601789463027844e3f1a908a21bd50a24d6eb57beb97b1070da88a46d5bf9dc8679"},"logName":"projects/muni-production-f8e72/logs/run.googleapis.com%2Fstdout","receiveTimestamp":"2022-05-06T08:19:32.250445027Z","resource":{"labels":{"configuration_name":"muni-back","location":"asia-northeast1","project_id":"muni-production-f8e72","revision_name":"muni-back-hpgtt","service_name":"muni-back"},"type":"cloud_run_revision"},"timestamp":"2022-05-06T08:19:32.043602Z"}
{"insertId":"6274da1400005f45ea9edaca","jsonPayload":{"ident":"RECIEVE","level":"INFO","message":"Recieve the work post request.","method":"UserAPI","timestamp":"2022-5-6 8:19:32"},"labels":{"instanceId":"0067430fbdf8497301732486903449ce1ad928680c0f0325f15430c7bed22be2f601789463027844e3f1a908a21bd50a24d6eb57beb97b1070da88a46d5bf9dc8679"},"logName":"projects/muni-production-f8e72/logs/run.googleapis.com%2Fstdout","receiveTimestamp":"2022-05-06T08:19:32.250445027Z","resource":{"labels":{"configuration_name":"muni-back","location":"asia-northeast1","project_id":"muni-production-f8e72","revision_name":"muni-back-hpgtt","service_name":"muni-back"},"type":"cloud_run_revision"},"timestamp":"2022-05-06T08:19:32.024389Z"}
{"httpRequest":{"latency":"0.002254149s","protocol":"HTTP/1.1","referer":"https://muni.ink/","remoteIp":"43.234.149.125","requestMethod":"OPTIONS","requestSize":"729","requestUrl":"https://api.muni.ink/user","responseSize":"853","serverIp":"35.241.42.228","status":204,"userAgent":"Mozilla/5.0 (iPhone; CPU iPhone OS 15_4_1 like Mac OS X) AppleWebKit/605.1.15 (KHTML, like Gecko) Version/15.0 Mobile/15E148 Safari/605.1.15 i-filter/sbm-safety/2.00.04.0004"},"insertId":"6274da13000f3c55a49f3856","labels":{"instanceId":"0067430fbdf8497301732486903449ce1ad928680c0f0325f15430c7bed22be2f601789463027844e3f1a908a21bd50a24d6eb57beb97b1070da88a46d5bf9dc8679"},"logName":"projects/muni-production-f8e72/logs/run.googleapis.com%2Frequests","receiveTimestamp":"2022-05-06T08:19:32.182244606Z","resource":{"labels":{"configuration_name":"muni-back","location":"asia-northeast1","project_id":"muni-production-f8e72","revision_name":"muni-back-hpgtt","service_name":"muni-back"},"type":"cloud_run_revision"},"severity":"INFO","timestamp":"2022-05-06T08:19:31.998485Z","trace":"projects/muni-production-f8e72/traces/7962f9ca7d8bc701a64f507fa3536fb6"}
{"httpRequest":{"latency":"0.119534408s","protocol":"HTTP/1.1","referer":"https://muni.ink/","remoteIp":"43.234.149.125","requestMethod":"POST","requestSize":"689","requestUrl":"https://api.muni.ink/recent","responseSize":"12342","serverIp":"35.241.42.228","status":200,"userAgent":"Mozilla/5.0 (iPhone; CPU iPhone OS 15_4_1 like Mac OS X) AppleWebKit/605.1.15 (KHTML, like Gecko) Version/15.0 Mobile/15E148 Safari/605.1.15 i-filter/sbm-safety/2.00.04.0004"},"insertId":"6274da12000e264bf3c90c32","labels":{"instanceId":"0067430fbdf8497301732486903449ce1ad928680c0f0325f15430c7bed22be2f601789463027844e3f1a908a21bd50a24d6eb57beb97b1070da88a46d5bf9dc8679"},"logName":"projects/muni-production-f8e72/logs/run.googleapis.com%2Frequests","receiveTimestamp":"2022-05-06T08:19:31.183527549Z","resource":{"labels":{"configuration_name":"muni-back","location":"asia-northeast1","project_id":"muni-production-f8e72","revision_name":"muni-back-hpgtt","service_name":"muni-back"},"type":"cloud_run_revision"},"severity":"INFO","timestamp":"2022-05-06T08:19:30.927307Z","trace":"projects/muni-production-f8e72/traces/a63a0626fa70676e96cbf0a3aa7111c9"}
{"insertId":"6274da12000e1e2abef2ca1c","jsonPayload":{"ident":"FETCH_SUCCESS","level":"INFO","message":"Success to fetch.","method":"RecentPostAPI","timestamp":"2022-5-6 8:19:30"},"labels":{"instanceId":"0067430fbdf8497301732486903449ce1ad928680c0f0325f15430c7bed22be2f601789463027844e3f1a908a21bd50a24d6eb57beb97b1070da88a46d5bf9dc8679"},"logName":"projects/muni-production-f8e72/logs/run.googleapis.com%2Fstdout","receiveTimestamp":"2022-05-06T08:19:31.248632131Z","resource":{"labels":{"configuration_name":"muni-back","location":"asia-northeast1","project_id":"muni-production-f8e72","revision_name":"muni-back-hpgtt","service_name":"muni-back"},"type":"cloud_run_revision"},"timestamp":"2022-05-06T08:19:30.925226Z"}
{"insertId":"6274da12000c58f8ae7b739e","jsonPayload":{"ident":"RECIEVE","level":"INFO","message":"Recieve the recent posted works request.","method":"RecentPostAPI","timestamp":"2022-5-6 8:19:30"},"labels":{"instanceId":"0067430fbdf8497301732486903449ce1ad928680c0f0325f15430c7bed22be2f601789463027844e3f1a908a21bd50a24d6eb57beb97b1070da88a46d5bf9dc8679"},"logName":"projects/muni-production-f8e72/logs/run.googleapis.com%2Fstdout","receiveTimestamp":"2022-05-06T08:19:30.916648220Z","resource":{"labels":{"configuration_name":"muni-back","location":"asia-northeast1","project_id":"muni-production-f8e72","revision_name":"muni-back-hpgtt","service_name":"muni-back"},"type":"cloud_run_revision"},"timestamp":"2022-05-06T08:19:30.809208Z"}
{"httpRequest":{"latency":"0.002188324s","protocol":"HTTP/1.1","referer":"https://muni.ink/","remoteIp":"43.234.149.125","requestMethod":"OPTIONS","requestSize":"730","requestUrl":"https://api.muni.ink/recent","responseSize":"853","serverIp":"35.241.42.228","status":204,"userAgent":"Mozilla/5.0 (iPhone; CPU iPhone OS 15_4_1 like Mac OS X) AppleWebKit/605.1.15 (KHTML, like Gecko) Version/15.0 Mobile/15E148 Safari/605.1.15 i-filter/sbm-safety/2.00.04.0004"},"insertId":"6274da12000bf96372a58770","labels":{"instanceId":"0067430fbdf8497301732486903449ce1ad928680c0f0325f15430c7bed22be2f601789463027844e3f1a908a21bd50a24d6eb57beb97b1070da88a46d5bf9dc8679"},"logName":"projects/muni-production-f8e72/logs/run.googleapis.com%2Frequests","receiveTimestamp":"2022-05-06T08:19:30.850206201Z","resource":{"labels":{"configuration_name":"muni-back","location":"asia-northeast1","project_id":"muni-production-f8e72","revision_name":"muni-back-hpgtt","service_name":"muni-back"},"type":"cloud_run_revision"},"severity":"INFO","timestamp":"2022-05-06T08:19:30.784739Z","trace":"projects/muni-production-f8e72/traces/a2cb712668f6df07c72b77acb722a6b9"}
{"httpRequest":{"latency":"0.007513655s","protocol":"HTTP/1.1","referer":"https://muni.ink/user/kotatu","remoteIp":"43.234.149.125","requestMethod":"GET","requestSize":"774","requestUrl":"https://muni.ink/_next/static/chunks/pages/signout-c0b9addc62cca7a7.js","responseSize":"1845","serverIp":"35.241.42.228","status":200,"userAgent":"Mozilla/5.0 (iPhone; CPU iPhone OS 15_4_1 like Mac OS X) AppleWebKit/605.1.15 (KHTML, like Gecko) Version/15.0 Mobile/15E148 Safari/605.1.15 i-filter/sbm-safety/2.00.04.0004"},"insertId":"6274da11000797028304d448","labels":{"instanceId":"0067430fbd7af03cb17d92900b5f3305989a61b2bd445dd81108ccfd0293c2aeb5c985f7ae593a5d75291bf8faf2b546eff48eec5f9779a88bd23cf4a59c0f70bf36"},"logName":"projects/muni-production-f8e72/logs/run.googleapis.com%2Frequests","receiveTimestamp":"2022-05-06T08:19:29.513261971Z","resource":{"labels":{"configuration_name":"muni-front","location":"asia-northeast1","project_id":"muni-production-f8e72","revision_name":"muni-front-jq7fz","service_name":"muni-front"},"type":"cloud_run_revision"},"severity":"INFO","timestamp":"2022-05-06T08:19:29.497410Z","trace":"projects/muni-production-f8e72/traces/1ffffbf2075e2e55c7ae34190510f452"}
{"httpRequest":{"latency":"0.097709992s","protocol":"HTTP/1.1","referer":"https://muni.ink/","remoteIp":"43.234.149.125","requestMethod":"POST","requestSize":"698","requestUrl":"https://api.muni.ink/user","responseSize":"970","serverIp":"35.241.42.228","status":200,"userAgent":"Mozilla/5.0 (iPhone; CPU iPhone OS 15_4_1 like Mac OS X) AppleWebKit/605.1.15 (KHTML, like Gecko) Version/15.0 Mobile/15E148 Safari/605.1.15 i-filter/sbm-safety/2.00.04.0004"},"insertId":"6274da08000600e6467f6e42","labels":{"instanceId":"0067430fbdf8497301732486903449ce1ad928680c0f0325f15430c7bed22be2f601789463027844e3f1a908a21bd50a24d6eb57beb97b1070da88a46d5bf9dc8679"},"logName":"projects/muni-production-f8e72/logs/run.googleapis.com%2Frequests","receiveTimestamp":"2022-05-06T08:19:20.527375105Z","resource":{"labels":{"configuration_name":"muni-back","location":"asia-northeast1","project_id":"muni-production-f8e72","revision_name":"muni-back-hpgtt","service_name":"muni-back"},"type":"cloud_run_revision"},"severity":"INFO","timestamp":"2022-05-06T08:19:20.393446Z","trace":"projects/muni-production-f8e72/traces/1fa5dd23a2002b62a41e7285851dc590"}
{"insertId":"6274da080005fabc678f336c","jsonPayload":{"accountId":"kotatu","ident":"SUCCESS_TO_FIND","level":"INFO","message":"User found.","method":"UserAPI","timestamp":"2022-5-6 8:19:20"},"labels":{"instanceId":"0067430fbdf8497301732486903449ce1ad928680c0f0325f15430c7bed22be2f601789463027844e3f1a908a21bd50a24d6eb57beb97b1070da88a46d5bf9dc8679"},"logName":"projects/muni-production-f8e72/logs/run.googleapis.com%2Fstdout","receiveTimestamp":"2022-05-06T08:19:20.591636721Z","resource":{"labels":{"configuration_name":"muni-back","location":"asia-northeast1","project_id":"muni-production-f8e72","revision_name":"muni-back-hpgtt","service_name":"muni-back"},"type":"cloud_run_revision"},"timestamp":"2022-05-06T08:19:20.391868Z"}
{"insertId":"6274da080005faa622bd7144","jsonPayload":{"ident":"FETCH_USER","level":"INFO","message":"Complete fetching user data.","method":"UserAPI","timestamp":"2022-5-6 8:19:20"},"labels":{"instanceId":"0067430fbdf8497301732486903449ce1ad928680c0f0325f15430c7bed22be2f601789463027844e3f1a908a21bd50a24d6eb57beb97b1070da88a46d5bf9dc8679"},"logName":"projects/muni-production-f8e72/logs/run.googleapis.com%2Fstdout","receiveTimestamp":"2022-05-06T08:19:20.591636721Z","resource":{"labels":{"configuration_name":"muni-back","location":"asia-northeast1","project_id":"muni-production-f8e72","revision_name":"muni-back-hpgtt","service_name":"muni-back"},"type":"cloud_run_revision"},"timestamp":"2022-05-06T08:19:20.391846Z"}
{"insertId":"6274da080004fb7335fdad1b","jsonPayload":{"accountId":"kotatu","ident":"FILTERING_WORKS","level":"INFO","message":"Search works link to the user.","method":"UserAPI","timestamp":"2022-5-6 8:19:20"},"labels":{"instanceId":"0067430fbdf8497301732486903449ce1ad928680c0f0325f15430c7bed22be2f601789463027844e3f1a908a21bd50a24d6eb57beb97b1070da88a46d5bf9dc8679"},"logName":"projects/muni-production-f8e72/logs/run.googleapis.com%2Fstdout","receiveTimestamp":"2022-05-06T08:19:20.591636721Z","resource":{"labels":{"configuration_name":"muni-back","location":"asia-northeast1","project_id":"muni-production-f8e72","revision_name":"muni-back-hpgtt","service_name":"muni-back"},"type":"cloud_run_revision"},"timestamp":"2022-05-06T08:19:20.326515Z"}
{"insertId":"6274da0800048e6f50ff53c5","jsonPayload":{"ident":"RECIEVE","level":"INFO","message":"Recieve the work post request.","method":"UserAPI","timestamp":"2022-5-6 8:19:20"},"labels":{"instanceId":"0067430fbdf8497301732486903449ce1ad928680c0f0325f15430c7bed22be2f601789463027844e3f1a908a21bd50a24d6eb57beb97b1070da88a46d5bf9dc8679"},"logName":"projects/muni-production-f8e72/logs/run.googleapis.com%2Fstdout","receiveTimestamp":"2022-05-06T08:19:20.591636721Z","resource":{"labels":{"configuration_name":"muni-back","location":"asia-northeast1","project_id":"muni-production-f8e72","revision_name":"muni-back-hpgtt","service_name":"muni-back"},"type":"cloud_run_revision"},"timestamp":"2022-05-06T08:19:20.298607Z"}
{"httpRequest":{"latency":"0.084685613s","protocol":"HTTP/1.1","referer":"https://muni.ink/","remoteIp":"43.234.149.125","requestMethod":"POST","requestSize":"698","requestUrl":"https://api.muni.ink/user","responseSize":"970","serverIp":"35.241.42.228","status":200,"userAgent":"Mozilla/5.0 (iPhone; CPU iPhone OS 15_4_1 like Mac OS X) AppleWebKit/605.1.15 (KHTML, like Gecko) Version/15.0 Mobile/15E148 Safari/605.1.15 i-filter/sbm-safety/2.00.04.0004"},"insertId":"6274da080003086636276830","labels":{"instanceId":"0067430fbdf8497301732486903449ce1ad928680c0f0325f15430c7bed22be2f601789463027844e3f1a908a21bd50a24d6eb57beb97b1070da88a46d5bf9dc8679"},"logName":"projects/muni-production-f8e72/logs/run.googleapis.com%2Frequests","receiveTimestamp":"2022-05-06T08:19:20.527375105Z","resource":{"labels":{"configuration_name":"muni-back","location":"asia-northeast1","project_id":"muni-production-f8e72","revision_name":"muni-back-hpgtt","service_name":"muni-back"},"type":"cloud_run_revision"},"severity":"INFO","timestamp":"2022-05-06T08:19:20.198758Z","trace":"projects/muni-production-f8e72/traces/a21bfa1040448c6513fa6ede824c5af9"}
{"insertId":"6274da08000303242e61f889","jsonPayload":{"firebaseId":"kotatu","ident":"SUCCESS_TO_FIND","level":"INFO","message":"User found.","method":"UserAPI","timestamp":"2022-5-6 8:19:20"},"labels":{"instanceId":"0067430fbdf8497301732486903449ce1ad928680c0f0325f15430c7bed22be2f601789463027844e3f1a908a21bd50a24d6eb57beb97b1070da88a46d5bf9dc8679"},"logName":"projects/muni-production-f8e72/logs/run.googleapis.com%2Fstdout","receiveTimestamp":"2022-05-06T08:19:20.262830777Z","resource":{"labels":{"configuration_name":"muni-back","location":"asia-northeast1","project_id":"muni-production-f8e72","revision_name":"muni-back-hpgtt","service_name":"muni-back"},"type":"cloud_run_revision"},"timestamp":"2022-05-06T08:19:20.197412Z"}
{"insertId":"6274da0800030312af3de3e2","jsonPayload":{"ident":"FETCH_USER","level":"INFO","message":"Complete fetching user data.","method":"UserAPI","timestamp":"2022-5-6 8:19:20"},"labels":{"instanceId":"0067430fbdf8497301732486903449ce1ad928680c0f0325f15430c7bed22be2f601789463027844e3f1a908a21bd50a24d6eb57beb97b1070da88a46d5bf9dc8679"},"logName":"projects/muni-production-f8e72/logs/run.googleapis.com%2Fstdout","receiveTimestamp":"2022-05-06T08:19:20.262830777Z","resource":{"labels":{"configuration_name":"muni-back","location":"asia-northeast1","project_id":"muni-production-f8e72","revision_name":"muni-back-hpgtt","service_name":"muni-back"},"type":"cloud_run_revision"},"timestamp":"2022-05-06T08:19:20.197394Z"}
{"insertId":"6274da08000246cf245dd095","jsonPayload":{"firebaseId":"kotatu","ident":"FILTERING_WORKS","level":"INFO","message":"Search works link to the user.","method":"UserAPI","timestamp":"2022-5-6 8:19:20"},"labels":{"instanceId":"0067430fbdf8497301732486903449ce1ad928680c0f0325f15430c7bed22be2f601789463027844e3f1a908a21bd50a24d6eb57beb97b1070da88a46d5bf9dc8679"},"logName":"projects/muni-production-f8e72/logs/run.googleapis.com%2Fstdout","receiveTimestamp":"2022-05-06T08:19:20.262830777Z","resource":{"labels":{"configuration_name":"muni-back","location":"asia-northeast1","project_id":"muni-production-f8e72","revision_name":"muni-back-hpgtt","service_name":"muni-back"},"type":"cloud_run_revision"},"timestamp":"2022-05-06T08:19:20.149199Z"}
{"insertId":"6274da080001c341469272af","jsonPayload":{"ident":"RECIEVE","level":"INFO","message":"Recieve the work post request.","method":"UserAPI","timestamp":"2022-5-6 8:19:20"},"labels":{"instanceId":"0067430fbdf8497301732486903449ce1ad928680c0f0325f15430c7bed22be2f601789463027844e3f1a908a21bd50a24d6eb57beb97b1070da88a46d5bf9dc8679"},"logName":"projects/muni-production-f8e72/logs/run.googleapis.com%2Fstdout","receiveTimestamp":"2022-05-06T08:19:20.262830777Z","resource":{"labels":{"configuration_name":"muni-back","location":"asia-northeast1","project_id":"muni-production-f8e72","revision_name":"muni-back-hpgtt","service_name":"muni-back"},"type":"cloud_run_revision"},"timestamp":"2022-05-06T08:19:20.115521Z"}
{"httpRequest":{"latency":"0.002264717s","protocol":"HTTP/1.1","referer":"https://muni.ink/","remoteIp":"43.234.149.125","requestMethod":"OPTIONS","requestSize":"729","requestUrl":"https://api.muni.ink/user","responseSize":"853","serverIp":"35.241.42.228","status":204,"userAgent":"Mozilla/5.0 (iPhone; CPU iPhone OS 15_4_1 like Mac OS X) AppleWebKit/605.1.15 (KHTML, like Gecko) Version/15.0 Mobile/15E148 Safari/605.1.15 i-filter/sbm-safety/2.00.04.0004"},"insertId":"6274da0800015a988806a577","labels":{"instanceId":"0067430fbdf8497301732486903449ce1ad928680c0f0325f15430c7bed22be2f601789463027844e3f1a908a21bd50a24d6eb57beb97b1070da88a46d5bf9dc8679"},"logName":"projects/muni-production-f8e72/logs/run.googleapis.com%2Frequests","receiveTimestamp":"2022-05-06T08:19:20.194476301Z","resource":{"labels":{"configuration_name":"muni-back","location":"asia-northeast1","project_id":"muni-production-f8e72","revision_name":"muni-back-hpgtt","service_name":"muni-back"},"type":"cloud_run_revision"},"severity":"INFO","timestamp":"2022-05-06T08:19:20.088728Z","trace":"projects/muni-production-f8e72/traces/ea589907a790dd72e00d9af81d807e08"}
{"httpRequest":{"latency":"0.037350795s","protocol":"HTTP/1.1","referer":"https://muni.ink/","remoteIp":"43.234.149.125","requestMethod":"POST","requestSize":"780","requestUrl":"https://api.muni.ink/create_user","responseSize":"843","serverIp":"35.241.42.228","status":500,"userAgent":"Mozilla/5.0 (iPhone; CPU iPhone OS 15_4_1 like Mac OS X) AppleWebKit/605.1.15 (KHTML, like Gecko) Version/15.0 Mobile/15E148 Safari/605.1.15 i-filter/sbm-safety/2.00.04.0004"},"insertId":"6274da0700079335073451f5","labels":{"instanceId":"0067430fbdf8497301732486903449ce1ad928680c0f0325f15430c7bed22be2f601789463027844e3f1a908a21bd50a24d6eb57beb97b1070da88a46d5bf9dc8679"},"logName":"projects/muni-production-f8e72/logs/run.googleapis.com%2Frequests","receiveTimestamp":"2022-05-06T08:19:19.528074237Z","resource":{"labels":{"configuration_name":"muni-back","location":"asia-northeast1","project_id":"muni-production-f8e72","revision_name":"muni-back-hpgtt","service_name":"muni-back"},"type":"cloud_run_revision"},"severity":"ERROR","timestamp":"2022-05-06T08:19:19.496437Z","trace":"projects/muni-production-f8e72/traces/bc99b78d52b665cb9f43824c69b7c638"}
{"insertId":"6274da0700078d1e7595d504","jsonPayload":{"error":"{\"stack\":\"Error: User already exists.\\n    at /app/dist/api/create_user.js:75:19\\n    at Generator.next (<anonymous>)\\n    at fulfilled (/app/dist/api/create_user.js:24:58)\\n    at runMicrotasks (<anonymous>)\\n    at processTicksAndRejections (node:internal/process/task_queues:96:5)\",\"message\":\"User already exists.\"}","firebaseId":null,"ident":"FAILED_TO_CREATE","level":"ERROR","message":"Failed to create user.","method":"CreateUserAPI","timestamp":"2022-5-6 8:19:19"},"labels":{"instanceId":"0067430fbdf8497301732486903449ce1ad928680c0f0325f15430c7bed22be2f601789463027844e3f1a908a21bd50a24d6eb57beb97b1070da88a46d5bf9dc8679"},"logName":"projects/muni-production-f8e72/logs/run.googleapis.com%2Fstderr","receiveTimestamp":"2022-05-06T08:19:19.830622815Z","resource":{"labels":{"configuration_name":"muni-back","location":"asia-northeast1","project_id":"muni-production-f8e72","revision_name":"muni-back-hpgtt","service_name":"muni-back"},"type":"cloud_run_revision"},"timestamp":"2022-05-06T08:19:19.494878Z"}
{"insertId":"6274da0700078c7c5a7e0846","jsonPayload":{"accountId":"kotatu","ident":"ALREADY_EXISTS","level":"ERROR","message":"User already exists.","method":"CreateUserAPI","timestamp":"2022-5-6 8:19:19"},"labels":{"instanceId":"0067430fbdf8497301732486903449ce1ad928680c0f0325f15430c7bed22be2f601789463027844e3f1a908a21bd50a24d6eb57beb97b1070da88a46d5bf9dc8679"},"logName":"projects/muni-production-f8e72/logs/run.googleapis.com%2Fstderr","receiveTimestamp":"2022-05-06T08:19:19.497977782Z","resource":{"labels":{"configuration_name":"muni-back","location":"asia-northeast1","project_id":"muni-production-f8e72","revision_name":"muni-back-hpgtt","service_name":"muni-back"},"type":"cloud_run_revision"},"timestamp":"2022-05-06T08:19:19.494716Z"}
{"httpRequest":{"latency":"1.447031059s","protocol":"HTTP/1.1","referer":"https://muni.ink/","remoteIp":"43.234.149.125","requestMethod":"POST","requestSize":"780","requestUrl":"https://api.muni.ink/create_user","responseSize":"938","serverIp":"35.241.42.228","status":200,"userAgent":"Mozilla/5.0 (iPhone; CPU iPhone OS 15_4_1 like Mac OS X) AppleWebKit/605.1.15 (KHTML, like Gecko) Version/15.0 Mobile/15E148 Safari/605.1.15 i-filter/sbm-safety/2.00.04.0004"},"insertId":"6274da06000a33175db91211","labels":{"instanceId":"0067430fbdf8497301732486903449ce1ad928680c0f0325f15430c7bed22be2f601789463027844e3f1a908a21bd50a24d6eb57beb97b1070da88a46d5bf9dc8679"},"logName":"projects/muni-production-f8e72/logs/run.googleapis.com%2Frequests","receiveTimestamp":"2022-05-06T08:19:18.862127663Z","resource":{"labels":{"configuration_name":"muni-back","location":"asia-northeast1","project_id":"muni-production-f8e72","revision_name":"muni-back-hpgtt","service_name":"muni-back"},"type":"cloud_run_revision"},"severity":"INFO","timestamp":"2022-05-06T08:19:18.668439Z","trace":"projects/muni-production-f8e72/traces/028248545e5f65c8e90978f113db5e6f"}
{"insertId":"6274da050003f841f84cfa5c","jsonPayload":{"accountId":"kotatu","ident":"TRY_TO_CREATE","level":"INFO","message":"Try to create user.","method":"CreateUserAPI","timestamp":"2022-5-6 8:19:17"},"labels":{"instanceId":"0067430fbdf8497301732486903449ce1ad928680c0f0325f15430c7bed22be2f601789463027844e3f1a908a21bd50a24d6eb57beb97b1070da88a46d5bf9dc8679"},"logName":"projects/muni-production-f8e72/logs/run.googleapis.com%2Fstdout","receiveTimestamp":"2022-05-06T08:19:17.263402882Z","resource":{"labels":{"configuration_name":"muni-back","location":"asia-northeast1","project_id":"muni-production-f8e72","revision_name":"muni-back-hpgtt","service_name":"muni-back"},"type":"cloud_run_revision"},"timestamp":"2022-05-06T08:19:17.260161Z"}
{"httpRequest":{"latency":"0.002728116s","protocol":"HTTP/1.1","referer":"https://muni.ink/","remoteIp":"43.234.149.125","requestMethod":"OPTIONS","requestSize":"736","requestUrl":"https://api.muni.ink/create_user","responseSize":"853","serverIp":"35.241.42.228","status":204,"userAgent":"Mozilla/5.0 (iPhone; CPU iPhone OS 15_4_1 like Mac OS X) AppleWebKit/605.1.15 (KHTML, like Gecko) Version/15.0 Mobile/15E148 Safari/605.1.15 i-filter/sbm-safety/2.00.04.0004"},"insertId":"6274da050002f5bd29f30faf","labels":{"instanceId":"0067430fbdf8497301732486903449ce1ad928680c0f0325f15430c7bed22be2f601789463027844e3f1a908a21bd50a24d6eb57beb97b1070da88a46d5bf9dc8679"},"logName":"projects/muni-production-f8e72/logs/run.googleapis.com%2Frequests","receiveTimestamp":"2022-05-06T08:19:17.196967500Z","resource":{"labels":{"configuration_name":"muni-back","location":"asia-northeast1","project_id":"muni-production-f8e72","revision_name":"muni-back-hpgtt","service_name":"muni-back"},"type":"cloud_run_revision"},"severity":"INFO","timestamp":"2022-05-06T08:19:17.193981Z","trace":"projects/muni-production-f8e72/traces/a4a57f85a2c0dd2d3e055c5abbf32b05"}
{"httpRequest":{"latency":"0.427173052s","protocol":"HTTP/1.1","referer":"https://muni.ink/","remoteIp":"43.234.149.125","requestMethod":"GET","requestSize":"799","requestUrl":"https://storage.muni.ink/work/Pvp0SEse2xFu4vEYWRA3?thumbnail=true","responseSize":"89998","serverIp":"35.241.42.228","status":200,"userAgent":"Mozilla/5.0 (iPhone; CPU iPhone OS 15_4_1 like Mac OS X) AppleWebKit/605.1.15 (KHTML, like Gecko) Version/15.0 Mobile/15E148 Safari/605.1.15 i-filter/sbm-safety/2.00.04.0004"},"insertId":"6274d9d6000cc46a974dff14","labels":{"instanceId":"0067430fbdf8497301732486903449ce1ad928680c0f0325f15430c7bed22be2f601789463027844e3f1a908a21bd50a24d6eb57beb97b1070da88a46d5bf9dc8679"},"logName":"projects/muni-production-f8e72/logs/run.googleapis.com%2Frequests","receiveTimestamp":"2022-05-06T08:18:30.987738724Z","resource":{"labels":{"configuration_name":"muni-back","location":"asia-northeast1","project_id":"muni-production-f8e72","revision_name":"muni-back-hpgtt","service_name":"muni-back"},"type":"cloud_run_revision"},"severity":"INFO","timestamp":"2022-05-06T08:18:30.836714Z","trace":"projects/muni-production-f8e72/traces/60d103156bf8b7358c66bcaf30c11bcb"}
{"insertId":"6274d9d6000cbe3f9f693aba","jsonPayload":{"ident":"COMPLETE","level":"INFO","message":"Success to fetch optimized image","method":"WorkAPI","timestamp":"2022-5-6 8:18:30","workId":"Pvp0SEse2xFu4vEYWRA3"},"labels":{"instanceId":"0067430fbdf8497301732486903449ce1ad928680c0f0325f15430c7bed22be2f601789463027844e3f1a908a21bd50a24d6eb57beb97b1070da88a46d5bf9dc8679"},"logName":"projects/muni-production-f8e72/logs/run.googleapis.com%2Fstdout","receiveTimestamp":"2022-05-06T08:18:31.069308052Z","resource":{"labels":{"configuration_name":"muni-back","location":"asia-northeast1","project_id":"muni-production-f8e72","revision_name":"muni-back-hpgtt","service_name":"muni-back"},"type":"cloud_run_revision"},"timestamp":"2022-05-06T08:18:30.835135Z"}
{"httpRequest":{"latency":"0.342613485s","protocol":"HTTP/1.1","referer":"https://muni.ink/","remoteIp":"43.234.149.125","requestMethod":"GET","requestSize":"800","requestUrl":"https://storage.muni.ink/work/xG9PAetzh30RsaYB2CPm?thumbnail=true","responseSize":"14216","serverIp":"35.241.42.228","status":200,"userAgent":"Mozilla/5.0 (iPhone; CPU iPhone OS 15_4_1 like Mac OS X) AppleWebKit/605.1.15 (KHTML, like Gecko) Version/15.0 Mobile/15E148 Safari/605.1.15 i-filter/sbm-safety/2.00.04.0004"},"insertId":"6274d9d6000b726fcff84440","labels":{"instanceId":"0067430fbdf8497301732486903449ce1ad928680c0f0325f15430c7bed22be2f601789463027844e3f1a908a21bd50a24d6eb57beb97b1070da88a46d5bf9dc8679"},"logName":"projects/muni-production-f8e72/logs/run.googleapis.com%2Frequests","receiveTimestamp":"2022-05-06T08:18:30.987738724Z","resource":{"labels":{"configuration_name":"muni-back","location":"asia-northeast1","project_id":"muni-production-f8e72","revision_name":"muni-back-hpgtt","service_name":"muni-back"},"type":"cloud_run_revision"},"severity":"INFO","timestamp":"2022-05-06T08:18:30.750191Z","trace":"projects/muni-production-f8e72/traces/c1d74fab9bc85f562ddfc13385318e54"}
{"insertId":"6274d9d6000b6c198c2499b6","jsonPayload":{"ident":"COMPLETE","level":"INFO","message":"Success to fetch optimized image","method":"WorkAPI","timestamp":"2022-5-6 8:18:30","workId":"xG9PAetzh30RsaYB2CPm"},"labels":{"instanceId":"0067430fbdf8497301732486903449ce1ad928680c0f0325f15430c7bed22be2f601789463027844e3f1a908a21bd50a24d6eb57beb97b1070da88a46d5bf9dc8679"},"logName":"projects/muni-production-f8e72/logs/run.googleapis.com%2Fstdout","receiveTimestamp":"2022-05-06T08:18:31.069308052Z","resource":{"labels":{"configuration_name":"muni-back","location":"asia-northeast1","project_id":"muni-production-f8e72","revision_name":"muni-back-hpgtt","service_name":"muni-back"},"type":"cloud_run_revision"},"timestamp":"2022-05-06T08:18:30.748569Z"}
{"insertId":"6274d9d6000643ffd117441c","jsonPayload":{"ident":"RECIEVED","level":"INFO","message":"Request recieved for Pvp0SEse2xFu4vEYWRA3.","method":"WorkAPI","timestamp":"2022-5-6 8:18:30","workId":"Pvp0SEse2xFu4vEYWRA3"},"labels":{"instanceId":"0067430fbdf8497301732486903449ce1ad928680c0f0325f15430c7bed22be2f601789463027844e3f1a908a21bd50a24d6eb57beb97b1070da88a46d5bf9dc8679"},"logName":"projects/muni-production-f8e72/logs/run.googleapis.com%2Fstdout","receiveTimestamp":"2022-05-06T08:18:30.734393255Z","resource":{"labels":{"configuration_name":"muni-back","location":"asia-northeast1","project_id":"muni-production-f8e72","revision_name":"muni-back-hpgtt","service_name":"muni-back"},"type":"cloud_run_revision"},"timestamp":"2022-05-06T08:18:30.410623Z"}
{"insertId":"6274d9d600063cb8796967a4","jsonPayload":{"ident":"RECIEVED","level":"INFO","message":"Request recieved for xG9PAetzh30RsaYB2CPm.","method":"WorkAPI","timestamp":"2022-5-6 8:18:30","workId":"xG9PAetzh30RsaYB2CPm"},"labels":{"instanceId":"0067430fbdf8497301732486903449ce1ad928680c0f0325f15430c7bed22be2f601789463027844e3f1a908a21bd50a24d6eb57beb97b1070da88a46d5bf9dc8679"},"logName":"projects/muni-production-f8e72/logs/run.googleapis.com%2Fstdout","receiveTimestamp":"2022-05-06T08:18:30.734393255Z","resource":{"labels":{"configuration_name":"muni-back","location":"asia-northeast1","project_id":"muni-production-f8e72","revision_name":"muni-back-hpgtt","service_name":"muni-back"},"type":"cloud_run_revision"},"timestamp":"2022-05-06T08:18:30.408760Z"}
{"httpRequest":{"latency":"0.381286620s","protocol":"HTTP/1.1","referer":"https://muni.ink/","remoteIp":"43.234.149.125","requestMethod":"GET","requestSize":"800","requestUrl":"https://storage.muni.ink/work/e2fJgV2dvagYd5NSfQ01?thumbnail=true","responseSize":"23970","serverIp":"35.241.42.228","status":200,"userAgent":"Mozilla/5.0 (iPhone; CPU iPhone OS 15_4_1 like Mac OS X) AppleWebKit/605.1.15 (KHTML, like Gecko) Version/15.0 Mobile/15E148 Safari/605.1.15 i-filter/sbm-safety/2.00.04.0004"},"insertId":"6274d9d5000ae06188137ffe","labels":{"instanceId":"0067430fbdf8497301732486903449ce1ad928680c0f0325f15430c7bed22be2f601789463027844e3f1a908a21bd50a24d6eb57beb97b1070da88a46d5bf9dc8679"},"logName":"projects/muni-production-f8e72/logs/run.googleapis.com%2Frequests","receiveTimestamp":"2022-05-06T08:18:29.988068771Z","resource":{"labels":{"configuration_name":"muni-back","location":"asia-northeast1","project_id":"muni-production-f8e72","revision_name":"muni-back-hpgtt","service_name":"muni-back"},"type":"cloud_run_revision"},"severity":"INFO","timestamp":"2022-05-06T08:18:29.712801Z","trace":"projects/muni-production-f8e72/traces/1976c4a19ee7df437f2230c2e784300b"}
{"insertId":"6274d9d5000ada735e841470","jsonPayload":{"ident":"COMPLETE","level":"INFO","message":"Success to fetch optimized image","method":"WorkAPI","timestamp":"2022-5-6 8:18:29","workId":"e2fJgV2dvagYd5NSfQ01"},"labels":{"instanceId":"0067430fbdf8497301732486903449ce1ad928680c0f0325f15430c7bed22be2f601789463027844e3f1a908a21bd50a24d6eb57beb97b1070da88a46d5bf9dc8679"},"logName":"projects/muni-production-f8e72/logs/run.googleapis.com%2Fstdout","receiveTimestamp":"2022-05-06T08:18:29.736301007Z","resource":{"labels":{"configuration_name":"muni-back","location":"asia-northeast1","project_id":"muni-production-f8e72","revision_name":"muni-back-hpgtt","service_name":"muni-back"},"type":"cloud_run_revision"},"timestamp":"2022-05-06T08:18:29.711283Z"}
{"httpRequest":{"latency":"0.341983645s","protocol":"HTTP/1.1","referer":"https://muni.ink/","remoteIp":"43.234.149.125","requestMethod":"GET","requestSize":"800","requestUrl":"https://storage.muni.ink/work/RBfuyCKgShAElpamMMHa?thumbnail=true","responseSize":"16396","serverIp":"35.241.42.228","status":200,"userAgent":"Mozilla/5.0 (iPhone; CPU iPhone OS 15_4_1 like Mac OS X) AppleWebKit/605.1.15 (KHTML, like Gecko) Version/15.0 Mobile/15E148 Safari/605.1.15 i-filter/sbm-safety/2.00.04.0004"},"insertId":"6274d9d5000a31442dd29b5d","labels":{"instanceId":"0067430fbdf8497301732486903449ce1ad928680c0f0325f15430c7bed22be2f601789463027844e3f1a908a21bd50a24d6eb57beb97b1070da88a46d5bf9dc8679"},"logName":"projects/muni-production-f8e72/logs/run.googleapis.com%2Frequests","receiveTimestamp":"2022-05-06T08:18:29.988068771Z","resource":{"labels":{"configuration_name":"muni-back","location":"asia-northeast1","project_id":"muni-production-f8e72","revision_name":"muni-back-hpgtt","service_name":"muni-back"},"type":"cloud_run_revision"},"severity":"INFO","timestamp":"2022-05-06T08:18:29.667972Z","trace":"projects/muni-production-f8e72/traces/90700043cb909471d77a9e76c8b0272a"}
{"insertId":"6274d9d5000a2b962f254773","jsonPayload":{"ident":"COMPLETE","level":"INFO","message":"Success to fetch optimized image","method":"WorkAPI","timestamp":"2022-5-6 8:18:29","workId":"RBfuyCKgShAElpamMMHa"},"labels":{"instanceId":"0067430fbdf8497301732486903449ce1ad928680c0f0325f15430c7bed22be2f601789463027844e3f1a908a21bd50a24d6eb57beb97b1070da88a46d5bf9dc8679"},"logName":"projects/muni-production-f8e72/logs/run.googleapis.com%2Fstdout","receiveTimestamp":"2022-05-06T08:18:29.736301007Z","resource":{"labels":{"configuration_name":"muni-back","location":"asia-northeast1","project_id":"muni-production-f8e72","revision_name":"muni-back-hpgtt","service_name":"muni-back"},"type":"cloud_run_revision"},"timestamp":"2022-05-06T08:18:29.666518Z"}
{"insertId":"6274d9d5000512c46b00d452","jsonPayload":{"ident":"RECIEVED","level":"INFO","message":"Request recieved for e2fJgV2dvagYd5NSfQ01.","method":"WorkAPI","timestamp":"2022-5-6 8:18:29","workId":"e2fJgV2dvagYd5NSfQ01"},"labels":{"instanceId":"0067430fbdf8497301732486903449ce1ad928680c0f0325f15430c7bed22be2f601789463027844e3f1a908a21bd50a24d6eb57beb97b1070da88a46d5bf9dc8679"},"logName":"projects/muni-production-f8e72/logs/run.googleapis.com%2Fstdout","receiveTimestamp":"2022-05-06T08:18:29.401864586Z","resource":{"labels":{"configuration_name":"muni-back","location":"asia-northeast1","project_id":"muni-production-f8e72","revision_name":"muni-back-hpgtt","service_name":"muni-back"},"type":"cloud_run_revision"},"timestamp":"2022-05-06T08:18:29.332484Z"}
{"insertId":"6274d9d50004fec42ec09d35","jsonPayload":{"ident":"RECIEVED","level":"INFO","message":"Request recieved for RBfuyCKgShAElpamMMHa.","method":"WorkAPI","timestamp":"2022-5-6 8:18:29","workId":"RBfuyCKgShAElpamMMHa"},"labels":{"instanceId":"0067430fbdf8497301732486903449ce1ad928680c0f0325f15430c7bed22be2f601789463027844e3f1a908a21bd50a24d6eb57beb97b1070da88a46d5bf9dc8679"},"logName":"projects/muni-production-f8e72/logs/run.googleapis.com%2Fstdout","receiveTimestamp":"2022-05-06T08:18:29.401864586Z","resource":{"labels":{"configuration_name":"muni-back","location":"asia-northeast1","project_id":"muni-production-f8e72","revision_name":"muni-back-hpgtt","service_name":"muni-back"},"type":"cloud_run_revision"},"timestamp":"2022-05-06T08:18:29.327364Z"}
{"httpRequest":{"latency":"0.441355564s","protocol":"HTTP/1.1","referer":"https://muni.ink/","remoteIp":"43.234.149.125","requestMethod":"GET","requestSize":"800","requestUrl":"https://storage.muni.ink/work/VzdSGaBBEGMy6vScAWLw?thumbnail=true","responseSize":"30672","serverIp":"35.241.42.228","status":200,"userAgent":"Mozilla/5.0 (iPhone; CPU iPhone OS 15_4_1 like Mac OS X) AppleWebKit/605.1.15 (KHTML, like Gecko) Version/15.0 Mobile/15E148 Safari/605.1.15 i-filter/sbm-safety/2.00.04.0004"},"insertId":"6274d9d5000018e803f5a766","labels":{"instanceId":"0067430fbdf8497301732486903449ce1ad928680c0f0325f15430c7bed22be2f601789463027844e3f1a908a21bd50a24d6eb57beb97b1070da88a46d5bf9dc8679"},"logName":"projects/muni-production-f8e72/logs/run.googleapis.com%2Frequests","receiveTimestamp":"2022-05-06T08:18:29.320467096Z","resource":{"labels":{"configuration_name":"muni-back","location":"asia-northeast1","project_id":"muni-production-f8e72","revision_name":"muni-back-hpgtt","service_name":"muni-back"},"type":"cloud_run_revision"},"severity":"INFO","timestamp":"2022-05-06T08:18:29.006376Z","trace":"projects/muni-production-f8e72/traces/7eee9e0bf3852d38aa5e54eaed7733f4"}
{"insertId":"6274d9d5000012db835e8a62","jsonPayload":{"ident":"COMPLETE","level":"INFO","message":"Success to fetch optimized image","method":"WorkAPI","timestamp":"2022-5-6 8:18:29","workId":"VzdSGaBBEGMy6vScAWLw"},"labels":{"instanceId":"0067430fbdf8497301732486903449ce1ad928680c0f0325f15430c7bed22be2f601789463027844e3f1a908a21bd50a24d6eb57beb97b1070da88a46d5bf9dc8679"},"logName":"projects/muni-production-f8e72/logs/run.googleapis.com%2Fstdout","receiveTimestamp":"2022-05-06T08:18:29.070892926Z","resource":{"labels":{"configuration_name":"muni-back","location":"asia-northeast1","project_id":"muni-production-f8e72","revision_name":"muni-back-hpgtt","service_name":"muni-back"},"type":"cloud_run_revision"},"timestamp":"2022-05-06T08:18:29.004827Z"}
{"httpRequest":{"latency":"0.570284150s","protocol":"HTTP/1.1","referer":"https://muni.ink/","remoteIp":"43.234.149.125","requestMethod":"GET","requestSize":"799","requestUrl":"https://storage.muni.ink/work/jZND7AXfHHrzfvwPTCVy?thumbnail=true","responseSize":"35292","serverIp":"35.241.42.228","status":200,"userAgent":"Mozilla/5.0 (iPhone; CPU iPhone OS 15_4_1 like Mac OS X) AppleWebKit/605.1.15 (KHTML, like Gecko) Version/15.0 Mobile/15E148 Safari/605.1.15 i-filter/sbm-safety/2.00.04.0004"},"insertId":"6274d9d500000c4b926e82f2","labels":{"instanceId":"0067430fbdf8497301732486903449ce1ad928680c0f0325f15430c7bed22be2f601789463027844e3f1a908a21bd50a24d6eb57beb97b1070da88a46d5bf9dc8679"},"logName":"projects/muni-production-f8e72/logs/run.googleapis.com%2Frequests","receiveTimestamp":"2022-05-06T08:18:29.320467096Z","resource":{"labels":{"configuration_name":"muni-back","location":"asia-northeast1","project_id":"muni-production-f8e72","revision_name":"muni-back-hpgtt","service_name":"muni-back"},"type":"cloud_run_revision"},"severity":"INFO","timestamp":"2022-05-06T08:18:29.003147Z","trace":"projects/muni-production-f8e72/traces/19cb2c814eab94de0150e5d695cf00a1"}
{"insertId":"6274d9d50000065f222e6702","jsonPayload":{"ident":"COMPLETE","level":"INFO","message":"Success to fetch optimized image","method":"WorkAPI","timestamp":"2022-5-6 8:18:29","workId":"jZND7AXfHHrzfvwPTCVy"},"labels":{"instanceId":"0067430fbdf8497301732486903449ce1ad928680c0f0325f15430c7bed22be2f601789463027844e3f1a908a21bd50a24d6eb57beb97b1070da88a46d5bf9dc8679"},"logName":"projects/muni-production-f8e72/logs/run.googleapis.com%2Fstdout","receiveTimestamp":"2022-05-06T08:18:29.070892926Z","resource":{"labels":{"configuration_name":"muni-back","location":"asia-northeast1","project_id":"muni-production-f8e72","revision_name":"muni-back-hpgtt","service_name":"muni-back"},"type":"cloud_run_revision"},"timestamp":"2022-05-06T08:18:29.001631Z"}
{"httpRequest":{"latency":"0.430055198s","protocol":"HTTP/1.1","referer":"https://muni.ink/","remoteIp":"43.234.149.125","requestMethod":"GET","requestSize":"800","requestUrl":"https://storage.muni.ink/work/I5IsJTGlMPiPGGW1fNsd?thumbnail=true","responseSize":"20204","serverIp":"35.241.42.228","status":200,"userAgent":"Mozilla/5.0 (iPhone; CPU iPhone OS 15_4_1 like Mac OS X) AppleWebKit/605.1.15 (KHTML, like Gecko) Version/15.0 Mobile/15E148 Safari/605.1.15 i-filter/sbm-safety/2.00.04.0004"},"insertId":"6274d9d4000f3433e1e5d8c6","labels":{"instanceId":"0067430fbdf8497301732486903449ce1ad928680c0f0325f15430c7bed22be2f601789463027844e3f1a908a21bd50a24d6eb57beb97b1070da88a46d5bf9dc8679"},"logName":"projects/muni-production-f8e72/logs/run.googleapis.com%2Frequests","receiveTimestamp":"2022-05-06T08:18:29.320467096Z","resource":{"labels":{"configuration_name":"muni-back","location":"asia-northeast1","project_id":"muni-production-f8e72","revision_name":"muni-back-hpgtt","service_name":"muni-back"},"type":"cloud_run_revision"},"severity":"INFO","timestamp":"2022-05-06T08:18:28.996403Z","trace":"projects/muni-production-f8e72/traces/7a37aa54a8a534a6b2ec757a159878aa"}
{"insertId":"6274d9d4000f2ec017ff4435","jsonPayload":{"ident":"COMPLETE","level":"INFO","message":"Success to fetch optimized image","method":"WorkAPI","timestamp":"2022-5-6 8:18:28","workId":"I5IsJTGlMPiPGGW1fNsd"},"labels":{"instanceId":"0067430fbdf8497301732486903449ce1ad928680c0f0325f15430c7bed22be2f601789463027844e3f1a908a21bd50a24d6eb57beb97b1070da88a46d5bf9dc8679"},"logName":"projects/muni-production-f8e72/logs/run.googleapis.com%2Fstdout","receiveTimestamp":"2022-05-06T08:18:29.070892926Z","resource":{"labels":{"configuration_name":"muni-back","location":"asia-northeast1","project_id":"muni-production-f8e72","revision_name":"muni-back-hpgtt","service_name":"muni-back"},"type":"cloud_run_revision"},"timestamp":"2022-05-06T08:18:28.995008Z"}
{"httpRequest":{"latency":"0.521134825s","protocol":"HTTP/1.1","referer":"https://muni.ink/","remoteIp":"43.234.149.125","requestMethod":"GET","requestSize":"800","requestUrl":"https://storage.muni.ink/work/TLZWOyoQvXDfZOIa8wW5?thumbnail=true","responseSize":"13254","serverIp":"35.241.42.228","status":200,"userAgent":"Mozilla/5.0 (iPhone; CPU iPhone OS 15_4_1 like Mac OS X) AppleWebKit/605.1.15 (KHTML, like Gecko) Version/15.0 Mobile/15E148 Safari/605.1.15 i-filter/sbm-safety/2.00.04.0004"},"insertId":"6274d9d4000e8f31d46d600a","labels":{"instanceId":"0067430fbdf8497301732486903449ce1ad928680c0f0325f15430c7bed22be2f601789463027844e3f1a908a21bd50a24d6eb57beb97b1070da88a46d5bf9dc8679"},"logName":"projects/muni-production-f8e72/logs/run.googleapis.com%2Frequests","receiveTimestamp":"2022-05-06T08:18:28.987351997Z","resource":{"labels":{"configuration_name":"muni-back","location":"asia-northeast1","project_id":"muni-production-f8e72","revision_name":"muni-back-hpgtt","service_name":"muni-back"},"type":"cloud_run_revision"},"severity":"INFO","timestamp":"2022-05-06T08:18:28.954161Z","trace":"projects/muni-production-f8e72/traces/fd5fce67bd1ab3d1f8ec420207b83345"}
{"insertId":"6274d9d4000e894a5001ca9f","jsonPayload":{"ident":"COMPLETE","level":"INFO","message":"Success to fetch optimized image","method":"WorkAPI","timestamp":"2022-5-6 8:18:28","workId":"TLZWOyoQvXDfZOIa8wW5"},"labels":{"instanceId":"0067430fbdf8497301732486903449ce1ad928680c0f0325f15430c7bed22be2f601789463027844e3f1a908a21bd50a24d6eb57beb97b1070da88a46d5bf9dc8679"},"logName":"projects/muni-production-f8e72/logs/run.googleapis.com%2Fstdout","receiveTimestamp":"2022-05-06T08:18:29.070892926Z","resource":{"labels":{"configuration_name":"muni-back","location":"asia-northeast1","project_id":"muni-production-f8e72","revision_name":"muni-back-hpgtt","service_name":"muni-back"},"type":"cloud_run_revision"},"timestamp":"2022-05-06T08:18:28.952650Z"}
{"insertId":"6274d9d40008ad237dc0f456","jsonPayload":{"ident":"RECIEVED","level":"INFO","message":"Request recieved for I5IsJTGlMPiPGGW1fNsd.","method":"WorkAPI","timestamp":"2022-5-6 8:18:28","workId":"I5IsJTGlMPiPGGW1fNsd"},"labels":{"instanceId":"0067430fbdf8497301732486903449ce1ad928680c0f0325f15430c7bed22be2f601789463027844e3f1a908a21bd50a24d6eb57beb97b1070da88a46d5bf9dc8679"},"logName":"projects/muni-production-f8e72/logs/run.googleapis.com%2Fstdout","receiveTimestamp":"2022-05-06T08:18:28.736754061Z","resource":{"labels":{"configuration_name":"muni-back","location":"asia-northeast1","project_id":"muni-production-f8e72","revision_name":"muni-back-hpgtt","service_name":"muni-back"},"type":"cloud_run_revision"},"timestamp":"2022-05-06T08:18:28.568611Z"}
{"insertId":"6274d9d40008a495ed3d1003","jsonPayload":{"ident":"RECIEVED","level":"INFO","message":"Request recieved for VzdSGaBBEGMy6vScAWLw.","method":"WorkAPI","timestamp":"2022-5-6 8:18:28","workId":"VzdSGaBBEGMy6vScAWLw"},"labels":{"instanceId":"0067430fbdf8497301732486903449ce1ad928680c0f0325f15430c7bed22be2f601789463027844e3f1a908a21bd50a24d6eb57beb97b1070da88a46d5bf9dc8679"},"logName":"projects/muni-production-f8e72/logs/run.googleapis.com%2Fstdout","receiveTimestamp":"2022-05-06T08:18:28.736754061Z","resource":{"labels":{"configuration_name":"muni-back","location":"asia-northeast1","project_id":"muni-production-f8e72","revision_name":"muni-back-hpgtt","service_name":"muni-back"},"type":"cloud_run_revision"},"timestamp":"2022-05-06T08:18:28.566421Z"}
{"insertId":"6274d9d40006b82aecf76201","jsonPayload":{"ident":"RECIEVED","level":"INFO","message":"Request recieved for TLZWOyoQvXDfZOIa8wW5.","method":"WorkAPI","timestamp":"2022-5-6 8:18:28","workId":"TLZWOyoQvXDfZOIa8wW5"},"labels":{"instanceId":"0067430fbdf8497301732486903449ce1ad928680c0f0325f15430c7bed22be2f601789463027844e3f1a908a21bd50a24d6eb57beb97b1070da88a46d5bf9dc8679"},"logName":"projects/muni-production-f8e72/logs/run.googleapis.com%2Fstdout","receiveTimestamp":"2022-05-06T08:18:28.736754061Z","resource":{"labels":{"configuration_name":"muni-back","location":"asia-northeast1","project_id":"muni-production-f8e72","revision_name":"muni-back-hpgtt","service_name":"muni-back"},"type":"cloud_run_revision"},"timestamp":"2022-05-06T08:18:28.440362Z"}
{"insertId":"6274d9d40006a0f15e183418","jsonPayload":{"ident":"RECIEVED","level":"INFO","message":"Request recieved for jZND7AXfHHrzfvwPTCVy.","method":"WorkAPI","timestamp":"2022-5-6 8:18:28","workId":"jZND7AXfHHrzfvwPTCVy"},"labels":{"instanceId":"0067430fbdf8497301732486903449ce1ad928680c0f0325f15430c7bed22be2f601789463027844e3f1a908a21bd50a24d6eb57beb97b1070da88a46d5bf9dc8679"},"logName":"projects/muni-production-f8e72/logs/run.googleapis.com%2Fstdout","receiveTimestamp":"2022-05-06T08:18:28.736754061Z","resource":{"labels":{"configuration_name":"muni-back","location":"asia-northeast1","project_id":"muni-production-f8e72","revision_name":"muni-back-hpgtt","service_name":"muni-back"},"type":"cloud_run_revision"},"timestamp":"2022-05-06T08:18:28.434417Z"}
{"httpRequest":{"latency":"0.213456719s","protocol":"HTTP/1.1","referer":"https://muni.ink/","remoteIp":"43.234.149.125","requestMethod":"POST","requestSize":"688","requestUrl":"https://api.muni.ink/recent","responseSize":"12342","serverIp":"35.241.42.228","status":200,"userAgent":"Mozilla/5.0 (iPhone; CPU iPhone OS 15_4_1 like Mac OS X) AppleWebKit/605.1.15 (KHTML, like Gecko) Version/15.0 Mobile/15E148 Safari/605.1.15 i-filter/sbm-safety/2.00.04.0004"},"insertId":"6274d9d2000e74ee169609c8","labels":{"instanceId":"0067430fbdf8497301732486903449ce1ad928680c0f0325f15430c7bed22be2f601789463027844e3f1a908a21bd50a24d6eb57beb97b1070da88a46d5bf9dc8679"},"logName":"projects/muni-production-f8e72/logs/run.googleapis.com%2Frequests","receiveTimestamp":"2022-05-06T08:18:26.991011092Z","resource":{"labels":{"configuration_name":"muni-back","location":"asia-northeast1","project_id":"muni-production-f8e72","revision_name":"muni-back-hpgtt","service_name":"muni-back"},"type":"cloud_run_revision"},"severity":"INFO","timestamp":"2022-05-06T08:18:26.947438Z","trace":"projects/muni-production-f8e72/traces/e40cbf6cffcc8c183de1ed584d277834"}
{"insertId":"6274d9d2000e6e4a4129d6a0","jsonPayload":{"ident":"FETCH_SUCCESS","level":"INFO","message":"Success to fetch.","method":"RecentPostAPI","timestamp":"2022-5-6 8:18:26"},"labels":{"instanceId":"0067430fbdf8497301732486903449ce1ad928680c0f0325f15430c7bed22be2f601789463027844e3f1a908a21bd50a24d6eb57beb97b1070da88a46d5bf9dc8679"},"logName":"projects/muni-production-f8e72/logs/run.googleapis.com%2Fstdout","receiveTimestamp":"2022-05-06T08:18:27.072703090Z","resource":{"labels":{"configuration_name":"muni-back","location":"asia-northeast1","project_id":"muni-production-f8e72","revision_name":"muni-back-hpgtt","service_name":"muni-back"},"type":"cloud_run_revision"},"timestamp":"2022-05-06T08:18:26.945738Z"}
{"insertId":"6274d9d2000b399011b740bb","jsonPayload":{"ident":"RECIEVE","level":"INFO","message":"Recieve the recent posted works request.","method":"RecentPostAPI","timestamp":"2022-5-6 8:18:26"},"labels":{"instanceId":"0067430fbdf8497301732486903449ce1ad928680c0f0325f15430c7bed22be2f601789463027844e3f1a908a21bd50a24d6eb57beb97b1070da88a46d5bf9dc8679"},"logName":"projects/muni-production-f8e72/logs/run.googleapis.com%2Fstdout","receiveTimestamp":"2022-05-06T08:18:26.739313893Z","resource":{"labels":{"configuration_name":"muni-back","location":"asia-northeast1","project_id":"muni-production-f8e72","revision_name":"muni-back-hpgtt","service_name":"muni-back"},"type":"cloud_run_revision"},"timestamp":"2022-05-06T08:18:26.735632Z"}
{"httpRequest":{"latency":"0.003843310s","protocol":"HTTP/1.1","referer":"https://muni.ink/?gclid=CjwKCAjwjtOTBhAvEiwASG4bCO5FfEFtSsE0oQKPOgGXmHU710123_4v_Cj-cp-Eu0KZZaqMxKvbcxoCQmwQAvD_BwE","remoteIp":"43.234.149.125","requestMethod":"GET","requestSize":"744","requestUrl":"https://muni.ink/_next/static/chunks/pages/article/%5Bid%5D-ba2e332a731b1526.js","responseSize":"2326","serverIp":"35.241.42.228","status":200,"userAgent":"Mozilla/5.0 (iPhone; CPU iPhone OS 15_4_1 like Mac OS X) AppleWebKit/605.1.15 (KHTML, like Gecko) Version/15.0 Mobile/15E148 Safari/605.1.15 i-filter/sbm-safety/2.00.04.0004"},"insertId":"6274d9d2000af3319772f6cf","labels":{"instanceId":"0067430fbd7af03cb17d92900b5f3305989a61b2bd445dd81108ccfd0293c2aeb5c985f7ae593a5d75291bf8faf2b546eff48eec5f9779a88bd23cf4a59c0f70bf36"},"logName":"projects/muni-production-f8e72/logs/run.googleapis.com%2Frequests","receiveTimestamp":"2022-05-06T08:18:27.020277961Z","resource":{"labels":{"configuration_name":"muni-front","location":"asia-northeast1","project_id":"muni-production-f8e72","revision_name":"muni-front-jq7fz","service_name":"muni-front"},"type":"cloud_run_revision"},"severity":"INFO","timestamp":"2022-05-06T08:18:26.717617Z","trace":"projects/muni-production-f8e72/traces/3cb7646e3b304af40892a8e6dff4816e"}
{"httpRequest":{"latency":"0.002532010s","protocol":"HTTP/1.1","referer":"https://muni.ink/","remoteIp":"43.234.149.125","requestMethod":"OPTIONS","requestSize":"731","requestUrl":"https://api.muni.ink/recent","responseSize":"853","serverIp":"35.241.42.228","status":204,"userAgent":"Mozilla/5.0 (iPhone; CPU iPhone OS 15_4_1 like Mac OS X) AppleWebKit/605.1.15 (KHTML, like Gecko) Version/15.0 Mobile/15E148 Safari/605.1.15 i-filter/sbm-safety/2.00.04.0004"},"insertId":"6274d9d20009fde8a27504c6","labels":{"instanceId":"0067430fbdf8497301732486903449ce1ad928680c0f0325f15430c7bed22be2f601789463027844e3f1a908a21bd50a24d6eb57beb97b1070da88a46d5bf9dc8679"},"logName":"projects/muni-production-f8e72/logs/run.googleapis.com%2Frequests","receiveTimestamp":"2022-05-06T08:18:26.657475135Z","resource":{"labels":{"configuration_name":"muni-back","location":"asia-northeast1","project_id":"muni-production-f8e72","revision_name":"muni-back-hpgtt","service_name":"muni-back"},"type":"cloud_run_revision"},"severity":"INFO","timestamp":"2022-05-06T08:18:26.654824Z","trace":"projects/muni-production-f8e72/traces/fc540f40581eb9a406fecc129b0f8754"}
{"httpRequest":{"latency":"0.009000241s","protocol":"HTTP/1.1","referer":"https://muni.ink/?gclid=CjwKCAjwjtOTBhAvEiwASG4bCO5FfEFtSsE0oQKPOgGXmHU710123_4v_Cj-cp-Eu0KZZaqMxKvbcxoCQmwQAvD_BwE","remoteIp":"43.234.149.125","requestMethod":"GET","requestSize":"858","requestUrl":"https://muni.ink/_next/image?url=%2Flogo_landing.png&w=384&q=75","responseSize":"708","serverIp":"35.241.42.228","status":304,"userAgent":"Mozilla/5.0 (iPhone; CPU iPhone OS 15_4_1 like Mac OS X) AppleWebKit/605.1.15 (KHTML, like Gecko) Version/15.0 Mobile/15E148 Safari/605.1.15 i-filter/sbm-safety/2.00.04.0004"},"insertId":"6274d9d2000842b2564d964b","labels":{"instanceId":"0067430fbd7af03cb17d92900b5f3305989a61b2bd445dd81108ccfd0293c2aeb5c985f7ae593a5d75291bf8faf2b546eff48eec5f9779a88bd23cf4a59c0f70bf36"},"logName":"projects/muni-production-f8e72/logs/run.googleapis.com%2Frequests","receiveTimestamp":"2022-05-06T08:18:26.688722783Z","resource":{"labels":{"configuration_name":"muni-front","location":"asia-northeast1","project_id":"muni-production-f8e72","revision_name":"muni-front-jq7fz","service_name":"muni-front"},"type":"cloud_run_revision"},"severity":"INFO","timestamp":"2022-05-06T08:18:26.541362Z","trace":"projects/muni-production-f8e72/traces/362446dcf2951bfe48be5c3136ff9f60"}
{"httpRequest":{"latency":"0.008482166s","protocol":"HTTP/1.1","referer":"https://muni.ink/?gclid=CjwKCAjwjtOTBhAvEiwASG4bCO5FfEFtSsE0oQKPOgGXmHU710123_4v_Cj-cp-Eu0KZZaqMxKvbcxoCQmwQAvD_BwE","remoteIp":"43.234.149.125","requestMethod":"GET","requestSize":"861","requestUrl":"https://muni.ink/_next/image?url=%2Flogo_horizontal.png&w=384&q=75","responseSize":"708","serverIp":"35.241.42.228","status":304,"userAgent":"Mozilla/5.0 (iPhone; CPU iPhone OS 15_4_1 like Mac OS X) AppleWebKit/605.1.15 (KHTML, like Gecko) Version/15.0 Mobile/15E148 Safari/605.1.15 i-filter/sbm-safety/2.00.04.0004"},"insertId":"6274d9d200084084e8364293","labels":{"instanceId":"0067430fbd7af03cb17d92900b5f3305989a61b2bd445dd81108ccfd0293c2aeb5c985f7ae593a5d75291bf8faf2b546eff48eec5f9779a88bd23cf4a59c0f70bf36"},"logName":"projects/muni-production-f8e72/logs/run.googleapis.com%2Frequests","receiveTimestamp":"2022-05-06T08:18:26.688722783Z","resource":{"labels":{"configuration_name":"muni-front","location":"asia-northeast1","project_id":"muni-production-f8e72","revision_name":"muni-front-jq7fz","service_name":"muni-front"},"type":"cloud_run_revision"},"severity":"INFO","timestamp":"2022-05-06T08:18:26.540804Z","trace":"projects/muni-production-f8e72/traces/af4868b19b3695f76b9cbd5e52ff2810"}
{"httpRequest":{"latency":"0.005516429s","protocol":"HTTP/1.1","referer":"https://www.google.co.jp/","remoteIp":"43.234.149.125","requestMethod":"GET","requestSize":"751","requestUrl":"https://muni.ink/?gclid=CjwKCAjwjtOTBhAvEiwASG4bCO5FfEFtSsE0oQKPOgGXmHU710123_4v_Cj-cp-Eu0KZZaqMxKvbcxoCQmwQAvD_BwE","responseSize":"6077","serverIp":"35.241.42.228","status":200,"userAgent":"Mozilla/5.0 (iPhone; CPU iPhone OS 15_4_1 like Mac OS X) AppleWebKit/605.1.15 (KHTML, like Gecko) Version/15.0 Mobile/15E148 Safari/605.1.15 i-filter/sbm-safety/2.00.04.0004"},"insertId":"6274d9d200055cacbd144d1e","labels":{"instanceId":"0067430fbd7af03cb17d92900b5f3305989a61b2bd445dd81108ccfd0293c2aeb5c985f7ae593a5d75291bf8faf2b546eff48eec5f9779a88bd23cf4a59c0f70bf36"},"logName":"projects/muni-production-f8e72/logs/run.googleapis.com%2Frequests","receiveTimestamp":"2022-05-06T08:18:26.355875452Z","resource":{"labels":{"configuration_name":"muni-front","location":"asia-northeast1","project_id":"muni-production-f8e72","revision_name":"muni-front-jq7fz","service_name":"muni-front"},"type":"cloud_run_revision"},"severity":"INFO","timestamp":"2022-05-06T08:18:26.351404Z","trace":"projects/muni-production-f8e72/traces/cfbbf73e84e462f67a0f804b4f73906b"}
{"httpRequest":{"latency":"0.337015025s","protocol":"HTTP/1.1","remoteIp":"66.249.64.86","requestMethod":"GET","requestSize":"655","requestUrl":"https://muni.ink/painting/bJ8EE5bXcfiYhyfhSvj3","responseSize":"5340","serverIp":"35.241.42.228","status":200,"userAgent":"Mozilla/5.0 (Linux; Android 6.0.1; Nexus 5X Build/MMB29P) AppleWebKit/537.36 (KHTML, like Gecko) Chrome/100.0.4896.127 Mobile Safari/537.36 (compatible; Googlebot/2.1; +http://www.google.com/bot.html)"},"insertId":"6274d937000527ccf5d7fbc8","labels":{"instanceId":"0067430fbd7af03cb17d92900b5f3305989a61b2bd445dd81108ccfd0293c2aeb5c985f7ae593a5d75291bf8faf2b546eff48eec5f9779a88bd23cf4a59c0f70bf36"},"logName":"projects/muni-production-f8e72/logs/run.googleapis.com%2Frequests","receiveTimestamp":"2022-05-06T08:15:51.340296488Z","resource":{"labels":{"configuration_name":"muni-front","location":"asia-northeast1","project_id":"muni-production-f8e72","revision_name":"muni-front-jq7fz","service_name":"muni-front"},"type":"cloud_run_revision"},"severity":"INFO","timestamp":"2022-05-06T08:15:51.337868Z","trace":"projects/muni-production-f8e72/traces/400a8e1d362ddfb00bf1084f533f5bb9"}
{"httpRequest":{"latency":"0.188984592s","protocol":"HTTP/1.1","remoteIp":"35.203.249.164","requestMethod":"POST","requestSize":"525","requestUrl":"https://api.muni.ink/workmeta","responseSize":"1314","serverIp":"35.241.42.228","status":200,"userAgent":"node-fetch/1.0 (+https://github.com/bitinn/node-fetch)"},"insertId":"6274d9370004e10a1e71c5f4","labels":{"instanceId":"0067430fbdf8497301732486903449ce1ad928680c0f0325f15430c7bed22be2f601789463027844e3f1a908a21bd50a24d6eb57beb97b1070da88a46d5bf9dc8679"},"logName":"projects/muni-production-f8e72/logs/run.googleapis.com%2Frequests","receiveTimestamp":"2022-05-06T08:15:51.324067951Z","resource":{"labels":{"configuration_name":"muni-back","location":"asia-northeast1","project_id":"muni-production-f8e72","revision_name":"muni-back-hpgtt","service_name":"muni-back"},"type":"cloud_run_revision"},"severity":"INFO","timestamp":"2022-05-06T08:15:51.319754Z","trace":"projects/muni-production-f8e72/traces/26d2e629784a43d5c34816da8a097e08"}
{"insertId":"6274d937000407d28d50e6e8","jsonPayload":{"ident":"SUCCESS_TO_FIND","level":"INFO","message":"Work found.","method":"WorkMetadataAPI","timestamp":"2022-5-6 8:15:51","workId":"bJ8EE5bXcfiYhyfhSvj3"},"labels":{"instanceId":"0067430fbdf8497301732486903449ce1ad928680c0f0325f15430c7bed22be2f601789463027844e3f1a908a21bd50a24d6eb57beb97b1070da88a46d5bf9dc8679"},"logName":"projects/muni-production-f8e72/logs/run.googleapis.com%2Fstdout","receiveTimestamp":"2022-05-06T08:15:51.468016980Z","resource":{"labels":{"configuration_name":"muni-back","location":"asia-northeast1","project_id":"muni-production-f8e72","revision_name":"muni-back-hpgtt","service_name":"muni-back"},"type":"cloud_run_revision"},"timestamp":"2022-05-06T08:15:51.264146Z"}
{"insertId":"6274d9370002049daa88c647","jsonPayload":{"ident":"RECIEVE","level":"INFO","message":"Recieve the work metadata request.","method":"WorkMetadataAPI","timestamp":"2022-5-6 8:15:51"},"labels":{"instanceId":"0067430fbdf8497301732486903449ce1ad928680c0f0325f15430c7bed22be2f601789463027844e3f1a908a21bd50a24d6eb57beb97b1070da88a46d5bf9dc8679"},"logName":"projects/muni-production-f8e72/logs/run.googleapis.com%2Fstdout","receiveTimestamp":"2022-05-06T08:15:51.138322173Z","resource":{"labels":{"configuration_name":"muni-back","location":"asia-northeast1","project_id":"muni-production-f8e72","revision_name":"muni-back-hpgtt","service_name":"muni-back"},"type":"cloud_run_revision"},"timestamp":"2022-05-06T08:15:51.132253Z"}
{"httpRequest":{"latency":"0.003863210s","protocol":"HTTP/1.1","referer":"https://35.241.42.228/webfig/","remoteIp":"193.118.53.194","requestMethod":"GET","requestSize":"534","requestUrl":"https://35.241.42.228/webfig","responseSize":"1950","serverIp":"35.241.42.228","status":404,"userAgent":"Mozilla/5.0 (Windows NT 10.0; Win64; x64) AppleWebKit/537.36 (KHTML, like Gecko) Chrome/60.0.3112.113 Safari/537.36"},"insertId":"6274d70d00061d6fc005598d","labels":{"instanceId":"0067430fbd7af03cb17d92900b5f3305989a61b2bd445dd81108ccfd0293c2aeb5c985f7ae593a5d75291bf8faf2b546eff48eec5f9779a88bd23cf4a59c0f70bf36"},"logName":"projects/muni-production-f8e72/logs/run.googleapis.com%2Frequests","receiveTimestamp":"2022-05-06T08:06:37.497163053Z","resource":{"labels":{"configuration_name":"muni-front","location":"asia-northeast1","project_id":"muni-production-f8e72","revision_name":"muni-front-jq7fz","service_name":"muni-front"},"type":"cloud_run_revision"},"severity":"WARNING","timestamp":"2022-05-06T08:06:37.400751Z","trace":"projects/muni-production-f8e72/traces/798459cf85fb521b8c251dd23bd8e53c"}
{"httpRequest":{"latency":"0.003287794s","protocol":"HTTP/1.1","remoteIp":"193.118.53.194","requestMethod":"GET","requestSize":"495","requestUrl":"https://35.241.42.228/webfig/","responseSize":"669","serverIp":"35.241.42.228","status":308,"userAgent":"Mozilla/5.0 (Windows NT 10.0; Win64; x64) AppleWebKit/537.36 (KHTML, like Gecko) Chrome/60.0.3112.113 Safari/537.36"},"insertId":"6274d70d0002781eec5b8ee7","labels":{"instanceId":"0067430fbd7af03cb17d92900b5f3305989a61b2bd445dd81108ccfd0293c2aeb5c985f7ae593a5d75291bf8faf2b546eff48eec5f9779a88bd23cf4a59c0f70bf36"},"logName":"projects/muni-production-f8e72/logs/run.googleapis.com%2Frequests","receiveTimestamp":"2022-05-06T08:06:37.166322103Z","resource":{"labels":{"configuration_name":"muni-front","location":"asia-northeast1","project_id":"muni-production-f8e72","revision_name":"muni-front-jq7fz","service_name":"muni-front"},"type":"cloud_run_revision"},"severity":"INFO","timestamp":"2022-05-06T08:06:37.161822Z","trace":"projects/muni-production-f8e72/traces/18c7b8db573e6233887cb17ab1b6fc61"}
{"httpRequest":{"latency":"0.008488292s","protocol":"HTTP/1.1","remoteIp":"213.226.123.30","requestMethod":"POST","requestSize":"602","requestUrl":"https://35.241.42.228/vendor/phpunit/phpunit/src/Util/PHP/eval-stdin.php","responseSize":"1950","serverIp":"35.241.42.228","status":404,"userAgent":"Mozilla/5.0 (Windows NT 10.0; Win64; x64) AppleWebKit/537.36 (KHTML, like Gecko) Chrome/78.0.3904.108 Safari/537.36"},"insertId":"6274d68f0005318814e175ef","labels":{"instanceId":"0067430fbd7af03cb17d92900b5f3305989a61b2bd445dd81108ccfd0293c2aeb5c985f7ae593a5d75291bf8faf2b546eff48eec5f9779a88bd23cf4a59c0f70bf36"},"logName":"projects/muni-production-f8e72/logs/run.googleapis.com%2Frequests","receiveTimestamp":"2022-05-06T08:04:31.344881826Z","resource":{"labels":{"configuration_name":"muni-front","location":"asia-northeast1","project_id":"muni-production-f8e72","revision_name":"muni-front-jq7fz","service_name":"muni-front"},"type":"cloud_run_revision"},"severity":"WARNING","timestamp":"2022-05-06T08:04:31.340360Z","trace":"projects/muni-production-f8e72/traces/a7b71a121e3392bf5f54311dad53b41c"}
{"httpRequest":{"latency":"0.045458596s","protocol":"HTTP/1.1","remoteIp":"192.169.176.57","requestMethod":"POST","requestSize":"558","requestUrl":"https://35.241.42.228/","responseSize":"2029","serverIp":"35.241.42.228","status":405,"userAgent":"Mozilla/5.0 (X11; Linux x86_64) AppleWebKit/537.36 (KHTML, like Gecko) Chrome/81.0.4044.129 Safari/537.36"},"insertId":"6274d041000a88e46f44baf8","labels":{"instanceId":"0067430fbd7af03cb17d92900b5f3305989a61b2bd445dd81108ccfd0293c2aeb5c985f7ae593a5d75291bf8faf2b546eff48eec5f9779a88bd23cf4a59c0f70bf36"},"logName":"projects/muni-production-f8e72/logs/run.googleapis.com%2Frequests","receiveTimestamp":"2022-05-06T07:37:37.734149591Z","resource":{"labels":{"configuration_name":"muni-front","location":"asia-northeast1","project_id":"muni-production-f8e72","revision_name":"muni-front-jq7fz","service_name":"muni-front"},"type":"cloud_run_revision"},"severity":"WARNING","timestamp":"2022-05-06T07:37:37.690404Z","trace":"projects/muni-production-f8e72/traces/ecde3015532731cb2a512752210fd398"}
{"httpRequest":{"latency":"0.004281329s","protocol":"HTTP/1.1","remoteIp":"192.169.176.57","requestMethod":"GET","requestSize":"471","requestUrl":"https://35.241.42.228/.env","responseSize":"1950","serverIp":"35.241.42.228","status":404,"userAgent":"Mozilla/5.0 (X11; Linux x86_64) AppleWebKit/537.36 (KHTML, like Gecko) Chrome/81.0.4044.129 Safari/537.36"},"insertId":"6274d041000616078d60c68d","labels":{"instanceId":"0067430fbd7af03cb17d92900b5f3305989a61b2bd445dd81108ccfd0293c2aeb5c985f7ae593a5d75291bf8faf2b546eff48eec5f9779a88bd23cf4a59c0f70bf36"},"logName":"projects/muni-production-f8e72/logs/run.googleapis.com%2Frequests","receiveTimestamp":"2022-05-06T07:37:37.404129911Z","resource":{"labels":{"configuration_name":"muni-front","location":"asia-northeast1","project_id":"muni-production-f8e72","revision_name":"muni-front-jq7fz","service_name":"muni-front"},"type":"cloud_run_revision"},"severity":"WARNING","timestamp":"2022-05-06T07:37:37.398855Z","trace":"projects/muni-production-f8e72/traces/54ef5a46173d17b04e8ff2ef23a12d89"}
{"httpRequest":{"latency":"0.005847920s","protocol":"HTTP/1.1","remoteIp":"66.249.64.85","requestMethod":"GET","requestSize":"640","requestUrl":"https://muni.ink/user/kabecan","responseSize":"3852","serverIp":"35.241.42.228","status":200,"userAgent":"Mozilla/5.0 (Linux; Android 6.0.1; Nexus 5X Build/MMB29P) AppleWebKit/537.36 (KHTML, like Gecko) Chrome/100.0.4896.127 Mobile Safari/537.36 (compatible; Googlebot/2.1; +http://www.google.com/bot.html)"},"insertId":"6274cca8000b8b4cf72dd22c","labels":{"instanceId":"0067430fbd7af03cb17d92900b5f3305989a61b2bd445dd81108ccfd0293c2aeb5c985f7ae593a5d75291bf8faf2b546eff48eec5f9779a88bd23cf4a59c0f70bf36"},"logName":"projects/muni-production-f8e72/logs/run.googleapis.com%2Frequests","receiveTimestamp":"2022-05-06T07:22:16.761143665Z","resource":{"labels":{"configuration_name":"muni-front","location":"asia-northeast1","project_id":"muni-production-f8e72","revision_name":"muni-front-jq7fz","service_name":"muni-front"},"type":"cloud_run_revision"},"severity":"INFO","timestamp":"2022-05-06T07:22:16.756556Z","trace":"projects/muni-production-f8e72/traces/b2ce9d977b77ba9798d5db1fb6d3c914"}
{"httpRequest":{"latency":"0.192890739s","protocol":"HTTP/1.1","referer":"https://muni.ink/","remoteIp":"66.249.64.218","requestMethod":"POST","requestSize":"665","requestUrl":"https://api.muni.ink/user","responseSize":"977","serverIp":"35.241.42.228","status":200,"userAgent":"Mozilla/5.0 (Linux; Android 6.0.1; Nexus 5X Build/MMB29P) AppleWebKit/537.36 (KHTML, like Gecko) Chrome/100.0.4896.127 Mobile Safari/537.36 (compatible; Googlebot/2.1; +http://www.google.com/bot.html)"},"insertId":"6274c8ef000e315969f9b2ef","labels":{"instanceId":"0067430fbdf8497301732486903449ce1ad928680c0f0325f15430c7bed22be2f601789463027844e3f1a908a21bd50a24d6eb57beb97b1070da88a46d5bf9dc8679"},"logName":"projects/muni-production-f8e72/logs/run.googleapis.com%2Frequests","receiveTimestamp":"2022-05-06T07:06:23.934891367Z","resource":{"labels":{"configuration_name":"muni-back","location":"asia-northeast1","project_id":"muni-production-f8e72","revision_name":"muni-back-hpgtt","service_name":"muni-back"},"type":"cloud_run_revision"},"severity":"INFO","timestamp":"2022-05-06T07:06:23.930137Z","trace":"projects/muni-production-f8e72/traces/03eeb896484183c3f69a702ea51d60b4"}
{"insertId":"6274c8ef000e2b8022b4015e","jsonPayload":{"accountId":"YORUHA468","ident":"SUCCESS_TO_FIND","level":"INFO","message":"User found.","method":"UserAPI","timestamp":"2022-5-6 7:6:23"},"labels":{"instanceId":"0067430fbdf8497301732486903449ce1ad928680c0f0325f15430c7bed22be2f601789463027844e3f1a908a21bd50a24d6eb57beb97b1070da88a46d5bf9dc8679"},"logName":"projects/muni-production-f8e72/logs/run.googleapis.com%2Fstdout","receiveTimestamp":"2022-05-06T07:06:24.075680113Z","resource":{"labels":{"configuration_name":"muni-back","location":"asia-northeast1","project_id":"muni-production-f8e72","revision_name":"muni-back-hpgtt","service_name":"muni-back"},"type":"cloud_run_revision"},"timestamp":"2022-05-06T07:06:23.928640Z"}
{"insertId":"6274c8ef000e2b6c8e96e9f6","jsonPayload":{"ident":"FETCH_USER","level":"INFO","message":"Complete fetching user data.","method":"UserAPI","timestamp":"2022-5-6 7:6:23"},"labels":{"instanceId":"0067430fbdf8497301732486903449ce1ad928680c0f0325f15430c7bed22be2f601789463027844e3f1a908a21bd50a24d6eb57beb97b1070da88a46d5bf9dc8679"},"logName":"projects/muni-production-f8e72/logs/run.googleapis.com%2Fstdout","receiveTimestamp":"2022-05-06T07:06:24.075680113Z","resource":{"labels":{"configuration_name":"muni-back","location":"asia-northeast1","project_id":"muni-production-f8e72","revision_name":"muni-back-hpgtt","service_name":"muni-back"},"type":"cloud_run_revision"},"timestamp":"2022-05-06T07:06:23.928620Z"}
{"insertId":"6274c8ef000d011915e595a9","jsonPayload":{"accountId":"YORUHA468","ident":"FILTERING_WORKS","level":"INFO","message":"Search works link to the user.","method":"UserAPI","timestamp":"2022-5-6 7:6:23"},"labels":{"instanceId":"0067430fbdf8497301732486903449ce1ad928680c0f0325f15430c7bed22be2f601789463027844e3f1a908a21bd50a24d6eb57beb97b1070da88a46d5bf9dc8679"},"logName":"projects/muni-production-f8e72/logs/run.googleapis.com%2Fstdout","receiveTimestamp":"2022-05-06T07:06:24.075680113Z","resource":{"labels":{"configuration_name":"muni-back","location":"asia-northeast1","project_id":"muni-production-f8e72","revision_name":"muni-back-hpgtt","service_name":"muni-back"},"type":"cloud_run_revision"},"timestamp":"2022-05-06T07:06:23.852249Z"}
{"insertId":"6274c8ef000b471ef25ac1fd","jsonPayload":{"ident":"RECIEVE","level":"INFO","message":"Recieve the work post request.","method":"UserAPI","timestamp":"2022-5-6 7:6:23"},"labels":{"instanceId":"0067430fbdf8497301732486903449ce1ad928680c0f0325f15430c7bed22be2f601789463027844e3f1a908a21bd50a24d6eb57beb97b1070da88a46d5bf9dc8679"},"logName":"projects/muni-production-f8e72/logs/run.googleapis.com%2Fstdout","receiveTimestamp":"2022-05-06T07:06:23.740523922Z","resource":{"labels":{"configuration_name":"muni-back","location":"asia-northeast1","project_id":"muni-production-f8e72","revision_name":"muni-back-hpgtt","service_name":"muni-back"},"type":"cloud_run_revision"},"timestamp":"2022-05-06T07:06:23.739102Z"}
{"httpRequest":{"latency":"0.006438860s","protocol":"HTTP/1.1","referer":"https://muni.ink/user/YORUHA468","remoteIp":"66.249.64.86","requestMethod":"GET","requestSize":"614","requestUrl":"https://muni.ink/_next/static/IVVvbvvWS4XaF0igaWv4S/_buildManifest.js","responseSize":"1668","serverIp":"35.241.42.228","status":200,"userAgent":"Mozilla/5.0 (Linux; Android 6.0.1; Nexus 5X Build/MMB29P) AppleWebKit/537.36 (KHTML, like Gecko) Chrome/100.0.4896.127 Mobile Safari/537.36 (compatible; Googlebot/2.1; +http://www.google.com/bot.html)"},"insertId":"6274c8ee0007c6d31ca9f1e5","labels":{"instanceId":"0067430fbd7af03cb17d92900b5f3305989a61b2bd445dd81108ccfd0293c2aeb5c985f7ae593a5d75291bf8faf2b546eff48eec5f9779a88bd23cf4a59c0f70bf36"},"logName":"projects/muni-production-f8e72/logs/run.googleapis.com%2Frequests","receiveTimestamp":"2022-05-06T07:06:22.514955228Z","resource":{"labels":{"configuration_name":"muni-front","location":"asia-northeast1","project_id":"muni-production-f8e72","revision_name":"muni-front-jq7fz","service_name":"muni-front"},"type":"cloud_run_revision"},"severity":"INFO","timestamp":"2022-05-06T07:06:22.509651Z","trace":"projects/muni-production-f8e72/traces/5a581709e55908608f64fcfcb22ad61d"}
{"httpRequest":{"latency":"0.110824097s","protocol":"HTTP/1.1","remoteIp":"65.108.101.153","requestMethod":"GET","requestSize":"436","requestUrl":"https://storage.muni.ink/token/eOXiqyfCa8Lmyijill48","responseSize":"920","serverIp":"35.241.42.228","status":200,"userAgent":"axios/0.27.2"},"insertId":"6274c5b300087820a91fe54a","labels":{"instanceId":"0067430fbdf8497301732486903449ce1ad928680c0f0325f15430c7bed22be2f601789463027844e3f1a908a21bd50a24d6eb57beb97b1070da88a46d5bf9dc8679"},"logName":"projects/muni-production-f8e72/logs/run.googleapis.com%2Frequests","receiveTimestamp":"2022-05-06T06:52:35.558189695Z","resource":{"labels":{"configuration_name":"muni-back","location":"asia-northeast1","project_id":"muni-production-f8e72","revision_name":"muni-back-hpgtt","service_name":"muni-back"},"type":"cloud_run_revision"},"severity":"INFO","timestamp":"2022-05-06T06:52:35.555040Z","trace":"projects/muni-production-f8e72/traces/fb8e3723f50e1b33e27cc286b5ca870c"}
{"insertId":"6274c5b30006cddc7b36bb9f","jsonPayload":{"ident":"RECIEVE","level":"INFO","message":"Recieve the token request for eOXiqyfCa8Lmyijill48.","method":"TokenAPI","timestamp":"2022-5-6 6:52:35"},"labels":{"instanceId":"0067430fbdf8497301732486903449ce1ad928680c0f0325f15430c7bed22be2f601789463027844e3f1a908a21bd50a24d6eb57beb97b1070da88a46d5bf9dc8679"},"logName":"projects/muni-production-f8e72/logs/run.googleapis.com%2Fstdout","receiveTimestamp":"2022-05-06T06:52:35.449874513Z","resource":{"labels":{"configuration_name":"muni-back","location":"asia-northeast1","project_id":"muni-production-f8e72","revision_name":"muni-back-hpgtt","service_name":"muni-back"},"type":"cloud_run_revision"},"timestamp":"2022-05-06T06:52:35.445916Z"}
{"httpRequest":{"latency":"0.101985167s","protocol":"HTTP/1.1","referer":"https://muni.ink/","remoteIp":"49.97.14.38","requestMethod":"POST","requestSize":"868","requestUrl":"https://api.muni.ink/user","responseSize":"2413","serverIp":"35.241.42.228","status":200,"userAgent":"Mozilla/5.0 (Linux; Android 12; Pixel 5) AppleWebKit/537.36 (KHTML, like Gecko) Chrome/101.0.4951.41 Mobile Safari/537.36"},"insertId":"6274c218000ea8da8d57f6b6","labels":{"instanceId":"0067430fbdf8497301732486903449ce1ad928680c0f0325f15430c7bed22be2f601789463027844e3f1a908a21bd50a24d6eb57beb97b1070da88a46d5bf9dc8679"},"logName":"projects/muni-production-f8e72/logs/run.googleapis.com%2Frequests","receiveTimestamp":"2022-05-06T06:37:13.237527279Z","resource":{"labels":{"configuration_name":"muni-back","location":"asia-northeast1","project_id":"muni-production-f8e72","revision_name":"muni-back-hpgtt","service_name":"muni-back"},"type":"cloud_run_revision"},"severity":"INFO","timestamp":"2022-05-06T06:37:12.960730Z","trace":"projects/muni-production-f8e72/traces/edcc1968e9062693ee01363558955ae1"}
{"insertId":"6274c218000e9db8b2f6c23d","jsonPayload":{"firebaseId":"toritoritori29","ident":"SUCCESS_TO_FIND","level":"INFO","message":"User found.","method":"UserAPI","timestamp":"2022-5-6 6:37:12"},"labels":{"instanceId":"0067430fbdf8497301732486903449ce1ad928680c0f0325f15430c7bed22be2f601789463027844e3f1a908a21bd50a24d6eb57beb97b1070da88a46d5bf9dc8679"},"logName":"projects/muni-production-f8e72/logs/run.googleapis.com%2Fstdout","receiveTimestamp":"2022-05-06T06:37:13.292885088Z","resource":{"labels":{"configuration_name":"muni-back","location":"asia-northeast1","project_id":"muni-production-f8e72","revision_name":"muni-back-hpgtt","service_name":"muni-back"},"type":"cloud_run_revision"},"timestamp":"2022-05-06T06:37:12.957880Z"}
{"insertId":"6274c218000e9d9365ea3143","jsonPayload":{"ident":"FETCH_USER","level":"INFO","message":"Complete fetching user data.","method":"UserAPI","timestamp":"2022-5-6 6:37:12"},"labels":{"instanceId":"0067430fbdf8497301732486903449ce1ad928680c0f0325f15430c7bed22be2f601789463027844e3f1a908a21bd50a24d6eb57beb97b1070da88a46d5bf9dc8679"},"logName":"projects/muni-production-f8e72/logs/run.googleapis.com%2Fstdout","receiveTimestamp":"2022-05-06T06:37:13.292885088Z","resource":{"labels":{"configuration_name":"muni-back","location":"asia-northeast1","project_id":"muni-production-f8e72","revision_name":"muni-back-hpgtt","service_name":"muni-back"},"type":"cloud_run_revision"},"timestamp":"2022-05-06T06:37:12.957843Z"}
{"insertId":"6274c218000dafdee1f46669","jsonPayload":{"firebaseId":"toritoritori29","ident":"FILTERING_WORKS","level":"INFO","message":"Search works link to the user.","method":"UserAPI","timestamp":"2022-5-6 6:37:12"},"labels":{"instanceId":"0067430fbdf8497301732486903449ce1ad928680c0f0325f15430c7bed22be2f601789463027844e3f1a908a21bd50a24d6eb57beb97b1070da88a46d5bf9dc8679"},"logName":"projects/muni-production-f8e72/logs/run.googleapis.com%2Fstdout","receiveTimestamp":"2022-05-06T06:37:12.959512990Z","resource":{"labels":{"configuration_name":"muni-back","location":"asia-northeast1","project_id":"muni-production-f8e72","revision_name":"muni-back-hpgtt","service_name":"muni-back"},"type":"cloud_run_revision"},"timestamp":"2022-05-06T06:37:12.896990Z"}
{"insertId":"6274c218000d2064ee3efad3","jsonPayload":{"ident":"RECIEVE","level":"INFO","message":"Recieve the work post request.","method":"UserAPI","timestamp":"2022-5-6 6:37:12"},"labels":{"instanceId":"0067430fbdf8497301732486903449ce1ad928680c0f0325f15430c7bed22be2f601789463027844e3f1a908a21bd50a24d6eb57beb97b1070da88a46d5bf9dc8679"},"logName":"projects/muni-production-f8e72/logs/run.googleapis.com%2Fstdout","receiveTimestamp":"2022-05-06T06:37:12.959512990Z","resource":{"labels":{"configuration_name":"muni-back","location":"asia-northeast1","project_id":"muni-production-f8e72","revision_name":"muni-back-hpgtt","service_name":"muni-back"},"type":"cloud_run_revision"},"timestamp":"2022-05-06T06:37:12.860260Z"}
{"httpRequest":{"latency":"0.104175487s","protocol":"HTTP/1.1","referer":"https://muni.ink/","remoteIp":"49.97.14.38","requestMethod":"POST","requestSize":"868","requestUrl":"https://api.muni.ink/user","responseSize":"2413","serverIp":"35.241.42.228","status":200,"userAgent":"Mozilla/5.0 (Linux; Android 12; Pixel 5) AppleWebKit/537.36 (KHTML, like Gecko) Chrome/101.0.4951.41 Mobile Safari/537.36"},"insertId":"6274c21800036614b00eb2c1","labels":{"instanceId":"0067430fbdf8497301732486903449ce1ad928680c0f0325f15430c7bed22be2f601789463027844e3f1a908a21bd50a24d6eb57beb97b1070da88a46d5bf9dc8679"},"logName":"projects/muni-production-f8e72/logs/run.googleapis.com%2Frequests","receiveTimestamp":"2022-05-06T06:37:12.238865311Z","resource":{"labels":{"configuration_name":"muni-back","location":"asia-northeast1","project_id":"muni-production-f8e72","revision_name":"muni-back-hpgtt","service_name":"muni-back"},"type":"cloud_run_revision"},"severity":"INFO","timestamp":"2022-05-06T06:37:12.222740Z","trace":"projects/muni-production-f8e72/traces/0f1689db878a3399e38e07e4496fc157"}
{"insertId":"6274c218000360cafe064644","jsonPayload":{"firebaseId":"toritoritori29","ident":"SUCCESS_TO_FIND","level":"INFO","message":"User found.","method":"UserAPI","timestamp":"2022-5-6 6:37:12"},"labels":{"instanceId":"0067430fbdf8497301732486903449ce1ad928680c0f0325f15430c7bed22be2f601789463027844e3f1a908a21bd50a24d6eb57beb97b1070da88a46d5bf9dc8679"},"logName":"projects/muni-production-f8e72/logs/run.googleapis.com%2Fstdout","receiveTimestamp":"2022-05-06T06:37:12.293698115Z","resource":{"labels":{"configuration_name":"muni-back","location":"asia-northeast1","project_id":"muni-production-f8e72","revision_name":"muni-back-hpgtt","service_name":"muni-back"},"type":"cloud_run_revision"},"timestamp":"2022-05-06T06:37:12.221386Z"}
{"insertId":"6274c218000360b3ffe47d87","jsonPayload":{"ident":"FETCH_USER","level":"INFO","message":"Complete fetching user data.","method":"UserAPI","timestamp":"2022-5-6 6:37:12"},"labels":{"instanceId":"0067430fbdf8497301732486903449ce1ad928680c0f0325f15430c7bed22be2f601789463027844e3f1a908a21bd50a24d6eb57beb97b1070da88a46d5bf9dc8679"},"logName":"projects/muni-production-f8e72/logs/run.googleapis.com%2Fstdout","receiveTimestamp":"2022-05-06T06:37:12.293698115Z","resource":{"labels":{"configuration_name":"muni-back","location":"asia-northeast1","project_id":"muni-production-f8e72","revision_name":"muni-back-hpgtt","service_name":"muni-back"},"type":"cloud_run_revision"},"timestamp":"2022-05-06T06:37:12.221363Z"}
{"insertId":"6274c2180002518e4944bd61","jsonPayload":{"firebaseId":"toritoritori29","ident":"FILTERING_WORKS","level":"INFO","message":"Search works link to the user.","method":"UserAPI","timestamp":"2022-5-6 6:37:12"},"labels":{"instanceId":"0067430fbdf8497301732486903449ce1ad928680c0f0325f15430c7bed22be2f601789463027844e3f1a908a21bd50a24d6eb57beb97b1070da88a46d5bf9dc8679"},"logName":"projects/muni-production-f8e72/logs/run.googleapis.com%2Fstdout","receiveTimestamp":"2022-05-06T06:37:12.293698115Z","resource":{"labels":{"configuration_name":"muni-back","location":"asia-northeast1","project_id":"muni-production-f8e72","revision_name":"muni-back-hpgtt","service_name":"muni-back"},"type":"cloud_run_revision"},"timestamp":"2022-05-06T06:37:12.151950Z"}
{"insertId":"6274c2180001d559b551c0e3","jsonPayload":{"ident":"RECIEVE","level":"INFO","message":"Recieve the work post request.","method":"UserAPI","timestamp":"2022-5-6 6:37:12"},"labels":{"instanceId":"0067430fbdf8497301732486903449ce1ad928680c0f0325f15430c7bed22be2f601789463027844e3f1a908a21bd50a24d6eb57beb97b1070da88a46d5bf9dc8679"},"logName":"projects/muni-production-f8e72/logs/run.googleapis.com%2Fstdout","receiveTimestamp":"2022-05-06T06:37:12.293698115Z","resource":{"labels":{"configuration_name":"muni-back","location":"asia-northeast1","project_id":"muni-production-f8e72","revision_name":"muni-back-hpgtt","service_name":"muni-back"},"type":"cloud_run_revision"},"timestamp":"2022-05-06T06:37:12.120153Z"}
{"httpRequest":{"latency":"0.002260571s","protocol":"HTTP/1.1","referer":"https://muni.ink/","remoteIp":"49.97.14.38","requestMethod":"OPTIONS","requestSize":"739","requestUrl":"https://api.muni.ink/user","responseSize":"853","serverIp":"35.241.42.228","status":204,"userAgent":"Mozilla/5.0 (Linux; Android 12; Pixel 5) AppleWebKit/537.36 (KHTML, like Gecko) Chrome/101.0.4951.41 Mobile Safari/537.36"},"insertId":"6274c2180000edfdd5897d43","labels":{"instanceId":"0067430fbdf8497301732486903449ce1ad928680c0f0325f15430c7bed22be2f601789463027844e3f1a908a21bd50a24d6eb57beb97b1070da88a46d5bf9dc8679"},"logName":"projects/muni-production-f8e72/logs/run.googleapis.com%2Frequests","receiveTimestamp":"2022-05-06T06:37:12.238865311Z","resource":{"labels":{"configuration_name":"muni-back","location":"asia-northeast1","project_id":"muni-production-f8e72","revision_name":"muni-back-hpgtt","service_name":"muni-back"},"type":"cloud_run_revision"},"severity":"INFO","timestamp":"2022-05-06T06:37:12.060925Z","trace":"projects/muni-production-f8e72/traces/0000b85489dfa0e02487dfcbd1ea5570"}
{"httpRequest":{"latency":"0.148411069s","protocol":"HTTP/1.1","referer":"https://muni.ink/","remoteIp":"49.97.14.38","requestMethod":"POST","requestSize":"851","requestUrl":"https://api.muni.ink/recent","responseSize":"12342","serverIp":"35.241.42.228","status":200,"userAgent":"Mozilla/5.0 (Linux; Android 12; Pixel 5) AppleWebKit/537.36 (KHTML, like Gecko) Chrome/101.0.4951.41 Mobile Safari/537.36"},"insertId":"6274c216000613da07a2dc57","labels":{"instanceId":"0067430fbdf8497301732486903449ce1ad928680c0f0325f15430c7bed22be2f601789463027844e3f1a908a21bd50a24d6eb57beb97b1070da88a46d5bf9dc8679"},"logName":"projects/muni-production-f8e72/logs/run.googleapis.com%2Frequests","receiveTimestamp":"2022-05-06T06:37:10.574205012Z","resource":{"labels":{"configuration_name":"muni-back","location":"asia-northeast1","project_id":"muni-production-f8e72","revision_name":"muni-back-hpgtt","service_name":"muni-back"},"type":"cloud_run_revision"},"severity":"INFO","timestamp":"2022-05-06T06:37:10.398298Z","trace":"projects/muni-production-f8e72/traces/d477e5e15ca352f592c5446fc69e51d9"}
{"insertId":"6274c21600060d1ffe29cc4b","jsonPayload":{"ident":"FETCH_SUCCESS","level":"INFO","message":"Success to fetch.","method":"RecentPostAPI","timestamp":"2022-5-6 6:37:10"},"labels":{"instanceId":"0067430fbdf8497301732486903449ce1ad928680c0f0325f15430c7bed22be2f601789463027844e3f1a908a21bd50a24d6eb57beb97b1070da88a46d5bf9dc8679"},"logName":"projects/muni-production-f8e72/logs/run.googleapis.com%2Fstdout","receiveTimestamp":"2022-05-06T06:37:10.630107238Z","resource":{"labels":{"configuration_name":"muni-back","location":"asia-northeast1","project_id":"muni-production-f8e72","revision_name":"muni-back-hpgtt","service_name":"muni-back"},"type":"cloud_run_revision"},"timestamp":"2022-05-06T06:37:10.396575Z"}
{"httpRequest":{"latency":"0.003116103s","protocol":"HTTP/1.1","referer":"https://muni.ink/","remoteIp":"49.97.14.38","requestMethod":"GET","requestSize":"1068","requestUrl":"https://muni.ink/_next/image?url=%2Flogo_landing.png&w=384&q=75","responseSize":"709","serverIp":"35.241.42.228","status":304,"userAgent":"Mozilla/5.0 (Linux; Android 12; Pixel 5) AppleWebKit/537.36 (KHTML, like Gecko) Chrome/101.0.4951.41 Mobile Safari/537.36"},"insertId":"6274c21600051f23878fec1c","labels":{"instanceId":"0067430fbd7af03cb17d92900b5f3305989a61b2bd445dd81108ccfd0293c2aeb5c985f7ae593a5d75291bf8faf2b546eff48eec5f9779a88bd23cf4a59c0f70bf36"},"logName":"projects/muni-production-f8e72/logs/run.googleapis.com%2Frequests","receiveTimestamp":"2022-05-06T06:37:10.665261442Z","resource":{"labels":{"configuration_name":"muni-front","location":"asia-northeast1","project_id":"muni-production-f8e72","revision_name":"muni-front-jq7fz","service_name":"muni-front"},"type":"cloud_run_revision"},"severity":"INFO","timestamp":"2022-05-06T06:37:10.335651Z","trace":"projects/muni-production-f8e72/traces/7fb0f4e2b17a520398e269253ff29901"}
{"httpRequest":{"latency":"0.004011117s","protocol":"HTTP/1.1","referer":"https://muni.ink/","remoteIp":"49.97.14.38","requestMethod":"GET","requestSize":"1070","requestUrl":"https://muni.ink/_next/image?url=%2Flogo_horizontal.png&w=384&q=75","responseSize":"709","serverIp":"35.241.42.228","status":304,"userAgent":"Mozilla/5.0 (Linux; Android 12; Pixel 5) AppleWebKit/537.36 (KHTML, like Gecko) Chrome/101.0.4951.41 Mobile Safari/537.36"},"insertId":"6274c216000504dd1dd10471","labels":{"instanceId":"0067430fbd7af03cb17d92900b5f3305989a61b2bd445dd81108ccfd0293c2aeb5c985f7ae593a5d75291bf8faf2b546eff48eec5f9779a88bd23cf4a59c0f70bf36"},"logName":"projects/muni-production-f8e72/logs/run.googleapis.com%2Frequests","receiveTimestamp":"2022-05-06T06:37:10.332005024Z","resource":{"labels":{"configuration_name":"muni-front","location":"asia-northeast1","project_id":"muni-production-f8e72","revision_name":"muni-front-jq7fz","service_name":"muni-front"},"type":"cloud_run_revision"},"severity":"INFO","timestamp":"2022-05-06T06:37:10.328925Z","trace":"projects/muni-production-f8e72/traces/20a4aabf5afd13435a880781bdba648f"}
{"httpRequest":{"latency":"0.326438172s","protocol":"HTTP/1.1","referer":"https://muni.ink/","remoteIp":"49.97.14.38","requestMethod":"POST","requestSize":"849","requestUrl":"https://api.muni.ink/recent","responseSize":"12342","serverIp":"35.241.42.228","status":200,"userAgent":"Mozilla/5.0 (Linux; Android 12; Pixel 5) AppleWebKit/537.36 (KHTML, like Gecko) Chrome/101.0.4951.41 Mobile Safari/537.36"},"insertId":"6274c216000457882309fb84","labels":{"instanceId":"0067430fbdf8497301732486903449ce1ad928680c0f0325f15430c7bed22be2f601789463027844e3f1a908a21bd50a24d6eb57beb97b1070da88a46d5bf9dc8679"},"logName":"projects/muni-production-f8e72/logs/run.googleapis.com%2Frequests","receiveTimestamp":"2022-05-06T06:37:10.574205012Z","resource":{"labels":{"configuration_name":"muni-back","location":"asia-northeast1","project_id":"muni-production-f8e72","revision_name":"muni-back-hpgtt","service_name":"muni-back"},"type":"cloud_run_revision"},"severity":"INFO","timestamp":"2022-05-06T06:37:10.284552Z","trace":"projects/muni-production-f8e72/traces/b56512b3afa302a66fac75139fa84add"}
{"insertId":"6274c21600045079f4ff7a35","jsonPayload":{"ident":"FETCH_SUCCESS","level":"INFO","message":"Success to fetch.","method":"RecentPostAPI","timestamp":"2022-5-6 6:37:10"},"labels":{"instanceId":"0067430fbdf8497301732486903449ce1ad928680c0f0325f15430c7bed22be2f601789463027844e3f1a908a21bd50a24d6eb57beb97b1070da88a46d5bf9dc8679"},"logName":"projects/muni-production-f8e72/logs/run.googleapis.com%2Fstdout","receiveTimestamp":"2022-05-06T06:37:10.296038743Z","resource":{"labels":{"configuration_name":"muni-back","location":"asia-northeast1","project_id":"muni-production-f8e72","revision_name":"muni-back-hpgtt","service_name":"muni-back"},"type":"cloud_run_revision"},"timestamp":"2022-05-06T06:37:10.282745Z"}
{"insertId":"6274c2160003d5cd495d3f86","jsonPayload":{"ident":"RECIEVE","level":"INFO","message":"Recieve the recent posted works request.","method":"RecentPostAPI","timestamp":"2022-5-6 6:37:10"},"labels":{"instanceId":"0067430fbdf8497301732486903449ce1ad928680c0f0325f15430c7bed22be2f601789463027844e3f1a908a21bd50a24d6eb57beb97b1070da88a46d5bf9dc8679"},"logName":"projects/muni-production-f8e72/logs/run.googleapis.com%2Fstdout","receiveTimestamp":"2022-05-06T06:37:10.296038743Z","resource":{"labels":{"configuration_name":"muni-back","location":"asia-northeast1","project_id":"muni-production-f8e72","revision_name":"muni-back-hpgtt","service_name":"muni-back"},"type":"cloud_run_revision"},"timestamp":"2022-05-06T06:37:10.251341Z"}
{"insertId":"6274c215000ea59f34edb23c","jsonPayload":{"ident":"RECIEVE","level":"INFO","message":"Recieve the recent posted works request.","method":"RecentPostAPI","timestamp":"2022-5-6 6:37:9"},"labels":{"instanceId":"0067430fbdf8497301732486903449ce1ad928680c0f0325f15430c7bed22be2f601789463027844e3f1a908a21bd50a24d6eb57beb97b1070da88a46d5bf9dc8679"},"logName":"projects/muni-production-f8e72/logs/run.googleapis.com%2Fstdout","receiveTimestamp":"2022-05-06T06:37:09.964073010Z","resource":{"labels":{"configuration_name":"muni-back","location":"asia-northeast1","project_id":"muni-production-f8e72","revision_name":"muni-back-hpgtt","service_name":"muni-back"},"type":"cloud_run_revision"},"timestamp":"2022-05-06T06:37:09.959903Z"}
{"httpRequest":{"latency":"0.002801998s","protocol":"HTTP/1.1","referer":"https://muni.ink/","remoteIp":"49.97.14.38","requestMethod":"OPTIONS","requestSize":"740","requestUrl":"https://api.muni.ink/recent","responseSize":"853","serverIp":"35.241.42.228","status":204,"userAgent":"Mozilla/5.0 (Linux; Android 12; Pixel 5) AppleWebKit/537.36 (KHTML, like Gecko) Chrome/101.0.4951.41 Mobile Safari/537.36"},"insertId":"6274c215000dcff7b4a9c7c8","labels":{"instanceId":"0067430fbdf8497301732486903449ce1ad928680c0f0325f15430c7bed22be2f601789463027844e3f1a908a21bd50a24d6eb57beb97b1070da88a46d5bf9dc8679"},"logName":"projects/muni-production-f8e72/logs/run.googleapis.com%2Frequests","receiveTimestamp":"2022-05-06T06:37:09.909440148Z","resource":{"labels":{"configuration_name":"muni-back","location":"asia-northeast1","project_id":"muni-production-f8e72","revision_name":"muni-back-hpgtt","service_name":"muni-back"},"type":"cloud_run_revision"},"severity":"INFO","timestamp":"2022-05-06T06:37:09.905207Z","trace":"projects/muni-production-f8e72/traces/14eb8507b629be5982268f9a05b125b3"}
